  Determining projects to restore...
  All projects are up-to-date for restore.
C:\Users\asifh\.nuget\packages\microsoft.codeanalysis.netanalyzers\8.0.0\buildTransitive\Microsoft.CodeAnalysis.NetAnalyzers.targets(648,5): warning : The .NET SDK has newer analyzers with version '9.0.0' than what version '8.0.0' of 'Microsoft.CodeAnalysis.NetAnalyzers' package provides. Update or remove this package reference. You can suppress this warning by setting the MSBuild property '_SkipUpgradeNetAnalyzersNuGetWarning' to 'true'. [D:\PROJECTS\NOOR CANVAS\SPA\NoorCanvas\NoorCanvas.csproj]
D:\PROJECTS\NOOR CANVAS\SPA\NoorCanvas\Configuration\CountriesOptions.cs(1,1): warning SA1633: The file header is missing or not located at the top of the file. (https://github.com/DotNetAnalyzers/StyleCopAnalyzers/blob/master/documentation/SA1633.md) [D:\PROJECTS\NOOR CANVAS\SPA\NoorCanvas\NoorCanvas.csproj]
D:\PROJECTS\NOOR CANVAS\SPA\NoorCanvas\Configuration\CountriesOptions.cs(9,1): warning SA1028: Code should not contain trailing whitespace (https://github.com/DotNetAnalyzers/StyleCopAnalyzers/blob/master/documentation/SA1028.md) [D:\PROJECTS\NOOR CANVAS\SPA\NoorCanvas\NoorCanvas.csproj]
D:\PROJECTS\NOOR CANVAS\SPA\NoorCanvas\Controllers\AdminController.cs(1,1): warning SA1200: Using directive should appear within a namespace declaration (https://github.com/DotNetAnalyzers/StyleCopAnalyzers/blob/master/documentation/SA1200.md) [D:\PROJECTS\NOOR CANVAS\SPA\NoorCanvas\NoorCanvas.csproj]
D:\PROJECTS\NOOR CANVAS\SPA\NoorCanvas\Controllers\AdminController.cs(1,1): warning SA1633: The file header is missing or not located at the top of the file. (https://github.com/DotNetAnalyzers/StyleCopAnalyzers/blob/master/documentation/SA1633.md) [D:\PROJECTS\NOOR CANVAS\SPA\NoorCanvas\NoorCanvas.csproj]
D:\PROJECTS\NOOR CANVAS\SPA\NoorCanvas\Controllers\AdminController.cs(2,1): warning SA1200: Using directive should appear within a namespace declaration (https://github.com/DotNetAnalyzers/StyleCopAnalyzers/blob/master/documentation/SA1200.md) [D:\PROJECTS\NOOR CANVAS\SPA\NoorCanvas\NoorCanvas.csproj]
D:\PROJECTS\NOOR CANVAS\SPA\NoorCanvas\Controllers\AdminController.cs(3,1): warning SA1200: Using directive should appear within a namespace declaration (https://github.com/DotNetAnalyzers/StyleCopAnalyzers/blob/master/documentation/SA1200.md) [D:\PROJECTS\NOOR CANVAS\SPA\NoorCanvas\NoorCanvas.csproj]
D:\PROJECTS\NOOR CANVAS\SPA\NoorCanvas\Controllers\AdminController.cs(4,1): warning SA1200: Using directive should appear within a namespace declaration (https://github.com/DotNetAnalyzers/StyleCopAnalyzers/blob/master/documentation/SA1200.md) [D:\PROJECTS\NOOR CANVAS\SPA\NoorCanvas\NoorCanvas.csproj]
D:\PROJECTS\NOOR CANVAS\SPA\NoorCanvas\Controllers\AdminController.cs(5,1): warning SA1200: Using directive should appear within a namespace declaration (https://github.com/DotNetAnalyzers/StyleCopAnalyzers/blob/master/documentation/SA1200.md) [D:\PROJECTS\NOOR CANVAS\SPA\NoorCanvas\NoorCanvas.csproj]
D:\PROJECTS\NOOR CANVAS\SPA\NoorCanvas\Controllers\AdminController.cs(6,1): warning SA1200: Using directive should appear within a namespace declaration (https://github.com/DotNetAnalyzers/StyleCopAnalyzers/blob/master/documentation/SA1200.md) [D:\PROJECTS\NOOR CANVAS\SPA\NoorCanvas\NoorCanvas.csproj]
D:\PROJECTS\NOOR CANVAS\SPA\NoorCanvas\Controllers\AdminController.cs(5,1): warning SA1208: Using directive for 'System.Security.Cryptography' should appear before directive for 'NoorCanvas.Models' (https://github.com/DotNetAnalyzers/StyleCopAnalyzers/blob/master/documentation/SA1208.md) [D:\PROJECTS\NOOR CANVAS\SPA\NoorCanvas\NoorCanvas.csproj]
D:\PROJECTS\NOOR CANVAS\SPA\NoorCanvas\Controllers\AdminController.cs(6,1): warning SA1208: Using directive for 'System.Text' should appear before directive for 'NoorCanvas.Models' (https://github.com/DotNetAnalyzers/StyleCopAnalyzers/blob/master/documentation/SA1208.md) [D:\PROJECTS\NOOR CANVAS\SPA\NoorCanvas\NoorCanvas.csproj]
D:\PROJECTS\NOOR CANVAS\SPA\NoorCanvas\Controllers\AnnotationsController.cs(1,1): warning SA1200: Using directive should appear within a namespace declaration (https://github.com/DotNetAnalyzers/StyleCopAnalyzers/blob/master/documentation/SA1200.md) [D:\PROJECTS\NOOR CANVAS\SPA\NoorCanvas\NoorCanvas.csproj]
D:\PROJECTS\NOOR CANVAS\SPA\NoorCanvas\Controllers\AnnotationsController.cs(2,1): warning SA1200: Using directive should appear within a namespace declaration (https://github.com/DotNetAnalyzers/StyleCopAnalyzers/blob/master/documentation/SA1200.md) [D:\PROJECTS\NOOR CANVAS\SPA\NoorCanvas\NoorCanvas.csproj]
D:\PROJECTS\NOOR CANVAS\SPA\NoorCanvas\Controllers\AnnotationsController.cs(3,1): warning SA1200: Using directive should appear within a namespace declaration (https://github.com/DotNetAnalyzers/StyleCopAnalyzers/blob/master/documentation/SA1200.md) [D:\PROJECTS\NOOR CANVAS\SPA\NoorCanvas\NoorCanvas.csproj]
D:\PROJECTS\NOOR CANVAS\SPA\NoorCanvas\Controllers\AnnotationsController.cs(3,1): warning SA1208: Using directive for 'System.ComponentModel.DataAnnotations' should appear before directive for 'NoorCanvas.Services' (https://github.com/DotNetAnalyzers/StyleCopAnalyzers/blob/master/documentation/SA1208.md) [D:\PROJECTS\NOOR CANVAS\SPA\NoorCanvas\NoorCanvas.csproj]
D:\PROJECTS\NOOR CANVAS\SPA\NoorCanvas\Controllers\HealthController.cs(1,1): warning SA1200: Using directive should appear within a namespace declaration (https://github.com/DotNetAnalyzers/StyleCopAnalyzers/blob/master/documentation/SA1200.md) [D:\PROJECTS\NOOR CANVAS\SPA\NoorCanvas\NoorCanvas.csproj]
D:\PROJECTS\NOOR CANVAS\SPA\NoorCanvas\Controllers\HealthController.cs(2,1): warning SA1200: Using directive should appear within a namespace declaration (https://github.com/DotNetAnalyzers/StyleCopAnalyzers/blob/master/documentation/SA1200.md) [D:\PROJECTS\NOOR CANVAS\SPA\NoorCanvas\NoorCanvas.csproj]
D:\PROJECTS\NOOR CANVAS\SPA\NoorCanvas\Controllers\HealthController.cs(3,1): warning SA1200: Using directive should appear within a namespace declaration (https://github.com/DotNetAnalyzers/StyleCopAnalyzers/blob/master/documentation/SA1200.md) [D:\PROJECTS\NOOR CANVAS\SPA\NoorCanvas\NoorCanvas.csproj]
D:\PROJECTS\NOOR CANVAS\SPA\NoorCanvas\Controllers\HealthController.cs(4,1): warning SA1200: Using directive should appear within a namespace declaration (https://github.com/DotNetAnalyzers/StyleCopAnalyzers/blob/master/documentation/SA1200.md) [D:\PROJECTS\NOOR CANVAS\SPA\NoorCanvas\NoorCanvas.csproj]
D:\PROJECTS\NOOR CANVAS\SPA\NoorCanvas\Controllers\HealthController.cs(4,1): warning SA1208: Using directive for 'System.Text.Json' should appear before directive for 'NoorCanvas.Data' (https://github.com/DotNetAnalyzers/StyleCopAnalyzers/blob/master/documentation/SA1208.md) [D:\PROJECTS\NOOR CANVAS\SPA\NoorCanvas\NoorCanvas.csproj]
D:\PROJECTS\NOOR CANVAS\SPA\NoorCanvas\Controllers\AdminController.cs(277,14): warning SA1513: Closing brace should be followed by blank line (https://github.com/DotNetAnalyzers/StyleCopAnalyzers/blob/master/documentation/SA1513.md) [D:\PROJECTS\NOOR CANVAS\SPA\NoorCanvas\NoorCanvas.csproj]
D:\PROJECTS\NOOR CANVAS\SPA\NoorCanvas\Controllers\AdminController.cs(289,18): warning SA1402: File may only contain a single type (https://github.com/DotNetAnalyzers/StyleCopAnalyzers/blob/master/documentation/SA1402.md) [D:\PROJECTS\NOOR CANVAS\SPA\NoorCanvas\NoorCanvas.csproj]
D:\PROJECTS\NOOR CANVAS\SPA\NoorCanvas\Controllers\AdminController.cs(294,18): warning SA1402: File may only contain a single type (https://github.com/DotNetAnalyzers/StyleCopAnalyzers/blob/master/documentation/SA1402.md) [D:\PROJECTS\NOOR CANVAS\SPA\NoorCanvas\NoorCanvas.csproj]
D:\PROJECTS\NOOR CANVAS\SPA\NoorCanvas\Controllers\AdminController.cs(302,18): warning SA1402: File may only contain a single type (https://github.com/DotNetAnalyzers/StyleCopAnalyzers/blob/master/documentation/SA1402.md) [D:\PROJECTS\NOOR CANVAS\SPA\NoorCanvas\NoorCanvas.csproj]
D:\PROJECTS\NOOR CANVAS\SPA\NoorCanvas\Controllers\AdminController.cs(312,18): warning SA1402: File may only contain a single type (https://github.com/DotNetAnalyzers/StyleCopAnalyzers/blob/master/documentation/SA1402.md) [D:\PROJECTS\NOOR CANVAS\SPA\NoorCanvas\NoorCanvas.csproj]
D:\PROJECTS\NOOR CANVAS\SPA\NoorCanvas\Controllers\AdminController.cs(322,18): warning SA1402: File may only contain a single type (https://github.com/DotNetAnalyzers/StyleCopAnalyzers/blob/master/documentation/SA1402.md) [D:\PROJECTS\NOOR CANVAS\SPA\NoorCanvas\NoorCanvas.csproj]
D:\PROJECTS\NOOR CANVAS\SPA\NoorCanvas\Controllers\AdminController.cs(338,18): warning SA1402: File may only contain a single type (https://github.com/DotNetAnalyzers/StyleCopAnalyzers/blob/master/documentation/SA1402.md) [D:\PROJECTS\NOOR CANVAS\SPA\NoorCanvas\NoorCanvas.csproj]
D:\PROJECTS\NOOR CANVAS\SPA\NoorCanvas\Controllers\AdminController.cs(351,18): warning SA1402: File may only contain a single type (https://github.com/DotNetAnalyzers/StyleCopAnalyzers/blob/master/documentation/SA1402.md) [D:\PROJECTS\NOOR CANVAS\SPA\NoorCanvas\NoorCanvas.csproj]
D:\PROJECTS\NOOR CANVAS\SPA\NoorCanvas\Controllers\AdminController.cs(360,18): warning SA1402: File may only contain a single type (https://github.com/DotNetAnalyzers/StyleCopAnalyzers/blob/master/documentation/SA1402.md) [D:\PROJECTS\NOOR CANVAS\SPA\NoorCanvas\NoorCanvas.csproj]
D:\PROJECTS\NOOR CANVAS\SPA\NoorCanvas\Controllers\HostController.cs(1,1): warning SA1200: Using directive should appear within a namespace declaration (https://github.com/DotNetAnalyzers/StyleCopAnalyzers/blob/master/documentation/SA1200.md) [D:\PROJECTS\NOOR CANVAS\SPA\NoorCanvas\NoorCanvas.csproj]
D:\PROJECTS\NOOR CANVAS\SPA\NoorCanvas\Controllers\HostController.cs(2,1): warning SA1200: Using directive should appear within a namespace declaration (https://github.com/DotNetAnalyzers/StyleCopAnalyzers/blob/master/documentation/SA1200.md) [D:\PROJECTS\NOOR CANVAS\SPA\NoorCanvas\NoorCanvas.csproj]
D:\PROJECTS\NOOR CANVAS\SPA\NoorCanvas\Controllers\HostController.cs(3,1): warning SA1200: Using directive should appear within a namespace declaration (https://github.com/DotNetAnalyzers/StyleCopAnalyzers/blob/master/documentation/SA1200.md) [D:\PROJECTS\NOOR CANVAS\SPA\NoorCanvas\NoorCanvas.csproj]
D:\PROJECTS\NOOR CANVAS\SPA\NoorCanvas\Controllers\HostController.cs(4,1): warning SA1200: Using directive should appear within a namespace declaration (https://github.com/DotNetAnalyzers/StyleCopAnalyzers/blob/master/documentation/SA1200.md) [D:\PROJECTS\NOOR CANVAS\SPA\NoorCanvas\NoorCanvas.csproj]
D:\PROJECTS\NOOR CANVAS\SPA\NoorCanvas\Controllers\HostController.cs(5,1): warning SA1200: Using directive should appear within a namespace declaration (https://github.com/DotNetAnalyzers/StyleCopAnalyzers/blob/master/documentation/SA1200.md) [D:\PROJECTS\NOOR CANVAS\SPA\NoorCanvas\NoorCanvas.csproj]
D:\PROJECTS\NOOR CANVAS\SPA\NoorCanvas\Controllers\HostController.cs(6,1): warning SA1200: Using directive should appear within a namespace declaration (https://github.com/DotNetAnalyzers/StyleCopAnalyzers/blob/master/documentation/SA1200.md) [D:\PROJECTS\NOOR CANVAS\SPA\NoorCanvas\NoorCanvas.csproj]
D:\PROJECTS\NOOR CANVAS\SPA\NoorCanvas\Controllers\HostController.cs(7,1): warning SA1200: Using directive should appear within a namespace declaration (https://github.com/DotNetAnalyzers/StyleCopAnalyzers/blob/master/documentation/SA1200.md) [D:\PROJECTS\NOOR CANVAS\SPA\NoorCanvas\NoorCanvas.csproj]
D:\PROJECTS\NOOR CANVAS\SPA\NoorCanvas\Controllers\HostController.cs(8,1): warning SA1200: Using directive should appear within a namespace declaration (https://github.com/DotNetAnalyzers/StyleCopAnalyzers/blob/master/documentation/SA1200.md) [D:\PROJECTS\NOOR CANVAS\SPA\NoorCanvas\NoorCanvas.csproj]
D:\PROJECTS\NOOR CANVAS\SPA\NoorCanvas\Controllers\HostController.cs(9,1): warning SA1200: Using directive should appear within a namespace declaration (https://github.com/DotNetAnalyzers/StyleCopAnalyzers/blob/master/documentation/SA1200.md) [D:\PROJECTS\NOOR CANVAS\SPA\NoorCanvas\NoorCanvas.csproj]
D:\PROJECTS\NOOR CANVAS\SPA\NoorCanvas\Controllers\HostController.cs(10,1): warning SA1200: Using directive should appear within a namespace declaration (https://github.com/DotNetAnalyzers/StyleCopAnalyzers/blob/master/documentation/SA1200.md) [D:\PROJECTS\NOOR CANVAS\SPA\NoorCanvas\NoorCanvas.csproj]
D:\PROJECTS\NOOR CANVAS\SPA\NoorCanvas\Controllers\HostController.cs(11,1): warning SA1200: Using directive should appear within a namespace declaration (https://github.com/DotNetAnalyzers/StyleCopAnalyzers/blob/master/documentation/SA1200.md) [D:\PROJECTS\NOOR CANVAS\SPA\NoorCanvas\NoorCanvas.csproj]
D:\PROJECTS\NOOR CANVAS\SPA\NoorCanvas\Controllers\HostController.cs(12,1): warning SA1200: Using directive should appear within a namespace declaration (https://github.com/DotNetAnalyzers/StyleCopAnalyzers/blob/master/documentation/SA1200.md) [D:\PROJECTS\NOOR CANVAS\SPA\NoorCanvas\NoorCanvas.csproj]
D:\PROJECTS\NOOR CANVAS\SPA\NoorCanvas\Controllers\HostController.cs(11,1): warning SA1208: Using directive for 'System.Text.Json' should appear before directive for 'NoorCanvas.Services' (https://github.com/DotNetAnalyzers/StyleCopAnalyzers/blob/master/documentation/SA1208.md) [D:\PROJECTS\NOOR CANVAS\SPA\NoorCanvas\NoorCanvas.csproj]
D:\PROJECTS\NOOR CANVAS\SPA\NoorCanvas\Models\Simplified\SessionAsset.cs(130,21): warning SA1204: Static members should appear before non-static members (https://github.com/DotNetAnalyzers/StyleCopAnalyzers/blob/master/documentation/SA1204.md) [D:\PROJECTS\NOOR CANVAS\SPA\NoorCanvas\NoorCanvas.csproj]
D:\PROJECTS\NOOR CANVAS\SPA\NoorCanvas\Models\Simplified\SessionData.cs(48,21): warning SA1204: Static members should appear before non-static members (https://github.com/DotNetAnalyzers/StyleCopAnalyzers/blob/master/documentation/SA1204.md) [D:\PROJECTS\NOOR CANVAS\SPA\NoorCanvas\NoorCanvas.csproj]
D:\PROJECTS\NOOR CANVAS\SPA\NoorCanvas\Controllers\HostProvisionerController.cs(1,1): warning SA1200: Using directive should appear within a namespace declaration (https://github.com/DotNetAnalyzers/StyleCopAnalyzers/blob/master/documentation/SA1200.md) [D:\PROJECTS\NOOR CANVAS\SPA\NoorCanvas\NoorCanvas.csproj]
D:\PROJECTS\NOOR CANVAS\SPA\NoorCanvas\Controllers\HostProvisionerController.cs(2,1): warning SA1200: Using directive should appear within a namespace declaration (https://github.com/DotNetAnalyzers/StyleCopAnalyzers/blob/master/documentation/SA1200.md) [D:\PROJECTS\NOOR CANVAS\SPA\NoorCanvas\NoorCanvas.csproj]
D:\PROJECTS\NOOR CANVAS\SPA\NoorCanvas\Controllers\HostProvisionerController.cs(3,1): warning SA1200: Using directive should appear within a namespace declaration (https://github.com/DotNetAnalyzers/StyleCopAnalyzers/blob/master/documentation/SA1200.md) [D:\PROJECTS\NOOR CANVAS\SPA\NoorCanvas\NoorCanvas.csproj]
D:\PROJECTS\NOOR CANVAS\SPA\NoorCanvas\Controllers\HostProvisionerController.cs(4,1): warning SA1200: Using directive should appear within a namespace declaration (https://github.com/DotNetAnalyzers/StyleCopAnalyzers/blob/master/documentation/SA1200.md) [D:\PROJECTS\NOOR CANVAS\SPA\NoorCanvas\NoorCanvas.csproj]
D:\PROJECTS\NOOR CANVAS\SPA\NoorCanvas\Controllers\HostProvisionerController.cs(5,1): warning SA1200: Using directive should appear within a namespace declaration (https://github.com/DotNetAnalyzers/StyleCopAnalyzers/blob/master/documentation/SA1200.md) [D:\PROJECTS\NOOR CANVAS\SPA\NoorCanvas\NoorCanvas.csproj]
D:\PROJECTS\NOOR CANVAS\SPA\NoorCanvas\Controllers\HostProvisionerController.cs(2,1): warning SA1208: Using directive for 'System.Security.Cryptography' should appear before directive for 'Microsoft.AspNetCore.Mvc' (https://github.com/DotNetAnalyzers/StyleCopAnalyzers/blob/master/documentation/SA1208.md) [D:\PROJECTS\NOOR CANVAS\SPA\NoorCanvas\NoorCanvas.csproj]
D:\PROJECTS\NOOR CANVAS\SPA\NoorCanvas\Controllers\HostProvisionerController.cs(3,1): warning SA1208: Using directive for 'System.Text' should appear before directive for 'Microsoft.AspNetCore.Mvc' (https://github.com/DotNetAnalyzers/StyleCopAnalyzers/blob/master/documentation/SA1208.md) [D:\PROJECTS\NOOR CANVAS\SPA\NoorCanvas\NoorCanvas.csproj]
D:\PROJECTS\NOOR CANVAS\SPA\NoorCanvas\Controllers\IssueController.cs(1,1): warning SA1200: Using directive should appear within a namespace declaration (https://github.com/DotNetAnalyzers/StyleCopAnalyzers/blob/master/documentation/SA1200.md) [D:\PROJECTS\NOOR CANVAS\SPA\NoorCanvas\NoorCanvas.csproj]
D:\PROJECTS\NOOR CANVAS\SPA\NoorCanvas\Controllers\IssueController.cs(2,1): warning SA1200: Using directive should appear within a namespace declaration (https://github.com/DotNetAnalyzers/StyleCopAnalyzers/blob/master/documentation/SA1200.md) [D:\PROJECTS\NOOR CANVAS\SPA\NoorCanvas\NoorCanvas.csproj]
D:\PROJECTS\NOOR CANVAS\SPA\NoorCanvas\Controllers\IssueController.cs(3,1): warning SA1200: Using directive should appear within a namespace declaration (https://github.com/DotNetAnalyzers/StyleCopAnalyzers/blob/master/documentation/SA1200.md) [D:\PROJECTS\NOOR CANVAS\SPA\NoorCanvas\NoorCanvas.csproj]
D:\PROJECTS\NOOR CANVAS\SPA\NoorCanvas\Controllers\IssueController.cs(4,1): warning SA1200: Using directive should appear within a namespace declaration (https://github.com/DotNetAnalyzers/StyleCopAnalyzers/blob/master/documentation/SA1200.md) [D:\PROJECTS\NOOR CANVAS\SPA\NoorCanvas\NoorCanvas.csproj]
D:\PROJECTS\NOOR CANVAS\SPA\NoorCanvas\Controllers\IssueController.cs(5,1): warning SA1200: Using directive should appear within a namespace declaration (https://github.com/DotNetAnalyzers/StyleCopAnalyzers/blob/master/documentation/SA1200.md) [D:\PROJECTS\NOOR CANVAS\SPA\NoorCanvas\NoorCanvas.csproj]
D:\PROJECTS\NOOR CANVAS\SPA\NoorCanvas\Controllers\IssueController.cs(5,1): warning SA1208: Using directive for 'System.ComponentModel.DataAnnotations' should appear before directive for 'NoorCanvas.Models' (https://github.com/DotNetAnalyzers/StyleCopAnalyzers/blob/master/documentation/SA1208.md) [D:\PROJECTS\NOOR CANVAS\SPA\NoorCanvas\NoorCanvas.csproj]
D:\PROJECTS\NOOR CANVAS\SPA\NoorCanvas\Controllers\LogsController.cs(1,1): warning SA1200: Using directive should appear within a namespace declaration (https://github.com/DotNetAnalyzers/StyleCopAnalyzers/blob/master/documentation/SA1200.md) [D:\PROJECTS\NOOR CANVAS\SPA\NoorCanvas\NoorCanvas.csproj]
D:\PROJECTS\NOOR CANVAS\SPA\NoorCanvas\Controllers\LogsController.cs(2,1): warning SA1200: Using directive should appear within a namespace declaration (https://github.com/DotNetAnalyzers/StyleCopAnalyzers/blob/master/documentation/SA1200.md) [D:\PROJECTS\NOOR CANVAS\SPA\NoorCanvas\NoorCanvas.csproj]
D:\PROJECTS\NOOR CANVAS\SPA\NoorCanvas\Controllers\LogsController.cs(2,1): warning SA1208: Using directive for 'System.Text.Json' should appear before directive for 'Microsoft.AspNetCore.Mvc' (https://github.com/DotNetAnalyzers/StyleCopAnalyzers/blob/master/documentation/SA1208.md) [D:\PROJECTS\NOOR CANVAS\SPA\NoorCanvas\NoorCanvas.csproj]
D:\PROJECTS\NOOR CANVAS\SPA\NoorCanvas\Services\HtmlParsingService.cs(251,17): warning SA1201: A enum should not follow a class (https://github.com/DotNetAnalyzers/StyleCopAnalyzers/blob/master/documentation/SA1201.md) [D:\PROJECTS\NOOR CANVAS\SPA\NoorCanvas\NoorCanvas.csproj]
D:\PROJECTS\NOOR CANVAS\SPA\NoorCanvas\Controllers\ParticipantController.cs(1,1): warning SA1200: Using directive should appear within a namespace declaration (https://github.com/DotNetAnalyzers/StyleCopAnalyzers/blob/master/documentation/SA1200.md) [D:\PROJECTS\NOOR CANVAS\SPA\NoorCanvas\NoorCanvas.csproj]
D:\PROJECTS\NOOR CANVAS\SPA\NoorCanvas\Controllers\ParticipantController.cs(2,1): warning SA1200: Using directive should appear within a namespace declaration (https://github.com/DotNetAnalyzers/StyleCopAnalyzers/blob/master/documentation/SA1200.md) [D:\PROJECTS\NOOR CANVAS\SPA\NoorCanvas\NoorCanvas.csproj]
D:\PROJECTS\NOOR CANVAS\SPA\NoorCanvas\Controllers\ParticipantController.cs(3,1): warning SA1200: Using directive should appear within a namespace declaration (https://github.com/DotNetAnalyzers/StyleCopAnalyzers/blob/master/documentation/SA1200.md) [D:\PROJECTS\NOOR CANVAS\SPA\NoorCanvas\NoorCanvas.csproj]
D:\PROJECTS\NOOR CANVAS\SPA\NoorCanvas\Controllers\ParticipantController.cs(4,1): warning SA1200: Using directive should appear within a namespace declaration (https://github.com/DotNetAnalyzers/StyleCopAnalyzers/blob/master/documentation/SA1200.md) [D:\PROJECTS\NOOR CANVAS\SPA\NoorCanvas\NoorCanvas.csproj]
D:\PROJECTS\NOOR CANVAS\SPA\NoorCanvas\Controllers\ParticipantController.cs(5,1): warning SA1200: Using directive should appear within a namespace declaration (https://github.com/DotNetAnalyzers/StyleCopAnalyzers/blob/master/documentation/SA1200.md) [D:\PROJECTS\NOOR CANVAS\SPA\NoorCanvas\NoorCanvas.csproj]
D:\PROJECTS\NOOR CANVAS\SPA\NoorCanvas\Controllers\ParticipantController.cs(6,1): warning SA1200: Using directive should appear within a namespace declaration (https://github.com/DotNetAnalyzers/StyleCopAnalyzers/blob/master/documentation/SA1200.md) [D:\PROJECTS\NOOR CANVAS\SPA\NoorCanvas\NoorCanvas.csproj]
D:\PROJECTS\NOOR CANVAS\SPA\NoorCanvas\Controllers\ParticipantController.cs(7,1): warning SA1200: Using directive should appear within a namespace declaration (https://github.com/DotNetAnalyzers/StyleCopAnalyzers/blob/master/documentation/SA1200.md) [D:\PROJECTS\NOOR CANVAS\SPA\NoorCanvas\NoorCanvas.csproj]
D:\PROJECTS\NOOR CANVAS\SPA\NoorCanvas\Controllers\ParticipantController.cs(6,1): warning SA1210: Using directives should be ordered alphabetically by the namespaces (https://github.com/DotNetAnalyzers/StyleCopAnalyzers/blob/master/documentation/SA1210.md) [D:\PROJECTS\NOOR CANVAS\SPA\NoorCanvas\NoorCanvas.csproj]
D:\PROJECTS\NOOR CANVAS\SPA\NoorCanvas\Controllers\AdminController.cs(325,1): warning SA1516: Elements should be separated by blank line (https://github.com/DotNetAnalyzers/StyleCopAnalyzers/blob/master/documentation/SA1516.md) [D:\PROJECTS\NOOR CANVAS\SPA\NoorCanvas\NoorCanvas.csproj]
D:\PROJECTS\NOOR CANVAS\SPA\NoorCanvas\Controllers\AdminController.cs(326,1): warning SA1516: Elements should be separated by blank line (https://github.com/DotNetAnalyzers/StyleCopAnalyzers/blob/master/documentation/SA1516.md) [D:\PROJECTS\NOOR CANVAS\SPA\NoorCanvas\NoorCanvas.csproj]
D:\PROJECTS\NOOR CANVAS\SPA\NoorCanvas\Controllers\AdminController.cs(327,1): warning SA1516: Elements should be separated by blank line (https://github.com/DotNetAnalyzers/StyleCopAnalyzers/blob/master/documentation/SA1516.md) [D:\PROJECTS\NOOR CANVAS\SPA\NoorCanvas\NoorCanvas.csproj]
D:\PROJECTS\NOOR CANVAS\SPA\NoorCanvas\Controllers\AdminController.cs(328,1): warning SA1516: Elements should be separated by blank line (https://github.com/DotNetAnalyzers/StyleCopAnalyzers/blob/master/documentation/SA1516.md) [D:\PROJECTS\NOOR CANVAS\SPA\NoorCanvas\NoorCanvas.csproj]
D:\PROJECTS\NOOR CANVAS\SPA\NoorCanvas\Controllers\AdminController.cs(329,1): warning SA1516: Elements should be separated by blank line (https://github.com/DotNetAnalyzers/StyleCopAnalyzers/blob/master/documentation/SA1516.md) [D:\PROJECTS\NOOR CANVAS\SPA\NoorCanvas\NoorCanvas.csproj]
D:\PROJECTS\NOOR CANVAS\SPA\NoorCanvas\Controllers\AdminController.cs(330,1): warning SA1516: Elements should be separated by blank line (https://github.com/DotNetAnalyzers/StyleCopAnalyzers/blob/master/documentation/SA1516.md) [D:\PROJECTS\NOOR CANVAS\SPA\NoorCanvas\NoorCanvas.csproj]
D:\PROJECTS\NOOR CANVAS\SPA\NoorCanvas\Controllers\AdminController.cs(331,1): warning SA1516: Elements should be separated by blank line (https://github.com/DotNetAnalyzers/StyleCopAnalyzers/blob/master/documentation/SA1516.md) [D:\PROJECTS\NOOR CANVAS\SPA\NoorCanvas\NoorCanvas.csproj]
D:\PROJECTS\NOOR CANVAS\SPA\NoorCanvas\Controllers\AdminController.cs(332,1): warning SA1516: Elements should be separated by blank line (https://github.com/DotNetAnalyzers/StyleCopAnalyzers/blob/master/documentation/SA1516.md) [D:\PROJECTS\NOOR CANVAS\SPA\NoorCanvas\NoorCanvas.csproj]
D:\PROJECTS\NOOR CANVAS\SPA\NoorCanvas\Controllers\AdminController.cs(333,1): warning SA1516: Elements should be separated by blank line (https://github.com/DotNetAnalyzers/StyleCopAnalyzers/blob/master/documentation/SA1516.md) [D:\PROJECTS\NOOR CANVAS\SPA\NoorCanvas\NoorCanvas.csproj]
D:\PROJECTS\NOOR CANVAS\SPA\NoorCanvas\Controllers\AdminController.cs(334,1): warning SA1516: Elements should be separated by blank line (https://github.com/DotNetAnalyzers/StyleCopAnalyzers/blob/master/documentation/SA1516.md) [D:\PROJECTS\NOOR CANVAS\SPA\NoorCanvas\NoorCanvas.csproj]
D:\PROJECTS\NOOR CANVAS\SPA\NoorCanvas\Controllers\AdminController.cs(335,1): warning SA1516: Elements should be separated by blank line (https://github.com/DotNetAnalyzers/StyleCopAnalyzers/blob/master/documentation/SA1516.md) [D:\PROJECTS\NOOR CANVAS\SPA\NoorCanvas\NoorCanvas.csproj]
D:\PROJECTS\NOOR CANVAS\SPA\NoorCanvas\Extensions\DebugExtensions.cs(52,39): warning SA1309: Field '_debugService' should not begin with an underscore (https://github.com/DotNetAnalyzers/StyleCopAnalyzers/blob/master/documentation/SA1309.md) [D:\PROJECTS\NOOR CANVAS\SPA\NoorCanvas\NoorCanvas.csproj]
D:\PROJECTS\NOOR CANVAS\SPA\NoorCanvas\Extensions\DebugExtensions.cs(53,33): warning SA1309: Field '_componentName' should not begin with an underscore (https://github.com/DotNetAnalyzers/StyleCopAnalyzers/blob/master/documentation/SA1309.md) [D:\PROJECTS\NOOR CANVAS\SPA\NoorCanvas\NoorCanvas.csproj]
D:\PROJECTS\NOOR CANVAS\SPA\NoorCanvas\Controllers\AdminController.cs(14,42): warning SA1309: Field '_context' should not begin with an underscore (https://github.com/DotNetAnalyzers/StyleCopAnalyzers/blob/master/documentation/SA1309.md) [D:\PROJECTS\NOOR CANVAS\SPA\NoorCanvas\NoorCanvas.csproj]
D:\PROJECTS\NOOR CANVAS\SPA\NoorCanvas\Controllers\AdminController.cs(15,45): warning SA1309: Field '_kSessionsContext' should not begin with an underscore (https://github.com/DotNetAnalyzers/StyleCopAnalyzers/blob/master/documentation/SA1309.md) [D:\PROJECTS\NOOR CANVAS\SPA\NoorCanvas\NoorCanvas.csproj]
D:\PROJECTS\NOOR CANVAS\SPA\NoorCanvas\Controllers\AdminController.cs(16,51): warning SA1309: Field '_logger' should not begin with an underscore (https://github.com/DotNetAnalyzers/StyleCopAnalyzers/blob/master/documentation/SA1309.md) [D:\PROJECTS\NOOR CANVAS\SPA\NoorCanvas\NoorCanvas.csproj]
D:\PROJECTS\NOOR CANVAS\SPA\NoorCanvas\Controllers\AdminController.cs(354,1): warning SA1516: Elements should be separated by blank line (https://github.com/DotNetAnalyzers/StyleCopAnalyzers/blob/master/documentation/SA1516.md) [D:\PROJECTS\NOOR CANVAS\SPA\NoorCanvas\NoorCanvas.csproj]
D:\PROJECTS\NOOR CANVAS\SPA\NoorCanvas\Controllers\AdminController.cs(355,1): warning SA1516: Elements should be separated by blank line (https://github.com/DotNetAnalyzers/StyleCopAnalyzers/blob/master/documentation/SA1516.md) [D:\PROJECTS\NOOR CANVAS\SPA\NoorCanvas\NoorCanvas.csproj]
D:\PROJECTS\NOOR CANVAS\SPA\NoorCanvas\Controllers\AdminController.cs(356,1): warning SA1516: Elements should be separated by blank line (https://github.com/DotNetAnalyzers/StyleCopAnalyzers/blob/master/documentation/SA1516.md) [D:\PROJECTS\NOOR CANVAS\SPA\NoorCanvas\NoorCanvas.csproj]
D:\PROJECTS\NOOR CANVAS\SPA\NoorCanvas\Controllers\AdminController.cs(357,1): warning SA1516: Elements should be separated by blank line (https://github.com/DotNetAnalyzers/StyleCopAnalyzers/blob/master/documentation/SA1516.md) [D:\PROJECTS\NOOR CANVAS\SPA\NoorCanvas\NoorCanvas.csproj]
D:\PROJECTS\NOOR CANVAS\SPA\NoorCanvas\Controllers\AdminController.cs(363,1): warning SA1516: Elements should be separated by blank line (https://github.com/DotNetAnalyzers/StyleCopAnalyzers/blob/master/documentation/SA1516.md) [D:\PROJECTS\NOOR CANVAS\SPA\NoorCanvas\NoorCanvas.csproj]
D:\PROJECTS\NOOR CANVAS\SPA\NoorCanvas\Controllers\AdminController.cs(364,1): warning SA1516: Elements should be separated by blank line (https://github.com/DotNetAnalyzers/StyleCopAnalyzers/blob/master/documentation/SA1516.md) [D:\PROJECTS\NOOR CANVAS\SPA\NoorCanvas\NoorCanvas.csproj]
D:\PROJECTS\NOOR CANVAS\SPA\NoorCanvas\Controllers\AdminController.cs(365,1): warning SA1516: Elements should be separated by blank line (https://github.com/DotNetAnalyzers/StyleCopAnalyzers/blob/master/documentation/SA1516.md) [D:\PROJECTS\NOOR CANVAS\SPA\NoorCanvas\NoorCanvas.csproj]
D:\PROJECTS\NOOR CANVAS\SPA\NoorCanvas\Controllers\AdminController.cs(366,1): warning SA1516: Elements should be separated by blank line (https://github.com/DotNetAnalyzers/StyleCopAnalyzers/blob/master/documentation/SA1516.md) [D:\PROJECTS\NOOR CANVAS\SPA\NoorCanvas\NoorCanvas.csproj]
D:\PROJECTS\NOOR CANVAS\SPA\NoorCanvas\Controllers\QuestionController.cs(1,1): warning SA1200: Using directive should appear within a namespace declaration (https://github.com/DotNetAnalyzers/StyleCopAnalyzers/blob/master/documentation/SA1200.md) [D:\PROJECTS\NOOR CANVAS\SPA\NoorCanvas\NoorCanvas.csproj]
D:\PROJECTS\NOOR CANVAS\SPA\NoorCanvas\Controllers\QuestionController.cs(2,1): warning SA1200: Using directive should appear within a namespace declaration (https://github.com/DotNetAnalyzers/StyleCopAnalyzers/blob/master/documentation/SA1200.md) [D:\PROJECTS\NOOR CANVAS\SPA\NoorCanvas\NoorCanvas.csproj]
D:\PROJECTS\NOOR CANVAS\SPA\NoorCanvas\Controllers\QuestionController.cs(3,1): warning SA1200: Using directive should appear within a namespace declaration (https://github.com/DotNetAnalyzers/StyleCopAnalyzers/blob/master/documentation/SA1200.md) [D:\PROJECTS\NOOR CANVAS\SPA\NoorCanvas\NoorCanvas.csproj]
D:\PROJECTS\NOOR CANVAS\SPA\NoorCanvas\Controllers\QuestionController.cs(4,1): warning SA1200: Using directive should appear within a namespace declaration (https://github.com/DotNetAnalyzers/StyleCopAnalyzers/blob/master/documentation/SA1200.md) [D:\PROJECTS\NOOR CANVAS\SPA\NoorCanvas\NoorCanvas.csproj]
D:\PROJECTS\NOOR CANVAS\SPA\NoorCanvas\Controllers\QuestionController.cs(5,1): warning SA1200: Using directive should appear within a namespace declaration (https://github.com/DotNetAnalyzers/StyleCopAnalyzers/blob/master/documentation/SA1200.md) [D:\PROJECTS\NOOR CANVAS\SPA\NoorCanvas\NoorCanvas.csproj]
D:\PROJECTS\NOOR CANVAS\SPA\NoorCanvas\Controllers\QuestionController.cs(6,1): warning SA1200: Using directive should appear within a namespace declaration (https://github.com/DotNetAnalyzers/StyleCopAnalyzers/blob/master/documentation/SA1200.md) [D:\PROJECTS\NOOR CANVAS\SPA\NoorCanvas\NoorCanvas.csproj]
D:\PROJECTS\NOOR CANVAS\SPA\NoorCanvas\Controllers\QuestionController.cs(7,1): warning SA1200: Using directive should appear within a namespace declaration (https://github.com/DotNetAnalyzers/StyleCopAnalyzers/blob/master/documentation/SA1200.md) [D:\PROJECTS\NOOR CANVAS\SPA\NoorCanvas\NoorCanvas.csproj]
D:\PROJECTS\NOOR CANVAS\SPA\NoorCanvas\Controllers\QuestionController.cs(8,1): warning SA1200: Using directive should appear within a namespace declaration (https://github.com/DotNetAnalyzers/StyleCopAnalyzers/blob/master/documentation/SA1200.md) [D:\PROJECTS\NOOR CANVAS\SPA\NoorCanvas\NoorCanvas.csproj]
D:\PROJECTS\NOOR CANVAS\SPA\NoorCanvas\Controllers\QuestionController.cs(8,1): warning SA1208: Using directive for 'System.Text.Json' should appear before directive for 'NoorCanvas.Models.Simplified' (https://github.com/DotNetAnalyzers/StyleCopAnalyzers/blob/master/documentation/SA1208.md) [D:\PROJECTS\NOOR CANVAS\SPA\NoorCanvas\NoorCanvas.csproj]
D:\PROJECTS\NOOR CANVAS\SPA\NoorCanvas\Controllers\QuestionController.cs(6,1): warning SA1210: Using directives should be ordered alphabetically by the namespaces (https://github.com/DotNetAnalyzers/StyleCopAnalyzers/blob/master/documentation/SA1210.md) [D:\PROJECTS\NOOR CANVAS\SPA\NoorCanvas\NoorCanvas.csproj]
D:\PROJECTS\NOOR CANVAS\SPA\NoorCanvas\Hubs\AnnotationHub.cs(8,49): warning SA1309: Field '_logger' should not begin with an underscore (https://github.com/DotNetAnalyzers/StyleCopAnalyzers/blob/master/documentation/SA1309.md) [D:\PROJECTS\NOOR CANVAS\SPA\NoorCanvas\NoorCanvas.csproj]
D:\PROJECTS\NOOR CANVAS\SPA\NoorCanvas\Hubs\AnnotationHub.cs(9,45): warning SA1309: Field '_annotationService' should not begin with an underscore (https://github.com/DotNetAnalyzers/StyleCopAnalyzers/blob/master/documentation/SA1309.md) [D:\PROJECTS\NOOR CANVAS\SPA\NoorCanvas\NoorCanvas.csproj]
D:\PROJECTS\NOOR CANVAS\SPA\NoorCanvas\Controllers\SessionController.cs(1,1): warning SA1200: Using directive should appear within a namespace declaration (https://github.com/DotNetAnalyzers/StyleCopAnalyzers/blob/master/documentation/SA1200.md) [D:\PROJECTS\NOOR CANVAS\SPA\NoorCanvas\NoorCanvas.csproj]
D:\PROJECTS\NOOR CANVAS\SPA\NoorCanvas\Controllers\SessionController.cs(2,1): warning SA1200: Using directive should appear within a namespace declaration (https://github.com/DotNetAnalyzers/StyleCopAnalyzers/blob/master/documentation/SA1200.md) [D:\PROJECTS\NOOR CANVAS\SPA\NoorCanvas\NoorCanvas.csproj]
D:\PROJECTS\NOOR CANVAS\SPA\NoorCanvas\Controllers\SessionController.cs(3,1): warning SA1200: Using directive should appear within a namespace declaration (https://github.com/DotNetAnalyzers/StyleCopAnalyzers/blob/master/documentation/SA1200.md) [D:\PROJECTS\NOOR CANVAS\SPA\NoorCanvas\NoorCanvas.csproj]
D:\PROJECTS\NOOR CANVAS\SPA\NoorCanvas\Controllers\SessionController.cs(4,1): warning SA1200: Using directive should appear within a namespace declaration (https://github.com/DotNetAnalyzers/StyleCopAnalyzers/blob/master/documentation/SA1200.md) [D:\PROJECTS\NOOR CANVAS\SPA\NoorCanvas\NoorCanvas.csproj]
D:\PROJECTS\NOOR CANVAS\SPA\NoorCanvas\Controllers\AdminController.cs(341,1): warning SA1516: Elements should be separated by blank line (https://github.com/DotNetAnalyzers/StyleCopAnalyzers/blob/master/documentation/SA1516.md) [D:\PROJECTS\NOOR CANVAS\SPA\NoorCanvas\NoorCanvas.csproj]
D:\PROJECTS\NOOR CANVAS\SPA\NoorCanvas\Controllers\AdminController.cs(342,1): warning SA1516: Elements should be separated by blank line (https://github.com/DotNetAnalyzers/StyleCopAnalyzers/blob/master/documentation/SA1516.md) [D:\PROJECTS\NOOR CANVAS\SPA\NoorCanvas\NoorCanvas.csproj]
D:\PROJECTS\NOOR CANVAS\SPA\NoorCanvas\Controllers\AdminController.cs(343,1): warning SA1516: Elements should be separated by blank line (https://github.com/DotNetAnalyzers/StyleCopAnalyzers/blob/master/documentation/SA1516.md) [D:\PROJECTS\NOOR CANVAS\SPA\NoorCanvas\NoorCanvas.csproj]
D:\PROJECTS\NOOR CANVAS\SPA\NoorCanvas\Controllers\AdminController.cs(344,1): warning SA1516: Elements should be separated by blank line (https://github.com/DotNetAnalyzers/StyleCopAnalyzers/blob/master/documentation/SA1516.md) [D:\PROJECTS\NOOR CANVAS\SPA\NoorCanvas\NoorCanvas.csproj]
D:\PROJECTS\NOOR CANVAS\SPA\NoorCanvas\Controllers\AdminController.cs(345,1): warning SA1516: Elements should be separated by blank line (https://github.com/DotNetAnalyzers/StyleCopAnalyzers/blob/master/documentation/SA1516.md) [D:\PROJECTS\NOOR CANVAS\SPA\NoorCanvas\NoorCanvas.csproj]
D:\PROJECTS\NOOR CANVAS\SPA\NoorCanvas\Controllers\AdminController.cs(346,1): warning SA1516: Elements should be separated by blank line (https://github.com/DotNetAnalyzers/StyleCopAnalyzers/blob/master/documentation/SA1516.md) [D:\PROJECTS\NOOR CANVAS\SPA\NoorCanvas\NoorCanvas.csproj]
D:\PROJECTS\NOOR CANVAS\SPA\NoorCanvas\Controllers\AdminController.cs(347,1): warning SA1516: Elements should be separated by blank line (https://github.com/DotNetAnalyzers/StyleCopAnalyzers/blob/master/documentation/SA1516.md) [D:\PROJECTS\NOOR CANVAS\SPA\NoorCanvas\NoorCanvas.csproj]
D:\PROJECTS\NOOR CANVAS\SPA\NoorCanvas\Controllers\AdminController.cs(348,1): warning SA1516: Elements should be separated by blank line (https://github.com/DotNetAnalyzers/StyleCopAnalyzers/blob/master/documentation/SA1516.md) [D:\PROJECTS\NOOR CANVAS\SPA\NoorCanvas\NoorCanvas.csproj]
D:\PROJECTS\NOOR CANVAS\SPA\NoorCanvas\Controllers\TokenController.cs(1,1): warning SA1200: Using directive should appear within a namespace declaration (https://github.com/DotNetAnalyzers/StyleCopAnalyzers/blob/master/documentation/SA1200.md) [D:\PROJECTS\NOOR CANVAS\SPA\NoorCanvas\NoorCanvas.csproj]
D:\PROJECTS\NOOR CANVAS\SPA\NoorCanvas\Controllers\TokenController.cs(2,1): warning SA1200: Using directive should appear within a namespace declaration (https://github.com/DotNetAnalyzers/StyleCopAnalyzers/blob/master/documentation/SA1200.md) [D:\PROJECTS\NOOR CANVAS\SPA\NoorCanvas\NoorCanvas.csproj]
D:\PROJECTS\NOOR CANVAS\SPA\NoorCanvas\Controllers\TokenController.cs(3,1): warning SA1200: Using directive should appear within a namespace declaration (https://github.com/DotNetAnalyzers/StyleCopAnalyzers/blob/master/documentation/SA1200.md) [D:\PROJECTS\NOOR CANVAS\SPA\NoorCanvas\NoorCanvas.csproj]
D:\PROJECTS\NOOR CANVAS\SPA\NoorCanvas\Controllers\TokenController.cs(2,1): warning SA1210: Using directives should be ordered alphabetically by the namespaces (https://github.com/DotNetAnalyzers/StyleCopAnalyzers/blob/master/documentation/SA1210.md) [D:\PROJECTS\NOOR CANVAS\SPA\NoorCanvas\NoorCanvas.csproj]
D:\PROJECTS\NOOR CANVAS\SPA\NoorCanvas\Data\CanvasDbContext.cs(1,1): warning SA1200: Using directive should appear within a namespace declaration (https://github.com/DotNetAnalyzers/StyleCopAnalyzers/blob/master/documentation/SA1200.md) [D:\PROJECTS\NOOR CANVAS\SPA\NoorCanvas\NoorCanvas.csproj]
D:\PROJECTS\NOOR CANVAS\SPA\NoorCanvas\Data\CanvasDbContext.cs(2,1): warning SA1200: Using directive should appear within a namespace declaration (https://github.com/DotNetAnalyzers/StyleCopAnalyzers/blob/master/documentation/SA1200.md) [D:\PROJECTS\NOOR CANVAS\SPA\NoorCanvas\NoorCanvas.csproj]
D:\PROJECTS\NOOR CANVAS\SPA\NoorCanvas\Data\KSessionsDbContext.cs(1,1): warning SA1200: Using directive should appear within a namespace declaration (https://github.com/DotNetAnalyzers/StyleCopAnalyzers/blob/master/documentation/SA1200.md) [D:\PROJECTS\NOOR CANVAS\SPA\NoorCanvas\NoorCanvas.csproj]
D:\PROJECTS\NOOR CANVAS\SPA\NoorCanvas\Data\KSessionsDbContext.cs(2,1): warning SA1200: Using directive should appear within a namespace declaration (https://github.com/DotNetAnalyzers/StyleCopAnalyzers/blob/master/documentation/SA1200.md) [D:\PROJECTS\NOOR CANVAS\SPA\NoorCanvas\NoorCanvas.csproj]
D:\PROJECTS\NOOR CANVAS\SPA\NoorCanvas\Data\Migrations\20250911091420_InitialCreate.cs(1,1): warning SA1200: Using directive should appear within a namespace declaration (https://github.com/DotNetAnalyzers/StyleCopAnalyzers/blob/master/documentation/SA1200.md) [D:\PROJECTS\NOOR CANVAS\SPA\NoorCanvas\NoorCanvas.csproj]
D:\PROJECTS\NOOR CANVAS\SPA\NoorCanvas\Data\Migrations\20250911091420_InitialCreate.cs(2,1): warning SA1200: Using directive should appear within a namespace declaration (https://github.com/DotNetAnalyzers/StyleCopAnalyzers/blob/master/documentation/SA1200.md) [D:\PROJECTS\NOOR CANVAS\SPA\NoorCanvas\NoorCanvas.csproj]
D:\PROJECTS\NOOR CANVAS\SPA\NoorCanvas\Data\Migrations\20250912174615_AddAdminSessions.cs(1,1): warning SA1200: Using directive should appear within a namespace declaration (https://github.com/DotNetAnalyzers/StyleCopAnalyzers/blob/master/documentation/SA1200.md) [D:\PROJECTS\NOOR CANVAS\SPA\NoorCanvas\NoorCanvas.csproj]
D:\PROJECTS\NOOR CANVAS\SPA\NoorCanvas\Data\Migrations\20250912174615_AddAdminSessions.cs(2,1): warning SA1200: Using directive should appear within a namespace declaration (https://github.com/DotNetAnalyzers/StyleCopAnalyzers/blob/master/documentation/SA1200.md) [D:\PROJECTS\NOOR CANVAS\SPA\NoorCanvas\NoorCanvas.csproj]
D:\PROJECTS\NOOR CANVAS\SPA\NoorCanvas\Data\SimplifiedCanvasDbContext.cs(1,1): warning SA1200: Using directive should appear within a namespace declaration (https://github.com/DotNetAnalyzers/StyleCopAnalyzers/blob/master/documentation/SA1200.md) [D:\PROJECTS\NOOR CANVAS\SPA\NoorCanvas\NoorCanvas.csproj]
D:\PROJECTS\NOOR CANVAS\SPA\NoorCanvas\Data\SimplifiedCanvasDbContext.cs(2,1): warning SA1200: Using directive should appear within a namespace declaration (https://github.com/DotNetAnalyzers/StyleCopAnalyzers/blob/master/documentation/SA1200.md) [D:\PROJECTS\NOOR CANVAS\SPA\NoorCanvas\NoorCanvas.csproj]
D:\PROJECTS\NOOR CANVAS\SPA\NoorCanvas\Data\SimplifiedCanvasDbContext.cs(3,1): warning SA1200: Using directive should appear within a namespace declaration (https://github.com/DotNetAnalyzers/StyleCopAnalyzers/blob/master/documentation/SA1200.md) [D:\PROJECTS\NOOR CANVAS\SPA\NoorCanvas\NoorCanvas.csproj]
D:\PROJECTS\NOOR CANVAS\SPA\NoorCanvas\Data\SimplifiedCanvasDbContext.cs(2,1): warning SA1210: Using directives should be ordered alphabetically by the namespaces (https://github.com/DotNetAnalyzers/StyleCopAnalyzers/blob/master/documentation/SA1210.md) [D:\PROJECTS\NOOR CANVAS\SPA\NoorCanvas\NoorCanvas.csproj]
D:\PROJECTS\NOOR CANVAS\SPA\NoorCanvas\Extensions\DebugExtensions.cs(1,1): warning SA1200: Using directive should appear within a namespace declaration (https://github.com/DotNetAnalyzers/StyleCopAnalyzers/blob/master/documentation/SA1200.md) [D:\PROJECTS\NOOR CANVAS\SPA\NoorCanvas\NoorCanvas.csproj]
D:\PROJECTS\NOOR CANVAS\SPA\NoorCanvas\Hubs\AnnotationHub.cs(1,1): warning SA1200: Using directive should appear within a namespace declaration (https://github.com/DotNetAnalyzers/StyleCopAnalyzers/blob/master/documentation/SA1200.md) [D:\PROJECTS\NOOR CANVAS\SPA\NoorCanvas\NoorCanvas.csproj]
D:\PROJECTS\NOOR CANVAS\SPA\NoorCanvas\Hubs\AnnotationHub.cs(2,1): warning SA1200: Using directive should appear within a namespace declaration (https://github.com/DotNetAnalyzers/StyleCopAnalyzers/blob/master/documentation/SA1200.md) [D:\PROJECTS\NOOR CANVAS\SPA\NoorCanvas\NoorCanvas.csproj]
D:\PROJECTS\NOOR CANVAS\SPA\NoorCanvas\Hubs\QAHub.cs(1,1): warning SA1200: Using directive should appear within a namespace declaration (https://github.com/DotNetAnalyzers/StyleCopAnalyzers/blob/master/documentation/SA1200.md) [D:\PROJECTS\NOOR CANVAS\SPA\NoorCanvas\NoorCanvas.csproj]
D:\PROJECTS\NOOR CANVAS\SPA\NoorCanvas\Hubs\QAHub.cs(2,1): warning SA1200: Using directive should appear within a namespace declaration (https://github.com/DotNetAnalyzers/StyleCopAnalyzers/blob/master/documentation/SA1200.md) [D:\PROJECTS\NOOR CANVAS\SPA\NoorCanvas\NoorCanvas.csproj]
D:\PROJECTS\NOOR CANVAS\SPA\NoorCanvas\Hubs\QAHub.cs(3,1): warning SA1200: Using directive should appear within a namespace declaration (https://github.com/DotNetAnalyzers/StyleCopAnalyzers/blob/master/documentation/SA1200.md) [D:\PROJECTS\NOOR CANVAS\SPA\NoorCanvas\NoorCanvas.csproj]
D:\PROJECTS\NOOR CANVAS\SPA\NoorCanvas\Hubs\QAHub.cs(2,1): warning SA1210: Using directives should be ordered alphabetically by the namespaces (https://github.com/DotNetAnalyzers/StyleCopAnalyzers/blob/master/documentation/SA1210.md) [D:\PROJECTS\NOOR CANVAS\SPA\NoorCanvas\NoorCanvas.csproj]
D:\PROJECTS\NOOR CANVAS\SPA\NoorCanvas\Controllers\AdminController.cs(256,40): warning SA1025: Code should not contain multiple whitespace characters in a row (https://github.com/DotNetAnalyzers/StyleCopAnalyzers/blob/master/documentation/SA1025.md) [D:\PROJECTS\NOOR CANVAS\SPA\NoorCanvas\NoorCanvas.csproj]
D:\PROJECTS\NOOR CANVAS\SPA\NoorCanvas\Hubs\SessionHub.cs(1,1): warning SA1200: Using directive should appear within a namespace declaration (https://github.com/DotNetAnalyzers/StyleCopAnalyzers/blob/master/documentation/SA1200.md) [D:\PROJECTS\NOOR CANVAS\SPA\NoorCanvas\NoorCanvas.csproj]
D:\PROJECTS\NOOR CANVAS\SPA\NoorCanvas\Hubs\SessionHub.cs(2,1): warning SA1200: Using directive should appear within a namespace declaration (https://github.com/DotNetAnalyzers/StyleCopAnalyzers/blob/master/documentation/SA1200.md) [D:\PROJECTS\NOOR CANVAS\SPA\NoorCanvas\NoorCanvas.csproj]
D:\PROJECTS\NOOR CANVAS\SPA\NoorCanvas\Hubs\SessionHub.cs(3,1): warning SA1200: Using directive should appear within a namespace declaration (https://github.com/DotNetAnalyzers/StyleCopAnalyzers/blob/master/documentation/SA1200.md) [D:\PROJECTS\NOOR CANVAS\SPA\NoorCanvas\NoorCanvas.csproj]
D:\PROJECTS\NOOR CANVAS\SPA\NoorCanvas\Hubs\SessionHub.cs(4,1): warning SA1200: Using directive should appear within a namespace declaration (https://github.com/DotNetAnalyzers/StyleCopAnalyzers/blob/master/documentation/SA1200.md) [D:\PROJECTS\NOOR CANVAS\SPA\NoorCanvas\NoorCanvas.csproj]
D:\PROJECTS\NOOR CANVAS\SPA\NoorCanvas\Hubs\SessionHub.cs(4,1): warning SA1208: Using directive for 'System.Text.Json' should appear before directive for 'NoorCanvas.Data' (https://github.com/DotNetAnalyzers/StyleCopAnalyzers/blob/master/documentation/SA1208.md) [D:\PROJECTS\NOOR CANVAS\SPA\NoorCanvas\NoorCanvas.csproj]
D:\PROJECTS\NOOR CANVAS\SPA\NoorCanvas\Hubs\TestHub.cs(1,1): warning SA1200: Using directive should appear within a namespace declaration (https://github.com/DotNetAnalyzers/StyleCopAnalyzers/blob/master/documentation/SA1200.md) [D:\PROJECTS\NOOR CANVAS\SPA\NoorCanvas\NoorCanvas.csproj]
D:\PROJECTS\NOOR CANVAS\SPA\NoorCanvas\Controllers\AdminController.cs(99,58): warning SA1028: Code should not contain trailing whitespace (https://github.com/DotNetAnalyzers/StyleCopAnalyzers/blob/master/documentation/SA1028.md) [D:\PROJECTS\NOOR CANVAS\SPA\NoorCanvas\NoorCanvas.csproj]
D:\PROJECTS\NOOR CANVAS\SPA\NoorCanvas\Controllers\AnnotationsController.cs(1,1): warning SA1633: The file header is missing or not located at the top of the file. (https://github.com/DotNetAnalyzers/StyleCopAnalyzers/blob/master/documentation/SA1633.md) [D:\PROJECTS\NOOR CANVAS\SPA\NoorCanvas\NoorCanvas.csproj]
D:\PROJECTS\NOOR CANVAS\SPA\NoorCanvas\Controllers\AnnotationsController.cs(237,18): warning SA1402: File may only contain a single type (https://github.com/DotNetAnalyzers/StyleCopAnalyzers/blob/master/documentation/SA1402.md) [D:\PROJECTS\NOOR CANVAS\SPA\NoorCanvas\NoorCanvas.csproj]
D:\PROJECTS\NOOR CANVAS\SPA\NoorCanvas\Controllers\AnnotationsController.cs(251,18): warning SA1402: File may only contain a single type (https://github.com/DotNetAnalyzers/StyleCopAnalyzers/blob/master/documentation/SA1402.md) [D:\PROJECTS\NOOR CANVAS\SPA\NoorCanvas\NoorCanvas.csproj]
D:\PROJECTS\NOOR CANVAS\SPA\NoorCanvas\Middleware\DebugMiddleware.cs(1,1): warning SA1200: Using directive should appear within a namespace declaration (https://github.com/DotNetAnalyzers/StyleCopAnalyzers/blob/master/documentation/SA1200.md) [D:\PROJECTS\NOOR CANVAS\SPA\NoorCanvas\NoorCanvas.csproj]
D:\PROJECTS\NOOR CANVAS\SPA\NoorCanvas\Middleware\DebugMiddleware.cs(2,1): warning SA1200: Using directive should appear within a namespace declaration (https://github.com/DotNetAnalyzers/StyleCopAnalyzers/blob/master/documentation/SA1200.md) [D:\PROJECTS\NOOR CANVAS\SPA\NoorCanvas\NoorCanvas.csproj]
D:\PROJECTS\NOOR CANVAS\SPA\NoorCanvas\Middleware\DebugMiddleware.cs(2,1): warning SA1208: Using directive for 'System.Diagnostics' should appear before directive for 'NoorCanvas.Services' (https://github.com/DotNetAnalyzers/StyleCopAnalyzers/blob/master/documentation/SA1208.md) [D:\PROJECTS\NOOR CANVAS\SPA\NoorCanvas\NoorCanvas.csproj]
D:\PROJECTS\NOOR CANVAS\SPA\NoorCanvas\Controllers\AnnotationsController.cs(11,45): warning SA1309: Field '_annotationService' should not begin with an underscore (https://github.com/DotNetAnalyzers/StyleCopAnalyzers/blob/master/documentation/SA1309.md) [D:\PROJECTS\NOOR CANVAS\SPA\NoorCanvas\NoorCanvas.csproj]
D:\PROJECTS\NOOR CANVAS\SPA\NoorCanvas\Migrations\20250920121452_AddEmailToParticipants.cs(1,1): warning SA1200: Using directive should appear within a namespace declaration (https://github.com/DotNetAnalyzers/StyleCopAnalyzers/blob/master/documentation/SA1200.md) [D:\PROJECTS\NOOR CANVAS\SPA\NoorCanvas\NoorCanvas.csproj]
D:\PROJECTS\NOOR CANVAS\SPA\NoorCanvas\Controllers\AnnotationsController.cs(12,57): warning SA1309: Field '_logger' should not begin with an underscore (https://github.com/DotNetAnalyzers/StyleCopAnalyzers/blob/master/documentation/SA1309.md) [D:\PROJECTS\NOOR CANVAS\SPA\NoorCanvas\NoorCanvas.csproj]
D:\PROJECTS\NOOR CANVAS\SPA\NoorCanvas\Migrations\20250920121452_AddEmailToParticipants.cs(2,1): warning SA1200: Using directive should appear within a namespace declaration (https://github.com/DotNetAnalyzers/StyleCopAnalyzers/blob/master/documentation/SA1200.md) [D:\PROJECTS\NOOR CANVAS\SPA\NoorCanvas\NoorCanvas.csproj]
D:\PROJECTS\NOOR CANVAS\SPA\NoorCanvas\Migrations\20250920121756_InitialMigrationWithEmail.cs(1,1): warning SA1200: Using directive should appear within a namespace declaration (https://github.com/DotNetAnalyzers/StyleCopAnalyzers/blob/master/documentation/SA1200.md) [D:\PROJECTS\NOOR CANVAS\SPA\NoorCanvas\NoorCanvas.csproj]
D:\PROJECTS\NOOR CANVAS\SPA\NoorCanvas\Migrations\20250920222544_AddAssetLookupTable.cs(1,1): warning SA1200: Using directive should appear within a namespace declaration (https://github.com/DotNetAnalyzers/StyleCopAnalyzers/blob/master/documentation/SA1200.md) [D:\PROJECTS\NOOR CANVAS\SPA\NoorCanvas\NoorCanvas.csproj]
D:\PROJECTS\NOOR CANVAS\SPA\NoorCanvas\Migrations\20250920222544_AddAssetLookupTable.cs(2,1): warning SA1200: Using directive should appear within a namespace declaration (https://github.com/DotNetAnalyzers/StyleCopAnalyzers/blob/master/documentation/SA1200.md) [D:\PROJECTS\NOOR CANVAS\SPA\NoorCanvas\NoorCanvas.csproj]
D:\PROJECTS\NOOR CANVAS\SPA\NoorCanvas\Migrations\20250923225435_RemoveUnusedTokenColumnsCleanup.cs(1,1): warning SA1200: Using directive should appear within a namespace declaration (https://github.com/DotNetAnalyzers/StyleCopAnalyzers/blob/master/documentation/SA1200.md) [D:\PROJECTS\NOOR CANVAS\SPA\NoorCanvas\NoorCanvas.csproj]
D:\PROJECTS\NOOR CANVAS\SPA\NoorCanvas\Migrations\20250923225435_RemoveUnusedTokenColumnsCleanup.cs(2,1): warning SA1200: Using directive should appear within a namespace declaration (https://github.com/DotNetAnalyzers/StyleCopAnalyzers/blob/master/documentation/SA1200.md) [D:\PROJECTS\NOOR CANVAS\SPA\NoorCanvas\NoorCanvas.csproj]
D:\PROJECTS\NOOR CANVAS\SPA\NoorCanvas\Migrations\20250924140533_RemoveSessionDescriptionColumn.cs(1,1): warning SA1200: Using directive should appear within a namespace declaration (https://github.com/DotNetAnalyzers/StyleCopAnalyzers/blob/master/documentation/SA1200.md) [D:\PROJECTS\NOOR CANVAS\SPA\NoorCanvas\NoorCanvas.csproj]
D:\PROJECTS\NOOR CANVAS\SPA\NoorCanvas\Migrations\20250924142435_RemoveSessionTitleColumn.cs(1,1): warning SA1200: Using directive should appear within a namespace declaration (https://github.com/DotNetAnalyzers/StyleCopAnalyzers/blob/master/documentation/SA1200.md) [D:\PROJECTS\NOOR CANVAS\SPA\NoorCanvas\NoorCanvas.csproj]
D:\PROJECTS\NOOR CANVAS\SPA\NoorCanvas\Migrations\20250925102627_Remove_HostAuthToken.cs(1,1): warning SA1200: Using directive should appear within a namespace declaration (https://github.com/DotNetAnalyzers/StyleCopAnalyzers/blob/master/documentation/SA1200.md) [D:\PROJECTS\NOOR CANVAS\SPA\NoorCanvas\NoorCanvas.csproj]
D:\PROJECTS\NOOR CANVAS\SPA\NoorCanvas\Models\AdminSession.cs(1,1): warning SA1200: Using directive should appear within a namespace declaration (https://github.com/DotNetAnalyzers/StyleCopAnalyzers/blob/master/documentation/SA1200.md) [D:\PROJECTS\NOOR CANVAS\SPA\NoorCanvas\NoorCanvas.csproj]
D:\PROJECTS\NOOR CANVAS\SPA\NoorCanvas\Models\AdminSession.cs(2,1): warning SA1200: Using directive should appear within a namespace declaration (https://github.com/DotNetAnalyzers/StyleCopAnalyzers/blob/master/documentation/SA1200.md) [D:\PROJECTS\NOOR CANVAS\SPA\NoorCanvas\NoorCanvas.csproj]
D:\PROJECTS\NOOR CANVAS\SPA\NoorCanvas\Models\Annotation.cs(1,1): warning SA1200: Using directive should appear within a namespace declaration (https://github.com/DotNetAnalyzers/StyleCopAnalyzers/blob/master/documentation/SA1200.md) [D:\PROJECTS\NOOR CANVAS\SPA\NoorCanvas\NoorCanvas.csproj]
D:\PROJECTS\NOOR CANVAS\SPA\NoorCanvas\Models\Annotation.cs(2,1): warning SA1200: Using directive should appear within a namespace declaration (https://github.com/DotNetAnalyzers/StyleCopAnalyzers/blob/master/documentation/SA1200.md) [D:\PROJECTS\NOOR CANVAS\SPA\NoorCanvas\NoorCanvas.csproj]
D:\PROJECTS\NOOR CANVAS\SPA\NoorCanvas\Models\AuditLog.cs(1,1): warning SA1200: Using directive should appear within a namespace declaration (https://github.com/DotNetAnalyzers/StyleCopAnalyzers/blob/master/documentation/SA1200.md) [D:\PROJECTS\NOOR CANVAS\SPA\NoorCanvas\NoorCanvas.csproj]
D:\PROJECTS\NOOR CANVAS\SPA\NoorCanvas\Models\AuditLog.cs(2,1): warning SA1200: Using directive should appear within a namespace declaration (https://github.com/DotNetAnalyzers/StyleCopAnalyzers/blob/master/documentation/SA1200.md) [D:\PROJECTS\NOOR CANVAS\SPA\NoorCanvas\NoorCanvas.csproj]
D:\PROJECTS\NOOR CANVAS\SPA\NoorCanvas\Models\Debug\DebugModels.cs(1,1): warning SA1200: Using directive should appear within a namespace declaration (https://github.com/DotNetAnalyzers/StyleCopAnalyzers/blob/master/documentation/SA1200.md) [D:\PROJECTS\NOOR CANVAS\SPA\NoorCanvas\NoorCanvas.csproj]
D:\PROJECTS\NOOR CANVAS\SPA\NoorCanvas\Models\HostSession.cs(1,1): warning SA1200: Using directive should appear within a namespace declaration (https://github.com/DotNetAnalyzers/StyleCopAnalyzers/blob/master/documentation/SA1200.md) [D:\PROJECTS\NOOR CANVAS\SPA\NoorCanvas\NoorCanvas.csproj]
D:\PROJECTS\NOOR CANVAS\SPA\NoorCanvas\Models\HostSession.cs(2,1): warning SA1200: Using directive should appear within a namespace declaration (https://github.com/DotNetAnalyzers/StyleCopAnalyzers/blob/master/documentation/SA1200.md) [D:\PROJECTS\NOOR CANVAS\SPA\NoorCanvas\NoorCanvas.csproj]
D:\PROJECTS\NOOR CANVAS\SPA\NoorCanvas\Models\Issue.cs(1,1): warning SA1200: Using directive should appear within a namespace declaration (https://github.com/DotNetAnalyzers/StyleCopAnalyzers/blob/master/documentation/SA1200.md) [D:\PROJECTS\NOOR CANVAS\SPA\NoorCanvas\NoorCanvas.csproj]
D:\PROJECTS\NOOR CANVAS\SPA\NoorCanvas\Models\Issue.cs(2,1): warning SA1200: Using directive should appear within a namespace declaration (https://github.com/DotNetAnalyzers/StyleCopAnalyzers/blob/master/documentation/SA1200.md) [D:\PROJECTS\NOOR CANVAS\SPA\NoorCanvas\NoorCanvas.csproj]
D:\PROJECTS\NOOR CANVAS\SPA\NoorCanvas\Models\KSessionsModels.cs(1,1): warning SA1200: Using directive should appear within a namespace declaration (https://github.com/DotNetAnalyzers/StyleCopAnalyzers/blob/master/documentation/SA1200.md) [D:\PROJECTS\NOOR CANVAS\SPA\NoorCanvas\NoorCanvas.csproj]
D:\PROJECTS\NOOR CANVAS\SPA\NoorCanvas\Models\KSessionsModels.cs(2,1): warning SA1200: Using directive should appear within a namespace declaration (https://github.com/DotNetAnalyzers/StyleCopAnalyzers/blob/master/documentation/SA1200.md) [D:\PROJECTS\NOOR CANVAS\SPA\NoorCanvas\NoorCanvas.csproj]
D:\PROJECTS\NOOR CANVAS\SPA\NoorCanvas\Models\KSESSIONS\KSessionsCountry.cs(1,1): warning SA1200: Using directive should appear within a namespace declaration (https://github.com/DotNetAnalyzers/StyleCopAnalyzers/blob/master/documentation/SA1200.md) [D:\PROJECTS\NOOR CANVAS\SPA\NoorCanvas\NoorCanvas.csproj]
D:\PROJECTS\NOOR CANVAS\SPA\NoorCanvas\Models\KSESSIONS\KSessionsSessionTranscript.cs(1,1): warning SA1200: Using directive should appear within a namespace declaration (https://github.com/DotNetAnalyzers/StyleCopAnalyzers/blob/master/documentation/SA1200.md) [D:\PROJECTS\NOOR CANVAS\SPA\NoorCanvas\NoorCanvas.csproj]
D:\PROJECTS\NOOR CANVAS\SPA\NoorCanvas\Models\KSESSIONS\KSessionsSessionTranscript.cs(2,1): warning SA1200: Using directive should appear within a namespace declaration (https://github.com/DotNetAnalyzers/StyleCopAnalyzers/blob/master/documentation/SA1200.md) [D:\PROJECTS\NOOR CANVAS\SPA\NoorCanvas\NoorCanvas.csproj]
D:\PROJECTS\NOOR CANVAS\SPA\NoorCanvas\Models\Question.cs(1,1): warning SA1200: Using directive should appear within a namespace declaration (https://github.com/DotNetAnalyzers/StyleCopAnalyzers/blob/master/documentation/SA1200.md) [D:\PROJECTS\NOOR CANVAS\SPA\NoorCanvas\NoorCanvas.csproj]
D:\PROJECTS\NOOR CANVAS\SPA\NoorCanvas\Models\Question.cs(2,1): warning SA1200: Using directive should appear within a namespace declaration (https://github.com/DotNetAnalyzers/StyleCopAnalyzers/blob/master/documentation/SA1200.md) [D:\PROJECTS\NOOR CANVAS\SPA\NoorCanvas\NoorCanvas.csproj]
D:\PROJECTS\NOOR CANVAS\SPA\NoorCanvas\Models\QuestionAnswer.cs(1,1): warning SA1200: Using directive should appear within a namespace declaration (https://github.com/DotNetAnalyzers/StyleCopAnalyzers/blob/master/documentation/SA1200.md) [D:\PROJECTS\NOOR CANVAS\SPA\NoorCanvas\NoorCanvas.csproj]
D:\PROJECTS\NOOR CANVAS\SPA\NoorCanvas\Models\QuestionAnswer.cs(2,1): warning SA1200: Using directive should appear within a namespace declaration (https://github.com/DotNetAnalyzers/StyleCopAnalyzers/blob/master/documentation/SA1200.md) [D:\PROJECTS\NOOR CANVAS\SPA\NoorCanvas\NoorCanvas.csproj]
D:\PROJECTS\NOOR CANVAS\SPA\NoorCanvas\Models\QuestionVote.cs(1,1): warning SA1200: Using directive should appear within a namespace declaration (https://github.com/DotNetAnalyzers/StyleCopAnalyzers/blob/master/documentation/SA1200.md) [D:\PROJECTS\NOOR CANVAS\SPA\NoorCanvas\NoorCanvas.csproj]
D:\PROJECTS\NOOR CANVAS\SPA\NoorCanvas\Models\QuestionVote.cs(2,1): warning SA1200: Using directive should appear within a namespace declaration (https://github.com/DotNetAnalyzers/StyleCopAnalyzers/blob/master/documentation/SA1200.md) [D:\PROJECTS\NOOR CANVAS\SPA\NoorCanvas\NoorCanvas.csproj]
D:\PROJECTS\NOOR CANVAS\SPA\NoorCanvas\Models\Registration.cs(1,1): warning SA1200: Using directive should appear within a namespace declaration (https://github.com/DotNetAnalyzers/StyleCopAnalyzers/blob/master/documentation/SA1200.md) [D:\PROJECTS\NOOR CANVAS\SPA\NoorCanvas\NoorCanvas.csproj]
D:\PROJECTS\NOOR CANVAS\SPA\NoorCanvas\Models\Registration.cs(2,1): warning SA1200: Using directive should appear within a namespace declaration (https://github.com/DotNetAnalyzers/StyleCopAnalyzers/blob/master/documentation/SA1200.md) [D:\PROJECTS\NOOR CANVAS\SPA\NoorCanvas\NoorCanvas.csproj]
D:\PROJECTS\NOOR CANVAS\SPA\NoorCanvas\Models\SecureToken.cs(1,1): warning SA1200: Using directive should appear within a namespace declaration (https://github.com/DotNetAnalyzers/StyleCopAnalyzers/blob/master/documentation/SA1200.md) [D:\PROJECTS\NOOR CANVAS\SPA\NoorCanvas\NoorCanvas.csproj]
D:\PROJECTS\NOOR CANVAS\SPA\NoorCanvas\Models\SecureToken.cs(2,1): warning SA1200: Using directive should appear within a namespace declaration (https://github.com/DotNetAnalyzers/StyleCopAnalyzers/blob/master/documentation/SA1200.md) [D:\PROJECTS\NOOR CANVAS\SPA\NoorCanvas\NoorCanvas.csproj]
D:\PROJECTS\NOOR CANVAS\SPA\NoorCanvas\Models\Session.cs(1,1): warning SA1200: Using directive should appear within a namespace declaration (https://github.com/DotNetAnalyzers/StyleCopAnalyzers/blob/master/documentation/SA1200.md) [D:\PROJECTS\NOOR CANVAS\SPA\NoorCanvas\NoorCanvas.csproj]
D:\PROJECTS\NOOR CANVAS\SPA\NoorCanvas\Models\Session.cs(2,1): warning SA1200: Using directive should appear within a namespace declaration (https://github.com/DotNetAnalyzers/StyleCopAnalyzers/blob/master/documentation/SA1200.md) [D:\PROJECTS\NOOR CANVAS\SPA\NoorCanvas\NoorCanvas.csproj]
D:\PROJECTS\NOOR CANVAS\SPA\NoorCanvas\Models\SessionLink.cs(1,1): warning SA1200: Using directive should appear within a namespace declaration (https://github.com/DotNetAnalyzers/StyleCopAnalyzers/blob/master/documentation/SA1200.md) [D:\PROJECTS\NOOR CANVAS\SPA\NoorCanvas\NoorCanvas.csproj]
D:\PROJECTS\NOOR CANVAS\SPA\NoorCanvas\Models\SessionLink.cs(2,1): warning SA1200: Using directive should appear within a namespace declaration (https://github.com/DotNetAnalyzers/StyleCopAnalyzers/blob/master/documentation/SA1200.md) [D:\PROJECTS\NOOR CANVAS\SPA\NoorCanvas\NoorCanvas.csproj]
D:\PROJECTS\NOOR CANVAS\SPA\NoorCanvas\Models\SessionParticipant.cs(1,1): warning SA1200: Using directive should appear within a namespace declaration (https://github.com/DotNetAnalyzers/StyleCopAnalyzers/blob/master/documentation/SA1200.md) [D:\PROJECTS\NOOR CANVAS\SPA\NoorCanvas\NoorCanvas.csproj]
D:\PROJECTS\NOOR CANVAS\SPA\NoorCanvas\Models\SessionParticipant.cs(2,1): warning SA1200: Using directive should appear within a namespace declaration (https://github.com/DotNetAnalyzers/StyleCopAnalyzers/blob/master/documentation/SA1200.md) [D:\PROJECTS\NOOR CANVAS\SPA\NoorCanvas\NoorCanvas.csproj]
D:\PROJECTS\NOOR CANVAS\SPA\NoorCanvas\Models\SharedAsset.cs(1,1): warning SA1200: Using directive should appear within a namespace declaration (https://github.com/DotNetAnalyzers/StyleCopAnalyzers/blob/master/documentation/SA1200.md) [D:\PROJECTS\NOOR CANVAS\SPA\NoorCanvas\NoorCanvas.csproj]
D:\PROJECTS\NOOR CANVAS\SPA\NoorCanvas\Models\SharedAsset.cs(2,1): warning SA1200: Using directive should appear within a namespace declaration (https://github.com/DotNetAnalyzers/StyleCopAnalyzers/blob/master/documentation/SA1200.md) [D:\PROJECTS\NOOR CANVAS\SPA\NoorCanvas\NoorCanvas.csproj]
D:\PROJECTS\NOOR CANVAS\SPA\NoorCanvas\Models\Simplified\AssetLookup.cs(1,1): warning SA1200: Using directive should appear within a namespace declaration (https://github.com/DotNetAnalyzers/StyleCopAnalyzers/blob/master/documentation/SA1200.md) [D:\PROJECTS\NOOR CANVAS\SPA\NoorCanvas\NoorCanvas.csproj]
D:\PROJECTS\NOOR CANVAS\SPA\NoorCanvas\Models\Simplified\AssetLookup.cs(2,1): warning SA1200: Using directive should appear within a namespace declaration (https://github.com/DotNetAnalyzers/StyleCopAnalyzers/blob/master/documentation/SA1200.md) [D:\PROJECTS\NOOR CANVAS\SPA\NoorCanvas\NoorCanvas.csproj]
D:\PROJECTS\NOOR CANVAS\SPA\NoorCanvas\Models\Simplified\Participant.cs(1,1): warning SA1200: Using directive should appear within a namespace declaration (https://github.com/DotNetAnalyzers/StyleCopAnalyzers/blob/master/documentation/SA1200.md) [D:\PROJECTS\NOOR CANVAS\SPA\NoorCanvas\NoorCanvas.csproj]
D:\PROJECTS\NOOR CANVAS\SPA\NoorCanvas\Models\Simplified\Participant.cs(2,1): warning SA1200: Using directive should appear within a namespace declaration (https://github.com/DotNetAnalyzers/StyleCopAnalyzers/blob/master/documentation/SA1200.md) [D:\PROJECTS\NOOR CANVAS\SPA\NoorCanvas\NoorCanvas.csproj]
D:\PROJECTS\NOOR CANVAS\SPA\NoorCanvas\Models\Simplified\ParticipantRegistrationRequest.cs(1,1): warning SA1200: Using directive should appear within a namespace declaration (https://github.com/DotNetAnalyzers/StyleCopAnalyzers/blob/master/documentation/SA1200.md) [D:\PROJECTS\NOOR CANVAS\SPA\NoorCanvas\NoorCanvas.csproj]
D:\PROJECTS\NOOR CANVAS\SPA\NoorCanvas\Models\Simplified\Session.cs(1,1): warning SA1200: Using directive should appear within a namespace declaration (https://github.com/DotNetAnalyzers/StyleCopAnalyzers/blob/master/documentation/SA1200.md) [D:\PROJECTS\NOOR CANVAS\SPA\NoorCanvas\NoorCanvas.csproj]
D:\PROJECTS\NOOR CANVAS\SPA\NoorCanvas\Models\Simplified\Session.cs(2,1): warning SA1200: Using directive should appear within a namespace declaration (https://github.com/DotNetAnalyzers/StyleCopAnalyzers/blob/master/documentation/SA1200.md) [D:\PROJECTS\NOOR CANVAS\SPA\NoorCanvas\NoorCanvas.csproj]
D:\PROJECTS\NOOR CANVAS\SPA\NoorCanvas\Models\Simplified\SessionAsset.cs(1,1): warning SA1200: Using directive should appear within a namespace declaration (https://github.com/DotNetAnalyzers/StyleCopAnalyzers/blob/master/documentation/SA1200.md) [D:\PROJECTS\NOOR CANVAS\SPA\NoorCanvas\NoorCanvas.csproj]
D:\PROJECTS\NOOR CANVAS\SPA\NoorCanvas\Models\Simplified\SessionAsset.cs(2,1): warning SA1200: Using directive should appear within a namespace declaration (https://github.com/DotNetAnalyzers/StyleCopAnalyzers/blob/master/documentation/SA1200.md) [D:\PROJECTS\NOOR CANVAS\SPA\NoorCanvas\NoorCanvas.csproj]
D:\PROJECTS\NOOR CANVAS\SPA\NoorCanvas\Models\Simplified\SessionData.cs(1,1): warning SA1200: Using directive should appear within a namespace declaration (https://github.com/DotNetAnalyzers/StyleCopAnalyzers/blob/master/documentation/SA1200.md) [D:\PROJECTS\NOOR CANVAS\SPA\NoorCanvas\NoorCanvas.csproj]
D:\PROJECTS\NOOR CANVAS\SPA\NoorCanvas\Models\Simplified\SessionData.cs(2,1): warning SA1200: Using directive should appear within a namespace declaration (https://github.com/DotNetAnalyzers/StyleCopAnalyzers/blob/master/documentation/SA1200.md) [D:\PROJECTS\NOOR CANVAS\SPA\NoorCanvas\NoorCanvas.csproj]
D:\PROJECTS\NOOR CANVAS\SPA\NoorCanvas\Models\User.cs(1,1): warning SA1200: Using directive should appear within a namespace declaration (https://github.com/DotNetAnalyzers/StyleCopAnalyzers/blob/master/documentation/SA1200.md) [D:\PROJECTS\NOOR CANVAS\SPA\NoorCanvas\NoorCanvas.csproj]
D:\PROJECTS\NOOR CANVAS\SPA\NoorCanvas\Models\User.cs(2,1): warning SA1200: Using directive should appear within a namespace declaration (https://github.com/DotNetAnalyzers/StyleCopAnalyzers/blob/master/documentation/SA1200.md) [D:\PROJECTS\NOOR CANVAS\SPA\NoorCanvas\NoorCanvas.csproj]
D:\PROJECTS\NOOR CANVAS\SPA\NoorCanvas\Pages\Error.cshtml.cs(1,1): warning SA1200: Using directive should appear within a namespace declaration (https://github.com/DotNetAnalyzers/StyleCopAnalyzers/blob/master/documentation/SA1200.md) [D:\PROJECTS\NOOR CANVAS\SPA\NoorCanvas\NoorCanvas.csproj]
D:\PROJECTS\NOOR CANVAS\SPA\NoorCanvas\Pages\Error.cshtml.cs(2,1): warning SA1200: Using directive should appear within a namespace declaration (https://github.com/DotNetAnalyzers/StyleCopAnalyzers/blob/master/documentation/SA1200.md) [D:\PROJECTS\NOOR CANVAS\SPA\NoorCanvas\NoorCanvas.csproj]
D:\PROJECTS\NOOR CANVAS\SPA\NoorCanvas\Pages\Error.cshtml.cs(3,1): warning SA1200: Using directive should appear within a namespace declaration (https://github.com/DotNetAnalyzers/StyleCopAnalyzers/blob/master/documentation/SA1200.md) [D:\PROJECTS\NOOR CANVAS\SPA\NoorCanvas\NoorCanvas.csproj]
D:\PROJECTS\NOOR CANVAS\SPA\NoorCanvas\Pages\Error.cshtml.cs(4,1): warning SA1200: Using directive should appear within a namespace declaration (https://github.com/DotNetAnalyzers/StyleCopAnalyzers/blob/master/documentation/SA1200.md) [D:\PROJECTS\NOOR CANVAS\SPA\NoorCanvas\NoorCanvas.csproj]
D:\PROJECTS\NOOR CANVAS\SPA\NoorCanvas\Pages\Error.cshtml.cs(5,1): warning SA1200: Using directive should appear within a namespace declaration (https://github.com/DotNetAnalyzers/StyleCopAnalyzers/blob/master/documentation/SA1200.md) [D:\PROJECTS\NOOR CANVAS\SPA\NoorCanvas\NoorCanvas.csproj]
D:\PROJECTS\NOOR CANVAS\SPA\NoorCanvas\Pages\Error.cshtml.cs(6,1): warning SA1200: Using directive should appear within a namespace declaration (https://github.com/DotNetAnalyzers/StyleCopAnalyzers/blob/master/documentation/SA1200.md) [D:\PROJECTS\NOOR CANVAS\SPA\NoorCanvas\NoorCanvas.csproj]
D:\PROJECTS\NOOR CANVAS\SPA\NoorCanvas\Pages\Error.cshtml.cs(7,1): warning SA1200: Using directive should appear within a namespace declaration (https://github.com/DotNetAnalyzers/StyleCopAnalyzers/blob/master/documentation/SA1200.md) [D:\PROJECTS\NOOR CANVAS\SPA\NoorCanvas\NoorCanvas.csproj]
D:\PROJECTS\NOOR CANVAS\SPA\NoorCanvas\Pages\Error.cshtml.cs(8,1): warning SA1200: Using directive should appear within a namespace declaration (https://github.com/DotNetAnalyzers/StyleCopAnalyzers/blob/master/documentation/SA1200.md) [D:\PROJECTS\NOOR CANVAS\SPA\NoorCanvas\NoorCanvas.csproj]
D:\PROJECTS\NOOR CANVAS\SPA\NoorCanvas\Hubs\QAHub.cs(9,37): warning SA1309: Field '_logger' should not begin with an underscore (https://github.com/DotNetAnalyzers/StyleCopAnalyzers/blob/master/documentation/SA1309.md) [D:\PROJECTS\NOOR CANVAS\SPA\NoorCanvas\NoorCanvas.csproj]
D:\PROJECTS\NOOR CANVAS\SPA\NoorCanvas\Hubs\QAHub.cs(10,38): warning SA1309: Field '_context' should not begin with an underscore (https://github.com/DotNetAnalyzers/StyleCopAnalyzers/blob/master/documentation/SA1309.md) [D:\PROJECTS\NOOR CANVAS\SPA\NoorCanvas\NoorCanvas.csproj]
D:\PROJECTS\NOOR CANVAS\SPA\NoorCanvas\Services\AnnotationService.cs(1,1): warning SA1200: Using directive should appear within a namespace declaration (https://github.com/DotNetAnalyzers/StyleCopAnalyzers/blob/master/documentation/SA1200.md) [D:\PROJECTS\NOOR CANVAS\SPA\NoorCanvas\NoorCanvas.csproj]
D:\PROJECTS\NOOR CANVAS\SPA\NoorCanvas\Services\AnnotationService.cs(2,1): warning SA1200: Using directive should appear within a namespace declaration (https://github.com/DotNetAnalyzers/StyleCopAnalyzers/blob/master/documentation/SA1200.md) [D:\PROJECTS\NOOR CANVAS\SPA\NoorCanvas\NoorCanvas.csproj]
D:\PROJECTS\NOOR CANVAS\SPA\NoorCanvas\Services\AnnotationService.cs(3,1): warning SA1200: Using directive should appear within a namespace declaration (https://github.com/DotNetAnalyzers/StyleCopAnalyzers/blob/master/documentation/SA1200.md) [D:\PROJECTS\NOOR CANVAS\SPA\NoorCanvas\NoorCanvas.csproj]
D:\PROJECTS\NOOR CANVAS\SPA\NoorCanvas\Services\AnnotationService.cs(4,1): warning SA1200: Using directive should appear within a namespace declaration (https://github.com/DotNetAnalyzers/StyleCopAnalyzers/blob/master/documentation/SA1200.md) [D:\PROJECTS\NOOR CANVAS\SPA\NoorCanvas\NoorCanvas.csproj]
D:\PROJECTS\NOOR CANVAS\SPA\NoorCanvas\Services\AnnotationService.cs(4,1): warning SA1208: Using directive for 'System.Text.Json' should appear before directive for 'NoorCanvas.Models' (https://github.com/DotNetAnalyzers/StyleCopAnalyzers/blob/master/documentation/SA1208.md) [D:\PROJECTS\NOOR CANVAS\SPA\NoorCanvas\NoorCanvas.csproj]
D:\PROJECTS\NOOR CANVAS\SPA\NoorCanvas\Services\AssetDetectionService.cs(1,1): warning SA1200: Using directive should appear within a namespace declaration (https://github.com/DotNetAnalyzers/StyleCopAnalyzers/blob/master/documentation/SA1200.md) [D:\PROJECTS\NOOR CANVAS\SPA\NoorCanvas\NoorCanvas.csproj]
D:\PROJECTS\NOOR CANVAS\SPA\NoorCanvas\Services\AssetDetectionService.cs(2,1): warning SA1200: Using directive should appear within a namespace declaration (https://github.com/DotNetAnalyzers/StyleCopAnalyzers/blob/master/documentation/SA1200.md) [D:\PROJECTS\NOOR CANVAS\SPA\NoorCanvas\NoorCanvas.csproj]
D:\PROJECTS\NOOR CANVAS\SPA\NoorCanvas\Services\AssetDetectionService.cs(3,1): warning SA1200: Using directive should appear within a namespace declaration (https://github.com/DotNetAnalyzers/StyleCopAnalyzers/blob/master/documentation/SA1200.md) [D:\PROJECTS\NOOR CANVAS\SPA\NoorCanvas\NoorCanvas.csproj]
D:\PROJECTS\NOOR CANVAS\SPA\NoorCanvas\Services\AssetDetectionService.cs(4,1): warning SA1200: Using directive should appear within a namespace declaration (https://github.com/DotNetAnalyzers/StyleCopAnalyzers/blob/master/documentation/SA1200.md) [D:\PROJECTS\NOOR CANVAS\SPA\NoorCanvas\NoorCanvas.csproj]
D:\PROJECTS\NOOR CANVAS\SPA\NoorCanvas\Services\AssetDetectionService.cs(4,1): warning SA1208: Using directive for 'System.Text.RegularExpressions' should appear before directive for 'NoorCanvas.Models.Simplified' (https://github.com/DotNetAnalyzers/StyleCopAnalyzers/blob/master/documentation/SA1208.md) [D:\PROJECTS\NOOR CANVAS\SPA\NoorCanvas\NoorCanvas.csproj]
D:\PROJECTS\NOOR CANVAS\SPA\NoorCanvas\Services\AssetDetectorService.cs(1,1): warning SA1200: Using directive should appear within a namespace declaration (https://github.com/DotNetAnalyzers/StyleCopAnalyzers/blob/master/documentation/SA1200.md) [D:\PROJECTS\NOOR CANVAS\SPA\NoorCanvas\NoorCanvas.csproj]
D:\PROJECTS\NOOR CANVAS\SPA\NoorCanvas\Services\AssetDetectorService.cs(2,1): warning SA1200: Using directive should appear within a namespace declaration (https://github.com/DotNetAnalyzers/StyleCopAnalyzers/blob/master/documentation/SA1200.md) [D:\PROJECTS\NOOR CANVAS\SPA\NoorCanvas\NoorCanvas.csproj]
D:\PROJECTS\NOOR CANVAS\SPA\NoorCanvas\Services\DebugService.cs(1,1): warning SA1200: Using directive should appear within a namespace declaration (https://github.com/DotNetAnalyzers/StyleCopAnalyzers/blob/master/documentation/SA1200.md) [D:\PROJECTS\NOOR CANVAS\SPA\NoorCanvas\NoorCanvas.csproj]
D:\PROJECTS\NOOR CANVAS\SPA\NoorCanvas\Services\Development\DevModeService.cs(1,1): warning SA1200: Using directive should appear within a namespace declaration (https://github.com/DotNetAnalyzers/StyleCopAnalyzers/blob/master/documentation/SA1200.md) [D:\PROJECTS\NOOR CANVAS\SPA\NoorCanvas\NoorCanvas.csproj]
D:\PROJECTS\NOOR CANVAS\SPA\NoorCanvas\Services\DialogService.cs(1,1): warning SA1200: Using directive should appear within a namespace declaration (https://github.com/DotNetAnalyzers/StyleCopAnalyzers/blob/master/documentation/SA1200.md) [D:\PROJECTS\NOOR CANVAS\SPA\NoorCanvas\NoorCanvas.csproj]
D:\PROJECTS\NOOR CANVAS\SPA\NoorCanvas\Services\DialogService.cs(2,1): warning SA1200: Using directive should appear within a namespace declaration (https://github.com/DotNetAnalyzers/StyleCopAnalyzers/blob/master/documentation/SA1200.md) [D:\PROJECTS\NOOR CANVAS\SPA\NoorCanvas\NoorCanvas.csproj]
D:\PROJECTS\NOOR CANVAS\SPA\NoorCanvas\Services\DialogService.cs(3,1): warning SA1200: Using directive should appear within a namespace declaration (https://github.com/DotNetAnalyzers/StyleCopAnalyzers/blob/master/documentation/SA1200.md) [D:\PROJECTS\NOOR CANVAS\SPA\NoorCanvas\NoorCanvas.csproj]
D:\PROJECTS\NOOR CANVAS\SPA\NoorCanvas\Services\FlagService.cs(1,1): warning SA1200: Using directive should appear within a namespace declaration (https://github.com/DotNetAnalyzers/StyleCopAnalyzers/blob/master/documentation/SA1200.md) [D:\PROJECTS\NOOR CANVAS\SPA\NoorCanvas\NoorCanvas.csproj]
D:\PROJECTS\NOOR CANVAS\SPA\NoorCanvas\Services\HtmlParsingService.cs(1,1): warning SA1200: Using directive should appear within a namespace declaration (https://github.com/DotNetAnalyzers/StyleCopAnalyzers/blob/master/documentation/SA1200.md) [D:\PROJECTS\NOOR CANVAS\SPA\NoorCanvas\NoorCanvas.csproj]
D:\PROJECTS\NOOR CANVAS\SPA\NoorCanvas\Services\HtmlParsingService.cs(2,1): warning SA1200: Using directive should appear within a namespace declaration (https://github.com/DotNetAnalyzers/StyleCopAnalyzers/blob/master/documentation/SA1200.md) [D:\PROJECTS\NOOR CANVAS\SPA\NoorCanvas\NoorCanvas.csproj]
D:\PROJECTS\NOOR CANVAS\SPA\NoorCanvas\Controllers\AdminController.cs(297,1): warning SA1516: Elements should be separated by blank line (https://github.com/DotNetAnalyzers/StyleCopAnalyzers/blob/master/documentation/SA1516.md) [D:\PROJECTS\NOOR CANVAS\SPA\NoorCanvas\NoorCanvas.csproj]
D:\PROJECTS\NOOR CANVAS\SPA\NoorCanvas\Controllers\AdminController.cs(298,1): warning SA1516: Elements should be separated by blank line (https://github.com/DotNetAnalyzers/StyleCopAnalyzers/blob/master/documentation/SA1516.md) [D:\PROJECTS\NOOR CANVAS\SPA\NoorCanvas\NoorCanvas.csproj]
D:\PROJECTS\NOOR CANVAS\SPA\NoorCanvas\Controllers\AdminController.cs(299,1): warning SA1516: Elements should be separated by blank line (https://github.com/DotNetAnalyzers/StyleCopAnalyzers/blob/master/documentation/SA1516.md) [D:\PROJECTS\NOOR CANVAS\SPA\NoorCanvas\NoorCanvas.csproj]
D:\PROJECTS\NOOR CANVAS\SPA\NoorCanvas\Services\SafeHtmlRenderingService.cs(1,1): warning SA1200: Using directive should appear within a namespace declaration (https://github.com/DotNetAnalyzers/StyleCopAnalyzers/blob/master/documentation/SA1200.md) [D:\PROJECTS\NOOR CANVAS\SPA\NoorCanvas\NoorCanvas.csproj]
D:\PROJECTS\NOOR CANVAS\SPA\NoorCanvas\Services\SafeHtmlRenderingService.cs(2,1): warning SA1200: Using directive should appear within a namespace declaration (https://github.com/DotNetAnalyzers/StyleCopAnalyzers/blob/master/documentation/SA1200.md) [D:\PROJECTS\NOOR CANVAS\SPA\NoorCanvas\NoorCanvas.csproj]
D:\PROJECTS\NOOR CANVAS\SPA\NoorCanvas\Services\SafeHtmlRenderingService.cs(3,1): warning SA1200: Using directive should appear within a namespace declaration (https://github.com/DotNetAnalyzers/StyleCopAnalyzers/blob/master/documentation/SA1200.md) [D:\PROJECTS\NOOR CANVAS\SPA\NoorCanvas\NoorCanvas.csproj]
D:\PROJECTS\NOOR CANVAS\SPA\NoorCanvas\Services\SafeHtmlRenderingService.cs(3,1): warning SA1208: Using directive for 'System.Text' should appear before directive for 'HtmlAgilityPack' (https://github.com/DotNetAnalyzers/StyleCopAnalyzers/blob/master/documentation/SA1208.md) [D:\PROJECTS\NOOR CANVAS\SPA\NoorCanvas\NoorCanvas.csproj]
D:\PROJECTS\NOOR CANVAS\SPA\NoorCanvas\Services\SafeHtmlRenderingService.cs(1,1): warning SA1210: Using directives should be ordered alphabetically by the namespaces (https://github.com/DotNetAnalyzers/StyleCopAnalyzers/blob/master/documentation/SA1210.md) [D:\PROJECTS\NOOR CANVAS\SPA\NoorCanvas\NoorCanvas.csproj]
D:\PROJECTS\NOOR CANVAS\SPA\NoorCanvas\Services\SecureTokenService.cs(1,1): warning SA1200: Using directive should appear within a namespace declaration (https://github.com/DotNetAnalyzers/StyleCopAnalyzers/blob/master/documentation/SA1200.md) [D:\PROJECTS\NOOR CANVAS\SPA\NoorCanvas\NoorCanvas.csproj]
D:\PROJECTS\NOOR CANVAS\SPA\NoorCanvas\Services\SecureTokenService.cs(2,1): warning SA1200: Using directive should appear within a namespace declaration (https://github.com/DotNetAnalyzers/StyleCopAnalyzers/blob/master/documentation/SA1200.md) [D:\PROJECTS\NOOR CANVAS\SPA\NoorCanvas\NoorCanvas.csproj]
D:\PROJECTS\NOOR CANVAS\SPA\NoorCanvas\Services\SecureTokenService.cs(3,1): warning SA1200: Using directive should appear within a namespace declaration (https://github.com/DotNetAnalyzers/StyleCopAnalyzers/blob/master/documentation/SA1200.md) [D:\PROJECTS\NOOR CANVAS\SPA\NoorCanvas\NoorCanvas.csproj]
D:\PROJECTS\NOOR CANVAS\SPA\NoorCanvas\Services\SecureTokenService.cs(4,1): warning SA1200: Using directive should appear within a namespace declaration (https://github.com/DotNetAnalyzers/StyleCopAnalyzers/blob/master/documentation/SA1200.md) [D:\PROJECTS\NOOR CANVAS\SPA\NoorCanvas\NoorCanvas.csproj]
D:\PROJECTS\NOOR CANVAS\SPA\NoorCanvas\Services\SecureTokenService.cs(5,1): warning SA1200: Using directive should appear within a namespace declaration (https://github.com/DotNetAnalyzers/StyleCopAnalyzers/blob/master/documentation/SA1200.md) [D:\PROJECTS\NOOR CANVAS\SPA\NoorCanvas\NoorCanvas.csproj]
D:\PROJECTS\NOOR CANVAS\SPA\NoorCanvas\Services\SecureTokenService.cs(4,1): warning SA1208: Using directive for 'System.Security.Cryptography' should appear before directive for 'NoorCanvas.Models' (https://github.com/DotNetAnalyzers/StyleCopAnalyzers/blob/master/documentation/SA1208.md) [D:\PROJECTS\NOOR CANVAS\SPA\NoorCanvas\NoorCanvas.csproj]
D:\PROJECTS\NOOR CANVAS\SPA\NoorCanvas\Services\SecureTokenService.cs(5,1): warning SA1208: Using directive for 'System.Text' should appear before directive for 'NoorCanvas.Models' (https://github.com/DotNetAnalyzers/StyleCopAnalyzers/blob/master/documentation/SA1208.md) [D:\PROJECTS\NOOR CANVAS\SPA\NoorCanvas\NoorCanvas.csproj]
D:\PROJECTS\NOOR CANVAS\SPA\NoorCanvas\Services\SessionStateService.cs(1,1): warning SA1200: Using directive should appear within a namespace declaration (https://github.com/DotNetAnalyzers/StyleCopAnalyzers/blob/master/documentation/SA1200.md) [D:\PROJECTS\NOOR CANVAS\SPA\NoorCanvas\NoorCanvas.csproj]
D:\PROJECTS\NOOR CANVAS\SPA\NoorCanvas\Services\SimplifiedTokenService.cs(1,1): warning SA1200: Using directive should appear within a namespace declaration (https://github.com/DotNetAnalyzers/StyleCopAnalyzers/blob/master/documentation/SA1200.md) [D:\PROJECTS\NOOR CANVAS\SPA\NoorCanvas\NoorCanvas.csproj]
D:\PROJECTS\NOOR CANVAS\SPA\NoorCanvas\Services\SimplifiedTokenService.cs(2,1): warning SA1200: Using directive should appear within a namespace declaration (https://github.com/DotNetAnalyzers/StyleCopAnalyzers/blob/master/documentation/SA1200.md) [D:\PROJECTS\NOOR CANVAS\SPA\NoorCanvas\NoorCanvas.csproj]
D:\PROJECTS\NOOR CANVAS\SPA\NoorCanvas\Services\SimplifiedTokenService.cs(3,1): warning SA1200: Using directive should appear within a namespace declaration (https://github.com/DotNetAnalyzers/StyleCopAnalyzers/blob/master/documentation/SA1200.md) [D:\PROJECTS\NOOR CANVAS\SPA\NoorCanvas\NoorCanvas.csproj]
D:\PROJECTS\NOOR CANVAS\SPA\NoorCanvas\Services\SimplifiedTokenService.cs(4,1): warning SA1200: Using directive should appear within a namespace declaration (https://github.com/DotNetAnalyzers/StyleCopAnalyzers/blob/master/documentation/SA1200.md) [D:\PROJECTS\NOOR CANVAS\SPA\NoorCanvas\NoorCanvas.csproj]
D:\PROJECTS\NOOR CANVAS\SPA\NoorCanvas\Services\SimplifiedTokenService.cs(5,1): warning SA1200: Using directive should appear within a namespace declaration (https://github.com/DotNetAnalyzers/StyleCopAnalyzers/blob/master/documentation/SA1200.md) [D:\PROJECTS\NOOR CANVAS\SPA\NoorCanvas\NoorCanvas.csproj]
D:\PROJECTS\NOOR CANVAS\SPA\NoorCanvas\Services\SimplifiedTokenService.cs(6,1): warning SA1200: Using directive should appear within a namespace declaration (https://github.com/DotNetAnalyzers/StyleCopAnalyzers/blob/master/documentation/SA1200.md) [D:\PROJECTS\NOOR CANVAS\SPA\NoorCanvas\NoorCanvas.csproj]
D:\PROJECTS\NOOR CANVAS\SPA\NoorCanvas\Services\SimplifiedTokenService.cs(4,1): warning SA1208: Using directive for 'System.Security.Cryptography' should appear before directive for 'NoorCanvas.Models.Simplified' (https://github.com/DotNetAnalyzers/StyleCopAnalyzers/blob/master/documentation/SA1208.md) [D:\PROJECTS\NOOR CANVAS\SPA\NoorCanvas\NoorCanvas.csproj]
D:\PROJECTS\NOOR CANVAS\SPA\NoorCanvas\Services\SimplifiedTokenService.cs(5,1): warning SA1208: Using directive for 'System.Text' should appear before directive for 'NoorCanvas.Models.Simplified' (https://github.com/DotNetAnalyzers/StyleCopAnalyzers/blob/master/documentation/SA1208.md) [D:\PROJECTS\NOOR CANVAS\SPA\NoorCanvas\NoorCanvas.csproj]
D:\PROJECTS\NOOR CANVAS\SPA\NoorCanvas\Services\SimplifiedTokenService.cs(6,1): warning SA1208: Using directive for 'System.Text.Json' should appear before directive for 'NoorCanvas.Models.Simplified' (https://github.com/DotNetAnalyzers/StyleCopAnalyzers/blob/master/documentation/SA1208.md) [D:\PROJECTS\NOOR CANVAS\SPA\NoorCanvas\NoorCanvas.csproj]
D:\PROJECTS\NOOR CANVAS\SPA\NoorCanvas\Controllers\AdminController.cs(305,1): warning SA1516: Elements should be separated by blank line (https://github.com/DotNetAnalyzers/StyleCopAnalyzers/blob/master/documentation/SA1516.md) [D:\PROJECTS\NOOR CANVAS\SPA\NoorCanvas\NoorCanvas.csproj]
D:\PROJECTS\NOOR CANVAS\SPA\NoorCanvas\Controllers\AdminController.cs(306,1): warning SA1516: Elements should be separated by blank line (https://github.com/DotNetAnalyzers/StyleCopAnalyzers/blob/master/documentation/SA1516.md) [D:\PROJECTS\NOOR CANVAS\SPA\NoorCanvas\NoorCanvas.csproj]
D:\PROJECTS\NOOR CANVAS\SPA\NoorCanvas\Controllers\AdminController.cs(307,1): warning SA1516: Elements should be separated by blank line (https://github.com/DotNetAnalyzers/StyleCopAnalyzers/blob/master/documentation/SA1516.md) [D:\PROJECTS\NOOR CANVAS\SPA\NoorCanvas\NoorCanvas.csproj]
D:\PROJECTS\NOOR CANVAS\SPA\NoorCanvas\Controllers\AdminController.cs(308,1): warning SA1516: Elements should be separated by blank line (https://github.com/DotNetAnalyzers/StyleCopAnalyzers/blob/master/documentation/SA1516.md) [D:\PROJECTS\NOOR CANVAS\SPA\NoorCanvas\NoorCanvas.csproj]
D:\PROJECTS\NOOR CANVAS\SPA\NoorCanvas\Controllers\AdminController.cs(309,1): warning SA1516: Elements should be separated by blank line (https://github.com/DotNetAnalyzers/StyleCopAnalyzers/blob/master/documentation/SA1516.md) [D:\PROJECTS\NOOR CANVAS\SPA\NoorCanvas\NoorCanvas.csproj]
D:\PROJECTS\NOOR CANVAS\SPA\NoorCanvas\Controllers\AdminController.cs(315,1): warning SA1516: Elements should be separated by blank line (https://github.com/DotNetAnalyzers/StyleCopAnalyzers/blob/master/documentation/SA1516.md) [D:\PROJECTS\NOOR CANVAS\SPA\NoorCanvas\NoorCanvas.csproj]
D:\PROJECTS\NOOR CANVAS\SPA\NoorCanvas\Controllers\AdminController.cs(316,1): warning SA1516: Elements should be separated by blank line (https://github.com/DotNetAnalyzers/StyleCopAnalyzers/blob/master/documentation/SA1516.md) [D:\PROJECTS\NOOR CANVAS\SPA\NoorCanvas\NoorCanvas.csproj]
D:\PROJECTS\NOOR CANVAS\SPA\NoorCanvas\Controllers\AdminController.cs(317,1): warning SA1516: Elements should be separated by blank line (https://github.com/DotNetAnalyzers/StyleCopAnalyzers/blob/master/documentation/SA1516.md) [D:\PROJECTS\NOOR CANVAS\SPA\NoorCanvas\NoorCanvas.csproj]
D:\PROJECTS\NOOR CANVAS\SPA\NoorCanvas\Controllers\AdminController.cs(318,1): warning SA1516: Elements should be separated by blank line (https://github.com/DotNetAnalyzers/StyleCopAnalyzers/blob/master/documentation/SA1516.md) [D:\PROJECTS\NOOR CANVAS\SPA\NoorCanvas\NoorCanvas.csproj]
D:\PROJECTS\NOOR CANVAS\SPA\NoorCanvas\Controllers\AdminController.cs(319,1): warning SA1516: Elements should be separated by blank line (https://github.com/DotNetAnalyzers/StyleCopAnalyzers/blob/master/documentation/SA1516.md) [D:\PROJECTS\NOOR CANVAS\SPA\NoorCanvas\NoorCanvas.csproj]
D:\PROJECTS\NOOR CANVAS\SPA\NoorCanvas\Controllers\HostController.cs(1152,1): warning SA1516: Elements should be separated by blank line (https://github.com/DotNetAnalyzers/StyleCopAnalyzers/blob/master/documentation/SA1516.md) [D:\PROJECTS\NOOR CANVAS\SPA\NoorCanvas\NoorCanvas.csproj]
D:\PROJECTS\NOOR CANVAS\SPA\NoorCanvas\Controllers\HostController.cs(1153,1): warning SA1516: Elements should be separated by blank line (https://github.com/DotNetAnalyzers/StyleCopAnalyzers/blob/master/documentation/SA1516.md) [D:\PROJECTS\NOOR CANVAS\SPA\NoorCanvas\NoorCanvas.csproj]
D:\PROJECTS\NOOR CANVAS\SPA\NoorCanvas\Controllers\HostController.cs(1154,1): warning SA1516: Elements should be separated by blank line (https://github.com/DotNetAnalyzers/StyleCopAnalyzers/blob/master/documentation/SA1516.md) [D:\PROJECTS\NOOR CANVAS\SPA\NoorCanvas\NoorCanvas.csproj]
D:\PROJECTS\NOOR CANVAS\SPA\NoorCanvas\Controllers\HostController.cs(1155,1): warning SA1516: Elements should be separated by blank line (https://github.com/DotNetAnalyzers/StyleCopAnalyzers/blob/master/documentation/SA1516.md) [D:\PROJECTS\NOOR CANVAS\SPA\NoorCanvas\NoorCanvas.csproj]
D:\PROJECTS\NOOR CANVAS\SPA\NoorCanvas\Controllers\HostController.cs(1156,1): warning SA1516: Elements should be separated by blank line (https://github.com/DotNetAnalyzers/StyleCopAnalyzers/blob/master/documentation/SA1516.md) [D:\PROJECTS\NOOR CANVAS\SPA\NoorCanvas\NoorCanvas.csproj]
D:\PROJECTS\NOOR CANVAS\SPA\NoorCanvas\Hubs\SessionHub.cs(10,42): warning SA1309: Field '_logger' should not begin with an underscore (https://github.com/DotNetAnalyzers/StyleCopAnalyzers/blob/master/documentation/SA1309.md) [D:\PROJECTS\NOOR CANVAS\SPA\NoorCanvas\NoorCanvas.csproj]
D:\PROJECTS\NOOR CANVAS\SPA\NoorCanvas\Hubs\SessionHub.cs(11,48): warning SA1309: Field '_context' should not begin with an underscore (https://github.com/DotNetAnalyzers/StyleCopAnalyzers/blob/master/documentation/SA1309.md) [D:\PROJECTS\NOOR CANVAS\SPA\NoorCanvas\NoorCanvas.csproj]
D:\PROJECTS\NOOR CANVAS\SPA\NoorCanvas\Controllers\HostController.cs(1162,1): warning SA1516: Elements should be separated by blank line (https://github.com/DotNetAnalyzers/StyleCopAnalyzers/blob/master/documentation/SA1516.md) [D:\PROJECTS\NOOR CANVAS\SPA\NoorCanvas\NoorCanvas.csproj]
D:\PROJECTS\NOOR CANVAS\SPA\NoorCanvas\Controllers\HostController.cs(1163,1): warning SA1516: Elements should be separated by blank line (https://github.com/DotNetAnalyzers/StyleCopAnalyzers/blob/master/documentation/SA1516.md) [D:\PROJECTS\NOOR CANVAS\SPA\NoorCanvas\NoorCanvas.csproj]
D:\PROJECTS\NOOR CANVAS\SPA\NoorCanvas\Controllers\HostController.cs(1164,1): warning SA1516: Elements should be separated by blank line (https://github.com/DotNetAnalyzers/StyleCopAnalyzers/blob/master/documentation/SA1516.md) [D:\PROJECTS\NOOR CANVAS\SPA\NoorCanvas\NoorCanvas.csproj]
D:\PROJECTS\NOOR CANVAS\SPA\NoorCanvas\Controllers\HostController.cs(1165,1): warning SA1516: Elements should be separated by blank line (https://github.com/DotNetAnalyzers/StyleCopAnalyzers/blob/master/documentation/SA1516.md) [D:\PROJECTS\NOOR CANVAS\SPA\NoorCanvas\NoorCanvas.csproj]
D:\PROJECTS\NOOR CANVAS\SPA\NoorCanvas\Controllers\HostController.cs(1166,1): warning SA1516: Elements should be separated by blank line (https://github.com/DotNetAnalyzers/StyleCopAnalyzers/blob/master/documentation/SA1516.md) [D:\PROJECTS\NOOR CANVAS\SPA\NoorCanvas\NoorCanvas.csproj]
D:\PROJECTS\NOOR CANVAS\SPA\NoorCanvas\Controllers\HostController.cs(1167,1): warning SA1516: Elements should be separated by blank line (https://github.com/DotNetAnalyzers/StyleCopAnalyzers/blob/master/documentation/SA1516.md) [D:\PROJECTS\NOOR CANVAS\SPA\NoorCanvas\NoorCanvas.csproj]
D:\PROJECTS\NOOR CANVAS\SPA\NoorCanvas\Controllers\HostController.cs(1168,1): warning SA1516: Elements should be separated by blank line (https://github.com/DotNetAnalyzers/StyleCopAnalyzers/blob/master/documentation/SA1516.md) [D:\PROJECTS\NOOR CANVAS\SPA\NoorCanvas\NoorCanvas.csproj]
D:\PROJECTS\NOOR CANVAS\SPA\NoorCanvas\Controllers\HostController.cs(1169,1): warning SA1516: Elements should be separated by blank line (https://github.com/DotNetAnalyzers/StyleCopAnalyzers/blob/master/documentation/SA1516.md) [D:\PROJECTS\NOOR CANVAS\SPA\NoorCanvas\NoorCanvas.csproj]
D:\PROJECTS\NOOR CANVAS\SPA\NoorCanvas\Controllers\HealthController.cs(1,1): warning SA1633: The file header is missing or not located at the top of the file. (https://github.com/DotNetAnalyzers/StyleCopAnalyzers/blob/master/documentation/SA1633.md) [D:\PROJECTS\NOOR CANVAS\SPA\NoorCanvas\NoorCanvas.csproj]
D:\PROJECTS\NOOR CANVAS\SPA\NoorCanvas\Controllers\HostController.cs(1175,1): warning SA1516: Elements should be separated by blank line (https://github.com/DotNetAnalyzers/StyleCopAnalyzers/blob/master/documentation/SA1516.md) [D:\PROJECTS\NOOR CANVAS\SPA\NoorCanvas\NoorCanvas.csproj]
D:\PROJECTS\NOOR CANVAS\SPA\NoorCanvas\Controllers\HostController.cs(1176,1): warning SA1516: Elements should be separated by blank line (https://github.com/DotNetAnalyzers/StyleCopAnalyzers/blob/master/documentation/SA1516.md) [D:\PROJECTS\NOOR CANVAS\SPA\NoorCanvas\NoorCanvas.csproj]
D:\PROJECTS\NOOR CANVAS\SPA\NoorCanvas\Controllers\HostController.cs(1177,1): warning SA1516: Elements should be separated by blank line (https://github.com/DotNetAnalyzers/StyleCopAnalyzers/blob/master/documentation/SA1516.md) [D:\PROJECTS\NOOR CANVAS\SPA\NoorCanvas\NoorCanvas.csproj]
D:\PROJECTS\NOOR CANVAS\SPA\NoorCanvas\Controllers\HostController.cs(1178,1): warning SA1516: Elements should be separated by blank line (https://github.com/DotNetAnalyzers/StyleCopAnalyzers/blob/master/documentation/SA1516.md) [D:\PROJECTS\NOOR CANVAS\SPA\NoorCanvas\NoorCanvas.csproj]
D:\PROJECTS\NOOR CANVAS\SPA\NoorCanvas\Controllers\HealthController.cs(12,38): warning SA1309: Field '_context' should not begin with an underscore (https://github.com/DotNetAnalyzers/StyleCopAnalyzers/blob/master/documentation/SA1309.md) [D:\PROJECTS\NOOR CANVAS\SPA\NoorCanvas\NoorCanvas.csproj]
D:\PROJECTS\NOOR CANVAS\SPA\NoorCanvas\Controllers\HealthController.cs(13,48): warning SA1309: Field '_logger' should not begin with an underscore (https://github.com/DotNetAnalyzers/StyleCopAnalyzers/blob/master/documentation/SA1309.md) [D:\PROJECTS\NOOR CANVAS\SPA\NoorCanvas\NoorCanvas.csproj]
D:\PROJECTS\NOOR CANVAS\SPA\NoorCanvas\Data\CanvasDbContext.cs(14,1): warning SA1516: Elements should be separated by blank line (https://github.com/DotNetAnalyzers/StyleCopAnalyzers/blob/master/documentation/SA1516.md) [D:\PROJECTS\NOOR CANVAS\SPA\NoorCanvas\NoorCanvas.csproj]
D:\PROJECTS\NOOR CANVAS\SPA\NoorCanvas\Data\CanvasDbContext.cs(15,1): warning SA1516: Elements should be separated by blank line (https://github.com/DotNetAnalyzers/StyleCopAnalyzers/blob/master/documentation/SA1516.md) [D:\PROJECTS\NOOR CANVAS\SPA\NoorCanvas\NoorCanvas.csproj]
D:\PROJECTS\NOOR CANVAS\SPA\NoorCanvas\Data\CanvasDbContext.cs(16,1): warning SA1516: Elements should be separated by blank line (https://github.com/DotNetAnalyzers/StyleCopAnalyzers/blob/master/documentation/SA1516.md) [D:\PROJECTS\NOOR CANVAS\SPA\NoorCanvas\NoorCanvas.csproj]
D:\PROJECTS\NOOR CANVAS\SPA\NoorCanvas\Data\CanvasDbContext.cs(17,1): warning SA1516: Elements should be separated by blank line (https://github.com/DotNetAnalyzers/StyleCopAnalyzers/blob/master/documentation/SA1516.md) [D:\PROJECTS\NOOR CANVAS\SPA\NoorCanvas\NoorCanvas.csproj]
D:\PROJECTS\NOOR CANVAS\SPA\NoorCanvas\Data\CanvasDbContext.cs(18,1): warning SA1516: Elements should be separated by blank line (https://github.com/DotNetAnalyzers/StyleCopAnalyzers/blob/master/documentation/SA1516.md) [D:\PROJECTS\NOOR CANVAS\SPA\NoorCanvas\NoorCanvas.csproj]
D:\PROJECTS\NOOR CANVAS\SPA\NoorCanvas\Data\CanvasDbContext.cs(19,1): warning SA1516: Elements should be separated by blank line (https://github.com/DotNetAnalyzers/StyleCopAnalyzers/blob/master/documentation/SA1516.md) [D:\PROJECTS\NOOR CANVAS\SPA\NoorCanvas\NoorCanvas.csproj]
D:\PROJECTS\NOOR CANVAS\SPA\NoorCanvas\Data\CanvasDbContext.cs(20,1): warning SA1516: Elements should be separated by blank line (https://github.com/DotNetAnalyzers/StyleCopAnalyzers/blob/master/documentation/SA1516.md) [D:\PROJECTS\NOOR CANVAS\SPA\NoorCanvas\NoorCanvas.csproj]
D:\PROJECTS\NOOR CANVAS\SPA\NoorCanvas\Data\CanvasDbContext.cs(21,1): warning SA1516: Elements should be separated by blank line (https://github.com/DotNetAnalyzers/StyleCopAnalyzers/blob/master/documentation/SA1516.md) [D:\PROJECTS\NOOR CANVAS\SPA\NoorCanvas\NoorCanvas.csproj]
D:\PROJECTS\NOOR CANVAS\SPA\NoorCanvas\Data\CanvasDbContext.cs(22,1): warning SA1516: Elements should be separated by blank line (https://github.com/DotNetAnalyzers/StyleCopAnalyzers/blob/master/documentation/SA1516.md) [D:\PROJECTS\NOOR CANVAS\SPA\NoorCanvas\NoorCanvas.csproj]
D:\PROJECTS\NOOR CANVAS\SPA\NoorCanvas\Data\CanvasDbContext.cs(23,1): warning SA1516: Elements should be separated by blank line (https://github.com/DotNetAnalyzers/StyleCopAnalyzers/blob/master/documentation/SA1516.md) [D:\PROJECTS\NOOR CANVAS\SPA\NoorCanvas\NoorCanvas.csproj]
D:\PROJECTS\NOOR CANVAS\SPA\NoorCanvas\Data\CanvasDbContext.cs(24,1): warning SA1516: Elements should be separated by blank line (https://github.com/DotNetAnalyzers/StyleCopAnalyzers/blob/master/documentation/SA1516.md) [D:\PROJECTS\NOOR CANVAS\SPA\NoorCanvas\NoorCanvas.csproj]
D:\PROJECTS\NOOR CANVAS\SPA\NoorCanvas\Data\CanvasDbContext.cs(25,1): warning SA1516: Elements should be separated by blank line (https://github.com/DotNetAnalyzers/StyleCopAnalyzers/blob/master/documentation/SA1516.md) [D:\PROJECTS\NOOR CANVAS\SPA\NoorCanvas\NoorCanvas.csproj]
D:\PROJECTS\NOOR CANVAS\SPA\NoorCanvas\Data\CanvasDbContext.cs(26,1): warning SA1516: Elements should be separated by blank line (https://github.com/DotNetAnalyzers/StyleCopAnalyzers/blob/master/documentation/SA1516.md) [D:\PROJECTS\NOOR CANVAS\SPA\NoorCanvas\NoorCanvas.csproj]
D:\PROJECTS\NOOR CANVAS\SPA\NoorCanvas\Data\CanvasDbContext.cs(27,1): warning SA1516: Elements should be separated by blank line (https://github.com/DotNetAnalyzers/StyleCopAnalyzers/blob/master/documentation/SA1516.md) [D:\PROJECTS\NOOR CANVAS\SPA\NoorCanvas\NoorCanvas.csproj]
D:\PROJECTS\NOOR CANVAS\SPA\NoorCanvas\Hubs\TestHub.cs(7,39): warning SA1309: Field '_logger' should not begin with an underscore (https://github.com/DotNetAnalyzers/StyleCopAnalyzers/blob/master/documentation/SA1309.md) [D:\PROJECTS\NOOR CANVAS\SPA\NoorCanvas\NoorCanvas.csproj]
D:\PROJECTS\NOOR CANVAS\SPA\NoorCanvas\Controllers\HostController.cs(1,1): warning SA1633: The file header is missing or not located at the top of the file. (https://github.com/DotNetAnalyzers/StyleCopAnalyzers/blob/master/documentation/SA1633.md) [D:\PROJECTS\NOOR CANVAS\SPA\NoorCanvas\NoorCanvas.csproj]
D:\PROJECTS\NOOR CANVAS\SPA\NoorCanvas\Controllers\HostController.cs(1184,1): warning SA1516: Elements should be separated by blank line (https://github.com/DotNetAnalyzers/StyleCopAnalyzers/blob/master/documentation/SA1516.md) [D:\PROJECTS\NOOR CANVAS\SPA\NoorCanvas\NoorCanvas.csproj]
D:\PROJECTS\NOOR CANVAS\SPA\NoorCanvas\Controllers\HostController.cs(1185,1): warning SA1516: Elements should be separated by blank line (https://github.com/DotNetAnalyzers/StyleCopAnalyzers/blob/master/documentation/SA1516.md) [D:\PROJECTS\NOOR CANVAS\SPA\NoorCanvas\NoorCanvas.csproj]
D:\PROJECTS\NOOR CANVAS\SPA\NoorCanvas\Controllers\HostController.cs(1186,1): warning SA1516: Elements should be separated by blank line (https://github.com/DotNetAnalyzers/StyleCopAnalyzers/blob/master/documentation/SA1516.md) [D:\PROJECTS\NOOR CANVAS\SPA\NoorCanvas\NoorCanvas.csproj]
D:\PROJECTS\NOOR CANVAS\SPA\NoorCanvas\Controllers\HostController.cs(1190,1): warning SA1516: Elements should be separated by blank line (https://github.com/DotNetAnalyzers/StyleCopAnalyzers/blob/master/documentation/SA1516.md) [D:\PROJECTS\NOOR CANVAS\SPA\NoorCanvas\NoorCanvas.csproj]
D:\PROJECTS\NOOR CANVAS\SPA\NoorCanvas\Controllers\HostController.cs(1191,1): warning SA1516: Elements should be separated by blank line (https://github.com/DotNetAnalyzers/StyleCopAnalyzers/blob/master/documentation/SA1516.md) [D:\PROJECTS\NOOR CANVAS\SPA\NoorCanvas\NoorCanvas.csproj]
D:\PROJECTS\NOOR CANVAS\SPA\NoorCanvas\Controllers\HostController.cs(247,9): warning SA1512: Single-line comments should not be followed by blank line (https://github.com/DotNetAnalyzers/StyleCopAnalyzers/blob/master/documentation/SA1512.md) [D:\PROJECTS\NOOR CANVAS\SPA\NoorCanvas\NoorCanvas.csproj]
D:\PROJECTS\NOOR CANVAS\SPA\NoorCanvas\Controllers\HostController.cs(612,9): warning SA1512: Single-line comments should not be followed by blank line (https://github.com/DotNetAnalyzers/StyleCopAnalyzers/blob/master/documentation/SA1512.md) [D:\PROJECTS\NOOR CANVAS\SPA\NoorCanvas\NoorCanvas.csproj]
D:\PROJECTS\NOOR CANVAS\SPA\NoorCanvas\Controllers\HostController.cs(798,17): warning SA1512: Single-line comments should not be followed by blank line (https://github.com/DotNetAnalyzers/StyleCopAnalyzers/blob/master/documentation/SA1512.md) [D:\PROJECTS\NOOR CANVAS\SPA\NoorCanvas\NoorCanvas.csproj]
D:\PROJECTS\NOOR CANVAS\SPA\NoorCanvas\Controllers\HostController.cs(955,17): warning SA1512: Single-line comments should not be followed by blank line (https://github.com/DotNetAnalyzers/StyleCopAnalyzers/blob/master/documentation/SA1512.md) [D:\PROJECTS\NOOR CANVAS\SPA\NoorCanvas\NoorCanvas.csproj]
D:\PROJECTS\NOOR CANVAS\SPA\NoorCanvas\Controllers\HostController.cs(981,17): warning SA1512: Single-line comments should not be followed by blank line (https://github.com/DotNetAnalyzers/StyleCopAnalyzers/blob/master/documentation/SA1512.md) [D:\PROJECTS\NOOR CANVAS\SPA\NoorCanvas\NoorCanvas.csproj]
D:\PROJECTS\NOOR CANVAS\SPA\NoorCanvas\Controllers\HostController.cs(1040,13): warning SA1512: Single-line comments should not be followed by blank line (https://github.com/DotNetAnalyzers/StyleCopAnalyzers/blob/master/documentation/SA1512.md) [D:\PROJECTS\NOOR CANVAS\SPA\NoorCanvas\NoorCanvas.csproj]
D:\PROJECTS\NOOR CANVAS\SPA\NoorCanvas\Controllers\HostController.cs(1197,1): warning SA1516: Elements should be separated by blank line (https://github.com/DotNetAnalyzers/StyleCopAnalyzers/blob/master/documentation/SA1516.md) [D:\PROJECTS\NOOR CANVAS\SPA\NoorCanvas\NoorCanvas.csproj]
D:\PROJECTS\NOOR CANVAS\SPA\NoorCanvas\Controllers\HostController.cs(1198,1): warning SA1516: Elements should be separated by blank line (https://github.com/DotNetAnalyzers/StyleCopAnalyzers/blob/master/documentation/SA1516.md) [D:\PROJECTS\NOOR CANVAS\SPA\NoorCanvas\NoorCanvas.csproj]
D:\PROJECTS\NOOR CANVAS\SPA\NoorCanvas\Controllers\HostController.cs(1199,1): warning SA1516: Elements should be separated by blank line (https://github.com/DotNetAnalyzers/StyleCopAnalyzers/blob/master/documentation/SA1516.md) [D:\PROJECTS\NOOR CANVAS\SPA\NoorCanvas\NoorCanvas.csproj]
D:\PROJECTS\NOOR CANVAS\SPA\NoorCanvas\Controllers\HostController.cs(1200,1): warning SA1516: Elements should be separated by blank line (https://github.com/DotNetAnalyzers/StyleCopAnalyzers/blob/master/documentation/SA1516.md) [D:\PROJECTS\NOOR CANVAS\SPA\NoorCanvas\NoorCanvas.csproj]
D:\PROJECTS\NOOR CANVAS\SPA\NoorCanvas\Controllers\HostController.cs(1133,17): warning SA1515: Single-line comment should be preceded by blank line (https://github.com/DotNetAnalyzers/StyleCopAnalyzers/blob/master/documentation/SA1515.md) [D:\PROJECTS\NOOR CANVAS\SPA\NoorCanvas\NoorCanvas.csproj]
D:\PROJECTS\NOOR CANVAS\SPA\NoorCanvas\Controllers\HostController.cs(1144,18): warning SA1402: File may only contain a single type (https://github.com/DotNetAnalyzers/StyleCopAnalyzers/blob/master/documentation/SA1402.md) [D:\PROJECTS\NOOR CANVAS\SPA\NoorCanvas\NoorCanvas.csproj]
D:\PROJECTS\NOOR CANVAS\SPA\NoorCanvas\Controllers\HostController.cs(1149,18): warning SA1402: File may only contain a single type (https://github.com/DotNetAnalyzers/StyleCopAnalyzers/blob/master/documentation/SA1402.md) [D:\PROJECTS\NOOR CANVAS\SPA\NoorCanvas\NoorCanvas.csproj]
D:\PROJECTS\NOOR CANVAS\SPA\NoorCanvas\Controllers\HostController.cs(1159,18): warning SA1402: File may only contain a single type (https://github.com/DotNetAnalyzers/StyleCopAnalyzers/blob/master/documentation/SA1402.md) [D:\PROJECTS\NOOR CANVAS\SPA\NoorCanvas\NoorCanvas.csproj]
D:\PROJECTS\NOOR CANVAS\SPA\NoorCanvas\Controllers\HostController.cs(1172,18): warning SA1402: File may only contain a single type (https://github.com/DotNetAnalyzers/StyleCopAnalyzers/blob/master/documentation/SA1402.md) [D:\PROJECTS\NOOR CANVAS\SPA\NoorCanvas\NoorCanvas.csproj]
D:\PROJECTS\NOOR CANVAS\SPA\NoorCanvas\Controllers\HostController.cs(1181,18): warning SA1402: File may only contain a single type (https://github.com/DotNetAnalyzers/StyleCopAnalyzers/blob/master/documentation/SA1402.md) [D:\PROJECTS\NOOR CANVAS\SPA\NoorCanvas\NoorCanvas.csproj]
D:\PROJECTS\NOOR CANVAS\SPA\NoorCanvas\Controllers\HostController.cs(1194,18): warning SA1402: File may only contain a single type (https://github.com/DotNetAnalyzers/StyleCopAnalyzers/blob/master/documentation/SA1402.md) [D:\PROJECTS\NOOR CANVAS\SPA\NoorCanvas\NoorCanvas.csproj]
D:\PROJECTS\NOOR CANVAS\SPA\NoorCanvas\Controllers\HostController.cs(1203,18): warning SA1402: File may only contain a single type (https://github.com/DotNetAnalyzers/StyleCopAnalyzers/blob/master/documentation/SA1402.md) [D:\PROJECTS\NOOR CANVAS\SPA\NoorCanvas\NoorCanvas.csproj]
D:\PROJECTS\NOOR CANVAS\SPA\NoorCanvas\Controllers\HostController.cs(1214,18): warning SA1402: File may only contain a single type (https://github.com/DotNetAnalyzers/StyleCopAnalyzers/blob/master/documentation/SA1402.md) [D:\PROJECTS\NOOR CANVAS\SPA\NoorCanvas\NoorCanvas.csproj]
D:\PROJECTS\NOOR CANVAS\SPA\NoorCanvas\Controllers\HostController.cs(1225,18): warning SA1402: File may only contain a single type (https://github.com/DotNetAnalyzers/StyleCopAnalyzers/blob/master/documentation/SA1402.md) [D:\PROJECTS\NOOR CANVAS\SPA\NoorCanvas\NoorCanvas.csproj]
D:\PROJECTS\NOOR CANVAS\SPA\NoorCanvas\Controllers\HostController.cs(1235,18): warning SA1402: File may only contain a single type (https://github.com/DotNetAnalyzers/StyleCopAnalyzers/blob/master/documentation/SA1402.md) [D:\PROJECTS\NOOR CANVAS\SPA\NoorCanvas\NoorCanvas.csproj]
D:\PROJECTS\NOOR CANVAS\SPA\NoorCanvas\Controllers\HostController.cs(1244,18): warning SA1402: File may only contain a single type (https://github.com/DotNetAnalyzers/StyleCopAnalyzers/blob/master/documentation/SA1402.md) [D:\PROJECTS\NOOR CANVAS\SPA\NoorCanvas\NoorCanvas.csproj]
D:\PROJECTS\NOOR CANVAS\SPA\NoorCanvas\Controllers\HostController.cs(1254,18): warning SA1402: File may only contain a single type (https://github.com/DotNetAnalyzers/StyleCopAnalyzers/blob/master/documentation/SA1402.md) [D:\PROJECTS\NOOR CANVAS\SPA\NoorCanvas\NoorCanvas.csproj]
D:\PROJECTS\NOOR CANVAS\SPA\NoorCanvas\Controllers\HostController.cs(1262,18): warning SA1402: File may only contain a single type (https://github.com/DotNetAnalyzers/StyleCopAnalyzers/blob/master/documentation/SA1402.md) [D:\PROJECTS\NOOR CANVAS\SPA\NoorCanvas\NoorCanvas.csproj]
D:\PROJECTS\NOOR CANVAS\SPA\NoorCanvas\Controllers\HostController.cs(1269,18): warning SA1402: File may only contain a single type (https://github.com/DotNetAnalyzers/StyleCopAnalyzers/blob/master/documentation/SA1402.md) [D:\PROJECTS\NOOR CANVAS\SPA\NoorCanvas\NoorCanvas.csproj]
D:\PROJECTS\NOOR CANVAS\SPA\NoorCanvas\Controllers\HostController.cs(1206,1): warning SA1516: Elements should be separated by blank line (https://github.com/DotNetAnalyzers/StyleCopAnalyzers/blob/master/documentation/SA1516.md) [D:\PROJECTS\NOOR CANVAS\SPA\NoorCanvas\NoorCanvas.csproj]
D:\PROJECTS\NOOR CANVAS\SPA\NoorCanvas\Controllers\HostController.cs(1207,1): warning SA1516: Elements should be separated by blank line (https://github.com/DotNetAnalyzers/StyleCopAnalyzers/blob/master/documentation/SA1516.md) [D:\PROJECTS\NOOR CANVAS\SPA\NoorCanvas\NoorCanvas.csproj]
D:\PROJECTS\NOOR CANVAS\SPA\NoorCanvas\Controllers\HostController.cs(1208,1): warning SA1516: Elements should be separated by blank line (https://github.com/DotNetAnalyzers/StyleCopAnalyzers/blob/master/documentation/SA1516.md) [D:\PROJECTS\NOOR CANVAS\SPA\NoorCanvas\NoorCanvas.csproj]
D:\PROJECTS\NOOR CANVAS\SPA\NoorCanvas\Controllers\HostController.cs(1217,1): warning SA1516: Elements should be separated by blank line (https://github.com/DotNetAnalyzers/StyleCopAnalyzers/blob/master/documentation/SA1516.md) [D:\PROJECTS\NOOR CANVAS\SPA\NoorCanvas\NoorCanvas.csproj]
D:\PROJECTS\NOOR CANVAS\SPA\NoorCanvas\Controllers\HostController.cs(1218,1): warning SA1516: Elements should be separated by blank line (https://github.com/DotNetAnalyzers/StyleCopAnalyzers/blob/master/documentation/SA1516.md) [D:\PROJECTS\NOOR CANVAS\SPA\NoorCanvas\NoorCanvas.csproj]
D:\PROJECTS\NOOR CANVAS\SPA\NoorCanvas\Controllers\HostController.cs(1219,1): warning SA1516: Elements should be separated by blank line (https://github.com/DotNetAnalyzers/StyleCopAnalyzers/blob/master/documentation/SA1516.md) [D:\PROJECTS\NOOR CANVAS\SPA\NoorCanvas\NoorCanvas.csproj]
D:\PROJECTS\NOOR CANVAS\SPA\NoorCanvas\Controllers\HostController.cs(1220,1): warning SA1516: Elements should be separated by blank line (https://github.com/DotNetAnalyzers/StyleCopAnalyzers/blob/master/documentation/SA1516.md) [D:\PROJECTS\NOOR CANVAS\SPA\NoorCanvas\NoorCanvas.csproj]
D:\PROJECTS\NOOR CANVAS\SPA\NoorCanvas\Controllers\HostController.cs(1221,1): warning SA1516: Elements should be separated by blank line (https://github.com/DotNetAnalyzers/StyleCopAnalyzers/blob/master/documentation/SA1516.md) [D:\PROJECTS\NOOR CANVAS\SPA\NoorCanvas\NoorCanvas.csproj]
D:\PROJECTS\NOOR CANVAS\SPA\NoorCanvas\Controllers\HostController.cs(1222,1): warning SA1516: Elements should be separated by blank line (https://github.com/DotNetAnalyzers/StyleCopAnalyzers/blob/master/documentation/SA1516.md) [D:\PROJECTS\NOOR CANVAS\SPA\NoorCanvas\NoorCanvas.csproj]
D:\PROJECTS\NOOR CANVAS\SPA\NoorCanvas\Controllers\HostController.cs(1257,1): warning SA1516: Elements should be separated by blank line (https://github.com/DotNetAnalyzers/StyleCopAnalyzers/blob/master/documentation/SA1516.md) [D:\PROJECTS\NOOR CANVAS\SPA\NoorCanvas\NoorCanvas.csproj]
D:\PROJECTS\NOOR CANVAS\SPA\NoorCanvas\Controllers\HostController.cs(1258,1): warning SA1516: Elements should be separated by blank line (https://github.com/DotNetAnalyzers/StyleCopAnalyzers/blob/master/documentation/SA1516.md) [D:\PROJECTS\NOOR CANVAS\SPA\NoorCanvas\NoorCanvas.csproj]
D:\PROJECTS\NOOR CANVAS\SPA\NoorCanvas\Controllers\HostController.cs(1265,1): warning SA1516: Elements should be separated by blank line (https://github.com/DotNetAnalyzers/StyleCopAnalyzers/blob/master/documentation/SA1516.md) [D:\PROJECTS\NOOR CANVAS\SPA\NoorCanvas\NoorCanvas.csproj]
D:\PROJECTS\NOOR CANVAS\SPA\NoorCanvas\Controllers\HostController.cs(1266,1): warning SA1516: Elements should be separated by blank line (https://github.com/DotNetAnalyzers/StyleCopAnalyzers/blob/master/documentation/SA1516.md) [D:\PROJECTS\NOOR CANVAS\SPA\NoorCanvas\NoorCanvas.csproj]
D:\PROJECTS\NOOR CANVAS\SPA\NoorCanvas\Controllers\HostController.cs(1228,1): warning SA1516: Elements should be separated by blank line (https://github.com/DotNetAnalyzers/StyleCopAnalyzers/blob/master/documentation/SA1516.md) [D:\PROJECTS\NOOR CANVAS\SPA\NoorCanvas\NoorCanvas.csproj]
D:\PROJECTS\NOOR CANVAS\SPA\NoorCanvas\Controllers\HostController.cs(1229,1): warning SA1516: Elements should be separated by blank line (https://github.com/DotNetAnalyzers/StyleCopAnalyzers/blob/master/documentation/SA1516.md) [D:\PROJECTS\NOOR CANVAS\SPA\NoorCanvas\NoorCanvas.csproj]
D:\PROJECTS\NOOR CANVAS\SPA\NoorCanvas\Controllers\HostController.cs(1230,1): warning SA1516: Elements should be separated by blank line (https://github.com/DotNetAnalyzers/StyleCopAnalyzers/blob/master/documentation/SA1516.md) [D:\PROJECTS\NOOR CANVAS\SPA\NoorCanvas\NoorCanvas.csproj]
D:\PROJECTS\NOOR CANVAS\SPA\NoorCanvas\Controllers\HostController.cs(1231,1): warning SA1516: Elements should be separated by blank line (https://github.com/DotNetAnalyzers/StyleCopAnalyzers/blob/master/documentation/SA1516.md) [D:\PROJECTS\NOOR CANVAS\SPA\NoorCanvas\NoorCanvas.csproj]
D:\PROJECTS\NOOR CANVAS\SPA\NoorCanvas\Controllers\HostController.cs(1232,1): warning SA1516: Elements should be separated by blank line (https://github.com/DotNetAnalyzers/StyleCopAnalyzers/blob/master/documentation/SA1516.md) [D:\PROJECTS\NOOR CANVAS\SPA\NoorCanvas\NoorCanvas.csproj]
D:\PROJECTS\NOOR CANVAS\SPA\NoorCanvas\Controllers\HostController.cs(1272,1): warning SA1516: Elements should be separated by blank line (https://github.com/DotNetAnalyzers/StyleCopAnalyzers/blob/master/documentation/SA1516.md) [D:\PROJECTS\NOOR CANVAS\SPA\NoorCanvas\NoorCanvas.csproj]
D:\PROJECTS\NOOR CANVAS\SPA\NoorCanvas\Controllers\HostController.cs(1273,1): warning SA1516: Elements should be separated by blank line (https://github.com/DotNetAnalyzers/StyleCopAnalyzers/blob/master/documentation/SA1516.md) [D:\PROJECTS\NOOR CANVAS\SPA\NoorCanvas\NoorCanvas.csproj]
D:\PROJECTS\NOOR CANVAS\SPA\NoorCanvas\Program.cs(336,30): warning SA1502: Element should not be on a single line (https://github.com/DotNetAnalyzers/StyleCopAnalyzers/blob/master/documentation/SA1502.md) [D:\PROJECTS\NOOR CANVAS\SPA\NoorCanvas\NoorCanvas.csproj]
D:\PROJECTS\NOOR CANVAS\SPA\NoorCanvas\Controllers\HostProvisionerController.cs(13,61): warning SA1309: Field '_logger' should not begin with an underscore (https://github.com/DotNetAnalyzers/StyleCopAnalyzers/blob/master/documentation/SA1309.md) [D:\PROJECTS\NOOR CANVAS\SPA\NoorCanvas\NoorCanvas.csproj]
D:\PROJECTS\NOOR CANVAS\SPA\NoorCanvas\Controllers\HostProvisionerController.cs(14,42): warning SA1309: Field '_context' should not begin with an underscore (https://github.com/DotNetAnalyzers/StyleCopAnalyzers/blob/master/documentation/SA1309.md) [D:\PROJECTS\NOOR CANVAS\SPA\NoorCanvas\NoorCanvas.csproj]
D:\PROJECTS\NOOR CANVAS\SPA\NoorCanvas\Controllers\HostProvisionerController.cs(90,1): warning SA1516: Elements should be separated by blank line (https://github.com/DotNetAnalyzers/StyleCopAnalyzers/blob/master/documentation/SA1516.md) [D:\PROJECTS\NOOR CANVAS\SPA\NoorCanvas\NoorCanvas.csproj]
D:\PROJECTS\NOOR CANVAS\SPA\NoorCanvas\Controllers\HostProvisionerController.cs(15,40): warning SA1204: Static members should appear before non-static members (https://github.com/DotNetAnalyzers/StyleCopAnalyzers/blob/master/documentation/SA1204.md) [D:\PROJECTS\NOOR CANVAS\SPA\NoorCanvas\NoorCanvas.csproj]
D:\PROJECTS\NOOR CANVAS\SPA\NoorCanvas\Controllers\HostProvisionerController.cs(96,1): warning SA1516: Elements should be separated by blank line (https://github.com/DotNetAnalyzers/StyleCopAnalyzers/blob/master/documentation/SA1516.md) [D:\PROJECTS\NOOR CANVAS\SPA\NoorCanvas\NoorCanvas.csproj]
D:\PROJECTS\NOOR CANVAS\SPA\NoorCanvas\Controllers\HostProvisionerController.cs(97,1): warning SA1516: Elements should be separated by blank line (https://github.com/DotNetAnalyzers/StyleCopAnalyzers/blob/master/documentation/SA1516.md) [D:\PROJECTS\NOOR CANVAS\SPA\NoorCanvas\NoorCanvas.csproj]
D:\PROJECTS\NOOR CANVAS\SPA\NoorCanvas\Controllers\HostProvisionerController.cs(98,1): warning SA1516: Elements should be separated by blank line (https://github.com/DotNetAnalyzers/StyleCopAnalyzers/blob/master/documentation/SA1516.md) [D:\PROJECTS\NOOR CANVAS\SPA\NoorCanvas\NoorCanvas.csproj]
D:\PROJECTS\NOOR CANVAS\SPA\NoorCanvas\Controllers\HostProvisionerController.cs(99,1): warning SA1516: Elements should be separated by blank line (https://github.com/DotNetAnalyzers/StyleCopAnalyzers/blob/master/documentation/SA1516.md) [D:\PROJECTS\NOOR CANVAS\SPA\NoorCanvas\NoorCanvas.csproj]
D:\PROJECTS\NOOR CANVAS\SPA\NoorCanvas\Controllers\HostProvisionerController.cs(100,1): warning SA1516: Elements should be separated by blank line (https://github.com/DotNetAnalyzers/StyleCopAnalyzers/blob/master/documentation/SA1516.md) [D:\PROJECTS\NOOR CANVAS\SPA\NoorCanvas\NoorCanvas.csproj]
D:\PROJECTS\NOOR CANVAS\SPA\NoorCanvas\Data\KSessionsDbContext.cs(18,1): warning SA1516: Elements should be separated by blank line (https://github.com/DotNetAnalyzers/StyleCopAnalyzers/blob/master/documentation/SA1516.md) [D:\PROJECTS\NOOR CANVAS\SPA\NoorCanvas\NoorCanvas.csproj]
D:\PROJECTS\NOOR CANVAS\SPA\NoorCanvas\Data\KSessionsDbContext.cs(19,1): warning SA1516: Elements should be separated by blank line (https://github.com/DotNetAnalyzers/StyleCopAnalyzers/blob/master/documentation/SA1516.md) [D:\PROJECTS\NOOR CANVAS\SPA\NoorCanvas\NoorCanvas.csproj]
D:\PROJECTS\NOOR CANVAS\SPA\NoorCanvas\Data\KSessionsDbContext.cs(20,1): warning SA1516: Elements should be separated by blank line (https://github.com/DotNetAnalyzers/StyleCopAnalyzers/blob/master/documentation/SA1516.md) [D:\PROJECTS\NOOR CANVAS\SPA\NoorCanvas\NoorCanvas.csproj]
D:\PROJECTS\NOOR CANVAS\SPA\NoorCanvas\Data\KSessionsDbContext.cs(21,1): warning SA1516: Elements should be separated by blank line (https://github.com/DotNetAnalyzers/StyleCopAnalyzers/blob/master/documentation/SA1516.md) [D:\PROJECTS\NOOR CANVAS\SPA\NoorCanvas\NoorCanvas.csproj]
D:\PROJECTS\NOOR CANVAS\SPA\NoorCanvas\Data\KSessionsDbContext.cs(22,1): warning SA1516: Elements should be separated by blank line (https://github.com/DotNetAnalyzers/StyleCopAnalyzers/blob/master/documentation/SA1516.md) [D:\PROJECTS\NOOR CANVAS\SPA\NoorCanvas\NoorCanvas.csproj]
D:\PROJECTS\NOOR CANVAS\SPA\NoorCanvas\Controllers\HostController.cs(20,52): warning SA1309: Field '_context' should not begin with an underscore (https://github.com/DotNetAnalyzers/StyleCopAnalyzers/blob/master/documentation/SA1309.md) [D:\PROJECTS\NOOR CANVAS\SPA\NoorCanvas\NoorCanvas.csproj]
D:\PROJECTS\NOOR CANVAS\SPA\NoorCanvas\Controllers\HostController.cs(21,45): warning SA1309: Field '_kSessionsContext' should not begin with an underscore (https://github.com/DotNetAnalyzers/StyleCopAnalyzers/blob/master/documentation/SA1309.md) [D:\PROJECTS\NOOR CANVAS\SPA\NoorCanvas\NoorCanvas.csproj]
D:\PROJECTS\NOOR CANVAS\SPA\NoorCanvas\Controllers\HostController.cs(22,50): warning SA1309: Field '_logger' should not begin with an underscore (https://github.com/DotNetAnalyzers/StyleCopAnalyzers/blob/master/documentation/SA1309.md) [D:\PROJECTS\NOOR CANVAS\SPA\NoorCanvas\NoorCanvas.csproj]
D:\PROJECTS\NOOR CANVAS\SPA\NoorCanvas\Controllers\HostController.cs(23,50): warning SA1309: Field '_sessionHub' should not begin with an underscore (https://github.com/DotNetAnalyzers/StyleCopAnalyzers/blob/master/documentation/SA1309.md) [D:\PROJECTS\NOOR CANVAS\SPA\NoorCanvas\NoorCanvas.csproj]
D:\PROJECTS\NOOR CANVAS\SPA\NoorCanvas\Controllers\HostController.cs(24,49): warning SA1309: Field '_simplifiedTokenService' should not begin with an underscore (https://github.com/DotNetAnalyzers/StyleCopAnalyzers/blob/master/documentation/SA1309.md) [D:\PROJECTS\NOOR CANVAS\SPA\NoorCanvas\NoorCanvas.csproj]
D:\PROJECTS\NOOR CANVAS\SPA\NoorCanvas\Controllers\HostController.cs(25,43): warning SA1309: Field '_countriesOptions' should not begin with an underscore (https://github.com/DotNetAnalyzers/StyleCopAnalyzers/blob/master/documentation/SA1309.md) [D:\PROJECTS\NOOR CANVAS\SPA\NoorCanvas\NoorCanvas.csproj]
D:\PROJECTS\NOOR CANVAS\SPA\NoorCanvas\Controllers\HostController.cs(1247,1): warning SA1516: Elements should be separated by blank line (https://github.com/DotNetAnalyzers/StyleCopAnalyzers/blob/master/documentation/SA1516.md) [D:\PROJECTS\NOOR CANVAS\SPA\NoorCanvas\NoorCanvas.csproj]
D:\PROJECTS\NOOR CANVAS\SPA\NoorCanvas\Controllers\HostController.cs(1248,1): warning SA1516: Elements should be separated by blank line (https://github.com/DotNetAnalyzers/StyleCopAnalyzers/blob/master/documentation/SA1516.md) [D:\PROJECTS\NOOR CANVAS\SPA\NoorCanvas\NoorCanvas.csproj]
D:\PROJECTS\NOOR CANVAS\SPA\NoorCanvas\Controllers\HostController.cs(1249,1): warning SA1516: Elements should be separated by blank line (https://github.com/DotNetAnalyzers/StyleCopAnalyzers/blob/master/documentation/SA1516.md) [D:\PROJECTS\NOOR CANVAS\SPA\NoorCanvas\NoorCanvas.csproj]
D:\PROJECTS\NOOR CANVAS\SPA\NoorCanvas\Controllers\HostController.cs(1250,1): warning SA1516: Elements should be separated by blank line (https://github.com/DotNetAnalyzers/StyleCopAnalyzers/blob/master/documentation/SA1516.md) [D:\PROJECTS\NOOR CANVAS\SPA\NoorCanvas\NoorCanvas.csproj]
D:\PROJECTS\NOOR CANVAS\SPA\NoorCanvas\Controllers\HostController.cs(1251,1): warning SA1516: Elements should be separated by blank line (https://github.com/DotNetAnalyzers/StyleCopAnalyzers/blob/master/documentation/SA1516.md) [D:\PROJECTS\NOOR CANVAS\SPA\NoorCanvas\NoorCanvas.csproj]
D:\PROJECTS\NOOR CANVAS\SPA\NoorCanvas\Controllers\IssueController.cs(13,38): warning SA1309: Field '_context' should not begin with an underscore (https://github.com/DotNetAnalyzers/StyleCopAnalyzers/blob/master/documentation/SA1309.md) [D:\PROJECTS\NOOR CANVAS\SPA\NoorCanvas\NoorCanvas.csproj]
D:\PROJECTS\NOOR CANVAS\SPA\NoorCanvas\Controllers\IssueController.cs(14,47): warning SA1309: Field '_logger' should not begin with an underscore (https://github.com/DotNetAnalyzers/StyleCopAnalyzers/blob/master/documentation/SA1309.md) [D:\PROJECTS\NOOR CANVAS\SPA\NoorCanvas\NoorCanvas.csproj]
D:\PROJECTS\NOOR CANVAS\SPA\NoorCanvas\Controllers\HostController.cs(1162,47): warning SA1025: Code should not contain multiple whitespace characters in a row (https://github.com/DotNetAnalyzers/StyleCopAnalyzers/blob/master/documentation/SA1025.md) [D:\PROJECTS\NOOR CANVAS\SPA\NoorCanvas\NoorCanvas.csproj]
D:\PROJECTS\NOOR CANVAS\SPA\NoorCanvas\Controllers\HostController.cs(1238,1): warning SA1516: Elements should be separated by blank line (https://github.com/DotNetAnalyzers/StyleCopAnalyzers/blob/master/documentation/SA1516.md) [D:\PROJECTS\NOOR CANVAS\SPA\NoorCanvas\NoorCanvas.csproj]
D:\PROJECTS\NOOR CANVAS\SPA\NoorCanvas\Controllers\HostController.cs(1239,1): warning SA1516: Elements should be separated by blank line (https://github.com/DotNetAnalyzers/StyleCopAnalyzers/blob/master/documentation/SA1516.md) [D:\PROJECTS\NOOR CANVAS\SPA\NoorCanvas\NoorCanvas.csproj]
D:\PROJECTS\NOOR CANVAS\SPA\NoorCanvas\Controllers\HostController.cs(1240,1): warning SA1516: Elements should be separated by blank line (https://github.com/DotNetAnalyzers/StyleCopAnalyzers/blob/master/documentation/SA1516.md) [D:\PROJECTS\NOOR CANVAS\SPA\NoorCanvas\NoorCanvas.csproj]
D:\PROJECTS\NOOR CANVAS\SPA\NoorCanvas\Controllers\HostController.cs(1241,1): warning SA1516: Elements should be separated by blank line (https://github.com/DotNetAnalyzers/StyleCopAnalyzers/blob/master/documentation/SA1516.md) [D:\PROJECTS\NOOR CANVAS\SPA\NoorCanvas\NoorCanvas.csproj]
D:\PROJECTS\NOOR CANVAS\SPA\NoorCanvas\Controllers\HostController.cs(273,1): warning SA1028: Code should not contain trailing whitespace (https://github.com/DotNetAnalyzers/StyleCopAnalyzers/blob/master/documentation/SA1028.md) [D:\PROJECTS\NOOR CANVAS\SPA\NoorCanvas\NoorCanvas.csproj]
D:\PROJECTS\NOOR CANVAS\SPA\NoorCanvas\Controllers\HostController.cs(283,144): warning SA1028: Code should not contain trailing whitespace (https://github.com/DotNetAnalyzers/StyleCopAnalyzers/blob/master/documentation/SA1028.md) [D:\PROJECTS\NOOR CANVAS\SPA\NoorCanvas\NoorCanvas.csproj]
D:\PROJECTS\NOOR CANVAS\SPA\NoorCanvas\Controllers\HostController.cs(288,156): warning SA1028: Code should not contain trailing whitespace (https://github.com/DotNetAnalyzers/StyleCopAnalyzers/blob/master/documentation/SA1028.md) [D:\PROJECTS\NOOR CANVAS\SPA\NoorCanvas\NoorCanvas.csproj]
D:\PROJECTS\NOOR CANVAS\SPA\NoorCanvas\Controllers\ParticipantController.cs(15,52): warning SA1309: Field '_context' should not begin with an underscore (https://github.com/DotNetAnalyzers/StyleCopAnalyzers/blob/master/documentation/SA1309.md) [D:\PROJECTS\NOOR CANVAS\SPA\NoorCanvas\NoorCanvas.csproj]
D:\PROJECTS\NOOR CANVAS\SPA\NoorCanvas\Controllers\ParticipantController.cs(16,45): warning SA1309: Field '_kSessionsContext' should not begin with an underscore (https://github.com/DotNetAnalyzers/StyleCopAnalyzers/blob/master/documentation/SA1309.md) [D:\PROJECTS\NOOR CANVAS\SPA\NoorCanvas\NoorCanvas.csproj]
D:\PROJECTS\NOOR CANVAS\SPA\NoorCanvas\Controllers\ParticipantController.cs(17,57): warning SA1309: Field '_logger' should not begin with an underscore (https://github.com/DotNetAnalyzers/StyleCopAnalyzers/blob/master/documentation/SA1309.md) [D:\PROJECTS\NOOR CANVAS\SPA\NoorCanvas\NoorCanvas.csproj]
D:\PROJECTS\NOOR CANVAS\SPA\NoorCanvas\Controllers\ParticipantController.cs(18,49): warning SA1309: Field '_tokenService' should not begin with an underscore (https://github.com/DotNetAnalyzers/StyleCopAnalyzers/blob/master/documentation/SA1309.md) [D:\PROJECTS\NOOR CANVAS\SPA\NoorCanvas\NoorCanvas.csproj]
D:\PROJECTS\NOOR CANVAS\SPA\NoorCanvas\Controllers\ParticipantController.cs(19,50): warning SA1309: Field '_sessionHub' should not begin with an underscore (https://github.com/DotNetAnalyzers/StyleCopAnalyzers/blob/master/documentation/SA1309.md) [D:\PROJECTS\NOOR CANVAS\SPA\NoorCanvas\NoorCanvas.csproj]
D:\PROJECTS\NOOR CANVAS\SPA\NoorCanvas\Controllers\HostProvisionerController.cs(1,1): warning SA1633: The file header is missing or not located at the top of the file. (https://github.com/DotNetAnalyzers/StyleCopAnalyzers/blob/master/documentation/SA1633.md) [D:\PROJECTS\NOOR CANVAS\SPA\NoorCanvas\NoorCanvas.csproj]
D:\PROJECTS\NOOR CANVAS\SPA\NoorCanvas\Controllers\HostProvisionerController.cs(87,18): warning SA1402: File may only contain a single type (https://github.com/DotNetAnalyzers/StyleCopAnalyzers/blob/master/documentation/SA1402.md) [D:\PROJECTS\NOOR CANVAS\SPA\NoorCanvas\NoorCanvas.csproj]
D:\PROJECTS\NOOR CANVAS\SPA\NoorCanvas\Controllers\HostProvisionerController.cs(93,18): warning SA1402: File may only contain a single type (https://github.com/DotNetAnalyzers/StyleCopAnalyzers/blob/master/documentation/SA1402.md) [D:\PROJECTS\NOOR CANVAS\SPA\NoorCanvas\NoorCanvas.csproj]
D:\PROJECTS\NOOR CANVAS\SPA\NoorCanvas\Controllers\IssueController.cs(1,1): warning SA1633: The file header is missing or not located at the top of the file. (https://github.com/DotNetAnalyzers/StyleCopAnalyzers/blob/master/documentation/SA1633.md) [D:\PROJECTS\NOOR CANVAS\SPA\NoorCanvas\NoorCanvas.csproj]
D:\PROJECTS\NOOR CANVAS\SPA\NoorCanvas\Controllers\IssueController.cs(188,14): warning SA1402: File may only contain a single type (https://github.com/DotNetAnalyzers/StyleCopAnalyzers/blob/master/documentation/SA1402.md) [D:\PROJECTS\NOOR CANVAS\SPA\NoorCanvas\NoorCanvas.csproj]
D:\PROJECTS\NOOR CANVAS\SPA\NoorCanvas\Controllers\IssueController.cs(214,14): warning SA1402: File may only contain a single type (https://github.com/DotNetAnalyzers/StyleCopAnalyzers/blob/master/documentation/SA1402.md) [D:\PROJECTS\NOOR CANVAS\SPA\NoorCanvas\NoorCanvas.csproj]
D:\PROJECTS\NOOR CANVAS\SPA\NoorCanvas\Controllers\LogsController.cs(1,1): warning SA1633: The file header is missing or not located at the top of the file. (https://github.com/DotNetAnalyzers/StyleCopAnalyzers/blob/master/documentation/SA1633.md) [D:\PROJECTS\NOOR CANVAS\SPA\NoorCanvas\NoorCanvas.csproj]
D:\PROJECTS\NOOR CANVAS\SPA\NoorCanvas\Controllers\ParticipantController.cs(1,1): warning SA1633: The file header is missing or not located at the top of the file. (https://github.com/DotNetAnalyzers/StyleCopAnalyzers/blob/master/documentation/SA1633.md) [D:\PROJECTS\NOOR CANVAS\SPA\NoorCanvas\NoorCanvas.csproj]
D:\PROJECTS\NOOR CANVAS\SPA\NoorCanvas\Controllers\ParticipantController.cs(141,25): warning SA1515: Single-line comment should be preceded by blank line (https://github.com/DotNetAnalyzers/StyleCopAnalyzers/blob/master/documentation/SA1515.md) [D:\PROJECTS\NOOR CANVAS\SPA\NoorCanvas\NoorCanvas.csproj]
D:\PROJECTS\NOOR CANVAS\SPA\NoorCanvas\Controllers\ParticipantController.cs(286,21): warning SA1515: Single-line comment should be preceded by blank line (https://github.com/DotNetAnalyzers/StyleCopAnalyzers/blob/master/documentation/SA1515.md) [D:\PROJECTS\NOOR CANVAS\SPA\NoorCanvas\NoorCanvas.csproj]
D:\PROJECTS\NOOR CANVAS\SPA\NoorCanvas\Controllers\IssueController.cs(217,1): warning SA1516: Elements should be separated by blank line (https://github.com/DotNetAnalyzers/StyleCopAnalyzers/blob/master/documentation/SA1516.md) [D:\PROJECTS\NOOR CANVAS\SPA\NoorCanvas\NoorCanvas.csproj]
D:\PROJECTS\NOOR CANVAS\SPA\NoorCanvas\Controllers\IssueController.cs(218,1): warning SA1516: Elements should be separated by blank line (https://github.com/DotNetAnalyzers/StyleCopAnalyzers/blob/master/documentation/SA1516.md) [D:\PROJECTS\NOOR CANVAS\SPA\NoorCanvas\NoorCanvas.csproj]
D:\PROJECTS\NOOR CANVAS\SPA\NoorCanvas\Controllers\IssueController.cs(219,1): warning SA1516: Elements should be separated by blank line (https://github.com/DotNetAnalyzers/StyleCopAnalyzers/blob/master/documentation/SA1516.md) [D:\PROJECTS\NOOR CANVAS\SPA\NoorCanvas\NoorCanvas.csproj]
D:\PROJECTS\NOOR CANVAS\SPA\NoorCanvas\Controllers\IssueController.cs(220,1): warning SA1516: Elements should be separated by blank line (https://github.com/DotNetAnalyzers/StyleCopAnalyzers/blob/master/documentation/SA1516.md) [D:\PROJECTS\NOOR CANVAS\SPA\NoorCanvas\NoorCanvas.csproj]
D:\PROJECTS\NOOR CANVAS\SPA\NoorCanvas\Controllers\IssueController.cs(221,1): warning SA1516: Elements should be separated by blank line (https://github.com/DotNetAnalyzers/StyleCopAnalyzers/blob/master/documentation/SA1516.md) [D:\PROJECTS\NOOR CANVAS\SPA\NoorCanvas\NoorCanvas.csproj]
D:\PROJECTS\NOOR CANVAS\SPA\NoorCanvas\Controllers\IssueController.cs(222,1): warning SA1516: Elements should be separated by blank line (https://github.com/DotNetAnalyzers/StyleCopAnalyzers/blob/master/documentation/SA1516.md) [D:\PROJECTS\NOOR CANVAS\SPA\NoorCanvas\NoorCanvas.csproj]
D:\PROJECTS\NOOR CANVAS\SPA\NoorCanvas\Controllers\LogsController.cs(10,46): warning SA1309: Field '_logger' should not begin with an underscore (https://github.com/DotNetAnalyzers/StyleCopAnalyzers/blob/master/documentation/SA1309.md) [D:\PROJECTS\NOOR CANVAS\SPA\NoorCanvas\NoorCanvas.csproj]
D:\PROJECTS\NOOR CANVAS\SPA\NoorCanvas\Middleware\DebugMiddleware.cs(94,25): warning SA1204: Static members should appear before non-static members (https://github.com/DotNetAnalyzers/StyleCopAnalyzers/blob/master/documentation/SA1204.md) [D:\PROJECTS\NOOR CANVAS\SPA\NoorCanvas\NoorCanvas.csproj]
D:\PROJECTS\NOOR CANVAS\SPA\NoorCanvas\Controllers\ParticipantController.cs(83,1): warning SA1028: Code should not contain trailing whitespace (https://github.com/DotNetAnalyzers/StyleCopAnalyzers/blob/master/documentation/SA1028.md) [D:\PROJECTS\NOOR CANVAS\SPA\NoorCanvas\NoorCanvas.csproj]
D:\PROJECTS\NOOR CANVAS\SPA\NoorCanvas\Controllers\ParticipantController.cs(254,186): warning SA1028: Code should not contain trailing whitespace (https://github.com/DotNetAnalyzers/StyleCopAnalyzers/blob/master/documentation/SA1028.md) [D:\PROJECTS\NOOR CANVAS\SPA\NoorCanvas\NoorCanvas.csproj]
D:\PROJECTS\NOOR CANVAS\SPA\NoorCanvas\Controllers\ParticipantController.cs(261,142): warning SA1028: Code should not contain trailing whitespace (https://github.com/DotNetAnalyzers/StyleCopAnalyzers/blob/master/documentation/SA1028.md) [D:\PROJECTS\NOOR CANVAS\SPA\NoorCanvas\NoorCanvas.csproj]
D:\PROJECTS\NOOR CANVAS\SPA\NoorCanvas\Controllers\ParticipantController.cs(338,125): warning SA1028: Code should not contain trailing whitespace (https://github.com/DotNetAnalyzers/StyleCopAnalyzers/blob/master/documentation/SA1028.md) [D:\PROJECTS\NOOR CANVAS\SPA\NoorCanvas\NoorCanvas.csproj]
D:\PROJECTS\NOOR CANVAS\SPA\NoorCanvas\Controllers\ParticipantController.cs(377,178): warning SA1028: Code should not contain trailing whitespace (https://github.com/DotNetAnalyzers/StyleCopAnalyzers/blob/master/documentation/SA1028.md) [D:\PROJECTS\NOOR CANVAS\SPA\NoorCanvas\NoorCanvas.csproj]
D:\PROJECTS\NOOR CANVAS\SPA\NoorCanvas\Controllers\ParticipantController.cs(379,1): warning SA1028: Code should not contain trailing whitespace (https://github.com/DotNetAnalyzers/StyleCopAnalyzers/blob/master/documentation/SA1028.md) [D:\PROJECTS\NOOR CANVAS\SPA\NoorCanvas\NoorCanvas.csproj]
D:\PROJECTS\NOOR CANVAS\SPA\NoorCanvas\Controllers\ParticipantController.cs(385,164): warning SA1028: Code should not contain trailing whitespace (https://github.com/DotNetAnalyzers/StyleCopAnalyzers/blob/master/documentation/SA1028.md) [D:\PROJECTS\NOOR CANVAS\SPA\NoorCanvas\NoorCanvas.csproj]
D:\PROJECTS\NOOR CANVAS\SPA\NoorCanvas\Controllers\ParticipantController.cs(390,118): warning SA1028: Code should not contain trailing whitespace (https://github.com/DotNetAnalyzers/StyleCopAnalyzers/blob/master/documentation/SA1028.md) [D:\PROJECTS\NOOR CANVAS\SPA\NoorCanvas\NoorCanvas.csproj]
D:\PROJECTS\NOOR CANVAS\SPA\NoorCanvas\Controllers\ParticipantController.cs(399,111): warning SA1028: Code should not contain trailing whitespace (https://github.com/DotNetAnalyzers/StyleCopAnalyzers/blob/master/documentation/SA1028.md) [D:\PROJECTS\NOOR CANVAS\SPA\NoorCanvas\NoorCanvas.csproj]
D:\PROJECTS\NOOR CANVAS\SPA\NoorCanvas\Controllers\ParticipantController.cs(444,1): warning SA1028: Code should not contain trailing whitespace (https://github.com/DotNetAnalyzers/StyleCopAnalyzers/blob/master/documentation/SA1028.md) [D:\PROJECTS\NOOR CANVAS\SPA\NoorCanvas\NoorCanvas.csproj]
D:\PROJECTS\NOOR CANVAS\SPA\NoorCanvas\Controllers\ParticipantController.cs(445,132): warning SA1028: Code should not contain trailing whitespace (https://github.com/DotNetAnalyzers/StyleCopAnalyzers/blob/master/documentation/SA1028.md) [D:\PROJECTS\NOOR CANVAS\SPA\NoorCanvas\NoorCanvas.csproj]
D:\PROJECTS\NOOR CANVAS\SPA\NoorCanvas\Controllers\ParticipantController.cs(472,36): warning SA1028: Code should not contain trailing whitespace (https://github.com/DotNetAnalyzers/StyleCopAnalyzers/blob/master/documentation/SA1028.md) [D:\PROJECTS\NOOR CANVAS\SPA\NoorCanvas\NoorCanvas.csproj]
D:\PROJECTS\NOOR CANVAS\SPA\NoorCanvas\Controllers\ParticipantController.cs(473,74): warning SA1028: Code should not contain trailing whitespace (https://github.com/DotNetAnalyzers/StyleCopAnalyzers/blob/master/documentation/SA1028.md) [D:\PROJECTS\NOOR CANVAS\SPA\NoorCanvas\NoorCanvas.csproj]
D:\PROJECTS\NOOR CANVAS\SPA\NoorCanvas\Controllers\ParticipantController.cs(476,46): warning SA1028: Code should not contain trailing whitespace (https://github.com/DotNetAnalyzers/StyleCopAnalyzers/blob/master/documentation/SA1028.md) [D:\PROJECTS\NOOR CANVAS\SPA\NoorCanvas\NoorCanvas.csproj]
D:\PROJECTS\NOOR CANVAS\SPA\NoorCanvas\Controllers\ParticipantController.cs(508,32): warning SA1028: Code should not contain trailing whitespace (https://github.com/DotNetAnalyzers/StyleCopAnalyzers/blob/master/documentation/SA1028.md) [D:\PROJECTS\NOOR CANVAS\SPA\NoorCanvas\NoorCanvas.csproj]
D:\PROJECTS\NOOR CANVAS\SPA\NoorCanvas\Controllers\ParticipantController.cs(509,67): warning SA1028: Code should not contain trailing whitespace (https://github.com/DotNetAnalyzers/StyleCopAnalyzers/blob/master/documentation/SA1028.md) [D:\PROJECTS\NOOR CANVAS\SPA\NoorCanvas\NoorCanvas.csproj]
D:\PROJECTS\NOOR CANVAS\SPA\NoorCanvas\Controllers\ParticipantController.cs(512,42): warning SA1028: Code should not contain trailing whitespace (https://github.com/DotNetAnalyzers/StyleCopAnalyzers/blob/master/documentation/SA1028.md) [D:\PROJECTS\NOOR CANVAS\SPA\NoorCanvas\NoorCanvas.csproj]
D:\PROJECTS\NOOR CANVAS\SPA\NoorCanvas\Controllers\QuestionController.cs(1,1): warning SA1633: The file header is missing or not located at the top of the file. (https://github.com/DotNetAnalyzers/StyleCopAnalyzers/blob/master/documentation/SA1633.md) [D:\PROJECTS\NOOR CANVAS\SPA\NoorCanvas\NoorCanvas.csproj]
D:\PROJECTS\NOOR CANVAS\SPA\NoorCanvas\Controllers\QuestionController.cs(41,14): warning SA1513: Closing brace should be followed by blank line (https://github.com/DotNetAnalyzers/StyleCopAnalyzers/blob/master/documentation/SA1513.md) [D:\PROJECTS\NOOR CANVAS\SPA\NoorCanvas\NoorCanvas.csproj]
D:\PROJECTS\NOOR CANVAS\SPA\NoorCanvas\Controllers\QuestionController.cs(58,18): warning SA1513: Closing brace should be followed by blank line (https://github.com/DotNetAnalyzers/StyleCopAnalyzers/blob/master/documentation/SA1513.md) [D:\PROJECTS\NOOR CANVAS\SPA\NoorCanvas\NoorCanvas.csproj]
D:\PROJECTS\NOOR CANVAS\SPA\NoorCanvas\Controllers\QuestionController.cs(60,14): warning SA1513: Closing brace should be followed by blank line (https://github.com/DotNetAnalyzers/StyleCopAnalyzers/blob/master/documentation/SA1513.md) [D:\PROJECTS\NOOR CANVAS\SPA\NoorCanvas\NoorCanvas.csproj]
D:\PROJECTS\NOOR CANVAS\SPA\NoorCanvas\Controllers\QuestionController.cs(54,17): warning SA1515: Single-line comment should be preceded by blank line (https://github.com/DotNetAnalyzers/StyleCopAnalyzers/blob/master/documentation/SA1515.md) [D:\PROJECTS\NOOR CANVAS\SPA\NoorCanvas\NoorCanvas.csproj]
D:\PROJECTS\NOOR CANVAS\SPA\NoorCanvas\Controllers\QuestionController.cs(175,21): warning SA1515: Single-line comment should be preceded by blank line (https://github.com/DotNetAnalyzers/StyleCopAnalyzers/blob/master/documentation/SA1515.md) [D:\PROJECTS\NOOR CANVAS\SPA\NoorCanvas\NoorCanvas.csproj]
D:\PROJECTS\NOOR CANVAS\SPA\NoorCanvas\Controllers\QuestionController.cs(482,18): warning SA1402: File may only contain a single type (https://github.com/DotNetAnalyzers/StyleCopAnalyzers/blob/master/documentation/SA1402.md) [D:\PROJECTS\NOOR CANVAS\SPA\NoorCanvas\NoorCanvas.csproj]
D:\PROJECTS\NOOR CANVAS\SPA\NoorCanvas\Controllers\QuestionController.cs(489,18): warning SA1402: File may only contain a single type (https://github.com/DotNetAnalyzers/StyleCopAnalyzers/blob/master/documentation/SA1402.md) [D:\PROJECTS\NOOR CANVAS\SPA\NoorCanvas\NoorCanvas.csproj]
D:\PROJECTS\NOOR CANVAS\SPA\NoorCanvas\Controllers\QuestionController.cs(496,18): warning SA1402: File may only contain a single type (https://github.com/DotNetAnalyzers/StyleCopAnalyzers/blob/master/documentation/SA1402.md) [D:\PROJECTS\NOOR CANVAS\SPA\NoorCanvas\NoorCanvas.csproj]
D:\PROJECTS\NOOR CANVAS\SPA\NoorCanvas\Controllers\QuestionController.cs(502,18): warning SA1402: File may only contain a single type (https://github.com/DotNetAnalyzers/StyleCopAnalyzers/blob/master/documentation/SA1402.md) [D:\PROJECTS\NOOR CANVAS\SPA\NoorCanvas\NoorCanvas.csproj]
D:\PROJECTS\NOOR CANVAS\SPA\NoorCanvas\Controllers\QuestionController.cs(510,18): warning SA1402: File may only contain a single type (https://github.com/DotNetAnalyzers/StyleCopAnalyzers/blob/master/documentation/SA1402.md) [D:\PROJECTS\NOOR CANVAS\SPA\NoorCanvas\NoorCanvas.csproj]
D:\PROJECTS\NOOR CANVAS\SPA\NoorCanvas\Controllers\HostController.cs(38,1): warning SA1137: Elements should have the same indentation (https://github.com/DotNetAnalyzers/StyleCopAnalyzers/blob/master/documentation/SA1137.md) [D:\PROJECTS\NOOR CANVAS\SPA\NoorCanvas\NoorCanvas.csproj]
D:\PROJECTS\NOOR CANVAS\SPA\NoorCanvas\Controllers\HostController.cs(90,1): warning SA1137: Elements should have the same indentation (https://github.com/DotNetAnalyzers/StyleCopAnalyzers/blob/master/documentation/SA1137.md) [D:\PROJECTS\NOOR CANVAS\SPA\NoorCanvas\NoorCanvas.csproj]
D:\PROJECTS\NOOR CANVAS\SPA\NoorCanvas\Data\SimplifiedCanvasDbContext.cs(19,1): warning SA1516: Elements should be separated by blank line (https://github.com/DotNetAnalyzers/StyleCopAnalyzers/blob/master/documentation/SA1516.md) [D:\PROJECTS\NOOR CANVAS\SPA\NoorCanvas\NoorCanvas.csproj]
D:\PROJECTS\NOOR CANVAS\SPA\NoorCanvas\Data\SimplifiedCanvasDbContext.cs(20,1): warning SA1516: Elements should be separated by blank line (https://github.com/DotNetAnalyzers/StyleCopAnalyzers/blob/master/documentation/SA1516.md) [D:\PROJECTS\NOOR CANVAS\SPA\NoorCanvas\NoorCanvas.csproj]
D:\PROJECTS\NOOR CANVAS\SPA\NoorCanvas\Data\SimplifiedCanvasDbContext.cs(21,1): warning SA1516: Elements should be separated by blank line (https://github.com/DotNetAnalyzers/StyleCopAnalyzers/blob/master/documentation/SA1516.md) [D:\PROJECTS\NOOR CANVAS\SPA\NoorCanvas\NoorCanvas.csproj]
D:\PROJECTS\NOOR CANVAS\SPA\NoorCanvas\Middleware\DebugMiddleware.cs(12,42): warning SA1309: Field '_next' should not begin with an underscore (https://github.com/DotNetAnalyzers/StyleCopAnalyzers/blob/master/documentation/SA1309.md) [D:\PROJECTS\NOOR CANVAS\SPA\NoorCanvas\NoorCanvas.csproj]
D:\PROJECTS\NOOR CANVAS\SPA\NoorCanvas\Middleware\DebugMiddleware.cs(13,51): warning SA1309: Field '_logger' should not begin with an underscore (https://github.com/DotNetAnalyzers/StyleCopAnalyzers/blob/master/documentation/SA1309.md) [D:\PROJECTS\NOOR CANVAS\SPA\NoorCanvas\NoorCanvas.csproj]
D:\PROJECTS\NOOR CANVAS\SPA\NoorCanvas\Controllers\QuestionController.cs(74,105): warning SA1028: Code should not contain trailing whitespace (https://github.com/DotNetAnalyzers/StyleCopAnalyzers/blob/master/documentation/SA1028.md) [D:\PROJECTS\NOOR CANVAS\SPA\NoorCanvas\NoorCanvas.csproj]
D:\PROJECTS\NOOR CANVAS\SPA\NoorCanvas\Controllers\QuestionController.cs(94,85): warning SA1028: Code should not contain trailing whitespace (https://github.com/DotNetAnalyzers/StyleCopAnalyzers/blob/master/documentation/SA1028.md) [D:\PROJECTS\NOOR CANVAS\SPA\NoorCanvas\NoorCanvas.csproj]
D:\PROJECTS\NOOR CANVAS\SPA\NoorCanvas\Controllers\QuestionController.cs(99,121): warning SA1028: Code should not contain trailing whitespace (https://github.com/DotNetAnalyzers/StyleCopAnalyzers/blob/master/documentation/SA1028.md) [D:\PROJECTS\NOOR CANVAS\SPA\NoorCanvas\NoorCanvas.csproj]
D:\PROJECTS\NOOR CANVAS\SPA\NoorCanvas\Controllers\QuestionController.cs(104,129): warning SA1028: Code should not contain trailing whitespace (https://github.com/DotNetAnalyzers/StyleCopAnalyzers/blob/master/documentation/SA1028.md) [D:\PROJECTS\NOOR CANVAS\SPA\NoorCanvas\NoorCanvas.csproj]
D:\PROJECTS\NOOR CANVAS\SPA\NoorCanvas\Controllers\QuestionController.cs(113,116): warning SA1028: Code should not contain trailing whitespace (https://github.com/DotNetAnalyzers/StyleCopAnalyzers/blob/master/documentation/SA1028.md) [D:\PROJECTS\NOOR CANVAS\SPA\NoorCanvas\NoorCanvas.csproj]
D:\PROJECTS\NOOR CANVAS\SPA\NoorCanvas\Controllers\QuestionController.cs(143,118): warning SA1028: Code should not contain trailing whitespace (https://github.com/DotNetAnalyzers/StyleCopAnalyzers/blob/master/documentation/SA1028.md) [D:\PROJECTS\NOOR CANVAS\SPA\NoorCanvas\NoorCanvas.csproj]
D:\PROJECTS\NOOR CANVAS\SPA\NoorCanvas\Controllers\QuestionController.cs(149,1): warning SA1028: Code should not contain trailing whitespace (https://github.com/DotNetAnalyzers/StyleCopAnalyzers/blob/master/documentation/SA1028.md) [D:\PROJECTS\NOOR CANVAS\SPA\NoorCanvas\NoorCanvas.csproj]
D:\PROJECTS\NOOR CANVAS\SPA\NoorCanvas\Controllers\QuestionController.cs(150,190): warning SA1028: Code should not contain trailing whitespace (https://github.com/DotNetAnalyzers/StyleCopAnalyzers/blob/master/documentation/SA1028.md) [D:\PROJECTS\NOOR CANVAS\SPA\NoorCanvas\NoorCanvas.csproj]
D:\PROJECTS\NOOR CANVAS\SPA\NoorCanvas\Controllers\QuestionController.cs(152,1): warning SA1028: Code should not contain trailing whitespace (https://github.com/DotNetAnalyzers/StyleCopAnalyzers/blob/master/documentation/SA1028.md) [D:\PROJECTS\NOOR CANVAS\SPA\NoorCanvas\NoorCanvas.csproj]
D:\PROJECTS\NOOR CANVAS\SPA\NoorCanvas\Controllers\QuestionController.cs(155,1): warning SA1028: Code should not contain trailing whitespace (https://github.com/DotNetAnalyzers/StyleCopAnalyzers/blob/master/documentation/SA1028.md) [D:\PROJECTS\NOOR CANVAS\SPA\NoorCanvas\NoorCanvas.csproj]
D:\PROJECTS\NOOR CANVAS\SPA\NoorCanvas\Controllers\QuestionController.cs(169,157): warning SA1028: Code should not contain trailing whitespace (https://github.com/DotNetAnalyzers/StyleCopAnalyzers/blob/master/documentation/SA1028.md) [D:\PROJECTS\NOOR CANVAS\SPA\NoorCanvas\NoorCanvas.csproj]
D:\PROJECTS\NOOR CANVAS\SPA\NoorCanvas\Controllers\QuestionController.cs(202,1): warning SA1028: Code should not contain trailing whitespace (https://github.com/DotNetAnalyzers/StyleCopAnalyzers/blob/master/documentation/SA1028.md) [D:\PROJECTS\NOOR CANVAS\SPA\NoorCanvas\NoorCanvas.csproj]
D:\PROJECTS\NOOR CANVAS\SPA\NoorCanvas\Controllers\QuestionController.cs(203,116): warning SA1028: Code should not contain trailing whitespace (https://github.com/DotNetAnalyzers/StyleCopAnalyzers/blob/master/documentation/SA1028.md) [D:\PROJECTS\NOOR CANVAS\SPA\NoorCanvas\NoorCanvas.csproj]
D:\PROJECTS\NOOR CANVAS\SPA\NoorCanvas\Controllers\QuestionController.cs(221,85): warning SA1028: Code should not contain trailing whitespace (https://github.com/DotNetAnalyzers/StyleCopAnalyzers/blob/master/documentation/SA1028.md) [D:\PROJECTS\NOOR CANVAS\SPA\NoorCanvas\NoorCanvas.csproj]
D:\PROJECTS\NOOR CANVAS\SPA\NoorCanvas\Controllers\QuestionController.cs(229,127): warning SA1028: Code should not contain trailing whitespace (https://github.com/DotNetAnalyzers/StyleCopAnalyzers/blob/master/documentation/SA1028.md) [D:\PROJECTS\NOOR CANVAS\SPA\NoorCanvas\NoorCanvas.csproj]
D:\PROJECTS\NOOR CANVAS\SPA\NoorCanvas\Controllers\QuestionController.cs(302,125): warning SA1028: Code should not contain trailing whitespace (https://github.com/DotNetAnalyzers/StyleCopAnalyzers/blob/master/documentation/SA1028.md) [D:\PROJECTS\NOOR CANVAS\SPA\NoorCanvas\NoorCanvas.csproj]
D:\PROJECTS\NOOR CANVAS\SPA\NoorCanvas\Controllers\QuestionController.cs(329,1): warning SA1028: Code should not contain trailing whitespace (https://github.com/DotNetAnalyzers/StyleCopAnalyzers/blob/master/documentation/SA1028.md) [D:\PROJECTS\NOOR CANVAS\SPA\NoorCanvas\NoorCanvas.csproj]
D:\PROJECTS\NOOR CANVAS\SPA\NoorCanvas\Controllers\QuestionController.cs(330,112): warning SA1028: Code should not contain trailing whitespace (https://github.com/DotNetAnalyzers/StyleCopAnalyzers/blob/master/documentation/SA1028.md) [D:\PROJECTS\NOOR CANVAS\SPA\NoorCanvas\NoorCanvas.csproj]
D:\PROJECTS\NOOR CANVAS\SPA\NoorCanvas\Controllers\QuestionController.cs(364,77): warning SA1028: Code should not contain trailing whitespace (https://github.com/DotNetAnalyzers/StyleCopAnalyzers/blob/master/documentation/SA1028.md) [D:\PROJECTS\NOOR CANVAS\SPA\NoorCanvas\NoorCanvas.csproj]
D:\PROJECTS\NOOR CANVAS\SPA\NoorCanvas\Controllers\QuestionController.cs(366,1): warning SA1028: Code should not contain trailing whitespace (https://github.com/DotNetAnalyzers/StyleCopAnalyzers/blob/master/documentation/SA1028.md) [D:\PROJECTS\NOOR CANVAS\SPA\NoorCanvas\NoorCanvas.csproj]
D:\PROJECTS\NOOR CANVAS\SPA\NoorCanvas\Controllers\QuestionController.cs(407,123): warning SA1028: Code should not contain trailing whitespace (https://github.com/DotNetAnalyzers/StyleCopAnalyzers/blob/master/documentation/SA1028.md) [D:\PROJECTS\NOOR CANVAS\SPA\NoorCanvas\NoorCanvas.csproj]
D:\PROJECTS\NOOR CANVAS\SPA\NoorCanvas\Controllers\QuestionController.cs(433,115): warning SA1028: Code should not contain trailing whitespace (https://github.com/DotNetAnalyzers/StyleCopAnalyzers/blob/master/documentation/SA1028.md) [D:\PROJECTS\NOOR CANVAS\SPA\NoorCanvas\NoorCanvas.csproj]
D:\PROJECTS\NOOR CANVAS\SPA\NoorCanvas\Controllers\QuestionController.cs(440,67): warning SA1028: Code should not contain trailing whitespace (https://github.com/DotNetAnalyzers/StyleCopAnalyzers/blob/master/documentation/SA1028.md) [D:\PROJECTS\NOOR CANVAS\SPA\NoorCanvas\NoorCanvas.csproj]
D:\PROJECTS\NOOR CANVAS\SPA\NoorCanvas\Controllers\QuestionController.cs(446,163): warning SA1028: Code should not contain trailing whitespace (https://github.com/DotNetAnalyzers/StyleCopAnalyzers/blob/master/documentation/SA1028.md) [D:\PROJECTS\NOOR CANVAS\SPA\NoorCanvas\NoorCanvas.csproj]
D:\PROJECTS\NOOR CANVAS\SPA\NoorCanvas\Controllers\QuestionController.cs(451,131): warning SA1028: Code should not contain trailing whitespace (https://github.com/DotNetAnalyzers/StyleCopAnalyzers/blob/master/documentation/SA1028.md) [D:\PROJECTS\NOOR CANVAS\SPA\NoorCanvas\NoorCanvas.csproj]
D:\PROJECTS\NOOR CANVAS\SPA\NoorCanvas\Controllers\SessionController.cs(1,1): warning SA1633: The file header is missing or not located at the top of the file. (https://github.com/DotNetAnalyzers/StyleCopAnalyzers/blob/master/documentation/SA1633.md) [D:\PROJECTS\NOOR CANVAS\SPA\NoorCanvas\NoorCanvas.csproj]
D:\PROJECTS\NOOR CANVAS\SPA\NoorCanvas\Controllers\SessionController.cs(127,1): warning SA1028: Code should not contain trailing whitespace (https://github.com/DotNetAnalyzers/StyleCopAnalyzers/blob/master/documentation/SA1028.md) [D:\PROJECTS\NOOR CANVAS\SPA\NoorCanvas\NoorCanvas.csproj]
D:\PROJECTS\NOOR CANVAS\SPA\NoorCanvas\Controllers\SessionController.cs(130,1): warning SA1028: Code should not contain trailing whitespace (https://github.com/DotNetAnalyzers/StyleCopAnalyzers/blob/master/documentation/SA1028.md) [D:\PROJECTS\NOOR CANVAS\SPA\NoorCanvas\NoorCanvas.csproj]
D:\PROJECTS\NOOR CANVAS\SPA\NoorCanvas\Controllers\SessionController.cs(131,161): warning SA1028: Code should not contain trailing whitespace (https://github.com/DotNetAnalyzers/StyleCopAnalyzers/blob/master/documentation/SA1028.md) [D:\PROJECTS\NOOR CANVAS\SPA\NoorCanvas\NoorCanvas.csproj]
D:\PROJECTS\NOOR CANVAS\SPA\NoorCanvas\Controllers\TokenController.cs(1,1): warning SA1633: The file header is missing or not located at the top of the file. (https://github.com/DotNetAnalyzers/StyleCopAnalyzers/blob/master/documentation/SA1633.md) [D:\PROJECTS\NOOR CANVAS\SPA\NoorCanvas\NoorCanvas.csproj]
D:\PROJECTS\NOOR CANVAS\SPA\NoorCanvas\Controllers\QuestionController.cs(16,52): warning SA1309: Field '_context' should not begin with an underscore (https://github.com/DotNetAnalyzers/StyleCopAnalyzers/blob/master/documentation/SA1309.md) [D:\PROJECTS\NOOR CANVAS\SPA\NoorCanvas\NoorCanvas.csproj]
D:\PROJECTS\NOOR CANVAS\SPA\NoorCanvas\Controllers\QuestionController.cs(17,54): warning SA1309: Field '_logger' should not begin with an underscore (https://github.com/DotNetAnalyzers/StyleCopAnalyzers/blob/master/documentation/SA1309.md) [D:\PROJECTS\NOOR CANVAS\SPA\NoorCanvas\NoorCanvas.csproj]
D:\PROJECTS\NOOR CANVAS\SPA\NoorCanvas\Controllers\QuestionController.cs(18,49): warning SA1309: Field '_tokenService' should not begin with an underscore (https://github.com/DotNetAnalyzers/StyleCopAnalyzers/blob/master/documentation/SA1309.md) [D:\PROJECTS\NOOR CANVAS\SPA\NoorCanvas\NoorCanvas.csproj]
D:\PROJECTS\NOOR CANVAS\SPA\NoorCanvas\Controllers\QuestionController.cs(19,50): warning SA1309: Field '_sessionHub' should not begin with an underscore (https://github.com/DotNetAnalyzers/StyleCopAnalyzers/blob/master/documentation/SA1309.md) [D:\PROJECTS\NOOR CANVAS\SPA\NoorCanvas\NoorCanvas.csproj]
D:\PROJECTS\NOOR CANVAS\SPA\NoorCanvas\Controllers\TokenController.cs(212,40): warning SA1028: Code should not contain trailing whitespace (https://github.com/DotNetAnalyzers/StyleCopAnalyzers/blob/master/documentation/SA1028.md) [D:\PROJECTS\NOOR CANVAS\SPA\NoorCanvas\NoorCanvas.csproj]
D:\PROJECTS\NOOR CANVAS\SPA\NoorCanvas\Controllers\TokenController.cs(213,52): warning SA1028: Code should not contain trailing whitespace (https://github.com/DotNetAnalyzers/StyleCopAnalyzers/blob/master/documentation/SA1028.md) [D:\PROJECTS\NOOR CANVAS\SPA\NoorCanvas\NoorCanvas.csproj]
D:\PROJECTS\NOOR CANVAS\SPA\NoorCanvas\Controllers\TokenController.cs(214,60): warning SA1028: Code should not contain trailing whitespace (https://github.com/DotNetAnalyzers/StyleCopAnalyzers/blob/master/documentation/SA1028.md) [D:\PROJECTS\NOOR CANVAS\SPA\NoorCanvas\NoorCanvas.csproj]
D:\PROJECTS\NOOR CANVAS\SPA\NoorCanvas\Controllers\TokenController.cs(215,30): warning SA1028: Code should not contain trailing whitespace (https://github.com/DotNetAnalyzers/StyleCopAnalyzers/blob/master/documentation/SA1028.md) [D:\PROJECTS\NOOR CANVAS\SPA\NoorCanvas\NoorCanvas.csproj]
D:\PROJECTS\NOOR CANVAS\SPA\NoorCanvas\Controllers\TokenController.cs(220,1): warning SA1028: Code should not contain trailing whitespace (https://github.com/DotNetAnalyzers/StyleCopAnalyzers/blob/master/documentation/SA1028.md) [D:\PROJECTS\NOOR CANVAS\SPA\NoorCanvas\NoorCanvas.csproj]
D:\PROJECTS\NOOR CANVAS\SPA\NoorCanvas\Controllers\TokenController.cs(225,38): warning SA1028: Code should not contain trailing whitespace (https://github.com/DotNetAnalyzers/StyleCopAnalyzers/blob/master/documentation/SA1028.md) [D:\PROJECTS\NOOR CANVAS\SPA\NoorCanvas\NoorCanvas.csproj]
D:\PROJECTS\NOOR CANVAS\SPA\NoorCanvas\Controllers\TokenController.cs(226,66): warning SA1028: Code should not contain trailing whitespace (https://github.com/DotNetAnalyzers/StyleCopAnalyzers/blob/master/documentation/SA1028.md) [D:\PROJECTS\NOOR CANVAS\SPA\NoorCanvas\NoorCanvas.csproj]
D:\PROJECTS\NOOR CANVAS\SPA\NoorCanvas\Controllers\TokenController.cs(228,30): warning SA1028: Code should not contain trailing whitespace (https://github.com/DotNetAnalyzers/StyleCopAnalyzers/blob/master/documentation/SA1028.md) [D:\PROJECTS\NOOR CANVAS\SPA\NoorCanvas\NoorCanvas.csproj]
D:\PROJECTS\NOOR CANVAS\SPA\NoorCanvas\Controllers\TokenController.cs(245,108): warning SA1028: Code should not contain trailing whitespace (https://github.com/DotNetAnalyzers/StyleCopAnalyzers/blob/master/documentation/SA1028.md) [D:\PROJECTS\NOOR CANVAS\SPA\NoorCanvas\NoorCanvas.csproj]
D:\PROJECTS\NOOR CANVAS\SPA\NoorCanvas\Controllers\TokenController.cs(247,41): warning SA1028: Code should not contain trailing whitespace (https://github.com/DotNetAnalyzers/StyleCopAnalyzers/blob/master/documentation/SA1028.md) [D:\PROJECTS\NOOR CANVAS\SPA\NoorCanvas\NoorCanvas.csproj]
D:\PROJECTS\NOOR CANVAS\SPA\NoorCanvas\Controllers\TokenController.cs(248,49): warning SA1028: Code should not contain trailing whitespace (https://github.com/DotNetAnalyzers/StyleCopAnalyzers/blob/master/documentation/SA1028.md) [D:\PROJECTS\NOOR CANVAS\SPA\NoorCanvas\NoorCanvas.csproj]
D:\PROJECTS\NOOR CANVAS\SPA\NoorCanvas\Controllers\TokenController.cs(249,52): warning SA1028: Code should not contain trailing whitespace (https://github.com/DotNetAnalyzers/StyleCopAnalyzers/blob/master/documentation/SA1028.md) [D:\PROJECTS\NOOR CANVAS\SPA\NoorCanvas\NoorCanvas.csproj]
D:\PROJECTS\NOOR CANVAS\SPA\NoorCanvas\Controllers\TokenController.cs(250,26): warning SA1028: Code should not contain trailing whitespace (https://github.com/DotNetAnalyzers/StyleCopAnalyzers/blob/master/documentation/SA1028.md) [D:\PROJECTS\NOOR CANVAS\SPA\NoorCanvas\NoorCanvas.csproj]
D:\PROJECTS\NOOR CANVAS\SPA\NoorCanvas\Data\CanvasDbContext.cs(1,1): warning SA1633: The file header is missing or not located at the top of the file. (https://github.com/DotNetAnalyzers/StyleCopAnalyzers/blob/master/documentation/SA1633.md) [D:\PROJECTS\NOOR CANVAS\SPA\NoorCanvas\NoorCanvas.csproj]
D:\PROJECTS\NOOR CANVAS\SPA\NoorCanvas\Data\CanvasDbContext.cs(29,5): warning SA1512: Single-line comments should not be followed by blank line (https://github.com/DotNetAnalyzers/StyleCopAnalyzers/blob/master/documentation/SA1512.md) [D:\PROJECTS\NOOR CANVAS\SPA\NoorCanvas\NoorCanvas.csproj]
D:\PROJECTS\NOOR CANVAS\SPA\NoorCanvas\Data\CanvasDbContext.cs(28,1): warning SA1028: Code should not contain trailing whitespace (https://github.com/DotNetAnalyzers/StyleCopAnalyzers/blob/master/documentation/SA1028.md) [D:\PROJECTS\NOOR CANVAS\SPA\NoorCanvas\NoorCanvas.csproj]
D:\PROJECTS\NOOR CANVAS\SPA\NoorCanvas\Data\KSessionsDbContext.cs(1,1): warning SA1633: The file header is missing or not located at the top of the file. (https://github.com/DotNetAnalyzers/StyleCopAnalyzers/blob/master/documentation/SA1633.md) [D:\PROJECTS\NOOR CANVAS\SPA\NoorCanvas\NoorCanvas.csproj]
D:\PROJECTS\NOOR CANVAS\SPA\NoorCanvas\Services\AnnotationService.cs(11,1): warning SA1516: Elements should be separated by blank line (https://github.com/DotNetAnalyzers/StyleCopAnalyzers/blob/master/documentation/SA1516.md) [D:\PROJECTS\NOOR CANVAS\SPA\NoorCanvas\NoorCanvas.csproj]
D:\PROJECTS\NOOR CANVAS\SPA\NoorCanvas\Services\AnnotationService.cs(12,1): warning SA1516: Elements should be separated by blank line (https://github.com/DotNetAnalyzers/StyleCopAnalyzers/blob/master/documentation/SA1516.md) [D:\PROJECTS\NOOR CANVAS\SPA\NoorCanvas\NoorCanvas.csproj]
D:\PROJECTS\NOOR CANVAS\SPA\NoorCanvas\Services\AnnotationService.cs(13,1): warning SA1516: Elements should be separated by blank line (https://github.com/DotNetAnalyzers/StyleCopAnalyzers/blob/master/documentation/SA1516.md) [D:\PROJECTS\NOOR CANVAS\SPA\NoorCanvas\NoorCanvas.csproj]
D:\PROJECTS\NOOR CANVAS\SPA\NoorCanvas\Services\AnnotationService.cs(14,1): warning SA1516: Elements should be separated by blank line (https://github.com/DotNetAnalyzers/StyleCopAnalyzers/blob/master/documentation/SA1516.md) [D:\PROJECTS\NOOR CANVAS\SPA\NoorCanvas\NoorCanvas.csproj]
D:\PROJECTS\NOOR CANVAS\SPA\NoorCanvas\Controllers\QuestionController.cs(492,1): warning SA1516: Elements should be separated by blank line (https://github.com/DotNetAnalyzers/StyleCopAnalyzers/blob/master/documentation/SA1516.md) [D:\PROJECTS\NOOR CANVAS\SPA\NoorCanvas\NoorCanvas.csproj]
D:\PROJECTS\NOOR CANVAS\SPA\NoorCanvas\Controllers\QuestionController.cs(493,1): warning SA1516: Elements should be separated by blank line (https://github.com/DotNetAnalyzers/StyleCopAnalyzers/blob/master/documentation/SA1516.md) [D:\PROJECTS\NOOR CANVAS\SPA\NoorCanvas\NoorCanvas.csproj]
D:\PROJECTS\NOOR CANVAS\SPA\NoorCanvas\Controllers\QuestionController.cs(499,1): warning SA1516: Elements should be separated by blank line (https://github.com/DotNetAnalyzers/StyleCopAnalyzers/blob/master/documentation/SA1516.md) [D:\PROJECTS\NOOR CANVAS\SPA\NoorCanvas\NoorCanvas.csproj]
D:\PROJECTS\NOOR CANVAS\SPA\NoorCanvas\Controllers\QuestionController.cs(485,1): warning SA1516: Elements should be separated by blank line (https://github.com/DotNetAnalyzers/StyleCopAnalyzers/blob/master/documentation/SA1516.md) [D:\PROJECTS\NOOR CANVAS\SPA\NoorCanvas\NoorCanvas.csproj]
D:\PROJECTS\NOOR CANVAS\SPA\NoorCanvas\Controllers\QuestionController.cs(486,1): warning SA1516: Elements should be separated by blank line (https://github.com/DotNetAnalyzers/StyleCopAnalyzers/blob/master/documentation/SA1516.md) [D:\PROJECTS\NOOR CANVAS\SPA\NoorCanvas\NoorCanvas.csproj]
D:\PROJECTS\NOOR CANVAS\SPA\NoorCanvas\Controllers\QuestionController.cs(505,1): warning SA1516: Elements should be separated by blank line (https://github.com/DotNetAnalyzers/StyleCopAnalyzers/blob/master/documentation/SA1516.md) [D:\PROJECTS\NOOR CANVAS\SPA\NoorCanvas\NoorCanvas.csproj]
D:\PROJECTS\NOOR CANVAS\SPA\NoorCanvas\Controllers\QuestionController.cs(506,1): warning SA1516: Elements should be separated by blank line (https://github.com/DotNetAnalyzers/StyleCopAnalyzers/blob/master/documentation/SA1516.md) [D:\PROJECTS\NOOR CANVAS\SPA\NoorCanvas\NoorCanvas.csproj]
D:\PROJECTS\NOOR CANVAS\SPA\NoorCanvas\Controllers\QuestionController.cs(507,1): warning SA1516: Elements should be separated by blank line (https://github.com/DotNetAnalyzers/StyleCopAnalyzers/blob/master/documentation/SA1516.md) [D:\PROJECTS\NOOR CANVAS\SPA\NoorCanvas\NoorCanvas.csproj]
D:\PROJECTS\NOOR CANVAS\SPA\NoorCanvas\Data\Migrations\20250911091420_InitialCreate.cs(1,1): warning SA1633: The file header is missing or not located at the top of the file. (https://github.com/DotNetAnalyzers/StyleCopAnalyzers/blob/master/documentation/SA1633.md) [D:\PROJECTS\NOOR CANVAS\SPA\NoorCanvas\NoorCanvas.csproj]
D:\PROJECTS\NOOR CANVAS\SPA\NoorCanvas\Controllers\QuestionController.cs(513,1): warning SA1516: Elements should be separated by blank line (https://github.com/DotNetAnalyzers/StyleCopAnalyzers/blob/master/documentation/SA1516.md) [D:\PROJECTS\NOOR CANVAS\SPA\NoorCanvas\NoorCanvas.csproj]
D:\PROJECTS\NOOR CANVAS\SPA\NoorCanvas\Controllers\QuestionController.cs(514,1): warning SA1516: Elements should be separated by blank line (https://github.com/DotNetAnalyzers/StyleCopAnalyzers/blob/master/documentation/SA1516.md) [D:\PROJECTS\NOOR CANVAS\SPA\NoorCanvas\NoorCanvas.csproj]
D:\PROJECTS\NOOR CANVAS\SPA\NoorCanvas\Services\AnnotationService.cs(19,42): warning SA1309: Field '_context' should not begin with an underscore (https://github.com/DotNetAnalyzers/StyleCopAnalyzers/blob/master/documentation/SA1309.md) [D:\PROJECTS\NOOR CANVAS\SPA\NoorCanvas\NoorCanvas.csproj]
D:\PROJECTS\NOOR CANVAS\SPA\NoorCanvas\Services\AnnotationService.cs(20,53): warning SA1309: Field '_logger' should not begin with an underscore (https://github.com/DotNetAnalyzers/StyleCopAnalyzers/blob/master/documentation/SA1309.md) [D:\PROJECTS\NOOR CANVAS\SPA\NoorCanvas\NoorCanvas.csproj]
D:\PROJECTS\NOOR CANVAS\SPA\NoorCanvas\Controllers\SessionController.cs(12,42): warning SA1309: Field '_context' should not begin with an underscore (https://github.com/DotNetAnalyzers/StyleCopAnalyzers/blob/master/documentation/SA1309.md) [D:\PROJECTS\NOOR CANVAS\SPA\NoorCanvas\NoorCanvas.csproj]
D:\PROJECTS\NOOR CANVAS\SPA\NoorCanvas\Controllers\SessionController.cs(13,45): warning SA1309: Field '_kSessionsContext' should not begin with an underscore (https://github.com/DotNetAnalyzers/StyleCopAnalyzers/blob/master/documentation/SA1309.md) [D:\PROJECTS\NOOR CANVAS\SPA\NoorCanvas\NoorCanvas.csproj]
D:\PROJECTS\NOOR CANVAS\SPA\NoorCanvas\Controllers\SessionController.cs(14,53): warning SA1309: Field '_logger' should not begin with an underscore (https://github.com/DotNetAnalyzers/StyleCopAnalyzers/blob/master/documentation/SA1309.md) [D:\PROJECTS\NOOR CANVAS\SPA\NoorCanvas\NoorCanvas.csproj]
D:\PROJECTS\NOOR CANVAS\SPA\NoorCanvas\Services\AssetDetectionService.cs(15,53): warning SA1309: Field '_logger' should not begin with an underscore (https://github.com/DotNetAnalyzers/StyleCopAnalyzers/blob/master/documentation/SA1309.md) [D:\PROJECTS\NOOR CANVAS\SPA\NoorCanvas\NoorCanvas.csproj]
D:\PROJECTS\NOOR CANVAS\SPA\NoorCanvas\Models\Debug\DebugModels.cs(38,17): warning SA1201: A enum should not follow a class (https://github.com/DotNetAnalyzers/StyleCopAnalyzers/blob/master/documentation/SA1201.md) [D:\PROJECTS\NOOR CANVAS\SPA\NoorCanvas\NoorCanvas.csproj]
D:\PROJECTS\NOOR CANVAS\SPA\NoorCanvas\Models\Debug\DebugModels.cs(11,1): warning SA1516: Elements should be separated by blank line (https://github.com/DotNetAnalyzers/StyleCopAnalyzers/blob/master/documentation/SA1516.md) [D:\PROJECTS\NOOR CANVAS\SPA\NoorCanvas\NoorCanvas.csproj]
D:\PROJECTS\NOOR CANVAS\SPA\NoorCanvas\Models\Debug\DebugModels.cs(12,1): warning SA1516: Elements should be separated by blank line (https://github.com/DotNetAnalyzers/StyleCopAnalyzers/blob/master/documentation/SA1516.md) [D:\PROJECTS\NOOR CANVAS\SPA\NoorCanvas\NoorCanvas.csproj]
D:\PROJECTS\NOOR CANVAS\SPA\NoorCanvas\Controllers\TokenController.cs(11,41): warning SA1309: Field '_tokenService' should not begin with an underscore (https://github.com/DotNetAnalyzers/StyleCopAnalyzers/blob/master/documentation/SA1309.md) [D:\PROJECTS\NOOR CANVAS\SPA\NoorCanvas\NoorCanvas.csproj]
D:\PROJECTS\NOOR CANVAS\SPA\NoorCanvas\Controllers\TokenController.cs(12,47): warning SA1309: Field '_logger' should not begin with an underscore (https://github.com/DotNetAnalyzers/StyleCopAnalyzers/blob/master/documentation/SA1309.md) [D:\PROJECTS\NOOR CANVAS\SPA\NoorCanvas\NoorCanvas.csproj]
D:\PROJECTS\NOOR CANVAS\SPA\NoorCanvas\Models\Debug\DebugModels.cs(21,1): warning SA1516: Elements should be separated by blank line (https://github.com/DotNetAnalyzers/StyleCopAnalyzers/blob/master/documentation/SA1516.md) [D:\PROJECTS\NOOR CANVAS\SPA\NoorCanvas\NoorCanvas.csproj]
D:\PROJECTS\NOOR CANVAS\SPA\NoorCanvas\Models\Debug\DebugModels.cs(22,1): warning SA1516: Elements should be separated by blank line (https://github.com/DotNetAnalyzers/StyleCopAnalyzers/blob/master/documentation/SA1516.md) [D:\PROJECTS\NOOR CANVAS\SPA\NoorCanvas\NoorCanvas.csproj]
D:\PROJECTS\NOOR CANVAS\SPA\NoorCanvas\Services\AssetDetectorService.cs(12,33): warning SA1309: Field '_httpClient' should not begin with an underscore (https://github.com/DotNetAnalyzers/StyleCopAnalyzers/blob/master/documentation/SA1309.md) [D:\PROJECTS\NOOR CANVAS\SPA\NoorCanvas\NoorCanvas.csproj]
D:\PROJECTS\NOOR CANVAS\SPA\NoorCanvas\Services\AssetDetectorService.cs(13,52): warning SA1309: Field '_logger' should not begin with an underscore (https://github.com/DotNetAnalyzers/StyleCopAnalyzers/blob/master/documentation/SA1309.md) [D:\PROJECTS\NOOR CANVAS\SPA\NoorCanvas\NoorCanvas.csproj]
D:\PROJECTS\NOOR CANVAS\SPA\NoorCanvas\Models\Debug\DebugModels.cs(31,1): warning SA1516: Elements should be separated by blank line (https://github.com/DotNetAnalyzers/StyleCopAnalyzers/blob/master/documentation/SA1516.md) [D:\PROJECTS\NOOR CANVAS\SPA\NoorCanvas\NoorCanvas.csproj]
D:\PROJECTS\NOOR CANVAS\SPA\NoorCanvas\Models\Debug\DebugModels.cs(32,1): warning SA1516: Elements should be separated by blank line (https://github.com/DotNetAnalyzers/StyleCopAnalyzers/blob/master/documentation/SA1516.md) [D:\PROJECTS\NOOR CANVAS\SPA\NoorCanvas\NoorCanvas.csproj]
D:\PROJECTS\NOOR CANVAS\SPA\NoorCanvas\Data\Migrations\20250912174615_AddAdminSessions.cs(1,1): warning SA1633: The file header is missing or not located at the top of the file. (https://github.com/DotNetAnalyzers/StyleCopAnalyzers/blob/master/documentation/SA1633.md) [D:\PROJECTS\NOOR CANVAS\SPA\NoorCanvas\NoorCanvas.csproj]
D:\PROJECTS\NOOR CANVAS\SPA\NoorCanvas\Services\AssetDetectorService.cs(250,1): warning SA1516: Elements should be separated by blank line (https://github.com/DotNetAnalyzers/StyleCopAnalyzers/blob/master/documentation/SA1516.md) [D:\PROJECTS\NOOR CANVAS\SPA\NoorCanvas\NoorCanvas.csproj]
D:\PROJECTS\NOOR CANVAS\SPA\NoorCanvas\Services\AssetDetectorService.cs(259,1): warning SA1516: Elements should be separated by blank line (https://github.com/DotNetAnalyzers/StyleCopAnalyzers/blob/master/documentation/SA1516.md) [D:\PROJECTS\NOOR CANVAS\SPA\NoorCanvas\NoorCanvas.csproj]
D:\PROJECTS\NOOR CANVAS\SPA\NoorCanvas\Services\AssetDetectorService.cs(260,1): warning SA1516: Elements should be separated by blank line (https://github.com/DotNetAnalyzers/StyleCopAnalyzers/blob/master/documentation/SA1516.md) [D:\PROJECTS\NOOR CANVAS\SPA\NoorCanvas\NoorCanvas.csproj]
D:\PROJECTS\NOOR CANVAS\SPA\NoorCanvas\Services\AssetDetectorService.cs(261,1): warning SA1516: Elements should be separated by blank line (https://github.com/DotNetAnalyzers/StyleCopAnalyzers/blob/master/documentation/SA1516.md) [D:\PROJECTS\NOOR CANVAS\SPA\NoorCanvas\NoorCanvas.csproj]
D:\PROJECTS\NOOR CANVAS\SPA\NoorCanvas\Services\AssetDetectorService.cs(270,1): warning SA1516: Elements should be separated by blank line (https://github.com/DotNetAnalyzers/StyleCopAnalyzers/blob/master/documentation/SA1516.md) [D:\PROJECTS\NOOR CANVAS\SPA\NoorCanvas\NoorCanvas.csproj]
D:\PROJECTS\NOOR CANVAS\SPA\NoorCanvas\Services\AssetDetectorService.cs(271,1): warning SA1516: Elements should be separated by blank line (https://github.com/DotNetAnalyzers/StyleCopAnalyzers/blob/master/documentation/SA1516.md) [D:\PROJECTS\NOOR CANVAS\SPA\NoorCanvas\NoorCanvas.csproj]
D:\PROJECTS\NOOR CANVAS\SPA\NoorCanvas\Data\SimplifiedCanvasDbContext.cs(1,1): warning SA1633: The file header is missing or not located at the top of the file. (https://github.com/DotNetAnalyzers/StyleCopAnalyzers/blob/master/documentation/SA1633.md) [D:\PROJECTS\NOOR CANVAS\SPA\NoorCanvas\NoorCanvas.csproj]
D:\PROJECTS\NOOR CANVAS\SPA\NoorCanvas\Services\DebugService.cs(12,48): warning SA1309: Field '_logger' should not begin with an underscore (https://github.com/DotNetAnalyzers/StyleCopAnalyzers/blob/master/documentation/SA1309.md) [D:\PROJECTS\NOOR CANVAS\SPA\NoorCanvas\NoorCanvas.csproj]
D:\PROJECTS\NOOR CANVAS\SPA\NoorCanvas\Services\DebugService.cs(13,37): warning SA1309: Field '_jsRuntime' should not begin with an underscore (https://github.com/DotNetAnalyzers/StyleCopAnalyzers/blob/master/documentation/SA1309.md) [D:\PROJECTS\NOOR CANVAS\SPA\NoorCanvas\NoorCanvas.csproj]
D:\PROJECTS\NOOR CANVAS\SPA\NoorCanvas\Services\DebugService.cs(14,41): warning SA1309: Field '_configuration' should not begin with an underscore (https://github.com/DotNetAnalyzers/StyleCopAnalyzers/blob/master/documentation/SA1309.md) [D:\PROJECTS\NOOR CANVAS\SPA\NoorCanvas\NoorCanvas.csproj]
D:\PROJECTS\NOOR CANVAS\SPA\NoorCanvas\Services\DebugService.cs(15,31): warning SA1309: Field '_isDebugEnabled' should not begin with an underscore (https://github.com/DotNetAnalyzers/StyleCopAnalyzers/blob/master/documentation/SA1309.md) [D:\PROJECTS\NOOR CANVAS\SPA\NoorCanvas\NoorCanvas.csproj]
D:\PROJECTS\NOOR CANVAS\SPA\NoorCanvas\Services\DebugService.cs(16,51): warning SA1309: Field '_componentDebugSettings' should not begin with an underscore (https://github.com/DotNetAnalyzers/StyleCopAnalyzers/blob/master/documentation/SA1309.md) [D:\PROJECTS\NOOR CANVAS\SPA\NoorCanvas\NoorCanvas.csproj]
D:\PROJECTS\NOOR CANVAS\SPA\NoorCanvas\Services\DebugService.cs(17,50): warning SA1309: Field '_performanceThresholds' should not begin with an underscore (https://github.com/DotNetAnalyzers/StyleCopAnalyzers/blob/master/documentation/SA1309.md) [D:\PROJECTS\NOOR CANVAS\SPA\NoorCanvas\NoorCanvas.csproj]
D:\PROJECTS\NOOR CANVAS\SPA\NoorCanvas\Services\DebugService.cs(18,39): warning SA1309: Field '_metrics' should not begin with an underscore (https://github.com/DotNetAnalyzers/StyleCopAnalyzers/blob/master/documentation/SA1309.md) [D:\PROJECTS\NOOR CANVAS\SPA\NoorCanvas\NoorCanvas.csproj]
D:\PROJECTS\NOOR CANVAS\SPA\NoorCanvas\Extensions\DebugExtensions.cs(1,1): warning SA1633: The file header is missing or not located at the top of the file. (https://github.com/DotNetAnalyzers/StyleCopAnalyzers/blob/master/documentation/SA1633.md) [D:\PROJECTS\NOOR CANVAS\SPA\NoorCanvas\NoorCanvas.csproj]
D:\PROJECTS\NOOR CANVAS\SPA\NoorCanvas\Extensions\DebugExtensions.cs(50,18): warning SA1402: File may only contain a single type (https://github.com/DotNetAnalyzers/StyleCopAnalyzers/blob/master/documentation/SA1402.md) [D:\PROJECTS\NOOR CANVAS\SPA\NoorCanvas\NoorCanvas.csproj]
D:\PROJECTS\NOOR CANVAS\SPA\NoorCanvas\Hubs\AnnotationHub.cs(1,1): warning SA1633: The file header is missing or not located at the top of the file. (https://github.com/DotNetAnalyzers/StyleCopAnalyzers/blob/master/documentation/SA1633.md) [D:\PROJECTS\NOOR CANVAS\SPA\NoorCanvas\NoorCanvas.csproj]
D:\PROJECTS\NOOR CANVAS\SPA\NoorCanvas\Services\AssetDetectionService.cs(434,42): warning SA1202: 'public' members should come before 'private' members (https://github.com/DotNetAnalyzers/StyleCopAnalyzers/blob/master/documentation/SA1202.md) [D:\PROJECTS\NOOR CANVAS\SPA\NoorCanvas\NoorCanvas.csproj]
D:\PROJECTS\NOOR CANVAS\SPA\NoorCanvas\Models\KSessionsModels.cs(48,1): warning SA1516: Elements should be separated by blank line (https://github.com/DotNetAnalyzers/StyleCopAnalyzers/blob/master/documentation/SA1516.md) [D:\PROJECTS\NOOR CANVAS\SPA\NoorCanvas\NoorCanvas.csproj]
D:\PROJECTS\NOOR CANVAS\SPA\NoorCanvas\Services\DebugService.cs(361,34): warning SA1309: Field '_component' should not begin with an underscore (https://github.com/DotNetAnalyzers/StyleCopAnalyzers/blob/master/documentation/SA1309.md) [D:\PROJECTS\NOOR CANVAS\SPA\NoorCanvas\NoorCanvas.csproj]
D:\PROJECTS\NOOR CANVAS\SPA\NoorCanvas\Services\DebugService.cs(362,35): warning SA1309: Field '_startTime' should not begin with an underscore (https://github.com/DotNetAnalyzers/StyleCopAnalyzers/blob/master/documentation/SA1309.md) [D:\PROJECTS\NOOR CANVAS\SPA\NoorCanvas\NoorCanvas.csproj]
D:\PROJECTS\NOOR CANVAS\SPA\NoorCanvas\Services\DebugService.cs(363,31): warning SA1309: Field '_isEnabled' should not begin with an underscore (https://github.com/DotNetAnalyzers/StyleCopAnalyzers/blob/master/documentation/SA1309.md) [D:\PROJECTS\NOOR CANVAS\SPA\NoorCanvas\NoorCanvas.csproj]
D:\PROJECTS\NOOR CANVAS\SPA\NoorCanvas\Controllers\QuestionController.cs(68,42): warning SA1202: 'public' members should come before 'private' members (https://github.com/DotNetAnalyzers/StyleCopAnalyzers/blob/master/documentation/SA1202.md) [D:\PROJECTS\NOOR CANVAS\SPA\NoorCanvas\NoorCanvas.csproj]
D:\PROJECTS\NOOR CANVAS\SPA\NoorCanvas\Hubs\QAHub.cs(1,1): warning SA1633: The file header is missing or not located at the top of the file. (https://github.com/DotNetAnalyzers/StyleCopAnalyzers/blob/master/documentation/SA1633.md) [D:\PROJECTS\NOOR CANVAS\SPA\NoorCanvas\NoorCanvas.csproj]
D:\PROJECTS\NOOR CANVAS\SPA\NoorCanvas\Hubs\SessionHub.cs(1,1): warning SA1633: The file header is missing or not located at the top of the file. (https://github.com/DotNetAnalyzers/StyleCopAnalyzers/blob/master/documentation/SA1633.md) [D:\PROJECTS\NOOR CANVAS\SPA\NoorCanvas\NoorCanvas.csproj]
D:\PROJECTS\NOOR CANVAS\SPA\NoorCanvas\Services\DebugService.cs(360,33): warning SA1309: Field '_operationName' should not begin with an underscore (https://github.com/DotNetAnalyzers/StyleCopAnalyzers/blob/master/documentation/SA1309.md) [D:\PROJECTS\NOOR CANVAS\SPA\NoorCanvas\NoorCanvas.csproj]
D:\PROJECTS\NOOR CANVAS\SPA\NoorCanvas\Services\DebugService.cs(417,1): warning SA1516: Elements should be separated by blank line (https://github.com/DotNetAnalyzers/StyleCopAnalyzers/blob/master/documentation/SA1516.md) [D:\PROJECTS\NOOR CANVAS\SPA\NoorCanvas\NoorCanvas.csproj]
D:\PROJECTS\NOOR CANVAS\SPA\NoorCanvas\Services\DebugService.cs(418,1): warning SA1516: Elements should be separated by blank line (https://github.com/DotNetAnalyzers/StyleCopAnalyzers/blob/master/documentation/SA1516.md) [D:\PROJECTS\NOOR CANVAS\SPA\NoorCanvas\NoorCanvas.csproj]
D:\PROJECTS\NOOR CANVAS\SPA\NoorCanvas\Services\DebugService.cs(419,1): warning SA1516: Elements should be separated by blank line (https://github.com/DotNetAnalyzers/StyleCopAnalyzers/blob/master/documentation/SA1516.md) [D:\PROJECTS\NOOR CANVAS\SPA\NoorCanvas\NoorCanvas.csproj]
D:\PROJECTS\NOOR CANVAS\SPA\NoorCanvas\Services\DebugService.cs(420,1): warning SA1516: Elements should be separated by blank line (https://github.com/DotNetAnalyzers/StyleCopAnalyzers/blob/master/documentation/SA1516.md) [D:\PROJECTS\NOOR CANVAS\SPA\NoorCanvas\NoorCanvas.csproj]
D:\PROJECTS\NOOR CANVAS\SPA\NoorCanvas\Services\DebugService.cs(305,21): warning SA1201: A property should not follow a method (https://github.com/DotNetAnalyzers/StyleCopAnalyzers/blob/master/documentation/SA1201.md) [D:\PROJECTS\NOOR CANVAS\SPA\NoorCanvas\NoorCanvas.csproj]
D:\PROJECTS\NOOR CANVAS\SPA\NoorCanvas\Services\Development\DevModeService.cs(34,41): warning SA1309: Field '_configuration' should not begin with an underscore (https://github.com/DotNetAnalyzers/StyleCopAnalyzers/blob/master/documentation/SA1309.md) [D:\PROJECTS\NOOR CANVAS\SPA\NoorCanvas\NoorCanvas.csproj]
D:\PROJECTS\NOOR CANVAS\SPA\NoorCanvas\Services\DebugService.cs(399,1): warning SA1516: Elements should be separated by blank line (https://github.com/DotNetAnalyzers/StyleCopAnalyzers/blob/master/documentation/SA1516.md) [D:\PROJECTS\NOOR CANVAS\SPA\NoorCanvas\NoorCanvas.csproj]
D:\PROJECTS\NOOR CANVAS\SPA\NoorCanvas\Services\DebugService.cs(400,1): warning SA1516: Elements should be separated by blank line (https://github.com/DotNetAnalyzers/StyleCopAnalyzers/blob/master/documentation/SA1516.md) [D:\PROJECTS\NOOR CANVAS\SPA\NoorCanvas\NoorCanvas.csproj]
D:\PROJECTS\NOOR CANVAS\SPA\NoorCanvas\Services\DebugService.cs(401,1): warning SA1516: Elements should be separated by blank line (https://github.com/DotNetAnalyzers/StyleCopAnalyzers/blob/master/documentation/SA1516.md) [D:\PROJECTS\NOOR CANVAS\SPA\NoorCanvas\NoorCanvas.csproj]
D:\PROJECTS\NOOR CANVAS\SPA\NoorCanvas\Services\DebugService.cs(402,1): warning SA1516: Elements should be separated by blank line (https://github.com/DotNetAnalyzers/StyleCopAnalyzers/blob/master/documentation/SA1516.md) [D:\PROJECTS\NOOR CANVAS\SPA\NoorCanvas\NoorCanvas.csproj]
D:\PROJECTS\NOOR CANVAS\SPA\NoorCanvas\Services\DebugService.cs(403,1): warning SA1516: Elements should be separated by blank line (https://github.com/DotNetAnalyzers/StyleCopAnalyzers/blob/master/documentation/SA1516.md) [D:\PROJECTS\NOOR CANVAS\SPA\NoorCanvas\NoorCanvas.csproj]
D:\PROJECTS\NOOR CANVAS\SPA\NoorCanvas\Services\DebugService.cs(406,1): warning SA1516: Elements should be separated by blank line (https://github.com/DotNetAnalyzers/StyleCopAnalyzers/blob/master/documentation/SA1516.md) [D:\PROJECTS\NOOR CANVAS\SPA\NoorCanvas\NoorCanvas.csproj]
D:\PROJECTS\NOOR CANVAS\SPA\NoorCanvas\Services\DebugService.cs(407,1): warning SA1516: Elements should be separated by blank line (https://github.com/DotNetAnalyzers/StyleCopAnalyzers/blob/master/documentation/SA1516.md) [D:\PROJECTS\NOOR CANVAS\SPA\NoorCanvas\NoorCanvas.csproj]
D:\PROJECTS\NOOR CANVAS\SPA\NoorCanvas\Models\Session.cs(47,1): warning SA1516: Elements should be separated by blank line (https://github.com/DotNetAnalyzers/StyleCopAnalyzers/blob/master/documentation/SA1516.md) [D:\PROJECTS\NOOR CANVAS\SPA\NoorCanvas\NoorCanvas.csproj]
D:\PROJECTS\NOOR CANVAS\SPA\NoorCanvas\Models\Session.cs(48,1): warning SA1516: Elements should be separated by blank line (https://github.com/DotNetAnalyzers/StyleCopAnalyzers/blob/master/documentation/SA1516.md) [D:\PROJECTS\NOOR CANVAS\SPA\NoorCanvas\NoorCanvas.csproj]
D:\PROJECTS\NOOR CANVAS\SPA\NoorCanvas\Models\Session.cs(49,1): warning SA1516: Elements should be separated by blank line (https://github.com/DotNetAnalyzers/StyleCopAnalyzers/blob/master/documentation/SA1516.md) [D:\PROJECTS\NOOR CANVAS\SPA\NoorCanvas\NoorCanvas.csproj]
D:\PROJECTS\NOOR CANVAS\SPA\NoorCanvas\Models\Session.cs(50,1): warning SA1516: Elements should be separated by blank line (https://github.com/DotNetAnalyzers/StyleCopAnalyzers/blob/master/documentation/SA1516.md) [D:\PROJECTS\NOOR CANVAS\SPA\NoorCanvas\NoorCanvas.csproj]
D:\PROJECTS\NOOR CANVAS\SPA\NoorCanvas\Models\Session.cs(51,1): warning SA1516: Elements should be separated by blank line (https://github.com/DotNetAnalyzers/StyleCopAnalyzers/blob/master/documentation/SA1516.md) [D:\PROJECTS\NOOR CANVAS\SPA\NoorCanvas\NoorCanvas.csproj]
D:\PROJECTS\NOOR CANVAS\SPA\NoorCanvas\Models\Session.cs(52,1): warning SA1516: Elements should be separated by blank line (https://github.com/DotNetAnalyzers/StyleCopAnalyzers/blob/master/documentation/SA1516.md) [D:\PROJECTS\NOOR CANVAS\SPA\NoorCanvas\NoorCanvas.csproj]
D:\PROJECTS\NOOR CANVAS\SPA\NoorCanvas\Services\AssetDetectionService.cs(14,48): warning SA1309: Field '_context' should not begin with an underscore (https://github.com/DotNetAnalyzers/StyleCopAnalyzers/blob/master/documentation/SA1309.md) [D:\PROJECTS\NOOR CANVAS\SPA\NoorCanvas\NoorCanvas.csproj]
D:\PROJECTS\NOOR CANVAS\SPA\NoorCanvas\Hubs\SessionHub.cs(22,1): warning SA1028: Code should not contain trailing whitespace (https://github.com/DotNetAnalyzers/StyleCopAnalyzers/blob/master/documentation/SA1028.md) [D:\PROJECTS\NOOR CANVAS\SPA\NoorCanvas\NoorCanvas.csproj]
D:\PROJECTS\NOOR CANVAS\SPA\NoorCanvas\Hubs\SessionHub.cs(23,97): warning SA1028: Code should not contain trailing whitespace (https://github.com/DotNetAnalyzers/StyleCopAnalyzers/blob/master/documentation/SA1028.md) [D:\PROJECTS\NOOR CANVAS\SPA\NoorCanvas\NoorCanvas.csproj]
D:\PROJECTS\NOOR CANVAS\SPA\NoorCanvas\Hubs\SessionHub.cs(25,1): warning SA1028: Code should not contain trailing whitespace (https://github.com/DotNetAnalyzers/StyleCopAnalyzers/blob/master/documentation/SA1028.md) [D:\PROJECTS\NOOR CANVAS\SPA\NoorCanvas\NoorCanvas.csproj]
D:\PROJECTS\NOOR CANVAS\SPA\NoorCanvas\Hubs\SessionHub.cs(61,206): warning SA1028: Code should not contain trailing whitespace (https://github.com/DotNetAnalyzers/StyleCopAnalyzers/blob/master/documentation/SA1028.md) [D:\PROJECTS\NOOR CANVAS\SPA\NoorCanvas\NoorCanvas.csproj]
D:\PROJECTS\NOOR CANVAS\SPA\NoorCanvas\Hubs\SessionHub.cs(64,163): warning SA1028: Code should not contain trailing whitespace (https://github.com/DotNetAnalyzers/StyleCopAnalyzers/blob/master/documentation/SA1028.md) [D:\PROJECTS\NOOR CANVAS\SPA\NoorCanvas\NoorCanvas.csproj]
D:\PROJECTS\NOOR CANVAS\SPA\NoorCanvas\Hubs\SessionHub.cs(66,1): warning SA1028: Code should not contain trailing whitespace (https://github.com/DotNetAnalyzers/StyleCopAnalyzers/blob/master/documentation/SA1028.md) [D:\PROJECTS\NOOR CANVAS\SPA\NoorCanvas\NoorCanvas.csproj]
D:\PROJECTS\NOOR CANVAS\SPA\NoorCanvas\Hubs\SessionHub.cs(89,207): warning SA1028: Code should not contain trailing whitespace (https://github.com/DotNetAnalyzers/StyleCopAnalyzers/blob/master/documentation/SA1028.md) [D:\PROJECTS\NOOR CANVAS\SPA\NoorCanvas\NoorCanvas.csproj]
D:\PROJECTS\NOOR CANVAS\SPA\NoorCanvas\Hubs\SessionHub.cs(94,204): warning SA1028: Code should not contain trailing whitespace (https://github.com/DotNetAnalyzers/StyleCopAnalyzers/blob/master/documentation/SA1028.md) [D:\PROJECTS\NOOR CANVAS\SPA\NoorCanvas\NoorCanvas.csproj]
D:\PROJECTS\NOOR CANVAS\SPA\NoorCanvas\Hubs\SessionHub.cs(96,1): warning SA1028: Code should not contain trailing whitespace (https://github.com/DotNetAnalyzers/StyleCopAnalyzers/blob/master/documentation/SA1028.md) [D:\PROJECTS\NOOR CANVAS\SPA\NoorCanvas\NoorCanvas.csproj]
D:\PROJECTS\NOOR CANVAS\SPA\NoorCanvas\Hubs\SessionHub.cs(97,185): warning SA1028: Code should not contain trailing whitespace (https://github.com/DotNetAnalyzers/StyleCopAnalyzers/blob/master/documentation/SA1028.md) [D:\PROJECTS\NOOR CANVAS\SPA\NoorCanvas\NoorCanvas.csproj]
D:\PROJECTS\NOOR CANVAS\SPA\NoorCanvas\Hubs\SessionHub.cs(102,210): warning SA1028: Code should not contain trailing whitespace (https://github.com/DotNetAnalyzers/StyleCopAnalyzers/blob/master/documentation/SA1028.md) [D:\PROJECTS\NOOR CANVAS\SPA\NoorCanvas\NoorCanvas.csproj]
D:\PROJECTS\NOOR CANVAS\SPA\NoorCanvas\Hubs\SessionHub.cs(119,1): warning SA1028: Code should not contain trailing whitespace (https://github.com/DotNetAnalyzers/StyleCopAnalyzers/blob/master/documentation/SA1028.md) [D:\PROJECTS\NOOR CANVAS\SPA\NoorCanvas\NoorCanvas.csproj]
D:\PROJECTS\NOOR CANVAS\SPA\NoorCanvas\Hubs\SessionHub.cs(120,125): warning SA1028: Code should not contain trailing whitespace (https://github.com/DotNetAnalyzers/StyleCopAnalyzers/blob/master/documentation/SA1028.md) [D:\PROJECTS\NOOR CANVAS\SPA\NoorCanvas\NoorCanvas.csproj]
D:\PROJECTS\NOOR CANVAS\SPA\NoorCanvas\Hubs\SessionHub.cs(122,108): warning SA1028: Code should not contain trailing whitespace (https://github.com/DotNetAnalyzers/StyleCopAnalyzers/blob/master/documentation/SA1028.md) [D:\PROJECTS\NOOR CANVAS\SPA\NoorCanvas\NoorCanvas.csproj]
D:\PROJECTS\NOOR CANVAS\SPA\NoorCanvas\Hubs\SessionHub.cs(128,1): warning SA1028: Code should not contain trailing whitespace (https://github.com/DotNetAnalyzers/StyleCopAnalyzers/blob/master/documentation/SA1028.md) [D:\PROJECTS\NOOR CANVAS\SPA\NoorCanvas\NoorCanvas.csproj]
D:\PROJECTS\NOOR CANVAS\SPA\NoorCanvas\Hubs\SessionHub.cs(129,124): warning SA1028: Code should not contain trailing whitespace (https://github.com/DotNetAnalyzers/StyleCopAnalyzers/blob/master/documentation/SA1028.md) [D:\PROJECTS\NOOR CANVAS\SPA\NoorCanvas\NoorCanvas.csproj]
D:\PROJECTS\NOOR CANVAS\SPA\NoorCanvas\Hubs\SessionHub.cs(131,125): warning SA1028: Code should not contain trailing whitespace (https://github.com/DotNetAnalyzers/StyleCopAnalyzers/blob/master/documentation/SA1028.md) [D:\PROJECTS\NOOR CANVAS\SPA\NoorCanvas\NoorCanvas.csproj]
D:\PROJECTS\NOOR CANVAS\SPA\NoorCanvas\Hubs\SessionHub.cs(136,105): warning SA1028: Code should not contain trailing whitespace (https://github.com/DotNetAnalyzers/StyleCopAnalyzers/blob/master/documentation/SA1028.md) [D:\PROJECTS\NOOR CANVAS\SPA\NoorCanvas\NoorCanvas.csproj]
D:\PROJECTS\NOOR CANVAS\SPA\NoorCanvas\Hubs\SessionHub.cs(149,1): warning SA1028: Code should not contain trailing whitespace (https://github.com/DotNetAnalyzers/StyleCopAnalyzers/blob/master/documentation/SA1028.md) [D:\PROJECTS\NOOR CANVAS\SPA\NoorCanvas\NoorCanvas.csproj]
D:\PROJECTS\NOOR CANVAS\SPA\NoorCanvas\Hubs\SessionHub.cs(150,107): warning SA1028: Code should not contain trailing whitespace (https://github.com/DotNetAnalyzers/StyleCopAnalyzers/blob/master/documentation/SA1028.md) [D:\PROJECTS\NOOR CANVAS\SPA\NoorCanvas\NoorCanvas.csproj]
D:\PROJECTS\NOOR CANVAS\SPA\NoorCanvas\Hubs\SessionHub.cs(161,1): warning SA1028: Code should not contain trailing whitespace (https://github.com/DotNetAnalyzers/StyleCopAnalyzers/blob/master/documentation/SA1028.md) [D:\PROJECTS\NOOR CANVAS\SPA\NoorCanvas\NoorCanvas.csproj]
D:\PROJECTS\NOOR CANVAS\SPA\NoorCanvas\Hubs\SessionHub.cs(162,129): warning SA1028: Code should not contain trailing whitespace (https://github.com/DotNetAnalyzers/StyleCopAnalyzers/blob/master/documentation/SA1028.md) [D:\PROJECTS\NOOR CANVAS\SPA\NoorCanvas\NoorCanvas.csproj]
D:\PROJECTS\NOOR CANVAS\SPA\NoorCanvas\Hubs\SessionHub.cs(164,118): warning SA1028: Code should not contain trailing whitespace (https://github.com/DotNetAnalyzers/StyleCopAnalyzers/blob/master/documentation/SA1028.md) [D:\PROJECTS\NOOR CANVAS\SPA\NoorCanvas\NoorCanvas.csproj]
D:\PROJECTS\NOOR CANVAS\SPA\NoorCanvas\Hubs\SessionHub.cs(166,1): warning SA1028: Code should not contain trailing whitespace (https://github.com/DotNetAnalyzers/StyleCopAnalyzers/blob/master/documentation/SA1028.md) [D:\PROJECTS\NOOR CANVAS\SPA\NoorCanvas\NoorCanvas.csproj]
D:\PROJECTS\NOOR CANVAS\SPA\NoorCanvas\Hubs\SessionHub.cs(176,1): warning SA1028: Code should not contain trailing whitespace (https://github.com/DotNetAnalyzers/StyleCopAnalyzers/blob/master/documentation/SA1028.md) [D:\PROJECTS\NOOR CANVAS\SPA\NoorCanvas\NoorCanvas.csproj]
D:\PROJECTS\NOOR CANVAS\SPA\NoorCanvas\Hubs\SessionHub.cs(181,1): warning SA1028: Code should not contain trailing whitespace (https://github.com/DotNetAnalyzers/StyleCopAnalyzers/blob/master/documentation/SA1028.md) [D:\PROJECTS\NOOR CANVAS\SPA\NoorCanvas\NoorCanvas.csproj]
D:\PROJECTS\NOOR CANVAS\SPA\NoorCanvas\Hubs\SessionHub.cs(182,157): warning SA1028: Code should not contain trailing whitespace (https://github.com/DotNetAnalyzers/StyleCopAnalyzers/blob/master/documentation/SA1028.md) [D:\PROJECTS\NOOR CANVAS\SPA\NoorCanvas\NoorCanvas.csproj]
D:\PROJECTS\NOOR CANVAS\SPA\NoorCanvas\Hubs\SessionHub.cs(198,1): warning SA1028: Code should not contain trailing whitespace (https://github.com/DotNetAnalyzers/StyleCopAnalyzers/blob/master/documentation/SA1028.md) [D:\PROJECTS\NOOR CANVAS\SPA\NoorCanvas\NoorCanvas.csproj]
D:\PROJECTS\NOOR CANVAS\SPA\NoorCanvas\Hubs\SessionHub.cs(199,119): warning SA1028: Code should not contain trailing whitespace (https://github.com/DotNetAnalyzers/StyleCopAnalyzers/blob/master/documentation/SA1028.md) [D:\PROJECTS\NOOR CANVAS\SPA\NoorCanvas\NoorCanvas.csproj]
D:\PROJECTS\NOOR CANVAS\SPA\NoorCanvas\Hubs\SessionHub.cs(201,1): warning SA1028: Code should not contain trailing whitespace (https://github.com/DotNetAnalyzers/StyleCopAnalyzers/blob/master/documentation/SA1028.md) [D:\PROJECTS\NOOR CANVAS\SPA\NoorCanvas\NoorCanvas.csproj]
D:\PROJECTS\NOOR CANVAS\SPA\NoorCanvas\Hubs\SessionHub.cs(203,1): warning SA1028: Code should not contain trailing whitespace (https://github.com/DotNetAnalyzers/StyleCopAnalyzers/blob/master/documentation/SA1028.md) [D:\PROJECTS\NOOR CANVAS\SPA\NoorCanvas\NoorCanvas.csproj]
D:\PROJECTS\NOOR CANVAS\SPA\NoorCanvas\Hubs\SessionHub.cs(213,1): warning SA1028: Code should not contain trailing whitespace (https://github.com/DotNetAnalyzers/StyleCopAnalyzers/blob/master/documentation/SA1028.md) [D:\PROJECTS\NOOR CANVAS\SPA\NoorCanvas\NoorCanvas.csproj]
D:\PROJECTS\NOOR CANVAS\SPA\NoorCanvas\Hubs\SessionHub.cs(214,135): warning SA1028: Code should not contain trailing whitespace (https://github.com/DotNetAnalyzers/StyleCopAnalyzers/blob/master/documentation/SA1028.md) [D:\PROJECTS\NOOR CANVAS\SPA\NoorCanvas\NoorCanvas.csproj]
D:\PROJECTS\NOOR CANVAS\SPA\NoorCanvas\Hubs\SessionHub.cs(216,1): warning SA1028: Code should not contain trailing whitespace (https://github.com/DotNetAnalyzers/StyleCopAnalyzers/blob/master/documentation/SA1028.md) [D:\PROJECTS\NOOR CANVAS\SPA\NoorCanvas\NoorCanvas.csproj]
D:\PROJECTS\NOOR CANVAS\SPA\NoorCanvas\Hubs\SessionHub.cs(218,1): warning SA1028: Code should not contain trailing whitespace (https://github.com/DotNetAnalyzers/StyleCopAnalyzers/blob/master/documentation/SA1028.md) [D:\PROJECTS\NOOR CANVAS\SPA\NoorCanvas\NoorCanvas.csproj]
D:\PROJECTS\NOOR CANVAS\SPA\NoorCanvas\Hubs\SessionHub.cs(228,1): warning SA1028: Code should not contain trailing whitespace (https://github.com/DotNetAnalyzers/StyleCopAnalyzers/blob/master/documentation/SA1028.md) [D:\PROJECTS\NOOR CANVAS\SPA\NoorCanvas\NoorCanvas.csproj]
D:\PROJECTS\NOOR CANVAS\SPA\NoorCanvas\Hubs\SessionHub.cs(230,114): warning SA1028: Code should not contain trailing whitespace (https://github.com/DotNetAnalyzers/StyleCopAnalyzers/blob/master/documentation/SA1028.md) [D:\PROJECTS\NOOR CANVAS\SPA\NoorCanvas\NoorCanvas.csproj]
D:\PROJECTS\NOOR CANVAS\SPA\NoorCanvas\Hubs\SessionHub.cs(237,147): warning SA1028: Code should not contain trailing whitespace (https://github.com/DotNetAnalyzers/StyleCopAnalyzers/blob/master/documentation/SA1028.md) [D:\PROJECTS\NOOR CANVAS\SPA\NoorCanvas\NoorCanvas.csproj]
D:\PROJECTS\NOOR CANVAS\SPA\NoorCanvas\Hubs\SessionHub.cs(257,150): warning SA1028: Code should not contain trailing whitespace (https://github.com/DotNetAnalyzers/StyleCopAnalyzers/blob/master/documentation/SA1028.md) [D:\PROJECTS\NOOR CANVAS\SPA\NoorCanvas\NoorCanvas.csproj]
D:\PROJECTS\NOOR CANVAS\SPA\NoorCanvas\Hubs\SessionHub.cs(264,147): warning SA1028: Code should not contain trailing whitespace (https://github.com/DotNetAnalyzers/StyleCopAnalyzers/blob/master/documentation/SA1028.md) [D:\PROJECTS\NOOR CANVAS\SPA\NoorCanvas\NoorCanvas.csproj]
D:\PROJECTS\NOOR CANVAS\SPA\NoorCanvas\Hubs\SessionHub.cs(267,1): warning SA1028: Code should not contain trailing whitespace (https://github.com/DotNetAnalyzers/StyleCopAnalyzers/blob/master/documentation/SA1028.md) [D:\PROJECTS\NOOR CANVAS\SPA\NoorCanvas\NoorCanvas.csproj]
D:\PROJECTS\NOOR CANVAS\SPA\NoorCanvas\Hubs\SessionHub.cs(270,170): warning SA1028: Code should not contain trailing whitespace (https://github.com/DotNetAnalyzers/StyleCopAnalyzers/blob/master/documentation/SA1028.md) [D:\PROJECTS\NOOR CANVAS\SPA\NoorCanvas\NoorCanvas.csproj]
D:\PROJECTS\NOOR CANVAS\SPA\NoorCanvas\Hubs\SessionHub.cs(276,155): warning SA1028: Code should not contain trailing whitespace (https://github.com/DotNetAnalyzers/StyleCopAnalyzers/blob/master/documentation/SA1028.md) [D:\PROJECTS\NOOR CANVAS\SPA\NoorCanvas\NoorCanvas.csproj]
D:\PROJECTS\NOOR CANVAS\SPA\NoorCanvas\Hubs\SessionHub.cs(288,93): warning SA1028: Code should not contain trailing whitespace (https://github.com/DotNetAnalyzers/StyleCopAnalyzers/blob/master/documentation/SA1028.md) [D:\PROJECTS\NOOR CANVAS\SPA\NoorCanvas\NoorCanvas.csproj]
D:\PROJECTS\NOOR CANVAS\SPA\NoorCanvas\Hubs\SessionHub.cs(299,103): warning SA1028: Code should not contain trailing whitespace (https://github.com/DotNetAnalyzers/StyleCopAnalyzers/blob/master/documentation/SA1028.md) [D:\PROJECTS\NOOR CANVAS\SPA\NoorCanvas\NoorCanvas.csproj]
D:\PROJECTS\NOOR CANVAS\SPA\NoorCanvas\Hubs\SessionHub.cs(331,1): warning SA1028: Code should not contain trailing whitespace (https://github.com/DotNetAnalyzers/StyleCopAnalyzers/blob/master/documentation/SA1028.md) [D:\PROJECTS\NOOR CANVAS\SPA\NoorCanvas\NoorCanvas.csproj]
D:\PROJECTS\NOOR CANVAS\SPA\NoorCanvas\Hubs\SessionHub.cs(332,203): warning SA1028: Code should not contain trailing whitespace (https://github.com/DotNetAnalyzers/StyleCopAnalyzers/blob/master/documentation/SA1028.md) [D:\PROJECTS\NOOR CANVAS\SPA\NoorCanvas\NoorCanvas.csproj]
D:\PROJECTS\NOOR CANVAS\SPA\NoorCanvas\Hubs\SessionHub.cs(348,1): warning SA1028: Code should not contain trailing whitespace (https://github.com/DotNetAnalyzers/StyleCopAnalyzers/blob/master/documentation/SA1028.md) [D:\PROJECTS\NOOR CANVAS\SPA\NoorCanvas\NoorCanvas.csproj]
D:\PROJECTS\NOOR CANVAS\SPA\NoorCanvas\Hubs\SessionHub.cs(349,56): warning SA1028: Code should not contain trailing whitespace (https://github.com/DotNetAnalyzers/StyleCopAnalyzers/blob/master/documentation/SA1028.md) [D:\PROJECTS\NOOR CANVAS\SPA\NoorCanvas\NoorCanvas.csproj]
D:\PROJECTS\NOOR CANVAS\SPA\NoorCanvas\Hubs\SessionHub.cs(351,1): warning SA1028: Code should not contain trailing whitespace (https://github.com/DotNetAnalyzers/StyleCopAnalyzers/blob/master/documentation/SA1028.md) [D:\PROJECTS\NOOR CANVAS\SPA\NoorCanvas\NoorCanvas.csproj]
D:\PROJECTS\NOOR CANVAS\SPA\NoorCanvas\Hubs\SessionHub.cs(353,1): warning SA1028: Code should not contain trailing whitespace (https://github.com/DotNetAnalyzers/StyleCopAnalyzers/blob/master/documentation/SA1028.md) [D:\PROJECTS\NOOR CANVAS\SPA\NoorCanvas\NoorCanvas.csproj]
D:\PROJECTS\NOOR CANVAS\SPA\NoorCanvas\Hubs\SessionHub.cs(364,1): warning SA1028: Code should not contain trailing whitespace (https://github.com/DotNetAnalyzers/StyleCopAnalyzers/blob/master/documentation/SA1028.md) [D:\PROJECTS\NOOR CANVAS\SPA\NoorCanvas\NoorCanvas.csproj]
D:\PROJECTS\NOOR CANVAS\SPA\NoorCanvas\Hubs\SessionHub.cs(462,120): warning SA1028: Code should not contain trailing whitespace (https://github.com/DotNetAnalyzers/StyleCopAnalyzers/blob/master/documentation/SA1028.md) [D:\PROJECTS\NOOR CANVAS\SPA\NoorCanvas\NoorCanvas.csproj]
D:\PROJECTS\NOOR CANVAS\SPA\NoorCanvas\Hubs\SessionHub.cs(479,121): warning SA1028: Code should not contain trailing whitespace (https://github.com/DotNetAnalyzers/StyleCopAnalyzers/blob/master/documentation/SA1028.md) [D:\PROJECTS\NOOR CANVAS\SPA\NoorCanvas\NoorCanvas.csproj]
D:\PROJECTS\NOOR CANVAS\SPA\NoorCanvas\Hubs\TestHub.cs(1,1): warning SA1633: The file header is missing or not located at the top of the file. (https://github.com/DotNetAnalyzers/StyleCopAnalyzers/blob/master/documentation/SA1633.md) [D:\PROJECTS\NOOR CANVAS\SPA\NoorCanvas\NoorCanvas.csproj]
D:\PROJECTS\NOOR CANVAS\SPA\NoorCanvas\Services\Development\TestDataService.cs(10,51): warning SA1309: Field '_logger' should not begin with an underscore (https://github.com/DotNetAnalyzers/StyleCopAnalyzers/blob/master/documentation/SA1309.md) [D:\PROJECTS\NOOR CANVAS\SPA\NoorCanvas\NoorCanvas.csproj]
D:\PROJECTS\NOOR CANVAS\SPA\NoorCanvas\Services\Development\TestDataService.cs(9,33): warning SA1309: Field '_random' should not begin with an underscore (https://github.com/DotNetAnalyzers/StyleCopAnalyzers/blob/master/documentation/SA1309.md) [D:\PROJECTS\NOOR CANVAS\SPA\NoorCanvas\NoorCanvas.csproj]
D:\PROJECTS\NOOR CANVAS\SPA\NoorCanvas\Services\Development\TestDataService.cs(13,35): warning SA1309: Field '_superheroNames' should not begin with an underscore (https://github.com/DotNetAnalyzers/StyleCopAnalyzers/blob/master/documentation/SA1309.md) [D:\PROJECTS\NOOR CANVAS\SPA\NoorCanvas\NoorCanvas.csproj]
D:\PROJECTS\NOOR CANVAS\SPA\NoorCanvas\Services\Development\TestDataService.cs(28,35): warning SA1309: Field '_emailDomains' should not begin with an underscore (https://github.com/DotNetAnalyzers/StyleCopAnalyzers/blob/master/documentation/SA1309.md) [D:\PROJECTS\NOOR CANVAS\SPA\NoorCanvas\NoorCanvas.csproj]
D:\PROJECTS\NOOR CANVAS\SPA\NoorCanvas\Hubs\TestHub.cs(16,120): warning SA1028: Code should not contain trailing whitespace (https://github.com/DotNetAnalyzers/StyleCopAnalyzers/blob/master/documentation/SA1028.md) [D:\PROJECTS\NOOR CANVAS\SPA\NoorCanvas\NoorCanvas.csproj]
D:\PROJECTS\NOOR CANVAS\SPA\NoorCanvas\Hubs\TestHub.cs(34,1): warning SA1028: Code should not contain trailing whitespace (https://github.com/DotNetAnalyzers/StyleCopAnalyzers/blob/master/documentation/SA1028.md) [D:\PROJECTS\NOOR CANVAS\SPA\NoorCanvas\NoorCanvas.csproj]
D:\PROJECTS\NOOR CANVAS\SPA\NoorCanvas\Hubs\TestHub.cs(35,145): warning SA1028: Code should not contain trailing whitespace (https://github.com/DotNetAnalyzers/StyleCopAnalyzers/blob/master/documentation/SA1028.md) [D:\PROJECTS\NOOR CANVAS\SPA\NoorCanvas\NoorCanvas.csproj]
D:\PROJECTS\NOOR CANVAS\SPA\NoorCanvas\Hubs\TestHub.cs(41,1): warning SA1028: Code should not contain trailing whitespace (https://github.com/DotNetAnalyzers/StyleCopAnalyzers/blob/master/documentation/SA1028.md) [D:\PROJECTS\NOOR CANVAS\SPA\NoorCanvas\NoorCanvas.csproj]
D:\PROJECTS\NOOR CANVAS\SPA\NoorCanvas\Hubs\TestHub.cs(50,137): warning SA1028: Code should not contain trailing whitespace (https://github.com/DotNetAnalyzers/StyleCopAnalyzers/blob/master/documentation/SA1028.md) [D:\PROJECTS\NOOR CANVAS\SPA\NoorCanvas\NoorCanvas.csproj]
D:\PROJECTS\NOOR CANVAS\SPA\NoorCanvas\Hubs\TestHub.cs(60,7): warning SA1028: Code should not contain trailing whitespace (https://github.com/DotNetAnalyzers/StyleCopAnalyzers/blob/master/documentation/SA1028.md) [D:\PROJECTS\NOOR CANVAS\SPA\NoorCanvas\NoorCanvas.csproj]
D:\PROJECTS\NOOR CANVAS\SPA\NoorCanvas\Hubs\TestHub.cs(67,1): warning SA1028: Code should not contain trailing whitespace (https://github.com/DotNetAnalyzers/StyleCopAnalyzers/blob/master/documentation/SA1028.md) [D:\PROJECTS\NOOR CANVAS\SPA\NoorCanvas\NoorCanvas.csproj]
D:\PROJECTS\NOOR CANVAS\SPA\NoorCanvas\Hubs\TestHub.cs(68,186): warning SA1028: Code should not contain trailing whitespace (https://github.com/DotNetAnalyzers/StyleCopAnalyzers/blob/master/documentation/SA1028.md) [D:\PROJECTS\NOOR CANVAS\SPA\NoorCanvas\NoorCanvas.csproj]
D:\PROJECTS\NOOR CANVAS\SPA\NoorCanvas\Hubs\TestHub.cs(84,1): warning SA1028: Code should not contain trailing whitespace (https://github.com/DotNetAnalyzers/StyleCopAnalyzers/blob/master/documentation/SA1028.md) [D:\PROJECTS\NOOR CANVAS\SPA\NoorCanvas\NoorCanvas.csproj]
D:\PROJECTS\NOOR CANVAS\SPA\NoorCanvas\Hubs\TestHub.cs(85,149): warning SA1028: Code should not contain trailing whitespace (https://github.com/DotNetAnalyzers/StyleCopAnalyzers/blob/master/documentation/SA1028.md) [D:\PROJECTS\NOOR CANVAS\SPA\NoorCanvas\NoorCanvas.csproj]
D:\PROJECTS\NOOR CANVAS\SPA\NoorCanvas\Hubs\TestHub.cs(97,132): warning SA1028: Code should not contain trailing whitespace (https://github.com/DotNetAnalyzers/StyleCopAnalyzers/blob/master/documentation/SA1028.md) [D:\PROJECTS\NOOR CANVAS\SPA\NoorCanvas\NoorCanvas.csproj]
D:\PROJECTS\NOOR CANVAS\SPA\NoorCanvas\Hubs\TestHub.cs(110,113): warning SA1028: Code should not contain trailing whitespace (https://github.com/DotNetAnalyzers/StyleCopAnalyzers/blob/master/documentation/SA1028.md) [D:\PROJECTS\NOOR CANVAS\SPA\NoorCanvas\NoorCanvas.csproj]
D:\PROJECTS\NOOR CANVAS\SPA\NoorCanvas\Middleware\DebugMiddleware.cs(1,1): warning SA1633: The file header is missing or not located at the top of the file. (https://github.com/DotNetAnalyzers/StyleCopAnalyzers/blob/master/documentation/SA1633.md) [D:\PROJECTS\NOOR CANVAS\SPA\NoorCanvas\NoorCanvas.csproj]
D:\PROJECTS\NOOR CANVAS\SPA\NoorCanvas\Middleware\DebugMiddleware.cs(94,25): warning SA1402: File may only contain a single type (https://github.com/DotNetAnalyzers/StyleCopAnalyzers/blob/master/documentation/SA1402.md) [D:\PROJECTS\NOOR CANVAS\SPA\NoorCanvas\NoorCanvas.csproj]
D:\PROJECTS\NOOR CANVAS\SPA\NoorCanvas\Services\DebugService.cs(359,39): warning SA1309: Field '_debugService' should not begin with an underscore (https://github.com/DotNetAnalyzers/StyleCopAnalyzers/blob/master/documentation/SA1309.md) [D:\PROJECTS\NOOR CANVAS\SPA\NoorCanvas\NoorCanvas.csproj]
D:\PROJECTS\NOOR CANVAS\SPA\NoorCanvas\Models\Simplified\AssetLookup.cs(24,16): warning SA1133: Each attribute should be placed in its own set of square brackets (https://github.com/DotNetAnalyzers/StyleCopAnalyzers/blob/master/documentation/SA1133.md) [D:\PROJECTS\NOOR CANVAS\SPA\NoorCanvas\NoorCanvas.csproj]
D:\PROJECTS\NOOR CANVAS\SPA\NoorCanvas\Models\Simplified\AssetLookup.cs(30,16): warning SA1133: Each attribute should be placed in its own set of square brackets (https://github.com/DotNetAnalyzers/StyleCopAnalyzers/blob/master/documentation/SA1133.md) [D:\PROJECTS\NOOR CANVAS\SPA\NoorCanvas\NoorCanvas.csproj]
D:\PROJECTS\NOOR CANVAS\SPA\NoorCanvas\Services\DialogService.cs(11,44): warning SA1309: Field '_pendingOperations' should not begin with an underscore (https://github.com/DotNetAnalyzers/StyleCopAnalyzers/blob/master/documentation/SA1309.md) [D:\PROJECTS\NOOR CANVAS\SPA\NoorCanvas\NoorCanvas.csproj]
D:\PROJECTS\NOOR CANVAS\SPA\NoorCanvas\Migrations\20250920121452_AddEmailToParticipants.cs(1,1): warning SA1633: The file header is missing or not located at the top of the file. (https://github.com/DotNetAnalyzers/StyleCopAnalyzers/blob/master/documentation/SA1633.md) [D:\PROJECTS\NOOR CANVAS\SPA\NoorCanvas\NoorCanvas.csproj]
D:\PROJECTS\NOOR CANVAS\SPA\NoorCanvas\Services\DialogService.cs(12,30): warning SA1309: Field '_alertDialog' should not begin with an underscore (https://github.com/DotNetAnalyzers/StyleCopAnalyzers/blob/master/documentation/SA1309.md) [D:\PROJECTS\NOOR CANVAS\SPA\NoorCanvas\NoorCanvas.csproj]
D:\PROJECTS\NOOR CANVAS\SPA\NoorCanvas\Services\DialogService.cs(13,32): warning SA1309: Field '_confirmDialog' should not begin with an underscore (https://github.com/DotNetAnalyzers/StyleCopAnalyzers/blob/master/documentation/SA1309.md) [D:\PROJECTS\NOOR CANVAS\SPA\NoorCanvas\NoorCanvas.csproj]
D:\PROJECTS\NOOR CANVAS\SPA\NoorCanvas\Models\Simplified\Participant.cs(36,1): warning SA1516: Elements should be separated by blank line (https://github.com/DotNetAnalyzers/StyleCopAnalyzers/blob/master/documentation/SA1516.md) [D:\PROJECTS\NOOR CANVAS\SPA\NoorCanvas\NoorCanvas.csproj]
D:\PROJECTS\NOOR CANVAS\SPA\NoorCanvas\Models\KSessionsModels.cs(175,1): warning SA1516: Elements should be separated by blank line (https://github.com/DotNetAnalyzers/StyleCopAnalyzers/blob/master/documentation/SA1516.md) [D:\PROJECTS\NOOR CANVAS\SPA\NoorCanvas\NoorCanvas.csproj]
D:\PROJECTS\NOOR CANVAS\SPA\NoorCanvas\Migrations\20250920121756_InitialMigrationWithEmail.cs(1,1): warning SA1633: The file header is missing or not located at the top of the file. (https://github.com/DotNetAnalyzers/StyleCopAnalyzers/blob/master/documentation/SA1633.md) [D:\PROJECTS\NOOR CANVAS\SPA\NoorCanvas\NoorCanvas.csproj]
D:\PROJECTS\NOOR CANVAS\SPA\NoorCanvas\Migrations\20250920222544_AddAssetLookupTable.cs(1,1): warning SA1633: The file header is missing or not located at the top of the file. (https://github.com/DotNetAnalyzers/StyleCopAnalyzers/blob/master/documentation/SA1633.md) [D:\PROJECTS\NOOR CANVAS\SPA\NoorCanvas\NoorCanvas.csproj]
D:\PROJECTS\NOOR CANVAS\SPA\NoorCanvas\Services\HtmlParsingService.cs(12,54): warning SA1309: Field '_logger' should not begin with an underscore (https://github.com/DotNetAnalyzers/StyleCopAnalyzers/blob/master/documentation/SA1309.md) [D:\PROJECTS\NOOR CANVAS\SPA\NoorCanvas\NoorCanvas.csproj]
D:\PROJECTS\NOOR CANVAS\SPA\NoorCanvas\Migrations\20250923225435_RemoveUnusedTokenColumnsCleanup.cs(1,1): warning SA1633: The file header is missing or not located at the top of the file. (https://github.com/DotNetAnalyzers/StyleCopAnalyzers/blob/master/documentation/SA1633.md) [D:\PROJECTS\NOOR CANVAS\SPA\NoorCanvas\NoorCanvas.csproj]
D:\PROJECTS\NOOR CANVAS\SPA\NoorCanvas\Migrations\20250924140533_RemoveSessionDescriptionColumn.cs(1,1): warning SA1633: The file header is missing or not located at the top of the file. (https://github.com/DotNetAnalyzers/StyleCopAnalyzers/blob/master/documentation/SA1633.md) [D:\PROJECTS\NOOR CANVAS\SPA\NoorCanvas\NoorCanvas.csproj]
D:\PROJECTS\NOOR CANVAS\SPA\NoorCanvas\Services\HtmlParsingService.cs(267,1): warning SA1516: Elements should be separated by blank line (https://github.com/DotNetAnalyzers/StyleCopAnalyzers/blob/master/documentation/SA1516.md) [D:\PROJECTS\NOOR CANVAS\SPA\NoorCanvas\NoorCanvas.csproj]
D:\PROJECTS\NOOR CANVAS\SPA\NoorCanvas\Services\HtmlParsingService.cs(268,1): warning SA1516: Elements should be separated by blank line (https://github.com/DotNetAnalyzers/StyleCopAnalyzers/blob/master/documentation/SA1516.md) [D:\PROJECTS\NOOR CANVAS\SPA\NoorCanvas\NoorCanvas.csproj]
D:\PROJECTS\NOOR CANVAS\SPA\NoorCanvas\Services\HtmlParsingService.cs(269,1): warning SA1516: Elements should be separated by blank line (https://github.com/DotNetAnalyzers/StyleCopAnalyzers/blob/master/documentation/SA1516.md) [D:\PROJECTS\NOOR CANVAS\SPA\NoorCanvas\NoorCanvas.csproj]
D:\PROJECTS\NOOR CANVAS\SPA\NoorCanvas\Migrations\20250924142435_RemoveSessionTitleColumn.cs(1,1): warning SA1633: The file header is missing or not located at the top of the file. (https://github.com/DotNetAnalyzers/StyleCopAnalyzers/blob/master/documentation/SA1633.md) [D:\PROJECTS\NOOR CANVAS\SPA\NoorCanvas\NoorCanvas.csproj]
D:\PROJECTS\NOOR CANVAS\SPA\NoorCanvas\Migrations\20250925102627_Remove_HostAuthToken.cs(1,1): warning SA1633: The file header is missing or not located at the top of the file. (https://github.com/DotNetAnalyzers/StyleCopAnalyzers/blob/master/documentation/SA1633.md) [D:\PROJECTS\NOOR CANVAS\SPA\NoorCanvas\NoorCanvas.csproj]
D:\PROJECTS\NOOR CANVAS\SPA\NoorCanvas\Services\HtmlParsingService.cs(306,1): warning SA1516: Elements should be separated by blank line (https://github.com/DotNetAnalyzers/StyleCopAnalyzers/blob/master/documentation/SA1516.md) [D:\PROJECTS\NOOR CANVAS\SPA\NoorCanvas\NoorCanvas.csproj]
D:\PROJECTS\NOOR CANVAS\SPA\NoorCanvas\Services\HtmlParsingService.cs(307,1): warning SA1516: Elements should be separated by blank line (https://github.com/DotNetAnalyzers/StyleCopAnalyzers/blob/master/documentation/SA1516.md) [D:\PROJECTS\NOOR CANVAS\SPA\NoorCanvas\NoorCanvas.csproj]
D:\PROJECTS\NOOR CANVAS\SPA\NoorCanvas\Models\AdminSession.cs(1,1): warning SA1633: The file header is missing or not located at the top of the file. (https://github.com/DotNetAnalyzers/StyleCopAnalyzers/blob/master/documentation/SA1633.md) [D:\PROJECTS\NOOR CANVAS\SPA\NoorCanvas\NoorCanvas.csproj]
D:\PROJECTS\NOOR CANVAS\SPA\NoorCanvas\Models\Annotation.cs(1,1): warning SA1633: The file header is missing or not located at the top of the file. (https://github.com/DotNetAnalyzers/StyleCopAnalyzers/blob/master/documentation/SA1633.md) [D:\PROJECTS\NOOR CANVAS\SPA\NoorCanvas\NoorCanvas.csproj]
D:\PROJECTS\NOOR CANVAS\SPA\NoorCanvas\Models\AuditLog.cs(1,1): warning SA1633: The file header is missing or not located at the top of the file. (https://github.com/DotNetAnalyzers/StyleCopAnalyzers/blob/master/documentation/SA1633.md) [D:\PROJECTS\NOOR CANVAS\SPA\NoorCanvas\NoorCanvas.csproj]
D:\PROJECTS\NOOR CANVAS\SPA\NoorCanvas\Services\HtmlParsingService.cs(15,39): warning SA1204: Static members should appear before non-static members (https://github.com/DotNetAnalyzers/StyleCopAnalyzers/blob/master/documentation/SA1204.md) [D:\PROJECTS\NOOR CANVAS\SPA\NoorCanvas\NoorCanvas.csproj]
D:\PROJECTS\NOOR CANVAS\SPA\NoorCanvas\Models\Debug\DebugModels.cs(1,1): warning SA1633: The file header is missing or not located at the top of the file. (https://github.com/DotNetAnalyzers/StyleCopAnalyzers/blob/master/documentation/SA1633.md) [D:\PROJECTS\NOOR CANVAS\SPA\NoorCanvas\NoorCanvas.csproj]
D:\PROJECTS\NOOR CANVAS\SPA\NoorCanvas\Models\Debug\DebugModels.cs(8,22): warning SA1649: File name should match first type name (https://github.com/DotNetAnalyzers/StyleCopAnalyzers/blob/master/documentation/SA1649.md) [D:\PROJECTS\NOOR CANVAS\SPA\NoorCanvas\NoorCanvas.csproj]
D:\PROJECTS\NOOR CANVAS\SPA\NoorCanvas\Models\Debug\DebugModels.cs(28,18): warning SA1402: File may only contain a single type (https://github.com/DotNetAnalyzers/StyleCopAnalyzers/blob/master/documentation/SA1402.md) [D:\PROJECTS\NOOR CANVAS\SPA\NoorCanvas\NoorCanvas.csproj]
D:\PROJECTS\NOOR CANVAS\SPA\NoorCanvas\Services\FlagService.cs(7,37): warning SA1309: Field '_jsRuntime' should not begin with an underscore (https://github.com/DotNetAnalyzers/StyleCopAnalyzers/blob/master/documentation/SA1309.md) [D:\PROJECTS\NOOR CANVAS\SPA\NoorCanvas\NoorCanvas.csproj]
D:\PROJECTS\NOOR CANVAS\SPA\NoorCanvas\Services\FlagService.cs(8,47): warning SA1309: Field '_logger' should not begin with an underscore (https://github.com/DotNetAnalyzers/StyleCopAnalyzers/blob/master/documentation/SA1309.md) [D:\PROJECTS\NOOR CANVAS\SPA\NoorCanvas\NoorCanvas.csproj]
D:\PROJECTS\NOOR CANVAS\SPA\NoorCanvas\Models\HostSession.cs(1,1): warning SA1633: The file header is missing or not located at the top of the file. (https://github.com/DotNetAnalyzers/StyleCopAnalyzers/blob/master/documentation/SA1633.md) [D:\PROJECTS\NOOR CANVAS\SPA\NoorCanvas\NoorCanvas.csproj]
D:\PROJECTS\NOOR CANVAS\SPA\NoorCanvas\Services\FlagService.cs(11,39): warning SA1309: Field '_flagCdnUrls' should not begin with an underscore (https://github.com/DotNetAnalyzers/StyleCopAnalyzers/blob/master/documentation/SA1309.md) [D:\PROJECTS\NOOR CANVAS\SPA\NoorCanvas\NoorCanvas.csproj]
D:\PROJECTS\NOOR CANVAS\SPA\NoorCanvas\Models\Issue.cs(1,1): warning SA1633: The file header is missing or not located at the top of the file. (https://github.com/DotNetAnalyzers/StyleCopAnalyzers/blob/master/documentation/SA1633.md) [D:\PROJECTS\NOOR CANVAS\SPA\NoorCanvas\NoorCanvas.csproj]
D:\PROJECTS\NOOR CANVAS\SPA\NoorCanvas\Services\SafeHtmlRenderingService.cs(14,60): warning SA1309: Field '_logger' should not begin with an underscore (https://github.com/DotNetAnalyzers/StyleCopAnalyzers/blob/master/documentation/SA1309.md) [D:\PROJECTS\NOOR CANVAS\SPA\NoorCanvas\NoorCanvas.csproj]
D:\PROJECTS\NOOR CANVAS\SPA\NoorCanvas\Models\KSessionsModels.cs(1,1): warning SA1633: The file header is missing or not located at the top of the file. (https://github.com/DotNetAnalyzers/StyleCopAnalyzers/blob/master/documentation/SA1633.md) [D:\PROJECTS\NOOR CANVAS\SPA\NoorCanvas\NoorCanvas.csproj]
D:\PROJECTS\NOOR CANVAS\SPA\NoorCanvas\Models\KSessionsModels.cs(11,18): warning SA1649: File name should match first type name (https://github.com/DotNetAnalyzers/StyleCopAnalyzers/blob/master/documentation/SA1649.md) [D:\PROJECTS\NOOR CANVAS\SPA\NoorCanvas\NoorCanvas.csproj]
D:\PROJECTS\NOOR CANVAS\SPA\NoorCanvas\Models\Question.cs(39,1): warning SA1516: Elements should be separated by blank line (https://github.com/DotNetAnalyzers/StyleCopAnalyzers/blob/master/documentation/SA1516.md) [D:\PROJECTS\NOOR CANVAS\SPA\NoorCanvas\NoorCanvas.csproj]
D:\PROJECTS\NOOR CANVAS\SPA\NoorCanvas\Models\KSessionsModels.cs(56,18): warning SA1402: File may only contain a single type (https://github.com/DotNetAnalyzers/StyleCopAnalyzers/blob/master/documentation/SA1402.md) [D:\PROJECTS\NOOR CANVAS\SPA\NoorCanvas\NoorCanvas.csproj]
D:\PROJECTS\NOOR CANVAS\SPA\NoorCanvas\Models\KSessionsModels.cs(93,18): warning SA1402: File may only contain a single type (https://github.com/DotNetAnalyzers/StyleCopAnalyzers/blob/master/documentation/SA1402.md) [D:\PROJECTS\NOOR CANVAS\SPA\NoorCanvas\NoorCanvas.csproj]
D:\PROJECTS\NOOR CANVAS\SPA\NoorCanvas\Models\KSessionsModels.cs(163,18): warning SA1402: File may only contain a single type (https://github.com/DotNetAnalyzers/StyleCopAnalyzers/blob/master/documentation/SA1402.md) [D:\PROJECTS\NOOR CANVAS\SPA\NoorCanvas\NoorCanvas.csproj]
D:\PROJECTS\NOOR CANVAS\SPA\NoorCanvas\Services\FlagService.cs(83,23): warning SA1202: 'public' members should come before 'private' members (https://github.com/DotNetAnalyzers/StyleCopAnalyzers/blob/master/documentation/SA1202.md) [D:\PROJECTS\NOOR CANVAS\SPA\NoorCanvas\NoorCanvas.csproj]
D:\PROJECTS\NOOR CANVAS\SPA\NoorCanvas\Services\SessionStateService.cs(12,55): warning SA1309: Field '_logger' should not begin with an underscore (https://github.com/DotNetAnalyzers/StyleCopAnalyzers/blob/master/documentation/SA1309.md) [D:\PROJECTS\NOOR CANVAS\SPA\NoorCanvas\NoorCanvas.csproj]
D:\PROJECTS\NOOR CANVAS\SPA\NoorCanvas\Services\SessionStateService.cs(14,30): warning SA1310: Field 'SESSION_STATE_KEY' should not contain an underscore (https://github.com/DotNetAnalyzers/StyleCopAnalyzers/blob/master/documentation/SA1310.md) [D:\PROJECTS\NOOR CANVAS\SPA\NoorCanvas\NoorCanvas.csproj]
D:\PROJECTS\NOOR CANVAS\SPA\NoorCanvas\Services\SessionStateService.cs(15,30): warning SA1310: Field 'HOST_SESSION_KEY' should not contain an underscore (https://github.com/DotNetAnalyzers/StyleCopAnalyzers/blob/master/documentation/SA1310.md) [D:\PROJECTS\NOOR CANVAS\SPA\NoorCanvas\NoorCanvas.csproj]
D:\PROJECTS\NOOR CANVAS\SPA\NoorCanvas\Services\SessionStateService.cs(45,33): warning SA1201: A method should not follow a class (https://github.com/DotNetAnalyzers/StyleCopAnalyzers/blob/master/documentation/SA1201.md) [D:\PROJECTS\NOOR CANVAS\SPA\NoorCanvas\NoorCanvas.csproj]
D:\PROJECTS\NOOR CANVAS\SPA\NoorCanvas\Services\SessionStateService.cs(14,30): warning SA1203: Constant fields should appear before non-constant fields (https://github.com/DotNetAnalyzers/StyleCopAnalyzers/blob/master/documentation/SA1203.md) [D:\PROJECTS\NOOR CANVAS\SPA\NoorCanvas\NoorCanvas.csproj]
D:\PROJECTS\NOOR CANVAS\SPA\NoorCanvas\Services\SessionStateService.cs(29,1): warning SA1516: Elements should be separated by blank line (https://github.com/DotNetAnalyzers/StyleCopAnalyzers/blob/master/documentation/SA1516.md) [D:\PROJECTS\NOOR CANVAS\SPA\NoorCanvas\NoorCanvas.csproj]
D:\PROJECTS\NOOR CANVAS\SPA\NoorCanvas\Services\SessionStateService.cs(30,1): warning SA1516: Elements should be separated by blank line (https://github.com/DotNetAnalyzers/StyleCopAnalyzers/blob/master/documentation/SA1516.md) [D:\PROJECTS\NOOR CANVAS\SPA\NoorCanvas\NoorCanvas.csproj]
D:\PROJECTS\NOOR CANVAS\SPA\NoorCanvas\Services\SessionStateService.cs(31,1): warning SA1516: Elements should be separated by blank line (https://github.com/DotNetAnalyzers/StyleCopAnalyzers/blob/master/documentation/SA1516.md) [D:\PROJECTS\NOOR CANVAS\SPA\NoorCanvas\NoorCanvas.csproj]
D:\PROJECTS\NOOR CANVAS\SPA\NoorCanvas\Services\SessionStateService.cs(32,1): warning SA1516: Elements should be separated by blank line (https://github.com/DotNetAnalyzers/StyleCopAnalyzers/blob/master/documentation/SA1516.md) [D:\PROJECTS\NOOR CANVAS\SPA\NoorCanvas\NoorCanvas.csproj]
D:\PROJECTS\NOOR CANVAS\SPA\NoorCanvas\Services\SessionStateService.cs(33,1): warning SA1516: Elements should be separated by blank line (https://github.com/DotNetAnalyzers/StyleCopAnalyzers/blob/master/documentation/SA1516.md) [D:\PROJECTS\NOOR CANVAS\SPA\NoorCanvas\NoorCanvas.csproj]
D:\PROJECTS\NOOR CANVAS\SPA\NoorCanvas\Services\SessionStateService.cs(34,1): warning SA1516: Elements should be separated by blank line (https://github.com/DotNetAnalyzers/StyleCopAnalyzers/blob/master/documentation/SA1516.md) [D:\PROJECTS\NOOR CANVAS\SPA\NoorCanvas\NoorCanvas.csproj]
D:\PROJECTS\NOOR CANVAS\SPA\NoorCanvas\Services\SessionStateService.cs(35,1): warning SA1516: Elements should be separated by blank line (https://github.com/DotNetAnalyzers/StyleCopAnalyzers/blob/master/documentation/SA1516.md) [D:\PROJECTS\NOOR CANVAS\SPA\NoorCanvas\NoorCanvas.csproj]
D:\PROJECTS\NOOR CANVAS\SPA\NoorCanvas\Services\SessionStateService.cs(36,1): warning SA1516: Elements should be separated by blank line (https://github.com/DotNetAnalyzers/StyleCopAnalyzers/blob/master/documentation/SA1516.md) [D:\PROJECTS\NOOR CANVAS\SPA\NoorCanvas\NoorCanvas.csproj]
D:\PROJECTS\NOOR CANVAS\SPA\NoorCanvas\Models\KSESSIONS\KSessionsCountry.cs(1,1): warning SA1633: The file header is missing or not located at the top of the file. (https://github.com/DotNetAnalyzers/StyleCopAnalyzers/blob/master/documentation/SA1633.md) [D:\PROJECTS\NOOR CANVAS\SPA\NoorCanvas\NoorCanvas.csproj]
D:\PROJECTS\NOOR CANVAS\SPA\NoorCanvas\Services\SecureTokenService.cs(12,23): warning SA1310: Field 'TOKEN_LENGTH' should not contain an underscore (https://github.com/DotNetAnalyzers/StyleCopAnalyzers/blob/master/documentation/SA1310.md) [D:\PROJECTS\NOOR CANVAS\SPA\NoorCanvas\NoorCanvas.csproj]
D:\PROJECTS\NOOR CANVAS\SPA\NoorCanvas\Models\KSESSIONS\KSessionsCountry.cs(25,1): warning SA1028: Code should not contain trailing whitespace (https://github.com/DotNetAnalyzers/StyleCopAnalyzers/blob/master/documentation/SA1028.md) [D:\PROJECTS\NOOR CANVAS\SPA\NoorCanvas\NoorCanvas.csproj]
D:\PROJECTS\NOOR CANVAS\SPA\NoorCanvas\Models\KSESSIONS\KSessionsSessionTranscript.cs(1,1): warning SA1633: The file header is missing or not located at the top of the file. (https://github.com/DotNetAnalyzers/StyleCopAnalyzers/blob/master/documentation/SA1633.md) [D:\PROJECTS\NOOR CANVAS\SPA\NoorCanvas\NoorCanvas.csproj]
D:\PROJECTS\NOOR CANVAS\SPA\NoorCanvas\Services\SecureTokenService.cs(13,38): warning SA1309: Field '_context' should not begin with an underscore (https://github.com/DotNetAnalyzers/StyleCopAnalyzers/blob/master/documentation/SA1309.md) [D:\PROJECTS\NOOR CANVAS\SPA\NoorCanvas\NoorCanvas.csproj]
D:\PROJECTS\NOOR CANVAS\SPA\NoorCanvas\Services\SecureTokenService.cs(14,50): warning SA1309: Field '_logger' should not begin with an underscore (https://github.com/DotNetAnalyzers/StyleCopAnalyzers/blob/master/documentation/SA1309.md) [D:\PROJECTS\NOOR CANVAS\SPA\NoorCanvas\NoorCanvas.csproj]
D:\PROJECTS\NOOR CANVAS\SPA\NoorCanvas\Models\Question.cs(1,1): warning SA1633: The file header is missing or not located at the top of the file. (https://github.com/DotNetAnalyzers/StyleCopAnalyzers/blob/master/documentation/SA1633.md) [D:\PROJECTS\NOOR CANVAS\SPA\NoorCanvas\NoorCanvas.csproj]
D:\PROJECTS\NOOR CANVAS\SPA\NoorCanvas\Models\Simplified\Session.cs(40,1): warning SA1516: Elements should be separated by blank line (https://github.com/DotNetAnalyzers/StyleCopAnalyzers/blob/master/documentation/SA1516.md) [D:\PROJECTS\NOOR CANVAS\SPA\NoorCanvas\NoorCanvas.csproj]
D:\PROJECTS\NOOR CANVAS\SPA\NoorCanvas\Models\Simplified\Session.cs(48,1): warning SA1516: Elements should be separated by blank line (https://github.com/DotNetAnalyzers/StyleCopAnalyzers/blob/master/documentation/SA1516.md) [D:\PROJECTS\NOOR CANVAS\SPA\NoorCanvas\NoorCanvas.csproj]
D:\PROJECTS\NOOR CANVAS\SPA\NoorCanvas\Models\Simplified\Session.cs(49,1): warning SA1516: Elements should be separated by blank line (https://github.com/DotNetAnalyzers/StyleCopAnalyzers/blob/master/documentation/SA1516.md) [D:\PROJECTS\NOOR CANVAS\SPA\NoorCanvas\NoorCanvas.csproj]
D:\PROJECTS\NOOR CANVAS\SPA\NoorCanvas\Models\Simplified\Session.cs(50,1): warning SA1516: Elements should be separated by blank line (https://github.com/DotNetAnalyzers/StyleCopAnalyzers/blob/master/documentation/SA1516.md) [D:\PROJECTS\NOOR CANVAS\SPA\NoorCanvas\NoorCanvas.csproj]
D:\PROJECTS\NOOR CANVAS\SPA\NoorCanvas\Models\Simplified\Session.cs(51,1): warning SA1516: Elements should be separated by blank line (https://github.com/DotNetAnalyzers/StyleCopAnalyzers/blob/master/documentation/SA1516.md) [D:\PROJECTS\NOOR CANVAS\SPA\NoorCanvas\NoorCanvas.csproj]
D:\PROJECTS\NOOR CANVAS\SPA\NoorCanvas\Models\Simplified\Session.cs(61,1): warning SA1516: Elements should be separated by blank line (https://github.com/DotNetAnalyzers/StyleCopAnalyzers/blob/master/documentation/SA1516.md) [D:\PROJECTS\NOOR CANVAS\SPA\NoorCanvas\NoorCanvas.csproj]
D:\PROJECTS\NOOR CANVAS\SPA\NoorCanvas\Models\QuestionAnswer.cs(1,1): warning SA1633: The file header is missing or not located at the top of the file. (https://github.com/DotNetAnalyzers/StyleCopAnalyzers/blob/master/documentation/SA1633.md) [D:\PROJECTS\NOOR CANVAS\SPA\NoorCanvas\NoorCanvas.csproj]
D:\PROJECTS\NOOR CANVAS\SPA\NoorCanvas\Services\SafeHtmlRenderingService.cs(165,42): warning SA1202: 'public' members should come before 'private' members (https://github.com/DotNetAnalyzers/StyleCopAnalyzers/blob/master/documentation/SA1202.md) [D:\PROJECTS\NOOR CANVAS\SPA\NoorCanvas\NoorCanvas.csproj]
D:\PROJECTS\NOOR CANVAS\SPA\NoorCanvas\Models\QuestionVote.cs(1,1): warning SA1633: The file header is missing or not located at the top of the file. (https://github.com/DotNetAnalyzers/StyleCopAnalyzers/blob/master/documentation/SA1633.md) [D:\PROJECTS\NOOR CANVAS\SPA\NoorCanvas\NoorCanvas.csproj]
D:\PROJECTS\NOOR CANVAS\SPA\NoorCanvas\Models\Simplified\Session.cs(22,16): warning SA1133: Each attribute should be placed in its own set of square brackets (https://github.com/DotNetAnalyzers/StyleCopAnalyzers/blob/master/documentation/SA1133.md) [D:\PROJECTS\NOOR CANVAS\SPA\NoorCanvas\NoorCanvas.csproj]
D:\PROJECTS\NOOR CANVAS\SPA\NoorCanvas\Models\Simplified\Session.cs(25,16): warning SA1133: Each attribute should be placed in its own set of square brackets (https://github.com/DotNetAnalyzers/StyleCopAnalyzers/blob/master/documentation/SA1133.md) [D:\PROJECTS\NOOR CANVAS\SPA\NoorCanvas\NoorCanvas.csproj]
D:\PROJECTS\NOOR CANVAS\SPA\NoorCanvas\Models\Registration.cs(1,1): warning SA1633: The file header is missing or not located at the top of the file. (https://github.com/DotNetAnalyzers/StyleCopAnalyzers/blob/master/documentation/SA1633.md) [D:\PROJECTS\NOOR CANVAS\SPA\NoorCanvas\NoorCanvas.csproj]
D:\PROJECTS\NOOR CANVAS\SPA\NoorCanvas\Models\SecureToken.cs(1,1): warning SA1633: The file header is missing or not located at the top of the file. (https://github.com/DotNetAnalyzers/StyleCopAnalyzers/blob/master/documentation/SA1633.md) [D:\PROJECTS\NOOR CANVAS\SPA\NoorCanvas\NoorCanvas.csproj]
D:\PROJECTS\NOOR CANVAS\SPA\NoorCanvas\Models\Session.cs(1,1): warning SA1633: The file header is missing or not located at the top of the file. (https://github.com/DotNetAnalyzers/StyleCopAnalyzers/blob/master/documentation/SA1633.md) [D:\PROJECTS\NOOR CANVAS\SPA\NoorCanvas\NoorCanvas.csproj]
D:\PROJECTS\NOOR CANVAS\SPA\NoorCanvas\Models\Session.cs(20,5): warning SA1512: Single-line comments should not be followed by blank line (https://github.com/DotNetAnalyzers/StyleCopAnalyzers/blob/master/documentation/SA1512.md) [D:\PROJECTS\NOOR CANVAS\SPA\NoorCanvas\NoorCanvas.csproj]
D:\PROJECTS\NOOR CANVAS\SPA\NoorCanvas\Models\Simplified\SessionAsset.cs(29,16): warning SA1133: Each attribute should be placed in its own set of square brackets (https://github.com/DotNetAnalyzers/StyleCopAnalyzers/blob/master/documentation/SA1133.md) [D:\PROJECTS\NOOR CANVAS\SPA\NoorCanvas\NoorCanvas.csproj]
D:\PROJECTS\NOOR CANVAS\SPA\NoorCanvas\Models\SessionLink.cs(1,1): warning SA1633: The file header is missing or not located at the top of the file. (https://github.com/DotNetAnalyzers/StyleCopAnalyzers/blob/master/documentation/SA1633.md) [D:\PROJECTS\NOOR CANVAS\SPA\NoorCanvas\NoorCanvas.csproj]
D:\PROJECTS\NOOR CANVAS\SPA\NoorCanvas\Services\SimplifiedTokenService.cs(17,23): warning SA1310: Field 'TOKEN_LENGTH' should not contain an underscore (https://github.com/DotNetAnalyzers/StyleCopAnalyzers/blob/master/documentation/SA1310.md) [D:\PROJECTS\NOOR CANVAS\SPA\NoorCanvas\NoorCanvas.csproj]
D:\PROJECTS\NOOR CANVAS\SPA\NoorCanvas\Services\SimplifiedTokenService.cs(18,48): warning SA1309: Field '_context' should not begin with an underscore (https://github.com/DotNetAnalyzers/StyleCopAnalyzers/blob/master/documentation/SA1309.md) [D:\PROJECTS\NOOR CANVAS\SPA\NoorCanvas\NoorCanvas.csproj]
D:\PROJECTS\NOOR CANVAS\SPA\NoorCanvas\Services\SimplifiedTokenService.cs(19,54): warning SA1309: Field '_logger' should not begin with an underscore (https://github.com/DotNetAnalyzers/StyleCopAnalyzers/blob/master/documentation/SA1309.md) [D:\PROJECTS\NOOR CANVAS\SPA\NoorCanvas\NoorCanvas.csproj]
D:\PROJECTS\NOOR CANVAS\SPA\NoorCanvas\Models\SessionParticipant.cs(1,1): warning SA1633: The file header is missing or not located at the top of the file. (https://github.com/DotNetAnalyzers/StyleCopAnalyzers/blob/master/documentation/SA1633.md) [D:\PROJECTS\NOOR CANVAS\SPA\NoorCanvas\NoorCanvas.csproj]
D:\PROJECTS\NOOR CANVAS\SPA\NoorCanvas\Models\Simplified\SessionAsset.cs(181,1): warning SA1516: Elements should be separated by blank line (https://github.com/DotNetAnalyzers/StyleCopAnalyzers/blob/master/documentation/SA1516.md) [D:\PROJECTS\NOOR CANVAS\SPA\NoorCanvas\NoorCanvas.csproj]
D:\PROJECTS\NOOR CANVAS\SPA\NoorCanvas\Models\Simplified\SessionAsset.cs(182,1): warning SA1516: Elements should be separated by blank line (https://github.com/DotNetAnalyzers/StyleCopAnalyzers/blob/master/documentation/SA1516.md) [D:\PROJECTS\NOOR CANVAS\SPA\NoorCanvas\NoorCanvas.csproj]
D:\PROJECTS\NOOR CANVAS\SPA\NoorCanvas\Models\Simplified\SessionAsset.cs(183,1): warning SA1516: Elements should be separated by blank line (https://github.com/DotNetAnalyzers/StyleCopAnalyzers/blob/master/documentation/SA1516.md) [D:\PROJECTS\NOOR CANVAS\SPA\NoorCanvas\NoorCanvas.csproj]
D:\PROJECTS\NOOR CANVAS\SPA\NoorCanvas\Models\Simplified\SessionAsset.cs(184,1): warning SA1516: Elements should be separated by blank line (https://github.com/DotNetAnalyzers/StyleCopAnalyzers/blob/master/documentation/SA1516.md) [D:\PROJECTS\NOOR CANVAS\SPA\NoorCanvas\NoorCanvas.csproj]
D:\PROJECTS\NOOR CANVAS\SPA\NoorCanvas\Models\Simplified\SessionAsset.cs(185,1): warning SA1516: Elements should be separated by blank line (https://github.com/DotNetAnalyzers/StyleCopAnalyzers/blob/master/documentation/SA1516.md) [D:\PROJECTS\NOOR CANVAS\SPA\NoorCanvas\NoorCanvas.csproj]
D:\PROJECTS\NOOR CANVAS\SPA\NoorCanvas\Models\Simplified\SessionAsset.cs(186,1): warning SA1516: Elements should be separated by blank line (https://github.com/DotNetAnalyzers/StyleCopAnalyzers/blob/master/documentation/SA1516.md) [D:\PROJECTS\NOOR CANVAS\SPA\NoorCanvas\NoorCanvas.csproj]
D:\PROJECTS\NOOR CANVAS\SPA\NoorCanvas\Models\Simplified\SessionAsset.cs(187,1): warning SA1516: Elements should be separated by blank line (https://github.com/DotNetAnalyzers/StyleCopAnalyzers/blob/master/documentation/SA1516.md) [D:\PROJECTS\NOOR CANVAS\SPA\NoorCanvas\NoorCanvas.csproj]
D:\PROJECTS\NOOR CANVAS\SPA\NoorCanvas\Models\Simplified\SessionAsset.cs(188,1): warning SA1516: Elements should be separated by blank line (https://github.com/DotNetAnalyzers/StyleCopAnalyzers/blob/master/documentation/SA1516.md) [D:\PROJECTS\NOOR CANVAS\SPA\NoorCanvas\NoorCanvas.csproj]
D:\PROJECTS\NOOR CANVAS\SPA\NoorCanvas\Models\SharedAsset.cs(1,1): warning SA1633: The file header is missing or not located at the top of the file. (https://github.com/DotNetAnalyzers/StyleCopAnalyzers/blob/master/documentation/SA1633.md) [D:\PROJECTS\NOOR CANVAS\SPA\NoorCanvas\NoorCanvas.csproj]
D:\PROJECTS\NOOR CANVAS\SPA\NoorCanvas\Models\Simplified\AssetLookup.cs(1,1): warning SA1633: The file header is missing or not located at the top of the file. (https://github.com/DotNetAnalyzers/StyleCopAnalyzers/blob/master/documentation/SA1633.md) [D:\PROJECTS\NOOR CANVAS\SPA\NoorCanvas\NoorCanvas.csproj]
D:\PROJECTS\NOOR CANVAS\SPA\NoorCanvas\Models\Simplified\Participant.cs(1,1): warning SA1633: The file header is missing or not located at the top of the file. (https://github.com/DotNetAnalyzers/StyleCopAnalyzers/blob/master/documentation/SA1633.md) [D:\PROJECTS\NOOR CANVAS\SPA\NoorCanvas\NoorCanvas.csproj]
D:\PROJECTS\NOOR CANVAS\SPA\NoorCanvas\Models\Simplified\SessionAsset.cs(216,1): warning SA1516: Elements should be separated by blank line (https://github.com/DotNetAnalyzers/StyleCopAnalyzers/blob/master/documentation/SA1516.md) [D:\PROJECTS\NOOR CANVAS\SPA\NoorCanvas\NoorCanvas.csproj]
D:\PROJECTS\NOOR CANVAS\SPA\NoorCanvas\Models\Simplified\SessionAsset.cs(217,1): warning SA1516: Elements should be separated by blank line (https://github.com/DotNetAnalyzers/StyleCopAnalyzers/blob/master/documentation/SA1516.md) [D:\PROJECTS\NOOR CANVAS\SPA\NoorCanvas\NoorCanvas.csproj]
D:\PROJECTS\NOOR CANVAS\SPA\NoorCanvas\Models\Simplified\SessionAsset.cs(218,1): warning SA1516: Elements should be separated by blank line (https://github.com/DotNetAnalyzers/StyleCopAnalyzers/blob/master/documentation/SA1516.md) [D:\PROJECTS\NOOR CANVAS\SPA\NoorCanvas\NoorCanvas.csproj]
D:\PROJECTS\NOOR CANVAS\SPA\NoorCanvas\Models\Simplified\SessionAsset.cs(219,1): warning SA1516: Elements should be separated by blank line (https://github.com/DotNetAnalyzers/StyleCopAnalyzers/blob/master/documentation/SA1516.md) [D:\PROJECTS\NOOR CANVAS\SPA\NoorCanvas\NoorCanvas.csproj]
D:\PROJECTS\NOOR CANVAS\SPA\NoorCanvas\Models\Simplified\SessionAsset.cs(220,1): warning SA1516: Elements should be separated by blank line (https://github.com/DotNetAnalyzers/StyleCopAnalyzers/blob/master/documentation/SA1516.md) [D:\PROJECTS\NOOR CANVAS\SPA\NoorCanvas\NoorCanvas.csproj]
D:\PROJECTS\NOOR CANVAS\SPA\NoorCanvas\Models\Simplified\ParticipantRegistrationRequest.cs(1,1): warning SA1633: The file header is missing or not located at the top of the file. (https://github.com/DotNetAnalyzers/StyleCopAnalyzers/blob/master/documentation/SA1633.md) [D:\PROJECTS\NOOR CANVAS\SPA\NoorCanvas\NoorCanvas.csproj]
D:\PROJECTS\NOOR CANVAS\SPA\NoorCanvas\Models\Simplified\Session.cs(1,1): warning SA1633: The file header is missing or not located at the top of the file. (https://github.com/DotNetAnalyzers/StyleCopAnalyzers/blob/master/documentation/SA1633.md) [D:\PROJECTS\NOOR CANVAS\SPA\NoorCanvas\NoorCanvas.csproj]
D:\PROJECTS\NOOR CANVAS\SPA\NoorCanvas\Models\Simplified\Session.cs(20,5): warning SA1512: Single-line comments should not be followed by blank line (https://github.com/DotNetAnalyzers/StyleCopAnalyzers/blob/master/documentation/SA1512.md) [D:\PROJECTS\NOOR CANVAS\SPA\NoorCanvas\NoorCanvas.csproj]
D:\PROJECTS\NOOR CANVAS\SPA\NoorCanvas\Models\Simplified\Session.cs(34,5): warning SA1512: Single-line comments should not be followed by blank line (https://github.com/DotNetAnalyzers/StyleCopAnalyzers/blob/master/documentation/SA1512.md) [D:\PROJECTS\NOOR CANVAS\SPA\NoorCanvas\NoorCanvas.csproj]
D:\PROJECTS\NOOR CANVAS\SPA\NoorCanvas\Models\Simplified\SessionData.cs(25,1): warning SA1516: Elements should be separated by blank line (https://github.com/DotNetAnalyzers/StyleCopAnalyzers/blob/master/documentation/SA1516.md) [D:\PROJECTS\NOOR CANVAS\SPA\NoorCanvas\NoorCanvas.csproj]
D:\PROJECTS\NOOR CANVAS\SPA\NoorCanvas\Models\Simplified\SessionData.cs(15,16): warning SA1133: Each attribute should be placed in its own set of square brackets (https://github.com/DotNetAnalyzers/StyleCopAnalyzers/blob/master/documentation/SA1133.md) [D:\PROJECTS\NOOR CANVAS\SPA\NoorCanvas\NoorCanvas.csproj]
D:\PROJECTS\NOOR CANVAS\SPA\NoorCanvas\Models\Simplified\Session.cs(55,56): warning SA1028: Code should not contain trailing whitespace (https://github.com/DotNetAnalyzers/StyleCopAnalyzers/blob/master/documentation/SA1028.md) [D:\PROJECTS\NOOR CANVAS\SPA\NoorCanvas\NoorCanvas.csproj]
D:\PROJECTS\NOOR CANVAS\SPA\NoorCanvas\Models\Simplified\SessionAsset.cs(1,1): warning SA1633: The file header is missing or not located at the top of the file. (https://github.com/DotNetAnalyzers/StyleCopAnalyzers/blob/master/documentation/SA1633.md) [D:\PROJECTS\NOOR CANVAS\SPA\NoorCanvas\NoorCanvas.csproj]
D:\PROJECTS\NOOR CANVAS\SPA\NoorCanvas\Models\Simplified\SessionAsset.cs(130,21): warning SA1402: File may only contain a single type (https://github.com/DotNetAnalyzers/StyleCopAnalyzers/blob/master/documentation/SA1402.md) [D:\PROJECTS\NOOR CANVAS\SPA\NoorCanvas\NoorCanvas.csproj]
D:\PROJECTS\NOOR CANVAS\SPA\NoorCanvas\Models\Simplified\SessionAsset.cs(178,14): warning SA1402: File may only contain a single type (https://github.com/DotNetAnalyzers/StyleCopAnalyzers/blob/master/documentation/SA1402.md) [D:\PROJECTS\NOOR CANVAS\SPA\NoorCanvas\NoorCanvas.csproj]
D:\PROJECTS\NOOR CANVAS\SPA\NoorCanvas\Models\Simplified\SessionAsset.cs(213,14): warning SA1402: File may only contain a single type (https://github.com/DotNetAnalyzers/StyleCopAnalyzers/blob/master/documentation/SA1402.md) [D:\PROJECTS\NOOR CANVAS\SPA\NoorCanvas\NoorCanvas.csproj]
D:\PROJECTS\NOOR CANVAS\SPA\NoorCanvas\Models\Simplified\SessionData.cs(1,1): warning SA1633: The file header is missing or not located at the top of the file. (https://github.com/DotNetAnalyzers/StyleCopAnalyzers/blob/master/documentation/SA1633.md) [D:\PROJECTS\NOOR CANVAS\SPA\NoorCanvas\NoorCanvas.csproj]
D:\PROJECTS\NOOR CANVAS\SPA\NoorCanvas\Models\Simplified\SessionData.cs(48,21): warning SA1402: File may only contain a single type (https://github.com/DotNetAnalyzers/StyleCopAnalyzers/blob/master/documentation/SA1402.md) [D:\PROJECTS\NOOR CANVAS\SPA\NoorCanvas\NoorCanvas.csproj]
D:\PROJECTS\NOOR CANVAS\SPA\NoorCanvas\Models\Simplified\SessionData.cs(19,41): warning SA1025: Code should not contain multiple whitespace characters in a row (https://github.com/DotNetAnalyzers/StyleCopAnalyzers/blob/master/documentation/SA1025.md) [D:\PROJECTS\NOOR CANVAS\SPA\NoorCanvas\NoorCanvas.csproj]
D:\PROJECTS\NOOR CANVAS\SPA\NoorCanvas\Models\User.cs(1,1): warning SA1633: The file header is missing or not located at the top of the file. (https://github.com/DotNetAnalyzers/StyleCopAnalyzers/blob/master/documentation/SA1633.md) [D:\PROJECTS\NOOR CANVAS\SPA\NoorCanvas\NoorCanvas.csproj]
D:\PROJECTS\NOOR CANVAS\SPA\NoorCanvas\Pages\Error.cshtml.cs(1,1): warning SA1633: The file header is missing or not located at the top of the file. (https://github.com/DotNetAnalyzers/StyleCopAnalyzers/blob/master/documentation/SA1633.md) [D:\PROJECTS\NOOR CANVAS\SPA\NoorCanvas\NoorCanvas.csproj]
D:\PROJECTS\NOOR CANVAS\SPA\NoorCanvas\Pages\Error.cshtml.cs(14,18): warning SA1649: File name should match first type name (https://github.com/DotNetAnalyzers/StyleCopAnalyzers/blob/master/documentation/SA1649.md) [D:\PROJECTS\NOOR CANVAS\SPA\NoorCanvas\NoorCanvas.csproj]
D:\PROJECTS\NOOR CANVAS\SPA\NoorCanvas\Program.cs(1,1): warning SA1633: The file header is missing or not located at the top of the file. (https://github.com/DotNetAnalyzers/StyleCopAnalyzers/blob/master/documentation/SA1633.md) [D:\PROJECTS\NOOR CANVAS\SPA\NoorCanvas\NoorCanvas.csproj]
D:\PROJECTS\NOOR CANVAS\SPA\NoorCanvas\Program.cs(159,1): warning SA1512: Single-line comments should not be followed by blank line (https://github.com/DotNetAnalyzers/StyleCopAnalyzers/blob/master/documentation/SA1512.md) [D:\PROJECTS\NOOR CANVAS\SPA\NoorCanvas\NoorCanvas.csproj]
D:\PROJECTS\NOOR CANVAS\SPA\NoorCanvas\Program.cs(182,1): warning SA1512: Single-line comments should not be followed by blank line (https://github.com/DotNetAnalyzers/StyleCopAnalyzers/blob/master/documentation/SA1512.md) [D:\PROJECTS\NOOR CANVAS\SPA\NoorCanvas\NoorCanvas.csproj]
D:\PROJECTS\NOOR CANVAS\SPA\NoorCanvas\Program.cs(158,1): warning SA1515: Single-line comment should be preceded by blank line (https://github.com/DotNetAnalyzers/StyleCopAnalyzers/blob/master/documentation/SA1515.md) [D:\PROJECTS\NOOR CANVAS\SPA\NoorCanvas\NoorCanvas.csproj]
D:\PROJECTS\NOOR CANVAS\SPA\NoorCanvas\Program.cs(331,9): warning SA1515: Single-line comment should be preceded by blank line (https://github.com/DotNetAnalyzers/StyleCopAnalyzers/blob/master/documentation/SA1515.md) [D:\PROJECTS\NOOR CANVAS\SPA\NoorCanvas\NoorCanvas.csproj]
D:\PROJECTS\NOOR CANVAS\SPA\NoorCanvas\Program.cs(89,1): warning SA1028: Code should not contain trailing whitespace (https://github.com/DotNetAnalyzers/StyleCopAnalyzers/blob/master/documentation/SA1028.md) [D:\PROJECTS\NOOR CANVAS\SPA\NoorCanvas\NoorCanvas.csproj]
D:\PROJECTS\NOOR CANVAS\SPA\NoorCanvas\Program.cs(197,66): warning SA1028: Code should not contain trailing whitespace (https://github.com/DotNetAnalyzers/StyleCopAnalyzers/blob/master/documentation/SA1028.md) [D:\PROJECTS\NOOR CANVAS\SPA\NoorCanvas\NoorCanvas.csproj]
D:\PROJECTS\NOOR CANVAS\SPA\NoorCanvas\Program.cs(316,1): warning SA1028: Code should not contain trailing whitespace (https://github.com/DotNetAnalyzers/StyleCopAnalyzers/blob/master/documentation/SA1028.md) [D:\PROJECTS\NOOR CANVAS\SPA\NoorCanvas\NoorCanvas.csproj]
D:\PROJECTS\NOOR CANVAS\SPA\NoorCanvas\Services\AnnotationService.cs(1,1): warning SA1633: The file header is missing or not located at the top of the file. (https://github.com/DotNetAnalyzers/StyleCopAnalyzers/blob/master/documentation/SA1633.md) [D:\PROJECTS\NOOR CANVAS\SPA\NoorCanvas\NoorCanvas.csproj]
D:\PROJECTS\NOOR CANVAS\SPA\NoorCanvas\Services\AnnotationService.cs(8,22): warning SA1649: File name should match first type name (https://github.com/DotNetAnalyzers/StyleCopAnalyzers/blob/master/documentation/SA1649.md) [D:\PROJECTS\NOOR CANVAS\SPA\NoorCanvas\NoorCanvas.csproj]
D:\PROJECTS\NOOR CANVAS\SPA\NoorCanvas\Models\User.cs(35,1): warning SA1516: Elements should be separated by blank line (https://github.com/DotNetAnalyzers/StyleCopAnalyzers/blob/master/documentation/SA1516.md) [D:\PROJECTS\NOOR CANVAS\SPA\NoorCanvas\NoorCanvas.csproj]
D:\PROJECTS\NOOR CANVAS\SPA\NoorCanvas\Models\User.cs(36,1): warning SA1516: Elements should be separated by blank line (https://github.com/DotNetAnalyzers/StyleCopAnalyzers/blob/master/documentation/SA1516.md) [D:\PROJECTS\NOOR CANVAS\SPA\NoorCanvas\NoorCanvas.csproj]
D:\PROJECTS\NOOR CANVAS\SPA\NoorCanvas\Services\AssetDetectionService.cs(1,1): warning SA1633: The file header is missing or not located at the top of the file. (https://github.com/DotNetAnalyzers/StyleCopAnalyzers/blob/master/documentation/SA1633.md) [D:\PROJECTS\NOOR CANVAS\SPA\NoorCanvas\NoorCanvas.csproj]
D:\PROJECTS\NOOR CANVAS\SPA\NoorCanvas\Services\AssetDetectionService.cs(398,26): warning SA1513: Closing brace should be followed by blank line (https://github.com/DotNetAnalyzers/StyleCopAnalyzers/blob/master/documentation/SA1513.md) [D:\PROJECTS\NOOR CANVAS\SPA\NoorCanvas\NoorCanvas.csproj]
D:\PROJECTS\NOOR CANVAS\SPA\NoorCanvas\Services\AssetDetectionService.cs(400,22): warning SA1513: Closing brace should be followed by blank line (https://github.com/DotNetAnalyzers/StyleCopAnalyzers/blob/master/documentation/SA1513.md) [D:\PROJECTS\NOOR CANVAS\SPA\NoorCanvas\NoorCanvas.csproj]
D:\PROJECTS\NOOR CANVAS\SPA\NoorCanvas\Pages\Error.cshtml.cs(20,46): warning SA1309: Field '_logger' should not begin with an underscore (https://github.com/DotNetAnalyzers/StyleCopAnalyzers/blob/master/documentation/SA1309.md) [D:\PROJECTS\NOOR CANVAS\SPA\NoorCanvas\NoorCanvas.csproj]
D:\PROJECTS\NOOR CANVAS\SPA\NoorCanvas\Pages\Error.cshtml.cs(20,46): warning SA1201: A field should not follow a property (https://github.com/DotNetAnalyzers/StyleCopAnalyzers/blob/master/documentation/SA1201.md) [D:\PROJECTS\NOOR CANVAS\SPA\NoorCanvas\NoorCanvas.csproj]
D:\PROJECTS\NOOR CANVAS\SPA\NoorCanvas\Services\AssetDetectionService.cs(49,103): warning SA1028: Code should not contain trailing whitespace (https://github.com/DotNetAnalyzers/StyleCopAnalyzers/blob/master/documentation/SA1028.md) [D:\PROJECTS\NOOR CANVAS\SPA\NoorCanvas\NoorCanvas.csproj]
D:\PROJECTS\NOOR CANVAS\SPA\NoorCanvas\Services\AssetDetectionService.cs(84,1): warning SA1028: Code should not contain trailing whitespace (https://github.com/DotNetAnalyzers/StyleCopAnalyzers/blob/master/documentation/SA1028.md) [D:\PROJECTS\NOOR CANVAS\SPA\NoorCanvas\NoorCanvas.csproj]
D:\PROJECTS\NOOR CANVAS\SPA\NoorCanvas\Services\AssetDetectorService.cs(1,1): warning SA1633: The file header is missing or not located at the top of the file. (https://github.com/DotNetAnalyzers/StyleCopAnalyzers/blob/master/documentation/SA1633.md) [D:\PROJECTS\NOOR CANVAS\SPA\NoorCanvas\NoorCanvas.csproj]
D:\PROJECTS\NOOR CANVAS\SPA\NoorCanvas\Services\AssetDetectorService.cs(100,13): warning SA1512: Single-line comments should not be followed by blank line (https://github.com/DotNetAnalyzers/StyleCopAnalyzers/blob/master/documentation/SA1512.md) [D:\PROJECTS\NOOR CANVAS\SPA\NoorCanvas\NoorCanvas.csproj]
D:\PROJECTS\NOOR CANVAS\SPA\NoorCanvas\Services\AssetDetectorService.cs(247,14): warning SA1402: File may only contain a single type (https://github.com/DotNetAnalyzers/StyleCopAnalyzers/blob/master/documentation/SA1402.md) [D:\PROJECTS\NOOR CANVAS\SPA\NoorCanvas\NoorCanvas.csproj]
D:\PROJECTS\NOOR CANVAS\SPA\NoorCanvas\Services\AssetDetectorService.cs(256,14): warning SA1402: File may only contain a single type (https://github.com/DotNetAnalyzers/StyleCopAnalyzers/blob/master/documentation/SA1402.md) [D:\PROJECTS\NOOR CANVAS\SPA\NoorCanvas\NoorCanvas.csproj]
D:\PROJECTS\NOOR CANVAS\SPA\NoorCanvas\Services\AssetDetectorService.cs(267,14): warning SA1402: File may only contain a single type (https://github.com/DotNetAnalyzers/StyleCopAnalyzers/blob/master/documentation/SA1402.md) [D:\PROJECTS\NOOR CANVAS\SPA\NoorCanvas\NoorCanvas.csproj]
D:\PROJECTS\NOOR CANVAS\SPA\NoorCanvas\Services\DebugService.cs(1,1): warning SA1633: The file header is missing or not located at the top of the file. (https://github.com/DotNetAnalyzers/StyleCopAnalyzers/blob/master/documentation/SA1633.md) [D:\PROJECTS\NOOR CANVAS\SPA\NoorCanvas\NoorCanvas.csproj]
D:\PROJECTS\NOOR CANVAS\SPA\NoorCanvas\Services\DebugService.cs(92,14): warning SA1513: Closing brace should be followed by blank line (https://github.com/DotNetAnalyzers/StyleCopAnalyzers/blob/master/documentation/SA1513.md) [D:\PROJECTS\NOOR CANVAS\SPA\NoorCanvas\NoorCanvas.csproj]
D:\PROJECTS\NOOR CANVAS\SPA\NoorCanvas\Services\DebugService.cs(123,18): warning SA1513: Closing brace should be followed by blank line (https://github.com/DotNetAnalyzers/StyleCopAnalyzers/blob/master/documentation/SA1513.md) [D:\PROJECTS\NOOR CANVAS\SPA\NoorCanvas\NoorCanvas.csproj]
D:\PROJECTS\NOOR CANVAS\SPA\NoorCanvas\Services\DebugService.cs(158,18): warning SA1513: Closing brace should be followed by blank line (https://github.com/DotNetAnalyzers/StyleCopAnalyzers/blob/master/documentation/SA1513.md) [D:\PROJECTS\NOOR CANVAS\SPA\NoorCanvas\NoorCanvas.csproj]
D:\PROJECTS\NOOR CANVAS\SPA\NoorCanvas\Services\DebugService.cs(357,18): warning SA1402: File may only contain a single type (https://github.com/DotNetAnalyzers/StyleCopAnalyzers/blob/master/documentation/SA1402.md) [D:\PROJECTS\NOOR CANVAS\SPA\NoorCanvas\NoorCanvas.csproj]
D:\PROJECTS\NOOR CANVAS\SPA\NoorCanvas\Services\DebugService.cs(396,18): warning SA1402: File may only contain a single type (https://github.com/DotNetAnalyzers/StyleCopAnalyzers/blob/master/documentation/SA1402.md) [D:\PROJECTS\NOOR CANVAS\SPA\NoorCanvas\NoorCanvas.csproj]
D:\PROJECTS\NOOR CANVAS\SPA\NoorCanvas\Services\DebugService.cs(414,18): warning SA1402: File may only contain a single type (https://github.com/DotNetAnalyzers/StyleCopAnalyzers/blob/master/documentation/SA1402.md) [D:\PROJECTS\NOOR CANVAS\SPA\NoorCanvas\NoorCanvas.csproj]
D:\PROJECTS\NOOR CANVAS\SPA\NoorCanvas\Services\Development\DevModeService.cs(1,1): warning SA1633: The file header is missing or not located at the top of the file. (https://github.com/DotNetAnalyzers/StyleCopAnalyzers/blob/master/documentation/SA1633.md) [D:\PROJECTS\NOOR CANVAS\SPA\NoorCanvas\NoorCanvas.csproj]
D:\PROJECTS\NOOR CANVAS\SPA\NoorCanvas\Services\Development\DevModeService.cs(9,22): warning SA1649: File name should match first type name (https://github.com/DotNetAnalyzers/StyleCopAnalyzers/blob/master/documentation/SA1649.md) [D:\PROJECTS\NOOR CANVAS\SPA\NoorCanvas\NoorCanvas.csproj]
D:\PROJECTS\NOOR CANVAS\SPA\NoorCanvas\Services\Development\DevModeService.cs(15,1): warning SA1028: Code should not contain trailing whitespace (https://github.com/DotNetAnalyzers/StyleCopAnalyzers/blob/master/documentation/SA1028.md) [D:\PROJECTS\NOOR CANVAS\SPA\NoorCanvas\NoorCanvas.csproj]
D:\PROJECTS\NOOR CANVAS\SPA\NoorCanvas\Services\Development\DevModeService.cs(20,1): warning SA1028: Code should not contain trailing whitespace (https://github.com/DotNetAnalyzers/StyleCopAnalyzers/blob/master/documentation/SA1028.md) [D:\PROJECTS\NOOR CANVAS\SPA\NoorCanvas\NoorCanvas.csproj]
D:\PROJECTS\NOOR CANVAS\SPA\NoorCanvas\Services\Development\DevModeService.cs(26,1): warning SA1028: Code should not contain trailing whitespace (https://github.com/DotNetAnalyzers/StyleCopAnalyzers/blob/master/documentation/SA1028.md) [D:\PROJECTS\NOOR CANVAS\SPA\NoorCanvas\NoorCanvas.csproj]
D:\PROJECTS\NOOR CANVAS\SPA\NoorCanvas\Services\Development\DevModeService.cs(35,1): warning SA1028: Code should not contain trailing whitespace (https://github.com/DotNetAnalyzers/StyleCopAnalyzers/blob/master/documentation/SA1028.md) [D:\PROJECTS\NOOR CANVAS\SPA\NoorCanvas\NoorCanvas.csproj]
D:\PROJECTS\NOOR CANVAS\SPA\NoorCanvas\Services\Development\DevModeService.cs(41,1): warning SA1028: Code should not contain trailing whitespace (https://github.com/DotNetAnalyzers/StyleCopAnalyzers/blob/master/documentation/SA1028.md) [D:\PROJECTS\NOOR CANVAS\SPA\NoorCanvas\NoorCanvas.csproj]
D:\PROJECTS\NOOR CANVAS\SPA\NoorCanvas\Services\Development\DevModeService.cs(42,41): warning SA1028: Code should not contain trailing whitespace (https://github.com/DotNetAnalyzers/StyleCopAnalyzers/blob/master/documentation/SA1028.md) [D:\PROJECTS\NOOR CANVAS\SPA\NoorCanvas\NoorCanvas.csproj]
D:\PROJECTS\NOOR CANVAS\SPA\NoorCanvas\Services\Development\DevModeService.cs(48,1): warning SA1028: Code should not contain trailing whitespace (https://github.com/DotNetAnalyzers/StyleCopAnalyzers/blob/master/documentation/SA1028.md) [D:\PROJECTS\NOOR CANVAS\SPA\NoorCanvas\NoorCanvas.csproj]
D:\PROJECTS\NOOR CANVAS\SPA\NoorCanvas\Services\Development\DevModeService.cs(49,37): warning SA1028: Code should not contain trailing whitespace (https://github.com/DotNetAnalyzers/StyleCopAnalyzers/blob/master/documentation/SA1028.md) [D:\PROJECTS\NOOR CANVAS\SPA\NoorCanvas\NoorCanvas.csproj]
D:\PROJECTS\NOOR CANVAS\SPA\NoorCanvas\Services\Development\DevModeService.cs(50,33): warning SA1028: Code should not contain trailing whitespace (https://github.com/DotNetAnalyzers/StyleCopAnalyzers/blob/master/documentation/SA1028.md) [D:\PROJECTS\NOOR CANVAS\SPA\NoorCanvas\NoorCanvas.csproj]
D:\PROJECTS\NOOR CANVAS\SPA\NoorCanvas\Services\Development\DevModeService.cs(52,1): warning SA1028: Code should not contain trailing whitespace (https://github.com/DotNetAnalyzers/StyleCopAnalyzers/blob/master/documentation/SA1028.md) [D:\PROJECTS\NOOR CANVAS\SPA\NoorCanvas\NoorCanvas.csproj]
D:\PROJECTS\NOOR CANVAS\SPA\NoorCanvas\Services\Development\DevModeService.cs(53,43): warning SA1028: Code should not contain trailing whitespace (https://github.com/DotNetAnalyzers/StyleCopAnalyzers/blob/master/documentation/SA1028.md) [D:\PROJECTS\NOOR CANVAS\SPA\NoorCanvas\NoorCanvas.csproj]
D:\PROJECTS\NOOR CANVAS\SPA\NoorCanvas\Services\Development\DevModeService.cs(54,33): warning SA1028: Code should not contain trailing whitespace (https://github.com/DotNetAnalyzers/StyleCopAnalyzers/blob/master/documentation/SA1028.md) [D:\PROJECTS\NOOR CANVAS\SPA\NoorCanvas\NoorCanvas.csproj]
D:\PROJECTS\NOOR CANVAS\SPA\NoorCanvas\Services\Development\ITestDataService.cs(1,1): warning SA1633: The file header is missing or not located at the top of the file. (https://github.com/DotNetAnalyzers/StyleCopAnalyzers/blob/master/documentation/SA1633.md) [D:\PROJECTS\NOOR CANVAS\SPA\NoorCanvas\NoorCanvas.csproj]
D:\PROJECTS\NOOR CANVAS\SPA\NoorCanvas\Services\Development\ITestDataService.cs(12,1): warning SA1028: Code should not contain trailing whitespace (https://github.com/DotNetAnalyzers/StyleCopAnalyzers/blob/master/documentation/SA1028.md) [D:\PROJECTS\NOOR CANVAS\SPA\NoorCanvas\NoorCanvas.csproj]
D:\PROJECTS\NOOR CANVAS\SPA\NoorCanvas\Services\Development\ITestDataService.cs(17,1): warning SA1028: Code should not contain trailing whitespace (https://github.com/DotNetAnalyzers/StyleCopAnalyzers/blob/master/documentation/SA1028.md) [D:\PROJECTS\NOOR CANVAS\SPA\NoorCanvas\NoorCanvas.csproj]
D:\PROJECTS\NOOR CANVAS\SPA\NoorCanvas\Services\Development\ITestDataService.cs(22,1): warning SA1028: Code should not contain trailing whitespace (https://github.com/DotNetAnalyzers/StyleCopAnalyzers/blob/master/documentation/SA1028.md) [D:\PROJECTS\NOOR CANVAS\SPA\NoorCanvas\NoorCanvas.csproj]
D:\PROJECTS\NOOR CANVAS\SPA\NoorCanvas\Services\Development\ITestDataService.cs(27,1): warning SA1028: Code should not contain trailing whitespace (https://github.com/DotNetAnalyzers/StyleCopAnalyzers/blob/master/documentation/SA1028.md) [D:\PROJECTS\NOOR CANVAS\SPA\NoorCanvas\NoorCanvas.csproj]
D:\PROJECTS\NOOR CANVAS\SPA\NoorCanvas\Services\Development\TestDataService.cs(1,1): warning SA1633: The file header is missing or not located at the top of the file. (https://github.com/DotNetAnalyzers/StyleCopAnalyzers/blob/master/documentation/SA1633.md) [D:\PROJECTS\NOOR CANVAS\SPA\NoorCanvas\NoorCanvas.csproj]
D:\PROJECTS\NOOR CANVAS\SPA\NoorCanvas\Services\Development\TestDataService.cs(11,1): warning SA1028: Code should not contain trailing whitespace (https://github.com/DotNetAnalyzers/StyleCopAnalyzers/blob/master/documentation/SA1028.md) [D:\PROJECTS\NOOR CANVAS\SPA\NoorCanvas\NoorCanvas.csproj]
D:\PROJECTS\NOOR CANVAS\SPA\NoorCanvas\Services\Development\TestDataService.cs(26,1): warning SA1028: Code should not contain trailing whitespace (https://github.com/DotNetAnalyzers/StyleCopAnalyzers/blob/master/documentation/SA1028.md) [D:\PROJECTS\NOOR CANVAS\SPA\NoorCanvas\NoorCanvas.csproj]
D:\PROJECTS\NOOR CANVAS\SPA\NoorCanvas\Services\Development\TestDataService.cs(32,1): warning SA1028: Code should not contain trailing whitespace (https://github.com/DotNetAnalyzers/StyleCopAnalyzers/blob/master/documentation/SA1028.md) [D:\PROJECTS\NOOR CANVAS\SPA\NoorCanvas\NoorCanvas.csproj]
D:\PROJECTS\NOOR CANVAS\SPA\NoorCanvas\Services\Development\TestDataService.cs(38,1): warning SA1028: Code should not contain trailing whitespace (https://github.com/DotNetAnalyzers/StyleCopAnalyzers/blob/master/documentation/SA1028.md) [D:\PROJECTS\NOOR CANVAS\SPA\NoorCanvas\NoorCanvas.csproj]
D:\PROJECTS\NOOR CANVAS\SPA\NoorCanvas\Services\Development\TestDataService.cs(45,1): warning SA1028: Code should not contain trailing whitespace (https://github.com/DotNetAnalyzers/StyleCopAnalyzers/blob/master/documentation/SA1028.md) [D:\PROJECTS\NOOR CANVAS\SPA\NoorCanvas\NoorCanvas.csproj]
D:\PROJECTS\NOOR CANVAS\SPA\NoorCanvas\Services\Development\TestDataService.cs(50,1): warning SA1028: Code should not contain trailing whitespace (https://github.com/DotNetAnalyzers/StyleCopAnalyzers/blob/master/documentation/SA1028.md) [D:\PROJECTS\NOOR CANVAS\SPA\NoorCanvas\NoorCanvas.csproj]
D:\PROJECTS\NOOR CANVAS\SPA\NoorCanvas\Services\Development\TestDataService.cs(54,1): warning SA1028: Code should not contain trailing whitespace (https://github.com/DotNetAnalyzers/StyleCopAnalyzers/blob/master/documentation/SA1028.md) [D:\PROJECTS\NOOR CANVAS\SPA\NoorCanvas\NoorCanvas.csproj]
D:\PROJECTS\NOOR CANVAS\SPA\NoorCanvas\Services\Development\TestDataService.cs(58,1): warning SA1028: Code should not contain trailing whitespace (https://github.com/DotNetAnalyzers/StyleCopAnalyzers/blob/master/documentation/SA1028.md) [D:\PROJECTS\NOOR CANVAS\SPA\NoorCanvas\NoorCanvas.csproj]
D:\PROJECTS\NOOR CANVAS\SPA\NoorCanvas\Services\Development\TestDataService.cs(67,1): warning SA1028: Code should not contain trailing whitespace (https://github.com/DotNetAnalyzers/StyleCopAnalyzers/blob/master/documentation/SA1028.md) [D:\PROJECTS\NOOR CANVAS\SPA\NoorCanvas\NoorCanvas.csproj]
D:\PROJECTS\NOOR CANVAS\SPA\NoorCanvas\Services\Development\TestDataService.cs(72,1): warning SA1028: Code should not contain trailing whitespace (https://github.com/DotNetAnalyzers/StyleCopAnalyzers/blob/master/documentation/SA1028.md) [D:\PROJECTS\NOOR CANVAS\SPA\NoorCanvas\NoorCanvas.csproj]
D:\PROJECTS\NOOR CANVAS\SPA\NoorCanvas\Services\Development\TestDataService.cs(78,1): warning SA1028: Code should not contain trailing whitespace (https://github.com/DotNetAnalyzers/StyleCopAnalyzers/blob/master/documentation/SA1028.md) [D:\PROJECTS\NOOR CANVAS\SPA\NoorCanvas\NoorCanvas.csproj]
D:\PROJECTS\NOOR CANVAS\SPA\NoorCanvas\Services\Development\TestDataService.cs(79,138): warning SA1028: Code should not contain trailing whitespace (https://github.com/DotNetAnalyzers/StyleCopAnalyzers/blob/master/documentation/SA1028.md) [D:\PROJECTS\NOOR CANVAS\SPA\NoorCanvas\NoorCanvas.csproj]
D:\PROJECTS\NOOR CANVAS\SPA\NoorCanvas\Services\Development\TestDataService.cs(81,1): warning SA1028: Code should not contain trailing whitespace (https://github.com/DotNetAnalyzers/StyleCopAnalyzers/blob/master/documentation/SA1028.md) [D:\PROJECTS\NOOR CANVAS\SPA\NoorCanvas\NoorCanvas.csproj]
D:\PROJECTS\NOOR CANVAS\SPA\NoorCanvas\Services\Development\TestDataService.cs(89,1): warning SA1028: Code should not contain trailing whitespace (https://github.com/DotNetAnalyzers/StyleCopAnalyzers/blob/master/documentation/SA1028.md) [D:\PROJECTS\NOOR CANVAS\SPA\NoorCanvas\NoorCanvas.csproj]
D:\PROJECTS\NOOR CANVAS\SPA\NoorCanvas\Services\Development\TestDataService.cs(90,110): warning SA1028: Code should not contain trailing whitespace (https://github.com/DotNetAnalyzers/StyleCopAnalyzers/blob/master/documentation/SA1028.md) [D:\PROJECTS\NOOR CANVAS\SPA\NoorCanvas\NoorCanvas.csproj]
D:\PROJECTS\NOOR CANVAS\SPA\NoorCanvas\Services\Development\TestDataService.cs(92,1): warning SA1028: Code should not contain trailing whitespace (https://github.com/DotNetAnalyzers/StyleCopAnalyzers/blob/master/documentation/SA1028.md) [D:\PROJECTS\NOOR CANVAS\SPA\NoorCanvas\NoorCanvas.csproj]
D:\PROJECTS\NOOR CANVAS\SPA\NoorCanvas\Services\DialogService.cs(1,1): warning SA1633: The file header is missing or not located at the top of the file. (https://github.com/DotNetAnalyzers/StyleCopAnalyzers/blob/master/documentation/SA1633.md) [D:\PROJECTS\NOOR CANVAS\SPA\NoorCanvas\NoorCanvas.csproj]
D:\PROJECTS\NOOR CANVAS\SPA\NoorCanvas\Services\DialogService.cs(89,18): warning SA1513: Closing brace should be followed by blank line (https://github.com/DotNetAnalyzers/StyleCopAnalyzers/blob/master/documentation/SA1513.md) [D:\PROJECTS\NOOR CANVAS\SPA\NoorCanvas\NoorCanvas.csproj]
D:\PROJECTS\NOOR CANVAS\SPA\NoorCanvas\Services\DialogService.cs(80,21): warning SA1515: Single-line comment should be preceded by blank line (https://github.com/DotNetAnalyzers/StyleCopAnalyzers/blob/master/documentation/SA1515.md) [D:\PROJECTS\NOOR CANVAS\SPA\NoorCanvas\NoorCanvas.csproj]
D:\PROJECTS\NOOR CANVAS\SPA\NoorCanvas\Services\DialogService.cs(69,68): warning SA1028: Code should not contain trailing whitespace (https://github.com/DotNetAnalyzers/StyleCopAnalyzers/blob/master/documentation/SA1028.md) [D:\PROJECTS\NOOR CANVAS\SPA\NoorCanvas\NoorCanvas.csproj]
D:\PROJECTS\NOOR CANVAS\SPA\NoorCanvas\Services\DialogService.cs(73,1): warning SA1028: Code should not contain trailing whitespace (https://github.com/DotNetAnalyzers/StyleCopAnalyzers/blob/master/documentation/SA1028.md) [D:\PROJECTS\NOOR CANVAS\SPA\NoorCanvas\NoorCanvas.csproj]
D:\PROJECTS\NOOR CANVAS\SPA\NoorCanvas\Services\FlagService.cs(1,1): warning SA1633: The file header is missing or not located at the top of the file. (https://github.com/DotNetAnalyzers/StyleCopAnalyzers/blob/master/documentation/SA1633.md) [D:\PROJECTS\NOOR CANVAS\SPA\NoorCanvas\NoorCanvas.csproj]
D:\PROJECTS\NOOR CANVAS\SPA\NoorCanvas\Services\FlagService.cs(67,58): warning SA1025: Code should not contain multiple whitespace characters in a row (https://github.com/DotNetAnalyzers/StyleCopAnalyzers/blob/master/documentation/SA1025.md) [D:\PROJECTS\NOOR CANVAS\SPA\NoorCanvas\NoorCanvas.csproj]
D:\PROJECTS\NOOR CANVAS\SPA\NoorCanvas\Services\FlagService.cs(9,1): warning SA1028: Code should not contain trailing whitespace (https://github.com/DotNetAnalyzers/StyleCopAnalyzers/blob/master/documentation/SA1028.md) [D:\PROJECTS\NOOR CANVAS\SPA\NoorCanvas\NoorCanvas.csproj]
D:\PROJECTS\NOOR CANVAS\SPA\NoorCanvas\Services\FlagService.cs(42,1): warning SA1028: Code should not contain trailing whitespace (https://github.com/DotNetAnalyzers/StyleCopAnalyzers/blob/master/documentation/SA1028.md) [D:\PROJECTS\NOOR CANVAS\SPA\NoorCanvas\NoorCanvas.csproj]
D:\PROJECTS\NOOR CANVAS\SPA\NoorCanvas\Services\FlagService.cs(61,1): warning SA1028: Code should not contain trailing whitespace (https://github.com/DotNetAnalyzers/StyleCopAnalyzers/blob/master/documentation/SA1028.md) [D:\PROJECTS\NOOR CANVAS\SPA\NoorCanvas\NoorCanvas.csproj]
D:\PROJECTS\NOOR CANVAS\SPA\NoorCanvas\Services\FlagService.cs(87,1): warning SA1028: Code should not contain trailing whitespace (https://github.com/DotNetAnalyzers/StyleCopAnalyzers/blob/master/documentation/SA1028.md) [D:\PROJECTS\NOOR CANVAS\SPA\NoorCanvas\NoorCanvas.csproj]
D:\PROJECTS\NOOR CANVAS\SPA\NoorCanvas\Services\HtmlParsingService.cs(1,1): warning SA1633: The file header is missing or not located at the top of the file. (https://github.com/DotNetAnalyzers/StyleCopAnalyzers/blob/master/documentation/SA1633.md) [D:\PROJECTS\NOOR CANVAS\SPA\NoorCanvas\NoorCanvas.csproj]
D:\PROJECTS\NOOR CANVAS\SPA\NoorCanvas\Services\HtmlParsingService.cs(186,18): warning SA1513: Closing brace should be followed by blank line (https://github.com/DotNetAnalyzers/StyleCopAnalyzers/blob/master/documentation/SA1513.md) [D:\PROJECTS\NOOR CANVAS\SPA\NoorCanvas\NoorCanvas.csproj]
D:\PROJECTS\NOOR CANVAS\SPA\NoorCanvas\Services\HtmlParsingService.cs(178,17): warning SA1515: Single-line comment should be preceded by blank line (https://github.com/DotNetAnalyzers/StyleCopAnalyzers/blob/master/documentation/SA1515.md) [D:\PROJECTS\NOOR CANVAS\SPA\NoorCanvas\NoorCanvas.csproj]
D:\PROJECTS\NOOR CANVAS\SPA\NoorCanvas\Services\HtmlParsingService.cs(211,21): warning SA1515: Single-line comment should be preceded by blank line (https://github.com/DotNetAnalyzers/StyleCopAnalyzers/blob/master/documentation/SA1515.md) [D:\PROJECTS\NOOR CANVAS\SPA\NoorCanvas\NoorCanvas.csproj]
D:\PROJECTS\NOOR CANVAS\SPA\NoorCanvas\Services\HtmlParsingService.cs(255,9): warning SA1515: Single-line comment should be preceded by blank line (https://github.com/DotNetAnalyzers/StyleCopAnalyzers/blob/master/documentation/SA1515.md) [D:\PROJECTS\NOOR CANVAS\SPA\NoorCanvas\NoorCanvas.csproj]
D:\PROJECTS\NOOR CANVAS\SPA\NoorCanvas\Services\HtmlParsingService.cs(257,9): warning SA1515: Single-line comment should be preceded by blank line (https://github.com/DotNetAnalyzers/StyleCopAnalyzers/blob/master/documentation/SA1515.md) [D:\PROJECTS\NOOR CANVAS\SPA\NoorCanvas\NoorCanvas.csproj]
D:\PROJECTS\NOOR CANVAS\SPA\NoorCanvas\Services\HtmlParsingService.cs(264,18): warning SA1402: File may only contain a single type (https://github.com/DotNetAnalyzers/StyleCopAnalyzers/blob/master/documentation/SA1402.md) [D:\PROJECTS\NOOR CANVAS\SPA\NoorCanvas\NoorCanvas.csproj]
D:\PROJECTS\NOOR CANVAS\SPA\NoorCanvas\Services\HtmlParsingService.cs(303,18): warning SA1402: File may only contain a single type (https://github.com/DotNetAnalyzers/StyleCopAnalyzers/blob/master/documentation/SA1402.md) [D:\PROJECTS\NOOR CANVAS\SPA\NoorCanvas\NoorCanvas.csproj]
D:\PROJECTS\NOOR CANVAS\SPA\NoorCanvas\Services\HtmlParsingService.cs(13,1): warning SA1028: Code should not contain trailing whitespace (https://github.com/DotNetAnalyzers/StyleCopAnalyzers/blob/master/documentation/SA1028.md) [D:\PROJECTS\NOOR CANVAS\SPA\NoorCanvas\NoorCanvas.csproj]
D:\PROJECTS\NOOR CANVAS\SPA\NoorCanvas\Services\HtmlParsingService.cs(19,1): warning SA1028: Code should not contain trailing whitespace (https://github.com/DotNetAnalyzers/StyleCopAnalyzers/blob/master/documentation/SA1028.md) [D:\PROJECTS\NOOR CANVAS\SPA\NoorCanvas\NoorCanvas.csproj]
D:\PROJECTS\NOOR CANVAS\SPA\NoorCanvas\Services\HtmlParsingService.cs(36,143): warning SA1028: Code should not contain trailing whitespace (https://github.com/DotNetAnalyzers/StyleCopAnalyzers/blob/master/documentation/SA1028.md) [D:\PROJECTS\NOOR CANVAS\SPA\NoorCanvas\NoorCanvas.csproj]
D:\PROJECTS\NOOR CANVAS\SPA\NoorCanvas\Services\HtmlParsingService.cs(55,1): warning SA1028: Code should not contain trailing whitespace (https://github.com/DotNetAnalyzers/StyleCopAnalyzers/blob/master/documentation/SA1028.md) [D:\PROJECTS\NOOR CANVAS\SPA\NoorCanvas\NoorCanvas.csproj]
D:\PROJECTS\NOOR CANVAS\SPA\NoorCanvas\Services\HtmlParsingService.cs(66,138): warning SA1028: Code should not contain trailing whitespace (https://github.com/DotNetAnalyzers/StyleCopAnalyzers/blob/master/documentation/SA1028.md) [D:\PROJECTS\NOOR CANVAS\SPA\NoorCanvas\NoorCanvas.csproj]
D:\PROJECTS\NOOR CANVAS\SPA\NoorCanvas\Services\HtmlParsingService.cs(140,1): warning SA1028: Code should not contain trailing whitespace (https://github.com/DotNetAnalyzers/StyleCopAnalyzers/blob/master/documentation/SA1028.md) [D:\PROJECTS\NOOR CANVAS\SPA\NoorCanvas\NoorCanvas.csproj]
D:\PROJECTS\NOOR CANVAS\SPA\NoorCanvas\Services\HtmlParsingService.cs(145,1): warning SA1028: Code should not contain trailing whitespace (https://github.com/DotNetAnalyzers/StyleCopAnalyzers/blob/master/documentation/SA1028.md) [D:\PROJECTS\NOOR CANVAS\SPA\NoorCanvas\NoorCanvas.csproj]
D:\PROJECTS\NOOR CANVAS\SPA\NoorCanvas\Services\HtmlParsingService.cs(206,51): warning SA1028: Code should not contain trailing whitespace (https://github.com/DotNetAnalyzers/StyleCopAnalyzers/blob/master/documentation/SA1028.md) [D:\PROJECTS\NOOR CANVAS\SPA\NoorCanvas\NoorCanvas.csproj]
D:\PROJECTS\NOOR CANVAS\SPA\NoorCanvas\Services\HtmlParsingService.cs(207,48): warning SA1028: Code should not contain trailing whitespace (https://github.com/DotNetAnalyzers/StyleCopAnalyzers/blob/master/documentation/SA1028.md) [D:\PROJECTS\NOOR CANVAS\SPA\NoorCanvas\NoorCanvas.csproj]
D:\PROJECTS\NOOR CANVAS\SPA\NoorCanvas\Services\SafeHtmlRenderingService.cs(1,1): warning SA1633: The file header is missing or not located at the top of the file. (https://github.com/DotNetAnalyzers/StyleCopAnalyzers/blob/master/documentation/SA1633.md) [D:\PROJECTS\NOOR CANVAS\SPA\NoorCanvas\NoorCanvas.csproj]
D:\PROJECTS\NOOR CANVAS\SPA\NoorCanvas\Services\SafeHtmlRenderingService.cs(85,18): warning SA1513: Closing brace should be followed by blank line (https://github.com/DotNetAnalyzers/StyleCopAnalyzers/blob/master/documentation/SA1513.md) [D:\PROJECTS\NOOR CANVAS\SPA\NoorCanvas\NoorCanvas.csproj]
D:\PROJECTS\NOOR CANVAS\SPA\NoorCanvas\Services\SafeHtmlRenderingService.cs(98,18): warning SA1513: Closing brace should be followed by blank line (https://github.com/DotNetAnalyzers/StyleCopAnalyzers/blob/master/documentation/SA1513.md) [D:\PROJECTS\NOOR CANVAS\SPA\NoorCanvas\NoorCanvas.csproj]
D:\PROJECTS\NOOR CANVAS\SPA\NoorCanvas\Services\SafeHtmlRenderingService.cs(66,1): warning SA1028: Code should not contain trailing whitespace (https://github.com/DotNetAnalyzers/StyleCopAnalyzers/blob/master/documentation/SA1028.md) [D:\PROJECTS\NOOR CANVAS\SPA\NoorCanvas\NoorCanvas.csproj]
D:\PROJECTS\NOOR CANVAS\SPA\NoorCanvas\Services\SafeHtmlRenderingService.cs(69,1): warning SA1028: Code should not contain trailing whitespace (https://github.com/DotNetAnalyzers/StyleCopAnalyzers/blob/master/documentation/SA1028.md) [D:\PROJECTS\NOOR CANVAS\SPA\NoorCanvas\NoorCanvas.csproj]
D:\PROJECTS\NOOR CANVAS\SPA\NoorCanvas\Services\SafeHtmlRenderingService.cs(113,1): warning SA1028: Code should not contain trailing whitespace (https://github.com/DotNetAnalyzers/StyleCopAnalyzers/blob/master/documentation/SA1028.md) [D:\PROJECTS\NOOR CANVAS\SPA\NoorCanvas\NoorCanvas.csproj]
D:\PROJECTS\NOOR CANVAS\SPA\NoorCanvas\Services\SafeHtmlRenderingService.cs(135,1): warning SA1028: Code should not contain trailing whitespace (https://github.com/DotNetAnalyzers/StyleCopAnalyzers/blob/master/documentation/SA1028.md) [D:\PROJECTS\NOOR CANVAS\SPA\NoorCanvas\NoorCanvas.csproj]
D:\PROJECTS\NOOR CANVAS\SPA\NoorCanvas\Services\SafeHtmlRenderingService.cs(141,1): warning SA1028: Code should not contain trailing whitespace (https://github.com/DotNetAnalyzers/StyleCopAnalyzers/blob/master/documentation/SA1028.md) [D:\PROJECTS\NOOR CANVAS\SPA\NoorCanvas\NoorCanvas.csproj]
D:\PROJECTS\NOOR CANVAS\SPA\NoorCanvas\Services\SafeHtmlRenderingService.cs(146,1): warning SA1028: Code should not contain trailing whitespace (https://github.com/DotNetAnalyzers/StyleCopAnalyzers/blob/master/documentation/SA1028.md) [D:\PROJECTS\NOOR CANVAS\SPA\NoorCanvas\NoorCanvas.csproj]
D:\PROJECTS\NOOR CANVAS\SPA\NoorCanvas\Services\SafeHtmlRenderingService.cs(154,1): warning SA1028: Code should not contain trailing whitespace (https://github.com/DotNetAnalyzers/StyleCopAnalyzers/blob/master/documentation/SA1028.md) [D:\PROJECTS\NOOR CANVAS\SPA\NoorCanvas\NoorCanvas.csproj]
D:\PROJECTS\NOOR CANVAS\SPA\NoorCanvas\Services\SafeHtmlRenderingService.cs(173,167): warning SA1028: Code should not contain trailing whitespace (https://github.com/DotNetAnalyzers/StyleCopAnalyzers/blob/master/documentation/SA1028.md) [D:\PROJECTS\NOOR CANVAS\SPA\NoorCanvas\NoorCanvas.csproj]
D:\PROJECTS\NOOR CANVAS\SPA\NoorCanvas\Services\SafeHtmlRenderingService.cs(182,1): warning SA1028: Code should not contain trailing whitespace (https://github.com/DotNetAnalyzers/StyleCopAnalyzers/blob/master/documentation/SA1028.md) [D:\PROJECTS\NOOR CANVAS\SPA\NoorCanvas\NoorCanvas.csproj]
D:\PROJECTS\NOOR CANVAS\SPA\NoorCanvas\Services\SafeHtmlRenderingService.cs(187,1): warning SA1028: Code should not contain trailing whitespace (https://github.com/DotNetAnalyzers/StyleCopAnalyzers/blob/master/documentation/SA1028.md) [D:\PROJECTS\NOOR CANVAS\SPA\NoorCanvas\NoorCanvas.csproj]
D:\PROJECTS\NOOR CANVAS\SPA\NoorCanvas\Services\SecureTokenService.cs(1,1): warning SA1633: The file header is missing or not located at the top of the file. (https://github.com/DotNetAnalyzers/StyleCopAnalyzers/blob/master/documentation/SA1633.md) [D:\PROJECTS\NOOR CANVAS\SPA\NoorCanvas\NoorCanvas.csproj]
D:\PROJECTS\NOOR CANVAS\SPA\NoorCanvas\Services\SecureTokenService.cs(182,1): warning SA1028: Code should not contain trailing whitespace (https://github.com/DotNetAnalyzers/StyleCopAnalyzers/blob/master/documentation/SA1028.md) [D:\PROJECTS\NOOR CANVAS\SPA\NoorCanvas\NoorCanvas.csproj]
D:\PROJECTS\NOOR CANVAS\SPA\NoorCanvas\Services\SessionStateService.cs(1,1): warning SA1633: The file header is missing or not located at the top of the file. (https://github.com/DotNetAnalyzers/StyleCopAnalyzers/blob/master/documentation/SA1633.md) [D:\PROJECTS\NOOR CANVAS\SPA\NoorCanvas\NoorCanvas.csproj]
D:\PROJECTS\NOOR CANVAS\SPA\NoorCanvas\Services\SessionStateService.cs(13,1): warning SA1028: Code should not contain trailing whitespace (https://github.com/DotNetAnalyzers/StyleCopAnalyzers/blob/master/documentation/SA1028.md) [D:\PROJECTS\NOOR CANVAS\SPA\NoorCanvas\NoorCanvas.csproj]
D:\PROJECTS\NOOR CANVAS\SPA\NoorCanvas\Services\SessionStateService.cs(37,1): warning SA1028: Code should not contain trailing whitespace (https://github.com/DotNetAnalyzers/StyleCopAnalyzers/blob/master/documentation/SA1028.md) [D:\PROJECTS\NOOR CANVAS\SPA\NoorCanvas\NoorCanvas.csproj]
D:\PROJECTS\NOOR CANVAS\SPA\NoorCanvas\Services\SessionStateService.cs(51,1): warning SA1028: Code should not contain trailing whitespace (https://github.com/DotNetAnalyzers/StyleCopAnalyzers/blob/master/documentation/SA1028.md) [D:\PROJECTS\NOOR CANVAS\SPA\NoorCanvas\NoorCanvas.csproj]
D:\PROJECTS\NOOR CANVAS\SPA\NoorCanvas\Services\SessionStateService.cs(70,1): warning SA1028: Code should not contain trailing whitespace (https://github.com/DotNetAnalyzers/StyleCopAnalyzers/blob/master/documentation/SA1028.md) [D:\PROJECTS\NOOR CANVAS\SPA\NoorCanvas\NoorCanvas.csproj]
D:\PROJECTS\NOOR CANVAS\SPA\NoorCanvas\Services\SessionStateService.cs(79,1): warning SA1028: Code should not contain trailing whitespace (https://github.com/DotNetAnalyzers/StyleCopAnalyzers/blob/master/documentation/SA1028.md) [D:\PROJECTS\NOOR CANVAS\SPA\NoorCanvas\NoorCanvas.csproj]
D:\PROJECTS\NOOR CANVAS\SPA\NoorCanvas\Services\SessionStateService.cs(113,1): warning SA1028: Code should not contain trailing whitespace (https://github.com/DotNetAnalyzers/StyleCopAnalyzers/blob/master/documentation/SA1028.md) [D:\PROJECTS\NOOR CANVAS\SPA\NoorCanvas\NoorCanvas.csproj]
D:\PROJECTS\NOOR CANVAS\SPA\NoorCanvas\Services\SimplifiedTokenService.cs(1,1): warning SA1633: The file header is missing or not located at the top of the file. (https://github.com/DotNetAnalyzers/StyleCopAnalyzers/blob/master/documentation/SA1633.md) [D:\PROJECTS\NOOR CANVAS\SPA\NoorCanvas\NoorCanvas.csproj]
D:\PROJECTS\NOOR CANVAS\SPA\NoorCanvas\Services\Development\DevModeService.cs(33,46): warning SA1309: Field '_environment' should not begin with an underscore (https://github.com/DotNetAnalyzers/StyleCopAnalyzers/blob/master/documentation/SA1309.md) [D:\PROJECTS\NOOR CANVAS\SPA\NoorCanvas\NoorCanvas.csproj]
D:\PROJECTS\NOOR CANVAS\SPA\NoorCanvas\Services\DialogService.cs(9,49): warning SA1309: Field '_logger' should not begin with an underscore (https://github.com/DotNetAnalyzers/StyleCopAnalyzers/blob/master/documentation/SA1309.md) [D:\PROJECTS\NOOR CANVAS\SPA\NoorCanvas\NoorCanvas.csproj]
D:\PROJECTS\NOOR CANVAS\SPA\NoorCanvas\Services\SessionStateService.cs(11,37): warning SA1309: Field '_jsRuntime' should not begin with an underscore (https://github.com/DotNetAnalyzers/StyleCopAnalyzers/blob/master/documentation/SA1309.md) [D:\PROJECTS\NOOR CANVAS\SPA\NoorCanvas\NoorCanvas.csproj]
D:\PROJECTS\NOOR CANVAS\SPA\NoorCanvas\Services\DialogService.cs(10,37): warning SA1309: Field '_jsRuntime' should not begin with an underscore (https://github.com/DotNetAnalyzers/StyleCopAnalyzers/blob/master/documentation/SA1309.md) [D:\PROJECTS\NOOR CANVAS\SPA\NoorCanvas\NoorCanvas.csproj]
D:\PROJECTS\NOOR CANVAS\SPA\NoorCanvas\Services\SimplifiedTokenService.cs(139,30): warning SA1501: Statement should not be on a single line (https://github.com/DotNetAnalyzers/StyleCopAnalyzers/blob/master/documentation/SA1501.md) [D:\PROJECTS\NOOR CANVAS\SPA\NoorCanvas\NoorCanvas.csproj]
D:\PROJECTS\NOOR CANVAS\SPA\NoorCanvas\Services\SimplifiedTokenService.cs(149,30): warning SA1501: Statement should not be on a single line (https://github.com/DotNetAnalyzers/StyleCopAnalyzers/blob/master/documentation/SA1501.md) [D:\PROJECTS\NOOR CANVAS\SPA\NoorCanvas\NoorCanvas.csproj]
D:\PROJECTS\NOOR CANVAS\SPA\NoorCanvas\Services\SimplifiedTokenService.cs(207,88): warning SA1127: Generic type constraints should be on their own line (https://github.com/DotNetAnalyzers/StyleCopAnalyzers/blob/master/documentation/SA1127.md) [D:\PROJECTS\NOOR CANVAS\SPA\NoorCanvas\NoorCanvas.csproj]
D:\PROJECTS\NOOR CANVAS\SPA\NoorCanvas\Controllers\QuestionController.cs(52,62): warning SA1501: Statement should not be on a single line (https://github.com/DotNetAnalyzers/StyleCopAnalyzers/blob/master/documentation/SA1501.md) [D:\PROJECTS\NOOR CANVAS\SPA\NoorCanvas\NoorCanvas.csproj]
D:\PROJECTS\NOOR CANVAS\SPA\NoorCanvas\Controllers\QuestionController.cs(53,63): warning SA1501: Statement should not be on a single line (https://github.com/DotNetAnalyzers/StyleCopAnalyzers/blob/master/documentation/SA1501.md) [D:\PROJECTS\NOOR CANVAS\SPA\NoorCanvas\NoorCanvas.csproj]
D:\PROJECTS\NOOR CANVAS\SPA\NoorCanvas\Services\DebugService.cs(82,74): warning SA1501: Statement should not be on a single line (https://github.com/DotNetAnalyzers/StyleCopAnalyzers/blob/master/documentation/SA1501.md) [D:\PROJECTS\NOOR CANVAS\SPA\NoorCanvas\NoorCanvas.csproj]
D:\PROJECTS\NOOR CANVAS\SPA\NoorCanvas\Services\DebugService.cs(106,74): warning SA1501: Statement should not be on a single line (https://github.com/DotNetAnalyzers/StyleCopAnalyzers/blob/master/documentation/SA1501.md) [D:\PROJECTS\NOOR CANVAS\SPA\NoorCanvas\NoorCanvas.csproj]
D:\PROJECTS\NOOR CANVAS\SPA\NoorCanvas\Services\DebugService.cs(137,74): warning SA1501: Statement should not be on a single line (https://github.com/DotNetAnalyzers/StyleCopAnalyzers/blob/master/documentation/SA1501.md) [D:\PROJECTS\NOOR CANVAS\SPA\NoorCanvas\NoorCanvas.csproj]
D:\PROJECTS\NOOR CANVAS\SPA\NoorCanvas\Services\DebugService.cs(62,74): warning SA1501: Statement should not be on a single line (https://github.com/DotNetAnalyzers/StyleCopAnalyzers/blob/master/documentation/SA1501.md) [D:\PROJECTS\NOOR CANVAS\SPA\NoorCanvas\NoorCanvas.csproj]
D:\PROJECTS\NOOR CANVAS\SPA\NoorCanvas\Services\DebugService.cs(172,77): warning SA1501: Statement should not be on a single line (https://github.com/DotNetAnalyzers/StyleCopAnalyzers/blob/master/documentation/SA1501.md) [D:\PROJECTS\NOOR CANVAS\SPA\NoorCanvas\NoorCanvas.csproj]
D:\PROJECTS\NOOR CANVAS\SPA\NoorCanvas\Services\DebugService.cs(192,85): warning SA1501: Statement should not be on a single line (https://github.com/DotNetAnalyzers/StyleCopAnalyzers/blob/master/documentation/SA1501.md) [D:\PROJECTS\NOOR CANVAS\SPA\NoorCanvas\NoorCanvas.csproj]
D:\PROJECTS\NOOR CANVAS\SPA\NoorCanvas\Services\DebugService.cs(213,85): warning SA1501: Statement should not be on a single line (https://github.com/DotNetAnalyzers/StyleCopAnalyzers/blob/master/documentation/SA1501.md) [D:\PROJECTS\NOOR CANVAS\SPA\NoorCanvas\NoorCanvas.csproj]
D:\PROJECTS\NOOR CANVAS\SPA\NoorCanvas\Services\DebugService.cs(231,78): warning SA1501: Statement should not be on a single line (https://github.com/DotNetAnalyzers/StyleCopAnalyzers/blob/master/documentation/SA1501.md) [D:\PROJECTS\NOOR CANVAS\SPA\NoorCanvas\NoorCanvas.csproj]
D:\PROJECTS\NOOR CANVAS\SPA\NoorCanvas\Services\DebugService.cs(203,78): warning SA1501: Statement should not be on a single line (https://github.com/DotNetAnalyzers/StyleCopAnalyzers/blob/master/documentation/SA1501.md) [D:\PROJECTS\NOOR CANVAS\SPA\NoorCanvas\NoorCanvas.csproj]
D:\PROJECTS\NOOR CANVAS\SPA\NoorCanvas\Services\AssetDetectionService.cs(399,39): warning SA1501: Statement should not be on a single line (https://github.com/DotNetAnalyzers/StyleCopAnalyzers/blob/master/documentation/SA1501.md) [D:\PROJECTS\NOOR CANVAS\SPA\NoorCanvas\NoorCanvas.csproj]
D:\PROJECTS\NOOR CANVAS\SPA\NoorCanvas\Controllers\HostController.cs(171,48): warning SA1108: Block statements should not contain embedded comments (https://github.com/DotNetAnalyzers/StyleCopAnalyzers/blob/master/documentation/SA1108.md) [D:\PROJECTS\NOOR CANVAS\SPA\NoorCanvas\NoorCanvas.csproj]
D:\PROJECTS\NOOR CANVAS\SPA\NoorCanvas\Migrations\20250920121756_InitialMigrationWithEmail.cs(18,9): warning SA1505: An opening brace should not be followed by a blank line (https://github.com/DotNetAnalyzers/StyleCopAnalyzers/blob/master/documentation/SA1505.md) [D:\PROJECTS\NOOR CANVAS\SPA\NoorCanvas\NoorCanvas.csproj]
D:\PROJECTS\NOOR CANVAS\SPA\NoorCanvas\Migrations\20250920121756_InitialMigrationWithEmail.cs(12,9): warning SA1505: An opening brace should not be followed by a blank line (https://github.com/DotNetAnalyzers/StyleCopAnalyzers/blob/master/documentation/SA1505.md) [D:\PROJECTS\NOOR CANVAS\SPA\NoorCanvas\NoorCanvas.csproj]
D:\PROJECTS\NOOR CANVAS\SPA\NoorCanvas\Controllers\HostController.cs(1127,47): warning SA1501: Statement should not be on a single line (https://github.com/DotNetAnalyzers/StyleCopAnalyzers/blob/master/documentation/SA1501.md) [D:\PROJECTS\NOOR CANVAS\SPA\NoorCanvas\NoorCanvas.csproj]
  NoorCanvas -> D:\PROJECTS\NOOR CANVAS\SPA\NoorCanvas\bin\Debug\net8.0\NoorCanvas.dll

Build succeeded.

C:\Users\asifh\.nuget\packages\microsoft.codeanalysis.netanalyzers\8.0.0\buildTransitive\Microsoft.CodeAnalysis.NetAnalyzers.targets(648,5): warning : The .NET SDK has newer analyzers with version '9.0.0' than what version '8.0.0' of 'Microsoft.CodeAnalysis.NetAnalyzers' package provides. Update or remove this package reference. You can suppress this warning by setting the MSBuild property '_SkipUpgradeNetAnalyzersNuGetWarning' to 'true'. [D:\PROJECTS\NOOR CANVAS\SPA\NoorCanvas\NoorCanvas.csproj]
D:\PROJECTS\NOOR CANVAS\SPA\NoorCanvas\Configuration\CountriesOptions.cs(1,1): warning SA1633: The file header is missing or not located at the top of the file. (https://github.com/DotNetAnalyzers/StyleCopAnalyzers/blob/master/documentation/SA1633.md) [D:\PROJECTS\NOOR CANVAS\SPA\NoorCanvas\NoorCanvas.csproj]
D:\PROJECTS\NOOR CANVAS\SPA\NoorCanvas\Configuration\CountriesOptions.cs(9,1): warning SA1028: Code should not contain trailing whitespace (https://github.com/DotNetAnalyzers/StyleCopAnalyzers/blob/master/documentation/SA1028.md) [D:\PROJECTS\NOOR CANVAS\SPA\NoorCanvas\NoorCanvas.csproj]
D:\PROJECTS\NOOR CANVAS\SPA\NoorCanvas\Controllers\AdminController.cs(1,1): warning SA1200: Using directive should appear within a namespace declaration (https://github.com/DotNetAnalyzers/StyleCopAnalyzers/blob/master/documentation/SA1200.md) [D:\PROJECTS\NOOR CANVAS\SPA\NoorCanvas\NoorCanvas.csproj]
D:\PROJECTS\NOOR CANVAS\SPA\NoorCanvas\Controllers\AdminController.cs(1,1): warning SA1633: The file header is missing or not located at the top of the file. (https://github.com/DotNetAnalyzers/StyleCopAnalyzers/blob/master/documentation/SA1633.md) [D:\PROJECTS\NOOR CANVAS\SPA\NoorCanvas\NoorCanvas.csproj]
D:\PROJECTS\NOOR CANVAS\SPA\NoorCanvas\Controllers\AdminController.cs(2,1): warning SA1200: Using directive should appear within a namespace declaration (https://github.com/DotNetAnalyzers/StyleCopAnalyzers/blob/master/documentation/SA1200.md) [D:\PROJECTS\NOOR CANVAS\SPA\NoorCanvas\NoorCanvas.csproj]
D:\PROJECTS\NOOR CANVAS\SPA\NoorCanvas\Controllers\AdminController.cs(3,1): warning SA1200: Using directive should appear within a namespace declaration (https://github.com/DotNetAnalyzers/StyleCopAnalyzers/blob/master/documentation/SA1200.md) [D:\PROJECTS\NOOR CANVAS\SPA\NoorCanvas\NoorCanvas.csproj]
D:\PROJECTS\NOOR CANVAS\SPA\NoorCanvas\Controllers\AdminController.cs(4,1): warning SA1200: Using directive should appear within a namespace declaration (https://github.com/DotNetAnalyzers/StyleCopAnalyzers/blob/master/documentation/SA1200.md) [D:\PROJECTS\NOOR CANVAS\SPA\NoorCanvas\NoorCanvas.csproj]
D:\PROJECTS\NOOR CANVAS\SPA\NoorCanvas\Controllers\AdminController.cs(5,1): warning SA1200: Using directive should appear within a namespace declaration (https://github.com/DotNetAnalyzers/StyleCopAnalyzers/blob/master/documentation/SA1200.md) [D:\PROJECTS\NOOR CANVAS\SPA\NoorCanvas\NoorCanvas.csproj]
D:\PROJECTS\NOOR CANVAS\SPA\NoorCanvas\Controllers\AdminController.cs(6,1): warning SA1200: Using directive should appear within a namespace declaration (https://github.com/DotNetAnalyzers/StyleCopAnalyzers/blob/master/documentation/SA1200.md) [D:\PROJECTS\NOOR CANVAS\SPA\NoorCanvas\NoorCanvas.csproj]
D:\PROJECTS\NOOR CANVAS\SPA\NoorCanvas\Controllers\AdminController.cs(5,1): warning SA1208: Using directive for 'System.Security.Cryptography' should appear before directive for 'NoorCanvas.Models' (https://github.com/DotNetAnalyzers/StyleCopAnalyzers/blob/master/documentation/SA1208.md) [D:\PROJECTS\NOOR CANVAS\SPA\NoorCanvas\NoorCanvas.csproj]
D:\PROJECTS\NOOR CANVAS\SPA\NoorCanvas\Controllers\AdminController.cs(6,1): warning SA1208: Using directive for 'System.Text' should appear before directive for 'NoorCanvas.Models' (https://github.com/DotNetAnalyzers/StyleCopAnalyzers/blob/master/documentation/SA1208.md) [D:\PROJECTS\NOOR CANVAS\SPA\NoorCanvas\NoorCanvas.csproj]
D:\PROJECTS\NOOR CANVAS\SPA\NoorCanvas\Controllers\AnnotationsController.cs(1,1): warning SA1200: Using directive should appear within a namespace declaration (https://github.com/DotNetAnalyzers/StyleCopAnalyzers/blob/master/documentation/SA1200.md) [D:\PROJECTS\NOOR CANVAS\SPA\NoorCanvas\NoorCanvas.csproj]
D:\PROJECTS\NOOR CANVAS\SPA\NoorCanvas\Controllers\AnnotationsController.cs(2,1): warning SA1200: Using directive should appear within a namespace declaration (https://github.com/DotNetAnalyzers/StyleCopAnalyzers/blob/master/documentation/SA1200.md) [D:\PROJECTS\NOOR CANVAS\SPA\NoorCanvas\NoorCanvas.csproj]
D:\PROJECTS\NOOR CANVAS\SPA\NoorCanvas\Controllers\AnnotationsController.cs(3,1): warning SA1200: Using directive should appear within a namespace declaration (https://github.com/DotNetAnalyzers/StyleCopAnalyzers/blob/master/documentation/SA1200.md) [D:\PROJECTS\NOOR CANVAS\SPA\NoorCanvas\NoorCanvas.csproj]
D:\PROJECTS\NOOR CANVAS\SPA\NoorCanvas\Controllers\AnnotationsController.cs(3,1): warning SA1208: Using directive for 'System.ComponentModel.DataAnnotations' should appear before directive for 'NoorCanvas.Services' (https://github.com/DotNetAnalyzers/StyleCopAnalyzers/blob/master/documentation/SA1208.md) [D:\PROJECTS\NOOR CANVAS\SPA\NoorCanvas\NoorCanvas.csproj]
D:\PROJECTS\NOOR CANVAS\SPA\NoorCanvas\Controllers\HealthController.cs(1,1): warning SA1200: Using directive should appear within a namespace declaration (https://github.com/DotNetAnalyzers/StyleCopAnalyzers/blob/master/documentation/SA1200.md) [D:\PROJECTS\NOOR CANVAS\SPA\NoorCanvas\NoorCanvas.csproj]
D:\PROJECTS\NOOR CANVAS\SPA\NoorCanvas\Controllers\HealthController.cs(2,1): warning SA1200: Using directive should appear within a namespace declaration (https://github.com/DotNetAnalyzers/StyleCopAnalyzers/blob/master/documentation/SA1200.md) [D:\PROJECTS\NOOR CANVAS\SPA\NoorCanvas\NoorCanvas.csproj]
D:\PROJECTS\NOOR CANVAS\SPA\NoorCanvas\Controllers\HealthController.cs(3,1): warning SA1200: Using directive should appear within a namespace declaration (https://github.com/DotNetAnalyzers/StyleCopAnalyzers/blob/master/documentation/SA1200.md) [D:\PROJECTS\NOOR CANVAS\SPA\NoorCanvas\NoorCanvas.csproj]
D:\PROJECTS\NOOR CANVAS\SPA\NoorCanvas\Controllers\HealthController.cs(4,1): warning SA1200: Using directive should appear within a namespace declaration (https://github.com/DotNetAnalyzers/StyleCopAnalyzers/blob/master/documentation/SA1200.md) [D:\PROJECTS\NOOR CANVAS\SPA\NoorCanvas\NoorCanvas.csproj]
D:\PROJECTS\NOOR CANVAS\SPA\NoorCanvas\Controllers\HealthController.cs(4,1): warning SA1208: Using directive for 'System.Text.Json' should appear before directive for 'NoorCanvas.Data' (https://github.com/DotNetAnalyzers/StyleCopAnalyzers/blob/master/documentation/SA1208.md) [D:\PROJECTS\NOOR CANVAS\SPA\NoorCanvas\NoorCanvas.csproj]
D:\PROJECTS\NOOR CANVAS\SPA\NoorCanvas\Controllers\AdminController.cs(277,14): warning SA1513: Closing brace should be followed by blank line (https://github.com/DotNetAnalyzers/StyleCopAnalyzers/blob/master/documentation/SA1513.md) [D:\PROJECTS\NOOR CANVAS\SPA\NoorCanvas\NoorCanvas.csproj]
D:\PROJECTS\NOOR CANVAS\SPA\NoorCanvas\Controllers\AdminController.cs(289,18): warning SA1402: File may only contain a single type (https://github.com/DotNetAnalyzers/StyleCopAnalyzers/blob/master/documentation/SA1402.md) [D:\PROJECTS\NOOR CANVAS\SPA\NoorCanvas\NoorCanvas.csproj]
D:\PROJECTS\NOOR CANVAS\SPA\NoorCanvas\Controllers\AdminController.cs(294,18): warning SA1402: File may only contain a single type (https://github.com/DotNetAnalyzers/StyleCopAnalyzers/blob/master/documentation/SA1402.md) [D:\PROJECTS\NOOR CANVAS\SPA\NoorCanvas\NoorCanvas.csproj]
D:\PROJECTS\NOOR CANVAS\SPA\NoorCanvas\Controllers\AdminController.cs(302,18): warning SA1402: File may only contain a single type (https://github.com/DotNetAnalyzers/StyleCopAnalyzers/blob/master/documentation/SA1402.md) [D:\PROJECTS\NOOR CANVAS\SPA\NoorCanvas\NoorCanvas.csproj]
D:\PROJECTS\NOOR CANVAS\SPA\NoorCanvas\Controllers\AdminController.cs(312,18): warning SA1402: File may only contain a single type (https://github.com/DotNetAnalyzers/StyleCopAnalyzers/blob/master/documentation/SA1402.md) [D:\PROJECTS\NOOR CANVAS\SPA\NoorCanvas\NoorCanvas.csproj]
D:\PROJECTS\NOOR CANVAS\SPA\NoorCanvas\Controllers\AdminController.cs(322,18): warning SA1402: File may only contain a single type (https://github.com/DotNetAnalyzers/StyleCopAnalyzers/blob/master/documentation/SA1402.md) [D:\PROJECTS\NOOR CANVAS\SPA\NoorCanvas\NoorCanvas.csproj]
D:\PROJECTS\NOOR CANVAS\SPA\NoorCanvas\Controllers\AdminController.cs(338,18): warning SA1402: File may only contain a single type (https://github.com/DotNetAnalyzers/StyleCopAnalyzers/blob/master/documentation/SA1402.md) [D:\PROJECTS\NOOR CANVAS\SPA\NoorCanvas\NoorCanvas.csproj]
D:\PROJECTS\NOOR CANVAS\SPA\NoorCanvas\Controllers\AdminController.cs(351,18): warning SA1402: File may only contain a single type (https://github.com/DotNetAnalyzers/StyleCopAnalyzers/blob/master/documentation/SA1402.md) [D:\PROJECTS\NOOR CANVAS\SPA\NoorCanvas\NoorCanvas.csproj]
D:\PROJECTS\NOOR CANVAS\SPA\NoorCanvas\Controllers\AdminController.cs(360,18): warning SA1402: File may only contain a single type (https://github.com/DotNetAnalyzers/StyleCopAnalyzers/blob/master/documentation/SA1402.md) [D:\PROJECTS\NOOR CANVAS\SPA\NoorCanvas\NoorCanvas.csproj]
D:\PROJECTS\NOOR CANVAS\SPA\NoorCanvas\Controllers\HostController.cs(1,1): warning SA1200: Using directive should appear within a namespace declaration (https://github.com/DotNetAnalyzers/StyleCopAnalyzers/blob/master/documentation/SA1200.md) [D:\PROJECTS\NOOR CANVAS\SPA\NoorCanvas\NoorCanvas.csproj]
D:\PROJECTS\NOOR CANVAS\SPA\NoorCanvas\Controllers\HostController.cs(2,1): warning SA1200: Using directive should appear within a namespace declaration (https://github.com/DotNetAnalyzers/StyleCopAnalyzers/blob/master/documentation/SA1200.md) [D:\PROJECTS\NOOR CANVAS\SPA\NoorCanvas\NoorCanvas.csproj]
D:\PROJECTS\NOOR CANVAS\SPA\NoorCanvas\Controllers\HostController.cs(3,1): warning SA1200: Using directive should appear within a namespace declaration (https://github.com/DotNetAnalyzers/StyleCopAnalyzers/blob/master/documentation/SA1200.md) [D:\PROJECTS\NOOR CANVAS\SPA\NoorCanvas\NoorCanvas.csproj]
D:\PROJECTS\NOOR CANVAS\SPA\NoorCanvas\Controllers\HostController.cs(4,1): warning SA1200: Using directive should appear within a namespace declaration (https://github.com/DotNetAnalyzers/StyleCopAnalyzers/blob/master/documentation/SA1200.md) [D:\PROJECTS\NOOR CANVAS\SPA\NoorCanvas\NoorCanvas.csproj]
D:\PROJECTS\NOOR CANVAS\SPA\NoorCanvas\Controllers\HostController.cs(5,1): warning SA1200: Using directive should appear within a namespace declaration (https://github.com/DotNetAnalyzers/StyleCopAnalyzers/blob/master/documentation/SA1200.md) [D:\PROJECTS\NOOR CANVAS\SPA\NoorCanvas\NoorCanvas.csproj]
D:\PROJECTS\NOOR CANVAS\SPA\NoorCanvas\Controllers\HostController.cs(6,1): warning SA1200: Using directive should appear within a namespace declaration (https://github.com/DotNetAnalyzers/StyleCopAnalyzers/blob/master/documentation/SA1200.md) [D:\PROJECTS\NOOR CANVAS\SPA\NoorCanvas\NoorCanvas.csproj]
D:\PROJECTS\NOOR CANVAS\SPA\NoorCanvas\Controllers\HostController.cs(7,1): warning SA1200: Using directive should appear within a namespace declaration (https://github.com/DotNetAnalyzers/StyleCopAnalyzers/blob/master/documentation/SA1200.md) [D:\PROJECTS\NOOR CANVAS\SPA\NoorCanvas\NoorCanvas.csproj]
D:\PROJECTS\NOOR CANVAS\SPA\NoorCanvas\Controllers\HostController.cs(8,1): warning SA1200: Using directive should appear within a namespace declaration (https://github.com/DotNetAnalyzers/StyleCopAnalyzers/blob/master/documentation/SA1200.md) [D:\PROJECTS\NOOR CANVAS\SPA\NoorCanvas\NoorCanvas.csproj]
D:\PROJECTS\NOOR CANVAS\SPA\NoorCanvas\Controllers\HostController.cs(9,1): warning SA1200: Using directive should appear within a namespace declaration (https://github.com/DotNetAnalyzers/StyleCopAnalyzers/blob/master/documentation/SA1200.md) [D:\PROJECTS\NOOR CANVAS\SPA\NoorCanvas\NoorCanvas.csproj]
D:\PROJECTS\NOOR CANVAS\SPA\NoorCanvas\Controllers\HostController.cs(10,1): warning SA1200: Using directive should appear within a namespace declaration (https://github.com/DotNetAnalyzers/StyleCopAnalyzers/blob/master/documentation/SA1200.md) [D:\PROJECTS\NOOR CANVAS\SPA\NoorCanvas\NoorCanvas.csproj]
D:\PROJECTS\NOOR CANVAS\SPA\NoorCanvas\Controllers\HostController.cs(11,1): warning SA1200: Using directive should appear within a namespace declaration (https://github.com/DotNetAnalyzers/StyleCopAnalyzers/blob/master/documentation/SA1200.md) [D:\PROJECTS\NOOR CANVAS\SPA\NoorCanvas\NoorCanvas.csproj]
D:\PROJECTS\NOOR CANVAS\SPA\NoorCanvas\Controllers\HostController.cs(12,1): warning SA1200: Using directive should appear within a namespace declaration (https://github.com/DotNetAnalyzers/StyleCopAnalyzers/blob/master/documentation/SA1200.md) [D:\PROJECTS\NOOR CANVAS\SPA\NoorCanvas\NoorCanvas.csproj]
D:\PROJECTS\NOOR CANVAS\SPA\NoorCanvas\Controllers\HostController.cs(11,1): warning SA1208: Using directive for 'System.Text.Json' should appear before directive for 'NoorCanvas.Services' (https://github.com/DotNetAnalyzers/StyleCopAnalyzers/blob/master/documentation/SA1208.md) [D:\PROJECTS\NOOR CANVAS\SPA\NoorCanvas\NoorCanvas.csproj]
D:\PROJECTS\NOOR CANVAS\SPA\NoorCanvas\Models\Simplified\SessionAsset.cs(130,21): warning SA1204: Static members should appear before non-static members (https://github.com/DotNetAnalyzers/StyleCopAnalyzers/blob/master/documentation/SA1204.md) [D:\PROJECTS\NOOR CANVAS\SPA\NoorCanvas\NoorCanvas.csproj]
D:\PROJECTS\NOOR CANVAS\SPA\NoorCanvas\Models\Simplified\SessionData.cs(48,21): warning SA1204: Static members should appear before non-static members (https://github.com/DotNetAnalyzers/StyleCopAnalyzers/blob/master/documentation/SA1204.md) [D:\PROJECTS\NOOR CANVAS\SPA\NoorCanvas\NoorCanvas.csproj]
D:\PROJECTS\NOOR CANVAS\SPA\NoorCanvas\Controllers\HostProvisionerController.cs(1,1): warning SA1200: Using directive should appear within a namespace declaration (https://github.com/DotNetAnalyzers/StyleCopAnalyzers/blob/master/documentation/SA1200.md) [D:\PROJECTS\NOOR CANVAS\SPA\NoorCanvas\NoorCanvas.csproj]
D:\PROJECTS\NOOR CANVAS\SPA\NoorCanvas\Controllers\HostProvisionerController.cs(2,1): warning SA1200: Using directive should appear within a namespace declaration (https://github.com/DotNetAnalyzers/StyleCopAnalyzers/blob/master/documentation/SA1200.md) [D:\PROJECTS\NOOR CANVAS\SPA\NoorCanvas\NoorCanvas.csproj]
D:\PROJECTS\NOOR CANVAS\SPA\NoorCanvas\Controllers\HostProvisionerController.cs(3,1): warning SA1200: Using directive should appear within a namespace declaration (https://github.com/DotNetAnalyzers/StyleCopAnalyzers/blob/master/documentation/SA1200.md) [D:\PROJECTS\NOOR CANVAS\SPA\NoorCanvas\NoorCanvas.csproj]
D:\PROJECTS\NOOR CANVAS\SPA\NoorCanvas\Controllers\HostProvisionerController.cs(4,1): warning SA1200: Using directive should appear within a namespace declaration (https://github.com/DotNetAnalyzers/StyleCopAnalyzers/blob/master/documentation/SA1200.md) [D:\PROJECTS\NOOR CANVAS\SPA\NoorCanvas\NoorCanvas.csproj]
D:\PROJECTS\NOOR CANVAS\SPA\NoorCanvas\Controllers\HostProvisionerController.cs(5,1): warning SA1200: Using directive should appear within a namespace declaration (https://github.com/DotNetAnalyzers/StyleCopAnalyzers/blob/master/documentation/SA1200.md) [D:\PROJECTS\NOOR CANVAS\SPA\NoorCanvas\NoorCanvas.csproj]
D:\PROJECTS\NOOR CANVAS\SPA\NoorCanvas\Controllers\HostProvisionerController.cs(2,1): warning SA1208: Using directive for 'System.Security.Cryptography' should appear before directive for 'Microsoft.AspNetCore.Mvc' (https://github.com/DotNetAnalyzers/StyleCopAnalyzers/blob/master/documentation/SA1208.md) [D:\PROJECTS\NOOR CANVAS\SPA\NoorCanvas\NoorCanvas.csproj]
D:\PROJECTS\NOOR CANVAS\SPA\NoorCanvas\Controllers\HostProvisionerController.cs(3,1): warning SA1208: Using directive for 'System.Text' should appear before directive for 'Microsoft.AspNetCore.Mvc' (https://github.com/DotNetAnalyzers/StyleCopAnalyzers/blob/master/documentation/SA1208.md) [D:\PROJECTS\NOOR CANVAS\SPA\NoorCanvas\NoorCanvas.csproj]
D:\PROJECTS\NOOR CANVAS\SPA\NoorCanvas\Controllers\IssueController.cs(1,1): warning SA1200: Using directive should appear within a namespace declaration (https://github.com/DotNetAnalyzers/StyleCopAnalyzers/blob/master/documentation/SA1200.md) [D:\PROJECTS\NOOR CANVAS\SPA\NoorCanvas\NoorCanvas.csproj]
D:\PROJECTS\NOOR CANVAS\SPA\NoorCanvas\Controllers\IssueController.cs(2,1): warning SA1200: Using directive should appear within a namespace declaration (https://github.com/DotNetAnalyzers/StyleCopAnalyzers/blob/master/documentation/SA1200.md) [D:\PROJECTS\NOOR CANVAS\SPA\NoorCanvas\NoorCanvas.csproj]
D:\PROJECTS\NOOR CANVAS\SPA\NoorCanvas\Controllers\IssueController.cs(3,1): warning SA1200: Using directive should appear within a namespace declaration (https://github.com/DotNetAnalyzers/StyleCopAnalyzers/blob/master/documentation/SA1200.md) [D:\PROJECTS\NOOR CANVAS\SPA\NoorCanvas\NoorCanvas.csproj]
D:\PROJECTS\NOOR CANVAS\SPA\NoorCanvas\Controllers\IssueController.cs(4,1): warning SA1200: Using directive should appear within a namespace declaration (https://github.com/DotNetAnalyzers/StyleCopAnalyzers/blob/master/documentation/SA1200.md) [D:\PROJECTS\NOOR CANVAS\SPA\NoorCanvas\NoorCanvas.csproj]
D:\PROJECTS\NOOR CANVAS\SPA\NoorCanvas\Controllers\IssueController.cs(5,1): warning SA1200: Using directive should appear within a namespace declaration (https://github.com/DotNetAnalyzers/StyleCopAnalyzers/blob/master/documentation/SA1200.md) [D:\PROJECTS\NOOR CANVAS\SPA\NoorCanvas\NoorCanvas.csproj]
D:\PROJECTS\NOOR CANVAS\SPA\NoorCanvas\Controllers\IssueController.cs(5,1): warning SA1208: Using directive for 'System.ComponentModel.DataAnnotations' should appear before directive for 'NoorCanvas.Models' (https://github.com/DotNetAnalyzers/StyleCopAnalyzers/blob/master/documentation/SA1208.md) [D:\PROJECTS\NOOR CANVAS\SPA\NoorCanvas\NoorCanvas.csproj]
D:\PROJECTS\NOOR CANVAS\SPA\NoorCanvas\Controllers\LogsController.cs(1,1): warning SA1200: Using directive should appear within a namespace declaration (https://github.com/DotNetAnalyzers/StyleCopAnalyzers/blob/master/documentation/SA1200.md) [D:\PROJECTS\NOOR CANVAS\SPA\NoorCanvas\NoorCanvas.csproj]
D:\PROJECTS\NOOR CANVAS\SPA\NoorCanvas\Controllers\LogsController.cs(2,1): warning SA1200: Using directive should appear within a namespace declaration (https://github.com/DotNetAnalyzers/StyleCopAnalyzers/blob/master/documentation/SA1200.md) [D:\PROJECTS\NOOR CANVAS\SPA\NoorCanvas\NoorCanvas.csproj]
D:\PROJECTS\NOOR CANVAS\SPA\NoorCanvas\Controllers\LogsController.cs(2,1): warning SA1208: Using directive for 'System.Text.Json' should appear before directive for 'Microsoft.AspNetCore.Mvc' (https://github.com/DotNetAnalyzers/StyleCopAnalyzers/blob/master/documentation/SA1208.md) [D:\PROJECTS\NOOR CANVAS\SPA\NoorCanvas\NoorCanvas.csproj]
D:\PROJECTS\NOOR CANVAS\SPA\NoorCanvas\Services\HtmlParsingService.cs(251,17): warning SA1201: A enum should not follow a class (https://github.com/DotNetAnalyzers/StyleCopAnalyzers/blob/master/documentation/SA1201.md) [D:\PROJECTS\NOOR CANVAS\SPA\NoorCanvas\NoorCanvas.csproj]
D:\PROJECTS\NOOR CANVAS\SPA\NoorCanvas\Controllers\ParticipantController.cs(1,1): warning SA1200: Using directive should appear within a namespace declaration (https://github.com/DotNetAnalyzers/StyleCopAnalyzers/blob/master/documentation/SA1200.md) [D:\PROJECTS\NOOR CANVAS\SPA\NoorCanvas\NoorCanvas.csproj]
D:\PROJECTS\NOOR CANVAS\SPA\NoorCanvas\Controllers\ParticipantController.cs(2,1): warning SA1200: Using directive should appear within a namespace declaration (https://github.com/DotNetAnalyzers/StyleCopAnalyzers/blob/master/documentation/SA1200.md) [D:\PROJECTS\NOOR CANVAS\SPA\NoorCanvas\NoorCanvas.csproj]
D:\PROJECTS\NOOR CANVAS\SPA\NoorCanvas\Controllers\ParticipantController.cs(3,1): warning SA1200: Using directive should appear within a namespace declaration (https://github.com/DotNetAnalyzers/StyleCopAnalyzers/blob/master/documentation/SA1200.md) [D:\PROJECTS\NOOR CANVAS\SPA\NoorCanvas\NoorCanvas.csproj]
D:\PROJECTS\NOOR CANVAS\SPA\NoorCanvas\Controllers\ParticipantController.cs(4,1): warning SA1200: Using directive should appear within a namespace declaration (https://github.com/DotNetAnalyzers/StyleCopAnalyzers/blob/master/documentation/SA1200.md) [D:\PROJECTS\NOOR CANVAS\SPA\NoorCanvas\NoorCanvas.csproj]
D:\PROJECTS\NOOR CANVAS\SPA\NoorCanvas\Controllers\ParticipantController.cs(5,1): warning SA1200: Using directive should appear within a namespace declaration (https://github.com/DotNetAnalyzers/StyleCopAnalyzers/blob/master/documentation/SA1200.md) [D:\PROJECTS\NOOR CANVAS\SPA\NoorCanvas\NoorCanvas.csproj]
D:\PROJECTS\NOOR CANVAS\SPA\NoorCanvas\Controllers\ParticipantController.cs(6,1): warning SA1200: Using directive should appear within a namespace declaration (https://github.com/DotNetAnalyzers/StyleCopAnalyzers/blob/master/documentation/SA1200.md) [D:\PROJECTS\NOOR CANVAS\SPA\NoorCanvas\NoorCanvas.csproj]
D:\PROJECTS\NOOR CANVAS\SPA\NoorCanvas\Controllers\ParticipantController.cs(7,1): warning SA1200: Using directive should appear within a namespace declaration (https://github.com/DotNetAnalyzers/StyleCopAnalyzers/blob/master/documentation/SA1200.md) [D:\PROJECTS\NOOR CANVAS\SPA\NoorCanvas\NoorCanvas.csproj]
D:\PROJECTS\NOOR CANVAS\SPA\NoorCanvas\Controllers\ParticipantController.cs(6,1): warning SA1210: Using directives should be ordered alphabetically by the namespaces (https://github.com/DotNetAnalyzers/StyleCopAnalyzers/blob/master/documentation/SA1210.md) [D:\PROJECTS\NOOR CANVAS\SPA\NoorCanvas\NoorCanvas.csproj]
D:\PROJECTS\NOOR CANVAS\SPA\NoorCanvas\Controllers\AdminController.cs(325,1): warning SA1516: Elements should be separated by blank line (https://github.com/DotNetAnalyzers/StyleCopAnalyzers/blob/master/documentation/SA1516.md) [D:\PROJECTS\NOOR CANVAS\SPA\NoorCanvas\NoorCanvas.csproj]
D:\PROJECTS\NOOR CANVAS\SPA\NoorCanvas\Controllers\AdminController.cs(326,1): warning SA1516: Elements should be separated by blank line (https://github.com/DotNetAnalyzers/StyleCopAnalyzers/blob/master/documentation/SA1516.md) [D:\PROJECTS\NOOR CANVAS\SPA\NoorCanvas\NoorCanvas.csproj]
D:\PROJECTS\NOOR CANVAS\SPA\NoorCanvas\Controllers\AdminController.cs(327,1): warning SA1516: Elements should be separated by blank line (https://github.com/DotNetAnalyzers/StyleCopAnalyzers/blob/master/documentation/SA1516.md) [D:\PROJECTS\NOOR CANVAS\SPA\NoorCanvas\NoorCanvas.csproj]
D:\PROJECTS\NOOR CANVAS\SPA\NoorCanvas\Controllers\AdminController.cs(328,1): warning SA1516: Elements should be separated by blank line (https://github.com/DotNetAnalyzers/StyleCopAnalyzers/blob/master/documentation/SA1516.md) [D:\PROJECTS\NOOR CANVAS\SPA\NoorCanvas\NoorCanvas.csproj]
D:\PROJECTS\NOOR CANVAS\SPA\NoorCanvas\Controllers\AdminController.cs(329,1): warning SA1516: Elements should be separated by blank line (https://github.com/DotNetAnalyzers/StyleCopAnalyzers/blob/master/documentation/SA1516.md) [D:\PROJECTS\NOOR CANVAS\SPA\NoorCanvas\NoorCanvas.csproj]
D:\PROJECTS\NOOR CANVAS\SPA\NoorCanvas\Controllers\AdminController.cs(330,1): warning SA1516: Elements should be separated by blank line (https://github.com/DotNetAnalyzers/StyleCopAnalyzers/blob/master/documentation/SA1516.md) [D:\PROJECTS\NOOR CANVAS\SPA\NoorCanvas\NoorCanvas.csproj]
D:\PROJECTS\NOOR CANVAS\SPA\NoorCanvas\Controllers\AdminController.cs(331,1): warning SA1516: Elements should be separated by blank line (https://github.com/DotNetAnalyzers/StyleCopAnalyzers/blob/master/documentation/SA1516.md) [D:\PROJECTS\NOOR CANVAS\SPA\NoorCanvas\NoorCanvas.csproj]
D:\PROJECTS\NOOR CANVAS\SPA\NoorCanvas\Controllers\AdminController.cs(332,1): warning SA1516: Elements should be separated by blank line (https://github.com/DotNetAnalyzers/StyleCopAnalyzers/blob/master/documentation/SA1516.md) [D:\PROJECTS\NOOR CANVAS\SPA\NoorCanvas\NoorCanvas.csproj]
D:\PROJECTS\NOOR CANVAS\SPA\NoorCanvas\Controllers\AdminController.cs(333,1): warning SA1516: Elements should be separated by blank line (https://github.com/DotNetAnalyzers/StyleCopAnalyzers/blob/master/documentation/SA1516.md) [D:\PROJECTS\NOOR CANVAS\SPA\NoorCanvas\NoorCanvas.csproj]
D:\PROJECTS\NOOR CANVAS\SPA\NoorCanvas\Controllers\AdminController.cs(334,1): warning SA1516: Elements should be separated by blank line (https://github.com/DotNetAnalyzers/StyleCopAnalyzers/blob/master/documentation/SA1516.md) [D:\PROJECTS\NOOR CANVAS\SPA\NoorCanvas\NoorCanvas.csproj]
D:\PROJECTS\NOOR CANVAS\SPA\NoorCanvas\Controllers\AdminController.cs(335,1): warning SA1516: Elements should be separated by blank line (https://github.com/DotNetAnalyzers/StyleCopAnalyzers/blob/master/documentation/SA1516.md) [D:\PROJECTS\NOOR CANVAS\SPA\NoorCanvas\NoorCanvas.csproj]
D:\PROJECTS\NOOR CANVAS\SPA\NoorCanvas\Extensions\DebugExtensions.cs(52,39): warning SA1309: Field '_debugService' should not begin with an underscore (https://github.com/DotNetAnalyzers/StyleCopAnalyzers/blob/master/documentation/SA1309.md) [D:\PROJECTS\NOOR CANVAS\SPA\NoorCanvas\NoorCanvas.csproj]
D:\PROJECTS\NOOR CANVAS\SPA\NoorCanvas\Extensions\DebugExtensions.cs(53,33): warning SA1309: Field '_componentName' should not begin with an underscore (https://github.com/DotNetAnalyzers/StyleCopAnalyzers/blob/master/documentation/SA1309.md) [D:\PROJECTS\NOOR CANVAS\SPA\NoorCanvas\NoorCanvas.csproj]
D:\PROJECTS\NOOR CANVAS\SPA\NoorCanvas\Controllers\AdminController.cs(14,42): warning SA1309: Field '_context' should not begin with an underscore (https://github.com/DotNetAnalyzers/StyleCopAnalyzers/blob/master/documentation/SA1309.md) [D:\PROJECTS\NOOR CANVAS\SPA\NoorCanvas\NoorCanvas.csproj]
D:\PROJECTS\NOOR CANVAS\SPA\NoorCanvas\Controllers\AdminController.cs(15,45): warning SA1309: Field '_kSessionsContext' should not begin with an underscore (https://github.com/DotNetAnalyzers/StyleCopAnalyzers/blob/master/documentation/SA1309.md) [D:\PROJECTS\NOOR CANVAS\SPA\NoorCanvas\NoorCanvas.csproj]
D:\PROJECTS\NOOR CANVAS\SPA\NoorCanvas\Controllers\AdminController.cs(16,51): warning SA1309: Field '_logger' should not begin with an underscore (https://github.com/DotNetAnalyzers/StyleCopAnalyzers/blob/master/documentation/SA1309.md) [D:\PROJECTS\NOOR CANVAS\SPA\NoorCanvas\NoorCanvas.csproj]
D:\PROJECTS\NOOR CANVAS\SPA\NoorCanvas\Controllers\AdminController.cs(354,1): warning SA1516: Elements should be separated by blank line (https://github.com/DotNetAnalyzers/StyleCopAnalyzers/blob/master/documentation/SA1516.md) [D:\PROJECTS\NOOR CANVAS\SPA\NoorCanvas\NoorCanvas.csproj]
D:\PROJECTS\NOOR CANVAS\SPA\NoorCanvas\Controllers\AdminController.cs(355,1): warning SA1516: Elements should be separated by blank line (https://github.com/DotNetAnalyzers/StyleCopAnalyzers/blob/master/documentation/SA1516.md) [D:\PROJECTS\NOOR CANVAS\SPA\NoorCanvas\NoorCanvas.csproj]
D:\PROJECTS\NOOR CANVAS\SPA\NoorCanvas\Controllers\AdminController.cs(356,1): warning SA1516: Elements should be separated by blank line (https://github.com/DotNetAnalyzers/StyleCopAnalyzers/blob/master/documentation/SA1516.md) [D:\PROJECTS\NOOR CANVAS\SPA\NoorCanvas\NoorCanvas.csproj]
D:\PROJECTS\NOOR CANVAS\SPA\NoorCanvas\Controllers\AdminController.cs(357,1): warning SA1516: Elements should be separated by blank line (https://github.com/DotNetAnalyzers/StyleCopAnalyzers/blob/master/documentation/SA1516.md) [D:\PROJECTS\NOOR CANVAS\SPA\NoorCanvas\NoorCanvas.csproj]
D:\PROJECTS\NOOR CANVAS\SPA\NoorCanvas\Controllers\AdminController.cs(363,1): warning SA1516: Elements should be separated by blank line (https://github.com/DotNetAnalyzers/StyleCopAnalyzers/blob/master/documentation/SA1516.md) [D:\PROJECTS\NOOR CANVAS\SPA\NoorCanvas\NoorCanvas.csproj]
D:\PROJECTS\NOOR CANVAS\SPA\NoorCanvas\Controllers\AdminController.cs(364,1): warning SA1516: Elements should be separated by blank line (https://github.com/DotNetAnalyzers/StyleCopAnalyzers/blob/master/documentation/SA1516.md) [D:\PROJECTS\NOOR CANVAS\SPA\NoorCanvas\NoorCanvas.csproj]
D:\PROJECTS\NOOR CANVAS\SPA\NoorCanvas\Controllers\AdminController.cs(365,1): warning SA1516: Elements should be separated by blank line (https://github.com/DotNetAnalyzers/StyleCopAnalyzers/blob/master/documentation/SA1516.md) [D:\PROJECTS\NOOR CANVAS\SPA\NoorCanvas\NoorCanvas.csproj]
D:\PROJECTS\NOOR CANVAS\SPA\NoorCanvas\Controllers\AdminController.cs(366,1): warning SA1516: Elements should be separated by blank line (https://github.com/DotNetAnalyzers/StyleCopAnalyzers/blob/master/documentation/SA1516.md) [D:\PROJECTS\NOOR CANVAS\SPA\NoorCanvas\NoorCanvas.csproj]
D:\PROJECTS\NOOR CANVAS\SPA\NoorCanvas\Controllers\QuestionController.cs(1,1): warning SA1200: Using directive should appear within a namespace declaration (https://github.com/DotNetAnalyzers/StyleCopAnalyzers/blob/master/documentation/SA1200.md) [D:\PROJECTS\NOOR CANVAS\SPA\NoorCanvas\NoorCanvas.csproj]
D:\PROJECTS\NOOR CANVAS\SPA\NoorCanvas\Controllers\QuestionController.cs(2,1): warning SA1200: Using directive should appear within a namespace declaration (https://github.com/DotNetAnalyzers/StyleCopAnalyzers/blob/master/documentation/SA1200.md) [D:\PROJECTS\NOOR CANVAS\SPA\NoorCanvas\NoorCanvas.csproj]
D:\PROJECTS\NOOR CANVAS\SPA\NoorCanvas\Controllers\QuestionController.cs(3,1): warning SA1200: Using directive should appear within a namespace declaration (https://github.com/DotNetAnalyzers/StyleCopAnalyzers/blob/master/documentation/SA1200.md) [D:\PROJECTS\NOOR CANVAS\SPA\NoorCanvas\NoorCanvas.csproj]
D:\PROJECTS\NOOR CANVAS\SPA\NoorCanvas\Controllers\QuestionController.cs(4,1): warning SA1200: Using directive should appear within a namespace declaration (https://github.com/DotNetAnalyzers/StyleCopAnalyzers/blob/master/documentation/SA1200.md) [D:\PROJECTS\NOOR CANVAS\SPA\NoorCanvas\NoorCanvas.csproj]
D:\PROJECTS\NOOR CANVAS\SPA\NoorCanvas\Controllers\QuestionController.cs(5,1): warning SA1200: Using directive should appear within a namespace declaration (https://github.com/DotNetAnalyzers/StyleCopAnalyzers/blob/master/documentation/SA1200.md) [D:\PROJECTS\NOOR CANVAS\SPA\NoorCanvas\NoorCanvas.csproj]
D:\PROJECTS\NOOR CANVAS\SPA\NoorCanvas\Controllers\QuestionController.cs(6,1): warning SA1200: Using directive should appear within a namespace declaration (https://github.com/DotNetAnalyzers/StyleCopAnalyzers/blob/master/documentation/SA1200.md) [D:\PROJECTS\NOOR CANVAS\SPA\NoorCanvas\NoorCanvas.csproj]
D:\PROJECTS\NOOR CANVAS\SPA\NoorCanvas\Controllers\QuestionController.cs(7,1): warning SA1200: Using directive should appear within a namespace declaration (https://github.com/DotNetAnalyzers/StyleCopAnalyzers/blob/master/documentation/SA1200.md) [D:\PROJECTS\NOOR CANVAS\SPA\NoorCanvas\NoorCanvas.csproj]
D:\PROJECTS\NOOR CANVAS\SPA\NoorCanvas\Controllers\QuestionController.cs(8,1): warning SA1200: Using directive should appear within a namespace declaration (https://github.com/DotNetAnalyzers/StyleCopAnalyzers/blob/master/documentation/SA1200.md) [D:\PROJECTS\NOOR CANVAS\SPA\NoorCanvas\NoorCanvas.csproj]
D:\PROJECTS\NOOR CANVAS\SPA\NoorCanvas\Controllers\QuestionController.cs(8,1): warning SA1208: Using directive for 'System.Text.Json' should appear before directive for 'NoorCanvas.Models.Simplified' (https://github.com/DotNetAnalyzers/StyleCopAnalyzers/blob/master/documentation/SA1208.md) [D:\PROJECTS\NOOR CANVAS\SPA\NoorCanvas\NoorCanvas.csproj]
D:\PROJECTS\NOOR CANVAS\SPA\NoorCanvas\Controllers\QuestionController.cs(6,1): warning SA1210: Using directives should be ordered alphabetically by the namespaces (https://github.com/DotNetAnalyzers/StyleCopAnalyzers/blob/master/documentation/SA1210.md) [D:\PROJECTS\NOOR CANVAS\SPA\NoorCanvas\NoorCanvas.csproj]
D:\PROJECTS\NOOR CANVAS\SPA\NoorCanvas\Hubs\AnnotationHub.cs(8,49): warning SA1309: Field '_logger' should not begin with an underscore (https://github.com/DotNetAnalyzers/StyleCopAnalyzers/blob/master/documentation/SA1309.md) [D:\PROJECTS\NOOR CANVAS\SPA\NoorCanvas\NoorCanvas.csproj]
D:\PROJECTS\NOOR CANVAS\SPA\NoorCanvas\Hubs\AnnotationHub.cs(9,45): warning SA1309: Field '_annotationService' should not begin with an underscore (https://github.com/DotNetAnalyzers/StyleCopAnalyzers/blob/master/documentation/SA1309.md) [D:\PROJECTS\NOOR CANVAS\SPA\NoorCanvas\NoorCanvas.csproj]
D:\PROJECTS\NOOR CANVAS\SPA\NoorCanvas\Controllers\SessionController.cs(1,1): warning SA1200: Using directive should appear within a namespace declaration (https://github.com/DotNetAnalyzers/StyleCopAnalyzers/blob/master/documentation/SA1200.md) [D:\PROJECTS\NOOR CANVAS\SPA\NoorCanvas\NoorCanvas.csproj]
D:\PROJECTS\NOOR CANVAS\SPA\NoorCanvas\Controllers\SessionController.cs(2,1): warning SA1200: Using directive should appear within a namespace declaration (https://github.com/DotNetAnalyzers/StyleCopAnalyzers/blob/master/documentation/SA1200.md) [D:\PROJECTS\NOOR CANVAS\SPA\NoorCanvas\NoorCanvas.csproj]
D:\PROJECTS\NOOR CANVAS\SPA\NoorCanvas\Controllers\SessionController.cs(3,1): warning SA1200: Using directive should appear within a namespace declaration (https://github.com/DotNetAnalyzers/StyleCopAnalyzers/blob/master/documentation/SA1200.md) [D:\PROJECTS\NOOR CANVAS\SPA\NoorCanvas\NoorCanvas.csproj]
D:\PROJECTS\NOOR CANVAS\SPA\NoorCanvas\Controllers\SessionController.cs(4,1): warning SA1200: Using directive should appear within a namespace declaration (https://github.com/DotNetAnalyzers/StyleCopAnalyzers/blob/master/documentation/SA1200.md) [D:\PROJECTS\NOOR CANVAS\SPA\NoorCanvas\NoorCanvas.csproj]
D:\PROJECTS\NOOR CANVAS\SPA\NoorCanvas\Controllers\AdminController.cs(341,1): warning SA1516: Elements should be separated by blank line (https://github.com/DotNetAnalyzers/StyleCopAnalyzers/blob/master/documentation/SA1516.md) [D:\PROJECTS\NOOR CANVAS\SPA\NoorCanvas\NoorCanvas.csproj]
D:\PROJECTS\NOOR CANVAS\SPA\NoorCanvas\Controllers\AdminController.cs(342,1): warning SA1516: Elements should be separated by blank line (https://github.com/DotNetAnalyzers/StyleCopAnalyzers/blob/master/documentation/SA1516.md) [D:\PROJECTS\NOOR CANVAS\SPA\NoorCanvas\NoorCanvas.csproj]
D:\PROJECTS\NOOR CANVAS\SPA\NoorCanvas\Controllers\AdminController.cs(343,1): warning SA1516: Elements should be separated by blank line (https://github.com/DotNetAnalyzers/StyleCopAnalyzers/blob/master/documentation/SA1516.md) [D:\PROJECTS\NOOR CANVAS\SPA\NoorCanvas\NoorCanvas.csproj]
D:\PROJECTS\NOOR CANVAS\SPA\NoorCanvas\Controllers\AdminController.cs(344,1): warning SA1516: Elements should be separated by blank line (https://github.com/DotNetAnalyzers/StyleCopAnalyzers/blob/master/documentation/SA1516.md) [D:\PROJECTS\NOOR CANVAS\SPA\NoorCanvas\NoorCanvas.csproj]
D:\PROJECTS\NOOR CANVAS\SPA\NoorCanvas\Controllers\AdminController.cs(345,1): warning SA1516: Elements should be separated by blank line (https://github.com/DotNetAnalyzers/StyleCopAnalyzers/blob/master/documentation/SA1516.md) [D:\PROJECTS\NOOR CANVAS\SPA\NoorCanvas\NoorCanvas.csproj]
D:\PROJECTS\NOOR CANVAS\SPA\NoorCanvas\Controllers\AdminController.cs(346,1): warning SA1516: Elements should be separated by blank line (https://github.com/DotNetAnalyzers/StyleCopAnalyzers/blob/master/documentation/SA1516.md) [D:\PROJECTS\NOOR CANVAS\SPA\NoorCanvas\NoorCanvas.csproj]
D:\PROJECTS\NOOR CANVAS\SPA\NoorCanvas\Controllers\AdminController.cs(347,1): warning SA1516: Elements should be separated by blank line (https://github.com/DotNetAnalyzers/StyleCopAnalyzers/blob/master/documentation/SA1516.md) [D:\PROJECTS\NOOR CANVAS\SPA\NoorCanvas\NoorCanvas.csproj]
D:\PROJECTS\NOOR CANVAS\SPA\NoorCanvas\Controllers\AdminController.cs(348,1): warning SA1516: Elements should be separated by blank line (https://github.com/DotNetAnalyzers/StyleCopAnalyzers/blob/master/documentation/SA1516.md) [D:\PROJECTS\NOOR CANVAS\SPA\NoorCanvas\NoorCanvas.csproj]
D:\PROJECTS\NOOR CANVAS\SPA\NoorCanvas\Controllers\TokenController.cs(1,1): warning SA1200: Using directive should appear within a namespace declaration (https://github.com/DotNetAnalyzers/StyleCopAnalyzers/blob/master/documentation/SA1200.md) [D:\PROJECTS\NOOR CANVAS\SPA\NoorCanvas\NoorCanvas.csproj]
D:\PROJECTS\NOOR CANVAS\SPA\NoorCanvas\Controllers\TokenController.cs(2,1): warning SA1200: Using directive should appear within a namespace declaration (https://github.com/DotNetAnalyzers/StyleCopAnalyzers/blob/master/documentation/SA1200.md) [D:\PROJECTS\NOOR CANVAS\SPA\NoorCanvas\NoorCanvas.csproj]
D:\PROJECTS\NOOR CANVAS\SPA\NoorCanvas\Controllers\TokenController.cs(3,1): warning SA1200: Using directive should appear within a namespace declaration (https://github.com/DotNetAnalyzers/StyleCopAnalyzers/blob/master/documentation/SA1200.md) [D:\PROJECTS\NOOR CANVAS\SPA\NoorCanvas\NoorCanvas.csproj]
D:\PROJECTS\NOOR CANVAS\SPA\NoorCanvas\Controllers\TokenController.cs(2,1): warning SA1210: Using directives should be ordered alphabetically by the namespaces (https://github.com/DotNetAnalyzers/StyleCopAnalyzers/blob/master/documentation/SA1210.md) [D:\PROJECTS\NOOR CANVAS\SPA\NoorCanvas\NoorCanvas.csproj]
D:\PROJECTS\NOOR CANVAS\SPA\NoorCanvas\Data\CanvasDbContext.cs(1,1): warning SA1200: Using directive should appear within a namespace declaration (https://github.com/DotNetAnalyzers/StyleCopAnalyzers/blob/master/documentation/SA1200.md) [D:\PROJECTS\NOOR CANVAS\SPA\NoorCanvas\NoorCanvas.csproj]
D:\PROJECTS\NOOR CANVAS\SPA\NoorCanvas\Data\CanvasDbContext.cs(2,1): warning SA1200: Using directive should appear within a namespace declaration (https://github.com/DotNetAnalyzers/StyleCopAnalyzers/blob/master/documentation/SA1200.md) [D:\PROJECTS\NOOR CANVAS\SPA\NoorCanvas\NoorCanvas.csproj]
D:\PROJECTS\NOOR CANVAS\SPA\NoorCanvas\Data\KSessionsDbContext.cs(1,1): warning SA1200: Using directive should appear within a namespace declaration (https://github.com/DotNetAnalyzers/StyleCopAnalyzers/blob/master/documentation/SA1200.md) [D:\PROJECTS\NOOR CANVAS\SPA\NoorCanvas\NoorCanvas.csproj]
D:\PROJECTS\NOOR CANVAS\SPA\NoorCanvas\Data\KSessionsDbContext.cs(2,1): warning SA1200: Using directive should appear within a namespace declaration (https://github.com/DotNetAnalyzers/StyleCopAnalyzers/blob/master/documentation/SA1200.md) [D:\PROJECTS\NOOR CANVAS\SPA\NoorCanvas\NoorCanvas.csproj]
D:\PROJECTS\NOOR CANVAS\SPA\NoorCanvas\Data\Migrations\20250911091420_InitialCreate.cs(1,1): warning SA1200: Using directive should appear within a namespace declaration (https://github.com/DotNetAnalyzers/StyleCopAnalyzers/blob/master/documentation/SA1200.md) [D:\PROJECTS\NOOR CANVAS\SPA\NoorCanvas\NoorCanvas.csproj]
D:\PROJECTS\NOOR CANVAS\SPA\NoorCanvas\Data\Migrations\20250911091420_InitialCreate.cs(2,1): warning SA1200: Using directive should appear within a namespace declaration (https://github.com/DotNetAnalyzers/StyleCopAnalyzers/blob/master/documentation/SA1200.md) [D:\PROJECTS\NOOR CANVAS\SPA\NoorCanvas\NoorCanvas.csproj]
D:\PROJECTS\NOOR CANVAS\SPA\NoorCanvas\Data\Migrations\20250912174615_AddAdminSessions.cs(1,1): warning SA1200: Using directive should appear within a namespace declaration (https://github.com/DotNetAnalyzers/StyleCopAnalyzers/blob/master/documentation/SA1200.md) [D:\PROJECTS\NOOR CANVAS\SPA\NoorCanvas\NoorCanvas.csproj]
D:\PROJECTS\NOOR CANVAS\SPA\NoorCanvas\Data\Migrations\20250912174615_AddAdminSessions.cs(2,1): warning SA1200: Using directive should appear within a namespace declaration (https://github.com/DotNetAnalyzers/StyleCopAnalyzers/blob/master/documentation/SA1200.md) [D:\PROJECTS\NOOR CANVAS\SPA\NoorCanvas\NoorCanvas.csproj]
D:\PROJECTS\NOOR CANVAS\SPA\NoorCanvas\Data\SimplifiedCanvasDbContext.cs(1,1): warning SA1200: Using directive should appear within a namespace declaration (https://github.com/DotNetAnalyzers/StyleCopAnalyzers/blob/master/documentation/SA1200.md) [D:\PROJECTS\NOOR CANVAS\SPA\NoorCanvas\NoorCanvas.csproj]
D:\PROJECTS\NOOR CANVAS\SPA\NoorCanvas\Data\SimplifiedCanvasDbContext.cs(2,1): warning SA1200: Using directive should appear within a namespace declaration (https://github.com/DotNetAnalyzers/StyleCopAnalyzers/blob/master/documentation/SA1200.md) [D:\PROJECTS\NOOR CANVAS\SPA\NoorCanvas\NoorCanvas.csproj]
D:\PROJECTS\NOOR CANVAS\SPA\NoorCanvas\Data\SimplifiedCanvasDbContext.cs(3,1): warning SA1200: Using directive should appear within a namespace declaration (https://github.com/DotNetAnalyzers/StyleCopAnalyzers/blob/master/documentation/SA1200.md) [D:\PROJECTS\NOOR CANVAS\SPA\NoorCanvas\NoorCanvas.csproj]
D:\PROJECTS\NOOR CANVAS\SPA\NoorCanvas\Data\SimplifiedCanvasDbContext.cs(2,1): warning SA1210: Using directives should be ordered alphabetically by the namespaces (https://github.com/DotNetAnalyzers/StyleCopAnalyzers/blob/master/documentation/SA1210.md) [D:\PROJECTS\NOOR CANVAS\SPA\NoorCanvas\NoorCanvas.csproj]
D:\PROJECTS\NOOR CANVAS\SPA\NoorCanvas\Extensions\DebugExtensions.cs(1,1): warning SA1200: Using directive should appear within a namespace declaration (https://github.com/DotNetAnalyzers/StyleCopAnalyzers/blob/master/documentation/SA1200.md) [D:\PROJECTS\NOOR CANVAS\SPA\NoorCanvas\NoorCanvas.csproj]
D:\PROJECTS\NOOR CANVAS\SPA\NoorCanvas\Hubs\AnnotationHub.cs(1,1): warning SA1200: Using directive should appear within a namespace declaration (https://github.com/DotNetAnalyzers/StyleCopAnalyzers/blob/master/documentation/SA1200.md) [D:\PROJECTS\NOOR CANVAS\SPA\NoorCanvas\NoorCanvas.csproj]
D:\PROJECTS\NOOR CANVAS\SPA\NoorCanvas\Hubs\AnnotationHub.cs(2,1): warning SA1200: Using directive should appear within a namespace declaration (https://github.com/DotNetAnalyzers/StyleCopAnalyzers/blob/master/documentation/SA1200.md) [D:\PROJECTS\NOOR CANVAS\SPA\NoorCanvas\NoorCanvas.csproj]
D:\PROJECTS\NOOR CANVAS\SPA\NoorCanvas\Hubs\QAHub.cs(1,1): warning SA1200: Using directive should appear within a namespace declaration (https://github.com/DotNetAnalyzers/StyleCopAnalyzers/blob/master/documentation/SA1200.md) [D:\PROJECTS\NOOR CANVAS\SPA\NoorCanvas\NoorCanvas.csproj]
D:\PROJECTS\NOOR CANVAS\SPA\NoorCanvas\Hubs\QAHub.cs(2,1): warning SA1200: Using directive should appear within a namespace declaration (https://github.com/DotNetAnalyzers/StyleCopAnalyzers/blob/master/documentation/SA1200.md) [D:\PROJECTS\NOOR CANVAS\SPA\NoorCanvas\NoorCanvas.csproj]
D:\PROJECTS\NOOR CANVAS\SPA\NoorCanvas\Hubs\QAHub.cs(3,1): warning SA1200: Using directive should appear within a namespace declaration (https://github.com/DotNetAnalyzers/StyleCopAnalyzers/blob/master/documentation/SA1200.md) [D:\PROJECTS\NOOR CANVAS\SPA\NoorCanvas\NoorCanvas.csproj]
D:\PROJECTS\NOOR CANVAS\SPA\NoorCanvas\Hubs\QAHub.cs(2,1): warning SA1210: Using directives should be ordered alphabetically by the namespaces (https://github.com/DotNetAnalyzers/StyleCopAnalyzers/blob/master/documentation/SA1210.md) [D:\PROJECTS\NOOR CANVAS\SPA\NoorCanvas\NoorCanvas.csproj]
D:\PROJECTS\NOOR CANVAS\SPA\NoorCanvas\Controllers\AdminController.cs(256,40): warning SA1025: Code should not contain multiple whitespace characters in a row (https://github.com/DotNetAnalyzers/StyleCopAnalyzers/blob/master/documentation/SA1025.md) [D:\PROJECTS\NOOR CANVAS\SPA\NoorCanvas\NoorCanvas.csproj]
D:\PROJECTS\NOOR CANVAS\SPA\NoorCanvas\Hubs\SessionHub.cs(1,1): warning SA1200: Using directive should appear within a namespace declaration (https://github.com/DotNetAnalyzers/StyleCopAnalyzers/blob/master/documentation/SA1200.md) [D:\PROJECTS\NOOR CANVAS\SPA\NoorCanvas\NoorCanvas.csproj]
D:\PROJECTS\NOOR CANVAS\SPA\NoorCanvas\Hubs\SessionHub.cs(2,1): warning SA1200: Using directive should appear within a namespace declaration (https://github.com/DotNetAnalyzers/StyleCopAnalyzers/blob/master/documentation/SA1200.md) [D:\PROJECTS\NOOR CANVAS\SPA\NoorCanvas\NoorCanvas.csproj]
D:\PROJECTS\NOOR CANVAS\SPA\NoorCanvas\Hubs\SessionHub.cs(3,1): warning SA1200: Using directive should appear within a namespace declaration (https://github.com/DotNetAnalyzers/StyleCopAnalyzers/blob/master/documentation/SA1200.md) [D:\PROJECTS\NOOR CANVAS\SPA\NoorCanvas\NoorCanvas.csproj]
D:\PROJECTS\NOOR CANVAS\SPA\NoorCanvas\Hubs\SessionHub.cs(4,1): warning SA1200: Using directive should appear within a namespace declaration (https://github.com/DotNetAnalyzers/StyleCopAnalyzers/blob/master/documentation/SA1200.md) [D:\PROJECTS\NOOR CANVAS\SPA\NoorCanvas\NoorCanvas.csproj]
D:\PROJECTS\NOOR CANVAS\SPA\NoorCanvas\Hubs\SessionHub.cs(4,1): warning SA1208: Using directive for 'System.Text.Json' should appear before directive for 'NoorCanvas.Data' (https://github.com/DotNetAnalyzers/StyleCopAnalyzers/blob/master/documentation/SA1208.md) [D:\PROJECTS\NOOR CANVAS\SPA\NoorCanvas\NoorCanvas.csproj]
D:\PROJECTS\NOOR CANVAS\SPA\NoorCanvas\Hubs\TestHub.cs(1,1): warning SA1200: Using directive should appear within a namespace declaration (https://github.com/DotNetAnalyzers/StyleCopAnalyzers/blob/master/documentation/SA1200.md) [D:\PROJECTS\NOOR CANVAS\SPA\NoorCanvas\NoorCanvas.csproj]
D:\PROJECTS\NOOR CANVAS\SPA\NoorCanvas\Controllers\AdminController.cs(99,58): warning SA1028: Code should not contain trailing whitespace (https://github.com/DotNetAnalyzers/StyleCopAnalyzers/blob/master/documentation/SA1028.md) [D:\PROJECTS\NOOR CANVAS\SPA\NoorCanvas\NoorCanvas.csproj]
D:\PROJECTS\NOOR CANVAS\SPA\NoorCanvas\Controllers\AnnotationsController.cs(1,1): warning SA1633: The file header is missing or not located at the top of the file. (https://github.com/DotNetAnalyzers/StyleCopAnalyzers/blob/master/documentation/SA1633.md) [D:\PROJECTS\NOOR CANVAS\SPA\NoorCanvas\NoorCanvas.csproj]
D:\PROJECTS\NOOR CANVAS\SPA\NoorCanvas\Controllers\AnnotationsController.cs(237,18): warning SA1402: File may only contain a single type (https://github.com/DotNetAnalyzers/StyleCopAnalyzers/blob/master/documentation/SA1402.md) [D:\PROJECTS\NOOR CANVAS\SPA\NoorCanvas\NoorCanvas.csproj]
D:\PROJECTS\NOOR CANVAS\SPA\NoorCanvas\Controllers\AnnotationsController.cs(251,18): warning SA1402: File may only contain a single type (https://github.com/DotNetAnalyzers/StyleCopAnalyzers/blob/master/documentation/SA1402.md) [D:\PROJECTS\NOOR CANVAS\SPA\NoorCanvas\NoorCanvas.csproj]
D:\PROJECTS\NOOR CANVAS\SPA\NoorCanvas\Middleware\DebugMiddleware.cs(1,1): warning SA1200: Using directive should appear within a namespace declaration (https://github.com/DotNetAnalyzers/StyleCopAnalyzers/blob/master/documentation/SA1200.md) [D:\PROJECTS\NOOR CANVAS\SPA\NoorCanvas\NoorCanvas.csproj]
D:\PROJECTS\NOOR CANVAS\SPA\NoorCanvas\Middleware\DebugMiddleware.cs(2,1): warning SA1200: Using directive should appear within a namespace declaration (https://github.com/DotNetAnalyzers/StyleCopAnalyzers/blob/master/documentation/SA1200.md) [D:\PROJECTS\NOOR CANVAS\SPA\NoorCanvas\NoorCanvas.csproj]
D:\PROJECTS\NOOR CANVAS\SPA\NoorCanvas\Middleware\DebugMiddleware.cs(2,1): warning SA1208: Using directive for 'System.Diagnostics' should appear before directive for 'NoorCanvas.Services' (https://github.com/DotNetAnalyzers/StyleCopAnalyzers/blob/master/documentation/SA1208.md) [D:\PROJECTS\NOOR CANVAS\SPA\NoorCanvas\NoorCanvas.csproj]
D:\PROJECTS\NOOR CANVAS\SPA\NoorCanvas\Controllers\AnnotationsController.cs(11,45): warning SA1309: Field '_annotationService' should not begin with an underscore (https://github.com/DotNetAnalyzers/StyleCopAnalyzers/blob/master/documentation/SA1309.md) [D:\PROJECTS\NOOR CANVAS\SPA\NoorCanvas\NoorCanvas.csproj]
D:\PROJECTS\NOOR CANVAS\SPA\NoorCanvas\Migrations\20250920121452_AddEmailToParticipants.cs(1,1): warning SA1200: Using directive should appear within a namespace declaration (https://github.com/DotNetAnalyzers/StyleCopAnalyzers/blob/master/documentation/SA1200.md) [D:\PROJECTS\NOOR CANVAS\SPA\NoorCanvas\NoorCanvas.csproj]
D:\PROJECTS\NOOR CANVAS\SPA\NoorCanvas\Controllers\AnnotationsController.cs(12,57): warning SA1309: Field '_logger' should not begin with an underscore (https://github.com/DotNetAnalyzers/StyleCopAnalyzers/blob/master/documentation/SA1309.md) [D:\PROJECTS\NOOR CANVAS\SPA\NoorCanvas\NoorCanvas.csproj]
D:\PROJECTS\NOOR CANVAS\SPA\NoorCanvas\Migrations\20250920121452_AddEmailToParticipants.cs(2,1): warning SA1200: Using directive should appear within a namespace declaration (https://github.com/DotNetAnalyzers/StyleCopAnalyzers/blob/master/documentation/SA1200.md) [D:\PROJECTS\NOOR CANVAS\SPA\NoorCanvas\NoorCanvas.csproj]
D:\PROJECTS\NOOR CANVAS\SPA\NoorCanvas\Migrations\20250920121756_InitialMigrationWithEmail.cs(1,1): warning SA1200: Using directive should appear within a namespace declaration (https://github.com/DotNetAnalyzers/StyleCopAnalyzers/blob/master/documentation/SA1200.md) [D:\PROJECTS\NOOR CANVAS\SPA\NoorCanvas\NoorCanvas.csproj]
D:\PROJECTS\NOOR CANVAS\SPA\NoorCanvas\Migrations\20250920222544_AddAssetLookupTable.cs(1,1): warning SA1200: Using directive should appear within a namespace declaration (https://github.com/DotNetAnalyzers/StyleCopAnalyzers/blob/master/documentation/SA1200.md) [D:\PROJECTS\NOOR CANVAS\SPA\NoorCanvas\NoorCanvas.csproj]
D:\PROJECTS\NOOR CANVAS\SPA\NoorCanvas\Migrations\20250920222544_AddAssetLookupTable.cs(2,1): warning SA1200: Using directive should appear within a namespace declaration (https://github.com/DotNetAnalyzers/StyleCopAnalyzers/blob/master/documentation/SA1200.md) [D:\PROJECTS\NOOR CANVAS\SPA\NoorCanvas\NoorCanvas.csproj]
D:\PROJECTS\NOOR CANVAS\SPA\NoorCanvas\Migrations\20250923225435_RemoveUnusedTokenColumnsCleanup.cs(1,1): warning SA1200: Using directive should appear within a namespace declaration (https://github.com/DotNetAnalyzers/StyleCopAnalyzers/blob/master/documentation/SA1200.md) [D:\PROJECTS\NOOR CANVAS\SPA\NoorCanvas\NoorCanvas.csproj]
D:\PROJECTS\NOOR CANVAS\SPA\NoorCanvas\Migrations\20250923225435_RemoveUnusedTokenColumnsCleanup.cs(2,1): warning SA1200: Using directive should appear within a namespace declaration (https://github.com/DotNetAnalyzers/StyleCopAnalyzers/blob/master/documentation/SA1200.md) [D:\PROJECTS\NOOR CANVAS\SPA\NoorCanvas\NoorCanvas.csproj]
D:\PROJECTS\NOOR CANVAS\SPA\NoorCanvas\Migrations\20250924140533_RemoveSessionDescriptionColumn.cs(1,1): warning SA1200: Using directive should appear within a namespace declaration (https://github.com/DotNetAnalyzers/StyleCopAnalyzers/blob/master/documentation/SA1200.md) [D:\PROJECTS\NOOR CANVAS\SPA\NoorCanvas\NoorCanvas.csproj]
D:\PROJECTS\NOOR CANVAS\SPA\NoorCanvas\Migrations\20250924142435_RemoveSessionTitleColumn.cs(1,1): warning SA1200: Using directive should appear within a namespace declaration (https://github.com/DotNetAnalyzers/StyleCopAnalyzers/blob/master/documentation/SA1200.md) [D:\PROJECTS\NOOR CANVAS\SPA\NoorCanvas\NoorCanvas.csproj]
D:\PROJECTS\NOOR CANVAS\SPA\NoorCanvas\Migrations\20250925102627_Remove_HostAuthToken.cs(1,1): warning SA1200: Using directive should appear within a namespace declaration (https://github.com/DotNetAnalyzers/StyleCopAnalyzers/blob/master/documentation/SA1200.md) [D:\PROJECTS\NOOR CANVAS\SPA\NoorCanvas\NoorCanvas.csproj]
D:\PROJECTS\NOOR CANVAS\SPA\NoorCanvas\Models\AdminSession.cs(1,1): warning SA1200: Using directive should appear within a namespace declaration (https://github.com/DotNetAnalyzers/StyleCopAnalyzers/blob/master/documentation/SA1200.md) [D:\PROJECTS\NOOR CANVAS\SPA\NoorCanvas\NoorCanvas.csproj]
D:\PROJECTS\NOOR CANVAS\SPA\NoorCanvas\Models\AdminSession.cs(2,1): warning SA1200: Using directive should appear within a namespace declaration (https://github.com/DotNetAnalyzers/StyleCopAnalyzers/blob/master/documentation/SA1200.md) [D:\PROJECTS\NOOR CANVAS\SPA\NoorCanvas\NoorCanvas.csproj]
D:\PROJECTS\NOOR CANVAS\SPA\NoorCanvas\Models\Annotation.cs(1,1): warning SA1200: Using directive should appear within a namespace declaration (https://github.com/DotNetAnalyzers/StyleCopAnalyzers/blob/master/documentation/SA1200.md) [D:\PROJECTS\NOOR CANVAS\SPA\NoorCanvas\NoorCanvas.csproj]
D:\PROJECTS\NOOR CANVAS\SPA\NoorCanvas\Models\Annotation.cs(2,1): warning SA1200: Using directive should appear within a namespace declaration (https://github.com/DotNetAnalyzers/StyleCopAnalyzers/blob/master/documentation/SA1200.md) [D:\PROJECTS\NOOR CANVAS\SPA\NoorCanvas\NoorCanvas.csproj]
D:\PROJECTS\NOOR CANVAS\SPA\NoorCanvas\Models\AuditLog.cs(1,1): warning SA1200: Using directive should appear within a namespace declaration (https://github.com/DotNetAnalyzers/StyleCopAnalyzers/blob/master/documentation/SA1200.md) [D:\PROJECTS\NOOR CANVAS\SPA\NoorCanvas\NoorCanvas.csproj]
D:\PROJECTS\NOOR CANVAS\SPA\NoorCanvas\Models\AuditLog.cs(2,1): warning SA1200: Using directive should appear within a namespace declaration (https://github.com/DotNetAnalyzers/StyleCopAnalyzers/blob/master/documentation/SA1200.md) [D:\PROJECTS\NOOR CANVAS\SPA\NoorCanvas\NoorCanvas.csproj]
D:\PROJECTS\NOOR CANVAS\SPA\NoorCanvas\Models\Debug\DebugModels.cs(1,1): warning SA1200: Using directive should appear within a namespace declaration (https://github.com/DotNetAnalyzers/StyleCopAnalyzers/blob/master/documentation/SA1200.md) [D:\PROJECTS\NOOR CANVAS\SPA\NoorCanvas\NoorCanvas.csproj]
D:\PROJECTS\NOOR CANVAS\SPA\NoorCanvas\Models\HostSession.cs(1,1): warning SA1200: Using directive should appear within a namespace declaration (https://github.com/DotNetAnalyzers/StyleCopAnalyzers/blob/master/documentation/SA1200.md) [D:\PROJECTS\NOOR CANVAS\SPA\NoorCanvas\NoorCanvas.csproj]
D:\PROJECTS\NOOR CANVAS\SPA\NoorCanvas\Models\HostSession.cs(2,1): warning SA1200: Using directive should appear within a namespace declaration (https://github.com/DotNetAnalyzers/StyleCopAnalyzers/blob/master/documentation/SA1200.md) [D:\PROJECTS\NOOR CANVAS\SPA\NoorCanvas\NoorCanvas.csproj]
D:\PROJECTS\NOOR CANVAS\SPA\NoorCanvas\Models\Issue.cs(1,1): warning SA1200: Using directive should appear within a namespace declaration (https://github.com/DotNetAnalyzers/StyleCopAnalyzers/blob/master/documentation/SA1200.md) [D:\PROJECTS\NOOR CANVAS\SPA\NoorCanvas\NoorCanvas.csproj]
D:\PROJECTS\NOOR CANVAS\SPA\NoorCanvas\Models\Issue.cs(2,1): warning SA1200: Using directive should appear within a namespace declaration (https://github.com/DotNetAnalyzers/StyleCopAnalyzers/blob/master/documentation/SA1200.md) [D:\PROJECTS\NOOR CANVAS\SPA\NoorCanvas\NoorCanvas.csproj]
D:\PROJECTS\NOOR CANVAS\SPA\NoorCanvas\Models\KSessionsModels.cs(1,1): warning SA1200: Using directive should appear within a namespace declaration (https://github.com/DotNetAnalyzers/StyleCopAnalyzers/blob/master/documentation/SA1200.md) [D:\PROJECTS\NOOR CANVAS\SPA\NoorCanvas\NoorCanvas.csproj]
D:\PROJECTS\NOOR CANVAS\SPA\NoorCanvas\Models\KSessionsModels.cs(2,1): warning SA1200: Using directive should appear within a namespace declaration (https://github.com/DotNetAnalyzers/StyleCopAnalyzers/blob/master/documentation/SA1200.md) [D:\PROJECTS\NOOR CANVAS\SPA\NoorCanvas\NoorCanvas.csproj]
D:\PROJECTS\NOOR CANVAS\SPA\NoorCanvas\Models\KSESSIONS\KSessionsCountry.cs(1,1): warning SA1200: Using directive should appear within a namespace declaration (https://github.com/DotNetAnalyzers/StyleCopAnalyzers/blob/master/documentation/SA1200.md) [D:\PROJECTS\NOOR CANVAS\SPA\NoorCanvas\NoorCanvas.csproj]
D:\PROJECTS\NOOR CANVAS\SPA\NoorCanvas\Models\KSESSIONS\KSessionsSessionTranscript.cs(1,1): warning SA1200: Using directive should appear within a namespace declaration (https://github.com/DotNetAnalyzers/StyleCopAnalyzers/blob/master/documentation/SA1200.md) [D:\PROJECTS\NOOR CANVAS\SPA\NoorCanvas\NoorCanvas.csproj]
D:\PROJECTS\NOOR CANVAS\SPA\NoorCanvas\Models\KSESSIONS\KSessionsSessionTranscript.cs(2,1): warning SA1200: Using directive should appear within a namespace declaration (https://github.com/DotNetAnalyzers/StyleCopAnalyzers/blob/master/documentation/SA1200.md) [D:\PROJECTS\NOOR CANVAS\SPA\NoorCanvas\NoorCanvas.csproj]
D:\PROJECTS\NOOR CANVAS\SPA\NoorCanvas\Models\Question.cs(1,1): warning SA1200: Using directive should appear within a namespace declaration (https://github.com/DotNetAnalyzers/StyleCopAnalyzers/blob/master/documentation/SA1200.md) [D:\PROJECTS\NOOR CANVAS\SPA\NoorCanvas\NoorCanvas.csproj]
D:\PROJECTS\NOOR CANVAS\SPA\NoorCanvas\Models\Question.cs(2,1): warning SA1200: Using directive should appear within a namespace declaration (https://github.com/DotNetAnalyzers/StyleCopAnalyzers/blob/master/documentation/SA1200.md) [D:\PROJECTS\NOOR CANVAS\SPA\NoorCanvas\NoorCanvas.csproj]
D:\PROJECTS\NOOR CANVAS\SPA\NoorCanvas\Models\QuestionAnswer.cs(1,1): warning SA1200: Using directive should appear within a namespace declaration (https://github.com/DotNetAnalyzers/StyleCopAnalyzers/blob/master/documentation/SA1200.md) [D:\PROJECTS\NOOR CANVAS\SPA\NoorCanvas\NoorCanvas.csproj]
D:\PROJECTS\NOOR CANVAS\SPA\NoorCanvas\Models\QuestionAnswer.cs(2,1): warning SA1200: Using directive should appear within a namespace declaration (https://github.com/DotNetAnalyzers/StyleCopAnalyzers/blob/master/documentation/SA1200.md) [D:\PROJECTS\NOOR CANVAS\SPA\NoorCanvas\NoorCanvas.csproj]
D:\PROJECTS\NOOR CANVAS\SPA\NoorCanvas\Models\QuestionVote.cs(1,1): warning SA1200: Using directive should appear within a namespace declaration (https://github.com/DotNetAnalyzers/StyleCopAnalyzers/blob/master/documentation/SA1200.md) [D:\PROJECTS\NOOR CANVAS\SPA\NoorCanvas\NoorCanvas.csproj]
D:\PROJECTS\NOOR CANVAS\SPA\NoorCanvas\Models\QuestionVote.cs(2,1): warning SA1200: Using directive should appear within a namespace declaration (https://github.com/DotNetAnalyzers/StyleCopAnalyzers/blob/master/documentation/SA1200.md) [D:\PROJECTS\NOOR CANVAS\SPA\NoorCanvas\NoorCanvas.csproj]
D:\PROJECTS\NOOR CANVAS\SPA\NoorCanvas\Models\Registration.cs(1,1): warning SA1200: Using directive should appear within a namespace declaration (https://github.com/DotNetAnalyzers/StyleCopAnalyzers/blob/master/documentation/SA1200.md) [D:\PROJECTS\NOOR CANVAS\SPA\NoorCanvas\NoorCanvas.csproj]
D:\PROJECTS\NOOR CANVAS\SPA\NoorCanvas\Models\Registration.cs(2,1): warning SA1200: Using directive should appear within a namespace declaration (https://github.com/DotNetAnalyzers/StyleCopAnalyzers/blob/master/documentation/SA1200.md) [D:\PROJECTS\NOOR CANVAS\SPA\NoorCanvas\NoorCanvas.csproj]
D:\PROJECTS\NOOR CANVAS\SPA\NoorCanvas\Models\SecureToken.cs(1,1): warning SA1200: Using directive should appear within a namespace declaration (https://github.com/DotNetAnalyzers/StyleCopAnalyzers/blob/master/documentation/SA1200.md) [D:\PROJECTS\NOOR CANVAS\SPA\NoorCanvas\NoorCanvas.csproj]
D:\PROJECTS\NOOR CANVAS\SPA\NoorCanvas\Models\SecureToken.cs(2,1): warning SA1200: Using directive should appear within a namespace declaration (https://github.com/DotNetAnalyzers/StyleCopAnalyzers/blob/master/documentation/SA1200.md) [D:\PROJECTS\NOOR CANVAS\SPA\NoorCanvas\NoorCanvas.csproj]
D:\PROJECTS\NOOR CANVAS\SPA\NoorCanvas\Models\Session.cs(1,1): warning SA1200: Using directive should appear within a namespace declaration (https://github.com/DotNetAnalyzers/StyleCopAnalyzers/blob/master/documentation/SA1200.md) [D:\PROJECTS\NOOR CANVAS\SPA\NoorCanvas\NoorCanvas.csproj]
D:\PROJECTS\NOOR CANVAS\SPA\NoorCanvas\Models\Session.cs(2,1): warning SA1200: Using directive should appear within a namespace declaration (https://github.com/DotNetAnalyzers/StyleCopAnalyzers/blob/master/documentation/SA1200.md) [D:\PROJECTS\NOOR CANVAS\SPA\NoorCanvas\NoorCanvas.csproj]
D:\PROJECTS\NOOR CANVAS\SPA\NoorCanvas\Models\SessionLink.cs(1,1): warning SA1200: Using directive should appear within a namespace declaration (https://github.com/DotNetAnalyzers/StyleCopAnalyzers/blob/master/documentation/SA1200.md) [D:\PROJECTS\NOOR CANVAS\SPA\NoorCanvas\NoorCanvas.csproj]
D:\PROJECTS\NOOR CANVAS\SPA\NoorCanvas\Models\SessionLink.cs(2,1): warning SA1200: Using directive should appear within a namespace declaration (https://github.com/DotNetAnalyzers/StyleCopAnalyzers/blob/master/documentation/SA1200.md) [D:\PROJECTS\NOOR CANVAS\SPA\NoorCanvas\NoorCanvas.csproj]
D:\PROJECTS\NOOR CANVAS\SPA\NoorCanvas\Models\SessionParticipant.cs(1,1): warning SA1200: Using directive should appear within a namespace declaration (https://github.com/DotNetAnalyzers/StyleCopAnalyzers/blob/master/documentation/SA1200.md) [D:\PROJECTS\NOOR CANVAS\SPA\NoorCanvas\NoorCanvas.csproj]
D:\PROJECTS\NOOR CANVAS\SPA\NoorCanvas\Models\SessionParticipant.cs(2,1): warning SA1200: Using directive should appear within a namespace declaration (https://github.com/DotNetAnalyzers/StyleCopAnalyzers/blob/master/documentation/SA1200.md) [D:\PROJECTS\NOOR CANVAS\SPA\NoorCanvas\NoorCanvas.csproj]
D:\PROJECTS\NOOR CANVAS\SPA\NoorCanvas\Models\SharedAsset.cs(1,1): warning SA1200: Using directive should appear within a namespace declaration (https://github.com/DotNetAnalyzers/StyleCopAnalyzers/blob/master/documentation/SA1200.md) [D:\PROJECTS\NOOR CANVAS\SPA\NoorCanvas\NoorCanvas.csproj]
D:\PROJECTS\NOOR CANVAS\SPA\NoorCanvas\Models\SharedAsset.cs(2,1): warning SA1200: Using directive should appear within a namespace declaration (https://github.com/DotNetAnalyzers/StyleCopAnalyzers/blob/master/documentation/SA1200.md) [D:\PROJECTS\NOOR CANVAS\SPA\NoorCanvas\NoorCanvas.csproj]
D:\PROJECTS\NOOR CANVAS\SPA\NoorCanvas\Models\Simplified\AssetLookup.cs(1,1): warning SA1200: Using directive should appear within a namespace declaration (https://github.com/DotNetAnalyzers/StyleCopAnalyzers/blob/master/documentation/SA1200.md) [D:\PROJECTS\NOOR CANVAS\SPA\NoorCanvas\NoorCanvas.csproj]
D:\PROJECTS\NOOR CANVAS\SPA\NoorCanvas\Models\Simplified\AssetLookup.cs(2,1): warning SA1200: Using directive should appear within a namespace declaration (https://github.com/DotNetAnalyzers/StyleCopAnalyzers/blob/master/documentation/SA1200.md) [D:\PROJECTS\NOOR CANVAS\SPA\NoorCanvas\NoorCanvas.csproj]
D:\PROJECTS\NOOR CANVAS\SPA\NoorCanvas\Models\Simplified\Participant.cs(1,1): warning SA1200: Using directive should appear within a namespace declaration (https://github.com/DotNetAnalyzers/StyleCopAnalyzers/blob/master/documentation/SA1200.md) [D:\PROJECTS\NOOR CANVAS\SPA\NoorCanvas\NoorCanvas.csproj]
D:\PROJECTS\NOOR CANVAS\SPA\NoorCanvas\Models\Simplified\Participant.cs(2,1): warning SA1200: Using directive should appear within a namespace declaration (https://github.com/DotNetAnalyzers/StyleCopAnalyzers/blob/master/documentation/SA1200.md) [D:\PROJECTS\NOOR CANVAS\SPA\NoorCanvas\NoorCanvas.csproj]
D:\PROJECTS\NOOR CANVAS\SPA\NoorCanvas\Models\Simplified\ParticipantRegistrationRequest.cs(1,1): warning SA1200: Using directive should appear within a namespace declaration (https://github.com/DotNetAnalyzers/StyleCopAnalyzers/blob/master/documentation/SA1200.md) [D:\PROJECTS\NOOR CANVAS\SPA\NoorCanvas\NoorCanvas.csproj]
D:\PROJECTS\NOOR CANVAS\SPA\NoorCanvas\Models\Simplified\Session.cs(1,1): warning SA1200: Using directive should appear within a namespace declaration (https://github.com/DotNetAnalyzers/StyleCopAnalyzers/blob/master/documentation/SA1200.md) [D:\PROJECTS\NOOR CANVAS\SPA\NoorCanvas\NoorCanvas.csproj]
D:\PROJECTS\NOOR CANVAS\SPA\NoorCanvas\Models\Simplified\Session.cs(2,1): warning SA1200: Using directive should appear within a namespace declaration (https://github.com/DotNetAnalyzers/StyleCopAnalyzers/blob/master/documentation/SA1200.md) [D:\PROJECTS\NOOR CANVAS\SPA\NoorCanvas\NoorCanvas.csproj]
D:\PROJECTS\NOOR CANVAS\SPA\NoorCanvas\Models\Simplified\SessionAsset.cs(1,1): warning SA1200: Using directive should appear within a namespace declaration (https://github.com/DotNetAnalyzers/StyleCopAnalyzers/blob/master/documentation/SA1200.md) [D:\PROJECTS\NOOR CANVAS\SPA\NoorCanvas\NoorCanvas.csproj]
D:\PROJECTS\NOOR CANVAS\SPA\NoorCanvas\Models\Simplified\SessionAsset.cs(2,1): warning SA1200: Using directive should appear within a namespace declaration (https://github.com/DotNetAnalyzers/StyleCopAnalyzers/blob/master/documentation/SA1200.md) [D:\PROJECTS\NOOR CANVAS\SPA\NoorCanvas\NoorCanvas.csproj]
D:\PROJECTS\NOOR CANVAS\SPA\NoorCanvas\Models\Simplified\SessionData.cs(1,1): warning SA1200: Using directive should appear within a namespace declaration (https://github.com/DotNetAnalyzers/StyleCopAnalyzers/blob/master/documentation/SA1200.md) [D:\PROJECTS\NOOR CANVAS\SPA\NoorCanvas\NoorCanvas.csproj]
D:\PROJECTS\NOOR CANVAS\SPA\NoorCanvas\Models\Simplified\SessionData.cs(2,1): warning SA1200: Using directive should appear within a namespace declaration (https://github.com/DotNetAnalyzers/StyleCopAnalyzers/blob/master/documentation/SA1200.md) [D:\PROJECTS\NOOR CANVAS\SPA\NoorCanvas\NoorCanvas.csproj]
D:\PROJECTS\NOOR CANVAS\SPA\NoorCanvas\Models\User.cs(1,1): warning SA1200: Using directive should appear within a namespace declaration (https://github.com/DotNetAnalyzers/StyleCopAnalyzers/blob/master/documentation/SA1200.md) [D:\PROJECTS\NOOR CANVAS\SPA\NoorCanvas\NoorCanvas.csproj]
D:\PROJECTS\NOOR CANVAS\SPA\NoorCanvas\Models\User.cs(2,1): warning SA1200: Using directive should appear within a namespace declaration (https://github.com/DotNetAnalyzers/StyleCopAnalyzers/blob/master/documentation/SA1200.md) [D:\PROJECTS\NOOR CANVAS\SPA\NoorCanvas\NoorCanvas.csproj]
D:\PROJECTS\NOOR CANVAS\SPA\NoorCanvas\Pages\Error.cshtml.cs(1,1): warning SA1200: Using directive should appear within a namespace declaration (https://github.com/DotNetAnalyzers/StyleCopAnalyzers/blob/master/documentation/SA1200.md) [D:\PROJECTS\NOOR CANVAS\SPA\NoorCanvas\NoorCanvas.csproj]
D:\PROJECTS\NOOR CANVAS\SPA\NoorCanvas\Pages\Error.cshtml.cs(2,1): warning SA1200: Using directive should appear within a namespace declaration (https://github.com/DotNetAnalyzers/StyleCopAnalyzers/blob/master/documentation/SA1200.md) [D:\PROJECTS\NOOR CANVAS\SPA\NoorCanvas\NoorCanvas.csproj]
D:\PROJECTS\NOOR CANVAS\SPA\NoorCanvas\Pages\Error.cshtml.cs(3,1): warning SA1200: Using directive should appear within a namespace declaration (https://github.com/DotNetAnalyzers/StyleCopAnalyzers/blob/master/documentation/SA1200.md) [D:\PROJECTS\NOOR CANVAS\SPA\NoorCanvas\NoorCanvas.csproj]
D:\PROJECTS\NOOR CANVAS\SPA\NoorCanvas\Pages\Error.cshtml.cs(4,1): warning SA1200: Using directive should appear within a namespace declaration (https://github.com/DotNetAnalyzers/StyleCopAnalyzers/blob/master/documentation/SA1200.md) [D:\PROJECTS\NOOR CANVAS\SPA\NoorCanvas\NoorCanvas.csproj]
D:\PROJECTS\NOOR CANVAS\SPA\NoorCanvas\Pages\Error.cshtml.cs(5,1): warning SA1200: Using directive should appear within a namespace declaration (https://github.com/DotNetAnalyzers/StyleCopAnalyzers/blob/master/documentation/SA1200.md) [D:\PROJECTS\NOOR CANVAS\SPA\NoorCanvas\NoorCanvas.csproj]
D:\PROJECTS\NOOR CANVAS\SPA\NoorCanvas\Pages\Error.cshtml.cs(6,1): warning SA1200: Using directive should appear within a namespace declaration (https://github.com/DotNetAnalyzers/StyleCopAnalyzers/blob/master/documentation/SA1200.md) [D:\PROJECTS\NOOR CANVAS\SPA\NoorCanvas\NoorCanvas.csproj]
D:\PROJECTS\NOOR CANVAS\SPA\NoorCanvas\Pages\Error.cshtml.cs(7,1): warning SA1200: Using directive should appear within a namespace declaration (https://github.com/DotNetAnalyzers/StyleCopAnalyzers/blob/master/documentation/SA1200.md) [D:\PROJECTS\NOOR CANVAS\SPA\NoorCanvas\NoorCanvas.csproj]
D:\PROJECTS\NOOR CANVAS\SPA\NoorCanvas\Pages\Error.cshtml.cs(8,1): warning SA1200: Using directive should appear within a namespace declaration (https://github.com/DotNetAnalyzers/StyleCopAnalyzers/blob/master/documentation/SA1200.md) [D:\PROJECTS\NOOR CANVAS\SPA\NoorCanvas\NoorCanvas.csproj]
D:\PROJECTS\NOOR CANVAS\SPA\NoorCanvas\Hubs\QAHub.cs(9,37): warning SA1309: Field '_logger' should not begin with an underscore (https://github.com/DotNetAnalyzers/StyleCopAnalyzers/blob/master/documentation/SA1309.md) [D:\PROJECTS\NOOR CANVAS\SPA\NoorCanvas\NoorCanvas.csproj]
D:\PROJECTS\NOOR CANVAS\SPA\NoorCanvas\Hubs\QAHub.cs(10,38): warning SA1309: Field '_context' should not begin with an underscore (https://github.com/DotNetAnalyzers/StyleCopAnalyzers/blob/master/documentation/SA1309.md) [D:\PROJECTS\NOOR CANVAS\SPA\NoorCanvas\NoorCanvas.csproj]
D:\PROJECTS\NOOR CANVAS\SPA\NoorCanvas\Services\AnnotationService.cs(1,1): warning SA1200: Using directive should appear within a namespace declaration (https://github.com/DotNetAnalyzers/StyleCopAnalyzers/blob/master/documentation/SA1200.md) [D:\PROJECTS\NOOR CANVAS\SPA\NoorCanvas\NoorCanvas.csproj]
D:\PROJECTS\NOOR CANVAS\SPA\NoorCanvas\Services\AnnotationService.cs(2,1): warning SA1200: Using directive should appear within a namespace declaration (https://github.com/DotNetAnalyzers/StyleCopAnalyzers/blob/master/documentation/SA1200.md) [D:\PROJECTS\NOOR CANVAS\SPA\NoorCanvas\NoorCanvas.csproj]
D:\PROJECTS\NOOR CANVAS\SPA\NoorCanvas\Services\AnnotationService.cs(3,1): warning SA1200: Using directive should appear within a namespace declaration (https://github.com/DotNetAnalyzers/StyleCopAnalyzers/blob/master/documentation/SA1200.md) [D:\PROJECTS\NOOR CANVAS\SPA\NoorCanvas\NoorCanvas.csproj]
D:\PROJECTS\NOOR CANVAS\SPA\NoorCanvas\Services\AnnotationService.cs(4,1): warning SA1200: Using directive should appear within a namespace declaration (https://github.com/DotNetAnalyzers/StyleCopAnalyzers/blob/master/documentation/SA1200.md) [D:\PROJECTS\NOOR CANVAS\SPA\NoorCanvas\NoorCanvas.csproj]
D:\PROJECTS\NOOR CANVAS\SPA\NoorCanvas\Services\AnnotationService.cs(4,1): warning SA1208: Using directive for 'System.Text.Json' should appear before directive for 'NoorCanvas.Models' (https://github.com/DotNetAnalyzers/StyleCopAnalyzers/blob/master/documentation/SA1208.md) [D:\PROJECTS\NOOR CANVAS\SPA\NoorCanvas\NoorCanvas.csproj]
D:\PROJECTS\NOOR CANVAS\SPA\NoorCanvas\Services\AssetDetectionService.cs(1,1): warning SA1200: Using directive should appear within a namespace declaration (https://github.com/DotNetAnalyzers/StyleCopAnalyzers/blob/master/documentation/SA1200.md) [D:\PROJECTS\NOOR CANVAS\SPA\NoorCanvas\NoorCanvas.csproj]
D:\PROJECTS\NOOR CANVAS\SPA\NoorCanvas\Services\AssetDetectionService.cs(2,1): warning SA1200: Using directive should appear within a namespace declaration (https://github.com/DotNetAnalyzers/StyleCopAnalyzers/blob/master/documentation/SA1200.md) [D:\PROJECTS\NOOR CANVAS\SPA\NoorCanvas\NoorCanvas.csproj]
D:\PROJECTS\NOOR CANVAS\SPA\NoorCanvas\Services\AssetDetectionService.cs(3,1): warning SA1200: Using directive should appear within a namespace declaration (https://github.com/DotNetAnalyzers/StyleCopAnalyzers/blob/master/documentation/SA1200.md) [D:\PROJECTS\NOOR CANVAS\SPA\NoorCanvas\NoorCanvas.csproj]
D:\PROJECTS\NOOR CANVAS\SPA\NoorCanvas\Services\AssetDetectionService.cs(4,1): warning SA1200: Using directive should appear within a namespace declaration (https://github.com/DotNetAnalyzers/StyleCopAnalyzers/blob/master/documentation/SA1200.md) [D:\PROJECTS\NOOR CANVAS\SPA\NoorCanvas\NoorCanvas.csproj]
D:\PROJECTS\NOOR CANVAS\SPA\NoorCanvas\Services\AssetDetectionService.cs(4,1): warning SA1208: Using directive for 'System.Text.RegularExpressions' should appear before directive for 'NoorCanvas.Models.Simplified' (https://github.com/DotNetAnalyzers/StyleCopAnalyzers/blob/master/documentation/SA1208.md) [D:\PROJECTS\NOOR CANVAS\SPA\NoorCanvas\NoorCanvas.csproj]
D:\PROJECTS\NOOR CANVAS\SPA\NoorCanvas\Services\AssetDetectorService.cs(1,1): warning SA1200: Using directive should appear within a namespace declaration (https://github.com/DotNetAnalyzers/StyleCopAnalyzers/blob/master/documentation/SA1200.md) [D:\PROJECTS\NOOR CANVAS\SPA\NoorCanvas\NoorCanvas.csproj]
D:\PROJECTS\NOOR CANVAS\SPA\NoorCanvas\Services\AssetDetectorService.cs(2,1): warning SA1200: Using directive should appear within a namespace declaration (https://github.com/DotNetAnalyzers/StyleCopAnalyzers/blob/master/documentation/SA1200.md) [D:\PROJECTS\NOOR CANVAS\SPA\NoorCanvas\NoorCanvas.csproj]
D:\PROJECTS\NOOR CANVAS\SPA\NoorCanvas\Services\DebugService.cs(1,1): warning SA1200: Using directive should appear within a namespace declaration (https://github.com/DotNetAnalyzers/StyleCopAnalyzers/blob/master/documentation/SA1200.md) [D:\PROJECTS\NOOR CANVAS\SPA\NoorCanvas\NoorCanvas.csproj]
D:\PROJECTS\NOOR CANVAS\SPA\NoorCanvas\Services\Development\DevModeService.cs(1,1): warning SA1200: Using directive should appear within a namespace declaration (https://github.com/DotNetAnalyzers/StyleCopAnalyzers/blob/master/documentation/SA1200.md) [D:\PROJECTS\NOOR CANVAS\SPA\NoorCanvas\NoorCanvas.csproj]
D:\PROJECTS\NOOR CANVAS\SPA\NoorCanvas\Services\DialogService.cs(1,1): warning SA1200: Using directive should appear within a namespace declaration (https://github.com/DotNetAnalyzers/StyleCopAnalyzers/blob/master/documentation/SA1200.md) [D:\PROJECTS\NOOR CANVAS\SPA\NoorCanvas\NoorCanvas.csproj]
D:\PROJECTS\NOOR CANVAS\SPA\NoorCanvas\Services\DialogService.cs(2,1): warning SA1200: Using directive should appear within a namespace declaration (https://github.com/DotNetAnalyzers/StyleCopAnalyzers/blob/master/documentation/SA1200.md) [D:\PROJECTS\NOOR CANVAS\SPA\NoorCanvas\NoorCanvas.csproj]
D:\PROJECTS\NOOR CANVAS\SPA\NoorCanvas\Services\DialogService.cs(3,1): warning SA1200: Using directive should appear within a namespace declaration (https://github.com/DotNetAnalyzers/StyleCopAnalyzers/blob/master/documentation/SA1200.md) [D:\PROJECTS\NOOR CANVAS\SPA\NoorCanvas\NoorCanvas.csproj]
D:\PROJECTS\NOOR CANVAS\SPA\NoorCanvas\Services\FlagService.cs(1,1): warning SA1200: Using directive should appear within a namespace declaration (https://github.com/DotNetAnalyzers/StyleCopAnalyzers/blob/master/documentation/SA1200.md) [D:\PROJECTS\NOOR CANVAS\SPA\NoorCanvas\NoorCanvas.csproj]
D:\PROJECTS\NOOR CANVAS\SPA\NoorCanvas\Services\HtmlParsingService.cs(1,1): warning SA1200: Using directive should appear within a namespace declaration (https://github.com/DotNetAnalyzers/StyleCopAnalyzers/blob/master/documentation/SA1200.md) [D:\PROJECTS\NOOR CANVAS\SPA\NoorCanvas\NoorCanvas.csproj]
D:\PROJECTS\NOOR CANVAS\SPA\NoorCanvas\Services\HtmlParsingService.cs(2,1): warning SA1200: Using directive should appear within a namespace declaration (https://github.com/DotNetAnalyzers/StyleCopAnalyzers/blob/master/documentation/SA1200.md) [D:\PROJECTS\NOOR CANVAS\SPA\NoorCanvas\NoorCanvas.csproj]
D:\PROJECTS\NOOR CANVAS\SPA\NoorCanvas\Controllers\AdminController.cs(297,1): warning SA1516: Elements should be separated by blank line (https://github.com/DotNetAnalyzers/StyleCopAnalyzers/blob/master/documentation/SA1516.md) [D:\PROJECTS\NOOR CANVAS\SPA\NoorCanvas\NoorCanvas.csproj]
D:\PROJECTS\NOOR CANVAS\SPA\NoorCanvas\Controllers\AdminController.cs(298,1): warning SA1516: Elements should be separated by blank line (https://github.com/DotNetAnalyzers/StyleCopAnalyzers/blob/master/documentation/SA1516.md) [D:\PROJECTS\NOOR CANVAS\SPA\NoorCanvas\NoorCanvas.csproj]
D:\PROJECTS\NOOR CANVAS\SPA\NoorCanvas\Controllers\AdminController.cs(299,1): warning SA1516: Elements should be separated by blank line (https://github.com/DotNetAnalyzers/StyleCopAnalyzers/blob/master/documentation/SA1516.md) [D:\PROJECTS\NOOR CANVAS\SPA\NoorCanvas\NoorCanvas.csproj]
D:\PROJECTS\NOOR CANVAS\SPA\NoorCanvas\Services\SafeHtmlRenderingService.cs(1,1): warning SA1200: Using directive should appear within a namespace declaration (https://github.com/DotNetAnalyzers/StyleCopAnalyzers/blob/master/documentation/SA1200.md) [D:\PROJECTS\NOOR CANVAS\SPA\NoorCanvas\NoorCanvas.csproj]
D:\PROJECTS\NOOR CANVAS\SPA\NoorCanvas\Services\SafeHtmlRenderingService.cs(2,1): warning SA1200: Using directive should appear within a namespace declaration (https://github.com/DotNetAnalyzers/StyleCopAnalyzers/blob/master/documentation/SA1200.md) [D:\PROJECTS\NOOR CANVAS\SPA\NoorCanvas\NoorCanvas.csproj]
D:\PROJECTS\NOOR CANVAS\SPA\NoorCanvas\Services\SafeHtmlRenderingService.cs(3,1): warning SA1200: Using directive should appear within a namespace declaration (https://github.com/DotNetAnalyzers/StyleCopAnalyzers/blob/master/documentation/SA1200.md) [D:\PROJECTS\NOOR CANVAS\SPA\NoorCanvas\NoorCanvas.csproj]
D:\PROJECTS\NOOR CANVAS\SPA\NoorCanvas\Services\SafeHtmlRenderingService.cs(3,1): warning SA1208: Using directive for 'System.Text' should appear before directive for 'HtmlAgilityPack' (https://github.com/DotNetAnalyzers/StyleCopAnalyzers/blob/master/documentation/SA1208.md) [D:\PROJECTS\NOOR CANVAS\SPA\NoorCanvas\NoorCanvas.csproj]
D:\PROJECTS\NOOR CANVAS\SPA\NoorCanvas\Services\SafeHtmlRenderingService.cs(1,1): warning SA1210: Using directives should be ordered alphabetically by the namespaces (https://github.com/DotNetAnalyzers/StyleCopAnalyzers/blob/master/documentation/SA1210.md) [D:\PROJECTS\NOOR CANVAS\SPA\NoorCanvas\NoorCanvas.csproj]
D:\PROJECTS\NOOR CANVAS\SPA\NoorCanvas\Services\SecureTokenService.cs(1,1): warning SA1200: Using directive should appear within a namespace declaration (https://github.com/DotNetAnalyzers/StyleCopAnalyzers/blob/master/documentation/SA1200.md) [D:\PROJECTS\NOOR CANVAS\SPA\NoorCanvas\NoorCanvas.csproj]
D:\PROJECTS\NOOR CANVAS\SPA\NoorCanvas\Services\SecureTokenService.cs(2,1): warning SA1200: Using directive should appear within a namespace declaration (https://github.com/DotNetAnalyzers/StyleCopAnalyzers/blob/master/documentation/SA1200.md) [D:\PROJECTS\NOOR CANVAS\SPA\NoorCanvas\NoorCanvas.csproj]
D:\PROJECTS\NOOR CANVAS\SPA\NoorCanvas\Services\SecureTokenService.cs(3,1): warning SA1200: Using directive should appear within a namespace declaration (https://github.com/DotNetAnalyzers/StyleCopAnalyzers/blob/master/documentation/SA1200.md) [D:\PROJECTS\NOOR CANVAS\SPA\NoorCanvas\NoorCanvas.csproj]
D:\PROJECTS\NOOR CANVAS\SPA\NoorCanvas\Services\SecureTokenService.cs(4,1): warning SA1200: Using directive should appear within a namespace declaration (https://github.com/DotNetAnalyzers/StyleCopAnalyzers/blob/master/documentation/SA1200.md) [D:\PROJECTS\NOOR CANVAS\SPA\NoorCanvas\NoorCanvas.csproj]
D:\PROJECTS\NOOR CANVAS\SPA\NoorCanvas\Services\SecureTokenService.cs(5,1): warning SA1200: Using directive should appear within a namespace declaration (https://github.com/DotNetAnalyzers/StyleCopAnalyzers/blob/master/documentation/SA1200.md) [D:\PROJECTS\NOOR CANVAS\SPA\NoorCanvas\NoorCanvas.csproj]
D:\PROJECTS\NOOR CANVAS\SPA\NoorCanvas\Services\SecureTokenService.cs(4,1): warning SA1208: Using directive for 'System.Security.Cryptography' should appear before directive for 'NoorCanvas.Models' (https://github.com/DotNetAnalyzers/StyleCopAnalyzers/blob/master/documentation/SA1208.md) [D:\PROJECTS\NOOR CANVAS\SPA\NoorCanvas\NoorCanvas.csproj]
D:\PROJECTS\NOOR CANVAS\SPA\NoorCanvas\Services\SecureTokenService.cs(5,1): warning SA1208: Using directive for 'System.Text' should appear before directive for 'NoorCanvas.Models' (https://github.com/DotNetAnalyzers/StyleCopAnalyzers/blob/master/documentation/SA1208.md) [D:\PROJECTS\NOOR CANVAS\SPA\NoorCanvas\NoorCanvas.csproj]
D:\PROJECTS\NOOR CANVAS\SPA\NoorCanvas\Services\SessionStateService.cs(1,1): warning SA1200: Using directive should appear within a namespace declaration (https://github.com/DotNetAnalyzers/StyleCopAnalyzers/blob/master/documentation/SA1200.md) [D:\PROJECTS\NOOR CANVAS\SPA\NoorCanvas\NoorCanvas.csproj]
D:\PROJECTS\NOOR CANVAS\SPA\NoorCanvas\Services\SimplifiedTokenService.cs(1,1): warning SA1200: Using directive should appear within a namespace declaration (https://github.com/DotNetAnalyzers/StyleCopAnalyzers/blob/master/documentation/SA1200.md) [D:\PROJECTS\NOOR CANVAS\SPA\NoorCanvas\NoorCanvas.csproj]
D:\PROJECTS\NOOR CANVAS\SPA\NoorCanvas\Services\SimplifiedTokenService.cs(2,1): warning SA1200: Using directive should appear within a namespace declaration (https://github.com/DotNetAnalyzers/StyleCopAnalyzers/blob/master/documentation/SA1200.md) [D:\PROJECTS\NOOR CANVAS\SPA\NoorCanvas\NoorCanvas.csproj]
D:\PROJECTS\NOOR CANVAS\SPA\NoorCanvas\Services\SimplifiedTokenService.cs(3,1): warning SA1200: Using directive should appear within a namespace declaration (https://github.com/DotNetAnalyzers/StyleCopAnalyzers/blob/master/documentation/SA1200.md) [D:\PROJECTS\NOOR CANVAS\SPA\NoorCanvas\NoorCanvas.csproj]
D:\PROJECTS\NOOR CANVAS\SPA\NoorCanvas\Services\SimplifiedTokenService.cs(4,1): warning SA1200: Using directive should appear within a namespace declaration (https://github.com/DotNetAnalyzers/StyleCopAnalyzers/blob/master/documentation/SA1200.md) [D:\PROJECTS\NOOR CANVAS\SPA\NoorCanvas\NoorCanvas.csproj]
D:\PROJECTS\NOOR CANVAS\SPA\NoorCanvas\Services\SimplifiedTokenService.cs(5,1): warning SA1200: Using directive should appear within a namespace declaration (https://github.com/DotNetAnalyzers/StyleCopAnalyzers/blob/master/documentation/SA1200.md) [D:\PROJECTS\NOOR CANVAS\SPA\NoorCanvas\NoorCanvas.csproj]
D:\PROJECTS\NOOR CANVAS\SPA\NoorCanvas\Services\SimplifiedTokenService.cs(6,1): warning SA1200: Using directive should appear within a namespace declaration (https://github.com/DotNetAnalyzers/StyleCopAnalyzers/blob/master/documentation/SA1200.md) [D:\PROJECTS\NOOR CANVAS\SPA\NoorCanvas\NoorCanvas.csproj]
D:\PROJECTS\NOOR CANVAS\SPA\NoorCanvas\Services\SimplifiedTokenService.cs(4,1): warning SA1208: Using directive for 'System.Security.Cryptography' should appear before directive for 'NoorCanvas.Models.Simplified' (https://github.com/DotNetAnalyzers/StyleCopAnalyzers/blob/master/documentation/SA1208.md) [D:\PROJECTS\NOOR CANVAS\SPA\NoorCanvas\NoorCanvas.csproj]
D:\PROJECTS\NOOR CANVAS\SPA\NoorCanvas\Services\SimplifiedTokenService.cs(5,1): warning SA1208: Using directive for 'System.Text' should appear before directive for 'NoorCanvas.Models.Simplified' (https://github.com/DotNetAnalyzers/StyleCopAnalyzers/blob/master/documentation/SA1208.md) [D:\PROJECTS\NOOR CANVAS\SPA\NoorCanvas\NoorCanvas.csproj]
D:\PROJECTS\NOOR CANVAS\SPA\NoorCanvas\Services\SimplifiedTokenService.cs(6,1): warning SA1208: Using directive for 'System.Text.Json' should appear before directive for 'NoorCanvas.Models.Simplified' (https://github.com/DotNetAnalyzers/StyleCopAnalyzers/blob/master/documentation/SA1208.md) [D:\PROJECTS\NOOR CANVAS\SPA\NoorCanvas\NoorCanvas.csproj]
D:\PROJECTS\NOOR CANVAS\SPA\NoorCanvas\Controllers\AdminController.cs(305,1): warning SA1516: Elements should be separated by blank line (https://github.com/DotNetAnalyzers/StyleCopAnalyzers/blob/master/documentation/SA1516.md) [D:\PROJECTS\NOOR CANVAS\SPA\NoorCanvas\NoorCanvas.csproj]
D:\PROJECTS\NOOR CANVAS\SPA\NoorCanvas\Controllers\AdminController.cs(306,1): warning SA1516: Elements should be separated by blank line (https://github.com/DotNetAnalyzers/StyleCopAnalyzers/blob/master/documentation/SA1516.md) [D:\PROJECTS\NOOR CANVAS\SPA\NoorCanvas\NoorCanvas.csproj]
D:\PROJECTS\NOOR CANVAS\SPA\NoorCanvas\Controllers\AdminController.cs(307,1): warning SA1516: Elements should be separated by blank line (https://github.com/DotNetAnalyzers/StyleCopAnalyzers/blob/master/documentation/SA1516.md) [D:\PROJECTS\NOOR CANVAS\SPA\NoorCanvas\NoorCanvas.csproj]
D:\PROJECTS\NOOR CANVAS\SPA\NoorCanvas\Controllers\AdminController.cs(308,1): warning SA1516: Elements should be separated by blank line (https://github.com/DotNetAnalyzers/StyleCopAnalyzers/blob/master/documentation/SA1516.md) [D:\PROJECTS\NOOR CANVAS\SPA\NoorCanvas\NoorCanvas.csproj]
D:\PROJECTS\NOOR CANVAS\SPA\NoorCanvas\Controllers\AdminController.cs(309,1): warning SA1516: Elements should be separated by blank line (https://github.com/DotNetAnalyzers/StyleCopAnalyzers/blob/master/documentation/SA1516.md) [D:\PROJECTS\NOOR CANVAS\SPA\NoorCanvas\NoorCanvas.csproj]
D:\PROJECTS\NOOR CANVAS\SPA\NoorCanvas\Controllers\AdminController.cs(315,1): warning SA1516: Elements should be separated by blank line (https://github.com/DotNetAnalyzers/StyleCopAnalyzers/blob/master/documentation/SA1516.md) [D:\PROJECTS\NOOR CANVAS\SPA\NoorCanvas\NoorCanvas.csproj]
D:\PROJECTS\NOOR CANVAS\SPA\NoorCanvas\Controllers\AdminController.cs(316,1): warning SA1516: Elements should be separated by blank line (https://github.com/DotNetAnalyzers/StyleCopAnalyzers/blob/master/documentation/SA1516.md) [D:\PROJECTS\NOOR CANVAS\SPA\NoorCanvas\NoorCanvas.csproj]
D:\PROJECTS\NOOR CANVAS\SPA\NoorCanvas\Controllers\AdminController.cs(317,1): warning SA1516: Elements should be separated by blank line (https://github.com/DotNetAnalyzers/StyleCopAnalyzers/blob/master/documentation/SA1516.md) [D:\PROJECTS\NOOR CANVAS\SPA\NoorCanvas\NoorCanvas.csproj]
D:\PROJECTS\NOOR CANVAS\SPA\NoorCanvas\Controllers\AdminController.cs(318,1): warning SA1516: Elements should be separated by blank line (https://github.com/DotNetAnalyzers/StyleCopAnalyzers/blob/master/documentation/SA1516.md) [D:\PROJECTS\NOOR CANVAS\SPA\NoorCanvas\NoorCanvas.csproj]
D:\PROJECTS\NOOR CANVAS\SPA\NoorCanvas\Controllers\AdminController.cs(319,1): warning SA1516: Elements should be separated by blank line (https://github.com/DotNetAnalyzers/StyleCopAnalyzers/blob/master/documentation/SA1516.md) [D:\PROJECTS\NOOR CANVAS\SPA\NoorCanvas\NoorCanvas.csproj]
D:\PROJECTS\NOOR CANVAS\SPA\NoorCanvas\Controllers\HostController.cs(1152,1): warning SA1516: Elements should be separated by blank line (https://github.com/DotNetAnalyzers/StyleCopAnalyzers/blob/master/documentation/SA1516.md) [D:\PROJECTS\NOOR CANVAS\SPA\NoorCanvas\NoorCanvas.csproj]
D:\PROJECTS\NOOR CANVAS\SPA\NoorCanvas\Controllers\HostController.cs(1153,1): warning SA1516: Elements should be separated by blank line (https://github.com/DotNetAnalyzers/StyleCopAnalyzers/blob/master/documentation/SA1516.md) [D:\PROJECTS\NOOR CANVAS\SPA\NoorCanvas\NoorCanvas.csproj]
D:\PROJECTS\NOOR CANVAS\SPA\NoorCanvas\Controllers\HostController.cs(1154,1): warning SA1516: Elements should be separated by blank line (https://github.com/DotNetAnalyzers/StyleCopAnalyzers/blob/master/documentation/SA1516.md) [D:\PROJECTS\NOOR CANVAS\SPA\NoorCanvas\NoorCanvas.csproj]
D:\PROJECTS\NOOR CANVAS\SPA\NoorCanvas\Controllers\HostController.cs(1155,1): warning SA1516: Elements should be separated by blank line (https://github.com/DotNetAnalyzers/StyleCopAnalyzers/blob/master/documentation/SA1516.md) [D:\PROJECTS\NOOR CANVAS\SPA\NoorCanvas\NoorCanvas.csproj]
D:\PROJECTS\NOOR CANVAS\SPA\NoorCanvas\Controllers\HostController.cs(1156,1): warning SA1516: Elements should be separated by blank line (https://github.com/DotNetAnalyzers/StyleCopAnalyzers/blob/master/documentation/SA1516.md) [D:\PROJECTS\NOOR CANVAS\SPA\NoorCanvas\NoorCanvas.csproj]
D:\PROJECTS\NOOR CANVAS\SPA\NoorCanvas\Hubs\SessionHub.cs(10,42): warning SA1309: Field '_logger' should not begin with an underscore (https://github.com/DotNetAnalyzers/StyleCopAnalyzers/blob/master/documentation/SA1309.md) [D:\PROJECTS\NOOR CANVAS\SPA\NoorCanvas\NoorCanvas.csproj]
D:\PROJECTS\NOOR CANVAS\SPA\NoorCanvas\Hubs\SessionHub.cs(11,48): warning SA1309: Field '_context' should not begin with an underscore (https://github.com/DotNetAnalyzers/StyleCopAnalyzers/blob/master/documentation/SA1309.md) [D:\PROJECTS\NOOR CANVAS\SPA\NoorCanvas\NoorCanvas.csproj]
D:\PROJECTS\NOOR CANVAS\SPA\NoorCanvas\Controllers\HostController.cs(1162,1): warning SA1516: Elements should be separated by blank line (https://github.com/DotNetAnalyzers/StyleCopAnalyzers/blob/master/documentation/SA1516.md) [D:\PROJECTS\NOOR CANVAS\SPA\NoorCanvas\NoorCanvas.csproj]
D:\PROJECTS\NOOR CANVAS\SPA\NoorCanvas\Controllers\HostController.cs(1163,1): warning SA1516: Elements should be separated by blank line (https://github.com/DotNetAnalyzers/StyleCopAnalyzers/blob/master/documentation/SA1516.md) [D:\PROJECTS\NOOR CANVAS\SPA\NoorCanvas\NoorCanvas.csproj]
D:\PROJECTS\NOOR CANVAS\SPA\NoorCanvas\Controllers\HostController.cs(1164,1): warning SA1516: Elements should be separated by blank line (https://github.com/DotNetAnalyzers/StyleCopAnalyzers/blob/master/documentation/SA1516.md) [D:\PROJECTS\NOOR CANVAS\SPA\NoorCanvas\NoorCanvas.csproj]
D:\PROJECTS\NOOR CANVAS\SPA\NoorCanvas\Controllers\HostController.cs(1165,1): warning SA1516: Elements should be separated by blank line (https://github.com/DotNetAnalyzers/StyleCopAnalyzers/blob/master/documentation/SA1516.md) [D:\PROJECTS\NOOR CANVAS\SPA\NoorCanvas\NoorCanvas.csproj]
D:\PROJECTS\NOOR CANVAS\SPA\NoorCanvas\Controllers\HostController.cs(1166,1): warning SA1516: Elements should be separated by blank line (https://github.com/DotNetAnalyzers/StyleCopAnalyzers/blob/master/documentation/SA1516.md) [D:\PROJECTS\NOOR CANVAS\SPA\NoorCanvas\NoorCanvas.csproj]
D:\PROJECTS\NOOR CANVAS\SPA\NoorCanvas\Controllers\HostController.cs(1167,1): warning SA1516: Elements should be separated by blank line (https://github.com/DotNetAnalyzers/StyleCopAnalyzers/blob/master/documentation/SA1516.md) [D:\PROJECTS\NOOR CANVAS\SPA\NoorCanvas\NoorCanvas.csproj]
D:\PROJECTS\NOOR CANVAS\SPA\NoorCanvas\Controllers\HostController.cs(1168,1): warning SA1516: Elements should be separated by blank line (https://github.com/DotNetAnalyzers/StyleCopAnalyzers/blob/master/documentation/SA1516.md) [D:\PROJECTS\NOOR CANVAS\SPA\NoorCanvas\NoorCanvas.csproj]
D:\PROJECTS\NOOR CANVAS\SPA\NoorCanvas\Controllers\HostController.cs(1169,1): warning SA1516: Elements should be separated by blank line (https://github.com/DotNetAnalyzers/StyleCopAnalyzers/blob/master/documentation/SA1516.md) [D:\PROJECTS\NOOR CANVAS\SPA\NoorCanvas\NoorCanvas.csproj]
D:\PROJECTS\NOOR CANVAS\SPA\NoorCanvas\Controllers\HealthController.cs(1,1): warning SA1633: The file header is missing or not located at the top of the file. (https://github.com/DotNetAnalyzers/StyleCopAnalyzers/blob/master/documentation/SA1633.md) [D:\PROJECTS\NOOR CANVAS\SPA\NoorCanvas\NoorCanvas.csproj]
D:\PROJECTS\NOOR CANVAS\SPA\NoorCanvas\Controllers\HostController.cs(1175,1): warning SA1516: Elements should be separated by blank line (https://github.com/DotNetAnalyzers/StyleCopAnalyzers/blob/master/documentation/SA1516.md) [D:\PROJECTS\NOOR CANVAS\SPA\NoorCanvas\NoorCanvas.csproj]
D:\PROJECTS\NOOR CANVAS\SPA\NoorCanvas\Controllers\HostController.cs(1176,1): warning SA1516: Elements should be separated by blank line (https://github.com/DotNetAnalyzers/StyleCopAnalyzers/blob/master/documentation/SA1516.md) [D:\PROJECTS\NOOR CANVAS\SPA\NoorCanvas\NoorCanvas.csproj]
D:\PROJECTS\NOOR CANVAS\SPA\NoorCanvas\Controllers\HostController.cs(1177,1): warning SA1516: Elements should be separated by blank line (https://github.com/DotNetAnalyzers/StyleCopAnalyzers/blob/master/documentation/SA1516.md) [D:\PROJECTS\NOOR CANVAS\SPA\NoorCanvas\NoorCanvas.csproj]
D:\PROJECTS\NOOR CANVAS\SPA\NoorCanvas\Controllers\HostController.cs(1178,1): warning SA1516: Elements should be separated by blank line (https://github.com/DotNetAnalyzers/StyleCopAnalyzers/blob/master/documentation/SA1516.md) [D:\PROJECTS\NOOR CANVAS\SPA\NoorCanvas\NoorCanvas.csproj]
D:\PROJECTS\NOOR CANVAS\SPA\NoorCanvas\Controllers\HealthController.cs(12,38): warning SA1309: Field '_context' should not begin with an underscore (https://github.com/DotNetAnalyzers/StyleCopAnalyzers/blob/master/documentation/SA1309.md) [D:\PROJECTS\NOOR CANVAS\SPA\NoorCanvas\NoorCanvas.csproj]
D:\PROJECTS\NOOR CANVAS\SPA\NoorCanvas\Controllers\HealthController.cs(13,48): warning SA1309: Field '_logger' should not begin with an underscore (https://github.com/DotNetAnalyzers/StyleCopAnalyzers/blob/master/documentation/SA1309.md) [D:\PROJECTS\NOOR CANVAS\SPA\NoorCanvas\NoorCanvas.csproj]
D:\PROJECTS\NOOR CANVAS\SPA\NoorCanvas\Data\CanvasDbContext.cs(14,1): warning SA1516: Elements should be separated by blank line (https://github.com/DotNetAnalyzers/StyleCopAnalyzers/blob/master/documentation/SA1516.md) [D:\PROJECTS\NOOR CANVAS\SPA\NoorCanvas\NoorCanvas.csproj]
D:\PROJECTS\NOOR CANVAS\SPA\NoorCanvas\Data\CanvasDbContext.cs(15,1): warning SA1516: Elements should be separated by blank line (https://github.com/DotNetAnalyzers/StyleCopAnalyzers/blob/master/documentation/SA1516.md) [D:\PROJECTS\NOOR CANVAS\SPA\NoorCanvas\NoorCanvas.csproj]
D:\PROJECTS\NOOR CANVAS\SPA\NoorCanvas\Data\CanvasDbContext.cs(16,1): warning SA1516: Elements should be separated by blank line (https://github.com/DotNetAnalyzers/StyleCopAnalyzers/blob/master/documentation/SA1516.md) [D:\PROJECTS\NOOR CANVAS\SPA\NoorCanvas\NoorCanvas.csproj]
D:\PROJECTS\NOOR CANVAS\SPA\NoorCanvas\Data\CanvasDbContext.cs(17,1): warning SA1516: Elements should be separated by blank line (https://github.com/DotNetAnalyzers/StyleCopAnalyzers/blob/master/documentation/SA1516.md) [D:\PROJECTS\NOOR CANVAS\SPA\NoorCanvas\NoorCanvas.csproj]
D:\PROJECTS\NOOR CANVAS\SPA\NoorCanvas\Data\CanvasDbContext.cs(18,1): warning SA1516: Elements should be separated by blank line (https://github.com/DotNetAnalyzers/StyleCopAnalyzers/blob/master/documentation/SA1516.md) [D:\PROJECTS\NOOR CANVAS\SPA\NoorCanvas\NoorCanvas.csproj]
D:\PROJECTS\NOOR CANVAS\SPA\NoorCanvas\Data\CanvasDbContext.cs(19,1): warning SA1516: Elements should be separated by blank line (https://github.com/DotNetAnalyzers/StyleCopAnalyzers/blob/master/documentation/SA1516.md) [D:\PROJECTS\NOOR CANVAS\SPA\NoorCanvas\NoorCanvas.csproj]
D:\PROJECTS\NOOR CANVAS\SPA\NoorCanvas\Data\CanvasDbContext.cs(20,1): warning SA1516: Elements should be separated by blank line (https://github.com/DotNetAnalyzers/StyleCopAnalyzers/blob/master/documentation/SA1516.md) [D:\PROJECTS\NOOR CANVAS\SPA\NoorCanvas\NoorCanvas.csproj]
D:\PROJECTS\NOOR CANVAS\SPA\NoorCanvas\Data\CanvasDbContext.cs(21,1): warning SA1516: Elements should be separated by blank line (https://github.com/DotNetAnalyzers/StyleCopAnalyzers/blob/master/documentation/SA1516.md) [D:\PROJECTS\NOOR CANVAS\SPA\NoorCanvas\NoorCanvas.csproj]
D:\PROJECTS\NOOR CANVAS\SPA\NoorCanvas\Data\CanvasDbContext.cs(22,1): warning SA1516: Elements should be separated by blank line (https://github.com/DotNetAnalyzers/StyleCopAnalyzers/blob/master/documentation/SA1516.md) [D:\PROJECTS\NOOR CANVAS\SPA\NoorCanvas\NoorCanvas.csproj]
D:\PROJECTS\NOOR CANVAS\SPA\NoorCanvas\Data\CanvasDbContext.cs(23,1): warning SA1516: Elements should be separated by blank line (https://github.com/DotNetAnalyzers/StyleCopAnalyzers/blob/master/documentation/SA1516.md) [D:\PROJECTS\NOOR CANVAS\SPA\NoorCanvas\NoorCanvas.csproj]
D:\PROJECTS\NOOR CANVAS\SPA\NoorCanvas\Data\CanvasDbContext.cs(24,1): warning SA1516: Elements should be separated by blank line (https://github.com/DotNetAnalyzers/StyleCopAnalyzers/blob/master/documentation/SA1516.md) [D:\PROJECTS\NOOR CANVAS\SPA\NoorCanvas\NoorCanvas.csproj]
D:\PROJECTS\NOOR CANVAS\SPA\NoorCanvas\Data\CanvasDbContext.cs(25,1): warning SA1516: Elements should be separated by blank line (https://github.com/DotNetAnalyzers/StyleCopAnalyzers/blob/master/documentation/SA1516.md) [D:\PROJECTS\NOOR CANVAS\SPA\NoorCanvas\NoorCanvas.csproj]
D:\PROJECTS\NOOR CANVAS\SPA\NoorCanvas\Data\CanvasDbContext.cs(26,1): warning SA1516: Elements should be separated by blank line (https://github.com/DotNetAnalyzers/StyleCopAnalyzers/blob/master/documentation/SA1516.md) [D:\PROJECTS\NOOR CANVAS\SPA\NoorCanvas\NoorCanvas.csproj]
D:\PROJECTS\NOOR CANVAS\SPA\NoorCanvas\Data\CanvasDbContext.cs(27,1): warning SA1516: Elements should be separated by blank line (https://github.com/DotNetAnalyzers/StyleCopAnalyzers/blob/master/documentation/SA1516.md) [D:\PROJECTS\NOOR CANVAS\SPA\NoorCanvas\NoorCanvas.csproj]
D:\PROJECTS\NOOR CANVAS\SPA\NoorCanvas\Hubs\TestHub.cs(7,39): warning SA1309: Field '_logger' should not begin with an underscore (https://github.com/DotNetAnalyzers/StyleCopAnalyzers/blob/master/documentation/SA1309.md) [D:\PROJECTS\NOOR CANVAS\SPA\NoorCanvas\NoorCanvas.csproj]
D:\PROJECTS\NOOR CANVAS\SPA\NoorCanvas\Controllers\HostController.cs(1,1): warning SA1633: The file header is missing or not located at the top of the file. (https://github.com/DotNetAnalyzers/StyleCopAnalyzers/blob/master/documentation/SA1633.md) [D:\PROJECTS\NOOR CANVAS\SPA\NoorCanvas\NoorCanvas.csproj]
D:\PROJECTS\NOOR CANVAS\SPA\NoorCanvas\Controllers\HostController.cs(1184,1): warning SA1516: Elements should be separated by blank line (https://github.com/DotNetAnalyzers/StyleCopAnalyzers/blob/master/documentation/SA1516.md) [D:\PROJECTS\NOOR CANVAS\SPA\NoorCanvas\NoorCanvas.csproj]
D:\PROJECTS\NOOR CANVAS\SPA\NoorCanvas\Controllers\HostController.cs(1185,1): warning SA1516: Elements should be separated by blank line (https://github.com/DotNetAnalyzers/StyleCopAnalyzers/blob/master/documentation/SA1516.md) [D:\PROJECTS\NOOR CANVAS\SPA\NoorCanvas\NoorCanvas.csproj]
D:\PROJECTS\NOOR CANVAS\SPA\NoorCanvas\Controllers\HostController.cs(1186,1): warning SA1516: Elements should be separated by blank line (https://github.com/DotNetAnalyzers/StyleCopAnalyzers/blob/master/documentation/SA1516.md) [D:\PROJECTS\NOOR CANVAS\SPA\NoorCanvas\NoorCanvas.csproj]
D:\PROJECTS\NOOR CANVAS\SPA\NoorCanvas\Controllers\HostController.cs(1190,1): warning SA1516: Elements should be separated by blank line (https://github.com/DotNetAnalyzers/StyleCopAnalyzers/blob/master/documentation/SA1516.md) [D:\PROJECTS\NOOR CANVAS\SPA\NoorCanvas\NoorCanvas.csproj]
D:\PROJECTS\NOOR CANVAS\SPA\NoorCanvas\Controllers\HostController.cs(1191,1): warning SA1516: Elements should be separated by blank line (https://github.com/DotNetAnalyzers/StyleCopAnalyzers/blob/master/documentation/SA1516.md) [D:\PROJECTS\NOOR CANVAS\SPA\NoorCanvas\NoorCanvas.csproj]
D:\PROJECTS\NOOR CANVAS\SPA\NoorCanvas\Controllers\HostController.cs(247,9): warning SA1512: Single-line comments should not be followed by blank line (https://github.com/DotNetAnalyzers/StyleCopAnalyzers/blob/master/documentation/SA1512.md) [D:\PROJECTS\NOOR CANVAS\SPA\NoorCanvas\NoorCanvas.csproj]
D:\PROJECTS\NOOR CANVAS\SPA\NoorCanvas\Controllers\HostController.cs(612,9): warning SA1512: Single-line comments should not be followed by blank line (https://github.com/DotNetAnalyzers/StyleCopAnalyzers/blob/master/documentation/SA1512.md) [D:\PROJECTS\NOOR CANVAS\SPA\NoorCanvas\NoorCanvas.csproj]
D:\PROJECTS\NOOR CANVAS\SPA\NoorCanvas\Controllers\HostController.cs(798,17): warning SA1512: Single-line comments should not be followed by blank line (https://github.com/DotNetAnalyzers/StyleCopAnalyzers/blob/master/documentation/SA1512.md) [D:\PROJECTS\NOOR CANVAS\SPA\NoorCanvas\NoorCanvas.csproj]
D:\PROJECTS\NOOR CANVAS\SPA\NoorCanvas\Controllers\HostController.cs(955,17): warning SA1512: Single-line comments should not be followed by blank line (https://github.com/DotNetAnalyzers/StyleCopAnalyzers/blob/master/documentation/SA1512.md) [D:\PROJECTS\NOOR CANVAS\SPA\NoorCanvas\NoorCanvas.csproj]
D:\PROJECTS\NOOR CANVAS\SPA\NoorCanvas\Controllers\HostController.cs(981,17): warning SA1512: Single-line comments should not be followed by blank line (https://github.com/DotNetAnalyzers/StyleCopAnalyzers/blob/master/documentation/SA1512.md) [D:\PROJECTS\NOOR CANVAS\SPA\NoorCanvas\NoorCanvas.csproj]
D:\PROJECTS\NOOR CANVAS\SPA\NoorCanvas\Controllers\HostController.cs(1040,13): warning SA1512: Single-line comments should not be followed by blank line (https://github.com/DotNetAnalyzers/StyleCopAnalyzers/blob/master/documentation/SA1512.md) [D:\PROJECTS\NOOR CANVAS\SPA\NoorCanvas\NoorCanvas.csproj]
D:\PROJECTS\NOOR CANVAS\SPA\NoorCanvas\Controllers\HostController.cs(1197,1): warning SA1516: Elements should be separated by blank line (https://github.com/DotNetAnalyzers/StyleCopAnalyzers/blob/master/documentation/SA1516.md) [D:\PROJECTS\NOOR CANVAS\SPA\NoorCanvas\NoorCanvas.csproj]
D:\PROJECTS\NOOR CANVAS\SPA\NoorCanvas\Controllers\HostController.cs(1198,1): warning SA1516: Elements should be separated by blank line (https://github.com/DotNetAnalyzers/StyleCopAnalyzers/blob/master/documentation/SA1516.md) [D:\PROJECTS\NOOR CANVAS\SPA\NoorCanvas\NoorCanvas.csproj]
D:\PROJECTS\NOOR CANVAS\SPA\NoorCanvas\Controllers\HostController.cs(1199,1): warning SA1516: Elements should be separated by blank line (https://github.com/DotNetAnalyzers/StyleCopAnalyzers/blob/master/documentation/SA1516.md) [D:\PROJECTS\NOOR CANVAS\SPA\NoorCanvas\NoorCanvas.csproj]
D:\PROJECTS\NOOR CANVAS\SPA\NoorCanvas\Controllers\HostController.cs(1200,1): warning SA1516: Elements should be separated by blank line (https://github.com/DotNetAnalyzers/StyleCopAnalyzers/blob/master/documentation/SA1516.md) [D:\PROJECTS\NOOR CANVAS\SPA\NoorCanvas\NoorCanvas.csproj]
D:\PROJECTS\NOOR CANVAS\SPA\NoorCanvas\Controllers\HostController.cs(1133,17): warning SA1515: Single-line comment should be preceded by blank line (https://github.com/DotNetAnalyzers/StyleCopAnalyzers/blob/master/documentation/SA1515.md) [D:\PROJECTS\NOOR CANVAS\SPA\NoorCanvas\NoorCanvas.csproj]
D:\PROJECTS\NOOR CANVAS\SPA\NoorCanvas\Controllers\HostController.cs(1144,18): warning SA1402: File may only contain a single type (https://github.com/DotNetAnalyzers/StyleCopAnalyzers/blob/master/documentation/SA1402.md) [D:\PROJECTS\NOOR CANVAS\SPA\NoorCanvas\NoorCanvas.csproj]
D:\PROJECTS\NOOR CANVAS\SPA\NoorCanvas\Controllers\HostController.cs(1149,18): warning SA1402: File may only contain a single type (https://github.com/DotNetAnalyzers/StyleCopAnalyzers/blob/master/documentation/SA1402.md) [D:\PROJECTS\NOOR CANVAS\SPA\NoorCanvas\NoorCanvas.csproj]
D:\PROJECTS\NOOR CANVAS\SPA\NoorCanvas\Controllers\HostController.cs(1159,18): warning SA1402: File may only contain a single type (https://github.com/DotNetAnalyzers/StyleCopAnalyzers/blob/master/documentation/SA1402.md) [D:\PROJECTS\NOOR CANVAS\SPA\NoorCanvas\NoorCanvas.csproj]
D:\PROJECTS\NOOR CANVAS\SPA\NoorCanvas\Controllers\HostController.cs(1172,18): warning SA1402: File may only contain a single type (https://github.com/DotNetAnalyzers/StyleCopAnalyzers/blob/master/documentation/SA1402.md) [D:\PROJECTS\NOOR CANVAS\SPA\NoorCanvas\NoorCanvas.csproj]
D:\PROJECTS\NOOR CANVAS\SPA\NoorCanvas\Controllers\HostController.cs(1181,18): warning SA1402: File may only contain a single type (https://github.com/DotNetAnalyzers/StyleCopAnalyzers/blob/master/documentation/SA1402.md) [D:\PROJECTS\NOOR CANVAS\SPA\NoorCanvas\NoorCanvas.csproj]
D:\PROJECTS\NOOR CANVAS\SPA\NoorCanvas\Controllers\HostController.cs(1194,18): warning SA1402: File may only contain a single type (https://github.com/DotNetAnalyzers/StyleCopAnalyzers/blob/master/documentation/SA1402.md) [D:\PROJECTS\NOOR CANVAS\SPA\NoorCanvas\NoorCanvas.csproj]
D:\PROJECTS\NOOR CANVAS\SPA\NoorCanvas\Controllers\HostController.cs(1203,18): warning SA1402: File may only contain a single type (https://github.com/DotNetAnalyzers/StyleCopAnalyzers/blob/master/documentation/SA1402.md) [D:\PROJECTS\NOOR CANVAS\SPA\NoorCanvas\NoorCanvas.csproj]
D:\PROJECTS\NOOR CANVAS\SPA\NoorCanvas\Controllers\HostController.cs(1214,18): warning SA1402: File may only contain a single type (https://github.com/DotNetAnalyzers/StyleCopAnalyzers/blob/master/documentation/SA1402.md) [D:\PROJECTS\NOOR CANVAS\SPA\NoorCanvas\NoorCanvas.csproj]
D:\PROJECTS\NOOR CANVAS\SPA\NoorCanvas\Controllers\HostController.cs(1225,18): warning SA1402: File may only contain a single type (https://github.com/DotNetAnalyzers/StyleCopAnalyzers/blob/master/documentation/SA1402.md) [D:\PROJECTS\NOOR CANVAS\SPA\NoorCanvas\NoorCanvas.csproj]
D:\PROJECTS\NOOR CANVAS\SPA\NoorCanvas\Controllers\HostController.cs(1235,18): warning SA1402: File may only contain a single type (https://github.com/DotNetAnalyzers/StyleCopAnalyzers/blob/master/documentation/SA1402.md) [D:\PROJECTS\NOOR CANVAS\SPA\NoorCanvas\NoorCanvas.csproj]
D:\PROJECTS\NOOR CANVAS\SPA\NoorCanvas\Controllers\HostController.cs(1244,18): warning SA1402: File may only contain a single type (https://github.com/DotNetAnalyzers/StyleCopAnalyzers/blob/master/documentation/SA1402.md) [D:\PROJECTS\NOOR CANVAS\SPA\NoorCanvas\NoorCanvas.csproj]
D:\PROJECTS\NOOR CANVAS\SPA\NoorCanvas\Controllers\HostController.cs(1254,18): warning SA1402: File may only contain a single type (https://github.com/DotNetAnalyzers/StyleCopAnalyzers/blob/master/documentation/SA1402.md) [D:\PROJECTS\NOOR CANVAS\SPA\NoorCanvas\NoorCanvas.csproj]
D:\PROJECTS\NOOR CANVAS\SPA\NoorCanvas\Controllers\HostController.cs(1262,18): warning SA1402: File may only contain a single type (https://github.com/DotNetAnalyzers/StyleCopAnalyzers/blob/master/documentation/SA1402.md) [D:\PROJECTS\NOOR CANVAS\SPA\NoorCanvas\NoorCanvas.csproj]
D:\PROJECTS\NOOR CANVAS\SPA\NoorCanvas\Controllers\HostController.cs(1269,18): warning SA1402: File may only contain a single type (https://github.com/DotNetAnalyzers/StyleCopAnalyzers/blob/master/documentation/SA1402.md) [D:\PROJECTS\NOOR CANVAS\SPA\NoorCanvas\NoorCanvas.csproj]
D:\PROJECTS\NOOR CANVAS\SPA\NoorCanvas\Controllers\HostController.cs(1206,1): warning SA1516: Elements should be separated by blank line (https://github.com/DotNetAnalyzers/StyleCopAnalyzers/blob/master/documentation/SA1516.md) [D:\PROJECTS\NOOR CANVAS\SPA\NoorCanvas\NoorCanvas.csproj]
D:\PROJECTS\NOOR CANVAS\SPA\NoorCanvas\Controllers\HostController.cs(1207,1): warning SA1516: Elements should be separated by blank line (https://github.com/DotNetAnalyzers/StyleCopAnalyzers/blob/master/documentation/SA1516.md) [D:\PROJECTS\NOOR CANVAS\SPA\NoorCanvas\NoorCanvas.csproj]
D:\PROJECTS\NOOR CANVAS\SPA\NoorCanvas\Controllers\HostController.cs(1208,1): warning SA1516: Elements should be separated by blank line (https://github.com/DotNetAnalyzers/StyleCopAnalyzers/blob/master/documentation/SA1516.md) [D:\PROJECTS\NOOR CANVAS\SPA\NoorCanvas\NoorCanvas.csproj]
D:\PROJECTS\NOOR CANVAS\SPA\NoorCanvas\Controllers\HostController.cs(1217,1): warning SA1516: Elements should be separated by blank line (https://github.com/DotNetAnalyzers/StyleCopAnalyzers/blob/master/documentation/SA1516.md) [D:\PROJECTS\NOOR CANVAS\SPA\NoorCanvas\NoorCanvas.csproj]
D:\PROJECTS\NOOR CANVAS\SPA\NoorCanvas\Controllers\HostController.cs(1218,1): warning SA1516: Elements should be separated by blank line (https://github.com/DotNetAnalyzers/StyleCopAnalyzers/blob/master/documentation/SA1516.md) [D:\PROJECTS\NOOR CANVAS\SPA\NoorCanvas\NoorCanvas.csproj]
D:\PROJECTS\NOOR CANVAS\SPA\NoorCanvas\Controllers\HostController.cs(1219,1): warning SA1516: Elements should be separated by blank line (https://github.com/DotNetAnalyzers/StyleCopAnalyzers/blob/master/documentation/SA1516.md) [D:\PROJECTS\NOOR CANVAS\SPA\NoorCanvas\NoorCanvas.csproj]
D:\PROJECTS\NOOR CANVAS\SPA\NoorCanvas\Controllers\HostController.cs(1220,1): warning SA1516: Elements should be separated by blank line (https://github.com/DotNetAnalyzers/StyleCopAnalyzers/blob/master/documentation/SA1516.md) [D:\PROJECTS\NOOR CANVAS\SPA\NoorCanvas\NoorCanvas.csproj]
D:\PROJECTS\NOOR CANVAS\SPA\NoorCanvas\Controllers\HostController.cs(1221,1): warning SA1516: Elements should be separated by blank line (https://github.com/DotNetAnalyzers/StyleCopAnalyzers/blob/master/documentation/SA1516.md) [D:\PROJECTS\NOOR CANVAS\SPA\NoorCanvas\NoorCanvas.csproj]
D:\PROJECTS\NOOR CANVAS\SPA\NoorCanvas\Controllers\HostController.cs(1222,1): warning SA1516: Elements should be separated by blank line (https://github.com/DotNetAnalyzers/StyleCopAnalyzers/blob/master/documentation/SA1516.md) [D:\PROJECTS\NOOR CANVAS\SPA\NoorCanvas\NoorCanvas.csproj]
D:\PROJECTS\NOOR CANVAS\SPA\NoorCanvas\Controllers\HostController.cs(1257,1): warning SA1516: Elements should be separated by blank line (https://github.com/DotNetAnalyzers/StyleCopAnalyzers/blob/master/documentation/SA1516.md) [D:\PROJECTS\NOOR CANVAS\SPA\NoorCanvas\NoorCanvas.csproj]
D:\PROJECTS\NOOR CANVAS\SPA\NoorCanvas\Controllers\HostController.cs(1258,1): warning SA1516: Elements should be separated by blank line (https://github.com/DotNetAnalyzers/StyleCopAnalyzers/blob/master/documentation/SA1516.md) [D:\PROJECTS\NOOR CANVAS\SPA\NoorCanvas\NoorCanvas.csproj]
D:\PROJECTS\NOOR CANVAS\SPA\NoorCanvas\Controllers\HostController.cs(1265,1): warning SA1516: Elements should be separated by blank line (https://github.com/DotNetAnalyzers/StyleCopAnalyzers/blob/master/documentation/SA1516.md) [D:\PROJECTS\NOOR CANVAS\SPA\NoorCanvas\NoorCanvas.csproj]
D:\PROJECTS\NOOR CANVAS\SPA\NoorCanvas\Controllers\HostController.cs(1266,1): warning SA1516: Elements should be separated by blank line (https://github.com/DotNetAnalyzers/StyleCopAnalyzers/blob/master/documentation/SA1516.md) [D:\PROJECTS\NOOR CANVAS\SPA\NoorCanvas\NoorCanvas.csproj]
D:\PROJECTS\NOOR CANVAS\SPA\NoorCanvas\Controllers\HostController.cs(1228,1): warning SA1516: Elements should be separated by blank line (https://github.com/DotNetAnalyzers/StyleCopAnalyzers/blob/master/documentation/SA1516.md) [D:\PROJECTS\NOOR CANVAS\SPA\NoorCanvas\NoorCanvas.csproj]
D:\PROJECTS\NOOR CANVAS\SPA\NoorCanvas\Controllers\HostController.cs(1229,1): warning SA1516: Elements should be separated by blank line (https://github.com/DotNetAnalyzers/StyleCopAnalyzers/blob/master/documentation/SA1516.md) [D:\PROJECTS\NOOR CANVAS\SPA\NoorCanvas\NoorCanvas.csproj]
D:\PROJECTS\NOOR CANVAS\SPA\NoorCanvas\Controllers\HostController.cs(1230,1): warning SA1516: Elements should be separated by blank line (https://github.com/DotNetAnalyzers/StyleCopAnalyzers/blob/master/documentation/SA1516.md) [D:\PROJECTS\NOOR CANVAS\SPA\NoorCanvas\NoorCanvas.csproj]
D:\PROJECTS\NOOR CANVAS\SPA\NoorCanvas\Controllers\HostController.cs(1231,1): warning SA1516: Elements should be separated by blank line (https://github.com/DotNetAnalyzers/StyleCopAnalyzers/blob/master/documentation/SA1516.md) [D:\PROJECTS\NOOR CANVAS\SPA\NoorCanvas\NoorCanvas.csproj]
D:\PROJECTS\NOOR CANVAS\SPA\NoorCanvas\Controllers\HostController.cs(1232,1): warning SA1516: Elements should be separated by blank line (https://github.com/DotNetAnalyzers/StyleCopAnalyzers/blob/master/documentation/SA1516.md) [D:\PROJECTS\NOOR CANVAS\SPA\NoorCanvas\NoorCanvas.csproj]
D:\PROJECTS\NOOR CANVAS\SPA\NoorCanvas\Controllers\HostController.cs(1272,1): warning SA1516: Elements should be separated by blank line (https://github.com/DotNetAnalyzers/StyleCopAnalyzers/blob/master/documentation/SA1516.md) [D:\PROJECTS\NOOR CANVAS\SPA\NoorCanvas\NoorCanvas.csproj]
D:\PROJECTS\NOOR CANVAS\SPA\NoorCanvas\Controllers\HostController.cs(1273,1): warning SA1516: Elements should be separated by blank line (https://github.com/DotNetAnalyzers/StyleCopAnalyzers/blob/master/documentation/SA1516.md) [D:\PROJECTS\NOOR CANVAS\SPA\NoorCanvas\NoorCanvas.csproj]
D:\PROJECTS\NOOR CANVAS\SPA\NoorCanvas\Program.cs(336,30): warning SA1502: Element should not be on a single line (https://github.com/DotNetAnalyzers/StyleCopAnalyzers/blob/master/documentation/SA1502.md) [D:\PROJECTS\NOOR CANVAS\SPA\NoorCanvas\NoorCanvas.csproj]
D:\PROJECTS\NOOR CANVAS\SPA\NoorCanvas\Controllers\HostProvisionerController.cs(13,61): warning SA1309: Field '_logger' should not begin with an underscore (https://github.com/DotNetAnalyzers/StyleCopAnalyzers/blob/master/documentation/SA1309.md) [D:\PROJECTS\NOOR CANVAS\SPA\NoorCanvas\NoorCanvas.csproj]
D:\PROJECTS\NOOR CANVAS\SPA\NoorCanvas\Controllers\HostProvisionerController.cs(14,42): warning SA1309: Field '_context' should not begin with an underscore (https://github.com/DotNetAnalyzers/StyleCopAnalyzers/blob/master/documentation/SA1309.md) [D:\PROJECTS\NOOR CANVAS\SPA\NoorCanvas\NoorCanvas.csproj]
D:\PROJECTS\NOOR CANVAS\SPA\NoorCanvas\Controllers\HostProvisionerController.cs(90,1): warning SA1516: Elements should be separated by blank line (https://github.com/DotNetAnalyzers/StyleCopAnalyzers/blob/master/documentation/SA1516.md) [D:\PROJECTS\NOOR CANVAS\SPA\NoorCanvas\NoorCanvas.csproj]
D:\PROJECTS\NOOR CANVAS\SPA\NoorCanvas\Controllers\HostProvisionerController.cs(15,40): warning SA1204: Static members should appear before non-static members (https://github.com/DotNetAnalyzers/StyleCopAnalyzers/blob/master/documentation/SA1204.md) [D:\PROJECTS\NOOR CANVAS\SPA\NoorCanvas\NoorCanvas.csproj]
D:\PROJECTS\NOOR CANVAS\SPA\NoorCanvas\Controllers\HostProvisionerController.cs(96,1): warning SA1516: Elements should be separated by blank line (https://github.com/DotNetAnalyzers/StyleCopAnalyzers/blob/master/documentation/SA1516.md) [D:\PROJECTS\NOOR CANVAS\SPA\NoorCanvas\NoorCanvas.csproj]
D:\PROJECTS\NOOR CANVAS\SPA\NoorCanvas\Controllers\HostProvisionerController.cs(97,1): warning SA1516: Elements should be separated by blank line (https://github.com/DotNetAnalyzers/StyleCopAnalyzers/blob/master/documentation/SA1516.md) [D:\PROJECTS\NOOR CANVAS\SPA\NoorCanvas\NoorCanvas.csproj]
D:\PROJECTS\NOOR CANVAS\SPA\NoorCanvas\Controllers\HostProvisionerController.cs(98,1): warning SA1516: Elements should be separated by blank line (https://github.com/DotNetAnalyzers/StyleCopAnalyzers/blob/master/documentation/SA1516.md) [D:\PROJECTS\NOOR CANVAS\SPA\NoorCanvas\NoorCanvas.csproj]
D:\PROJECTS\NOOR CANVAS\SPA\NoorCanvas\Controllers\HostProvisionerController.cs(99,1): warning SA1516: Elements should be separated by blank line (https://github.com/DotNetAnalyzers/StyleCopAnalyzers/blob/master/documentation/SA1516.md) [D:\PROJECTS\NOOR CANVAS\SPA\NoorCanvas\NoorCanvas.csproj]
D:\PROJECTS\NOOR CANVAS\SPA\NoorCanvas\Controllers\HostProvisionerController.cs(100,1): warning SA1516: Elements should be separated by blank line (https://github.com/DotNetAnalyzers/StyleCopAnalyzers/blob/master/documentation/SA1516.md) [D:\PROJECTS\NOOR CANVAS\SPA\NoorCanvas\NoorCanvas.csproj]
D:\PROJECTS\NOOR CANVAS\SPA\NoorCanvas\Data\KSessionsDbContext.cs(18,1): warning SA1516: Elements should be separated by blank line (https://github.com/DotNetAnalyzers/StyleCopAnalyzers/blob/master/documentation/SA1516.md) [D:\PROJECTS\NOOR CANVAS\SPA\NoorCanvas\NoorCanvas.csproj]
D:\PROJECTS\NOOR CANVAS\SPA\NoorCanvas\Data\KSessionsDbContext.cs(19,1): warning SA1516: Elements should be separated by blank line (https://github.com/DotNetAnalyzers/StyleCopAnalyzers/blob/master/documentation/SA1516.md) [D:\PROJECTS\NOOR CANVAS\SPA\NoorCanvas\NoorCanvas.csproj]
D:\PROJECTS\NOOR CANVAS\SPA\NoorCanvas\Data\KSessionsDbContext.cs(20,1): warning SA1516: Elements should be separated by blank line (https://github.com/DotNetAnalyzers/StyleCopAnalyzers/blob/master/documentation/SA1516.md) [D:\PROJECTS\NOOR CANVAS\SPA\NoorCanvas\NoorCanvas.csproj]
D:\PROJECTS\NOOR CANVAS\SPA\NoorCanvas\Data\KSessionsDbContext.cs(21,1): warning SA1516: Elements should be separated by blank line (https://github.com/DotNetAnalyzers/StyleCopAnalyzers/blob/master/documentation/SA1516.md) [D:\PROJECTS\NOOR CANVAS\SPA\NoorCanvas\NoorCanvas.csproj]
D:\PROJECTS\NOOR CANVAS\SPA\NoorCanvas\Data\KSessionsDbContext.cs(22,1): warning SA1516: Elements should be separated by blank line (https://github.com/DotNetAnalyzers/StyleCopAnalyzers/blob/master/documentation/SA1516.md) [D:\PROJECTS\NOOR CANVAS\SPA\NoorCanvas\NoorCanvas.csproj]
D:\PROJECTS\NOOR CANVAS\SPA\NoorCanvas\Controllers\HostController.cs(20,52): warning SA1309: Field '_context' should not begin with an underscore (https://github.com/DotNetAnalyzers/StyleCopAnalyzers/blob/master/documentation/SA1309.md) [D:\PROJECTS\NOOR CANVAS\SPA\NoorCanvas\NoorCanvas.csproj]
D:\PROJECTS\NOOR CANVAS\SPA\NoorCanvas\Controllers\HostController.cs(21,45): warning SA1309: Field '_kSessionsContext' should not begin with an underscore (https://github.com/DotNetAnalyzers/StyleCopAnalyzers/blob/master/documentation/SA1309.md) [D:\PROJECTS\NOOR CANVAS\SPA\NoorCanvas\NoorCanvas.csproj]
D:\PROJECTS\NOOR CANVAS\SPA\NoorCanvas\Controllers\HostController.cs(22,50): warning SA1309: Field '_logger' should not begin with an underscore (https://github.com/DotNetAnalyzers/StyleCopAnalyzers/blob/master/documentation/SA1309.md) [D:\PROJECTS\NOOR CANVAS\SPA\NoorCanvas\NoorCanvas.csproj]
D:\PROJECTS\NOOR CANVAS\SPA\NoorCanvas\Controllers\HostController.cs(23,50): warning SA1309: Field '_sessionHub' should not begin with an underscore (https://github.com/DotNetAnalyzers/StyleCopAnalyzers/blob/master/documentation/SA1309.md) [D:\PROJECTS\NOOR CANVAS\SPA\NoorCanvas\NoorCanvas.csproj]
D:\PROJECTS\NOOR CANVAS\SPA\NoorCanvas\Controllers\HostController.cs(24,49): warning SA1309: Field '_simplifiedTokenService' should not begin with an underscore (https://github.com/DotNetAnalyzers/StyleCopAnalyzers/blob/master/documentation/SA1309.md) [D:\PROJECTS\NOOR CANVAS\SPA\NoorCanvas\NoorCanvas.csproj]
D:\PROJECTS\NOOR CANVAS\SPA\NoorCanvas\Controllers\HostController.cs(25,43): warning SA1309: Field '_countriesOptions' should not begin with an underscore (https://github.com/DotNetAnalyzers/StyleCopAnalyzers/blob/master/documentation/SA1309.md) [D:\PROJECTS\NOOR CANVAS\SPA\NoorCanvas\NoorCanvas.csproj]
D:\PROJECTS\NOOR CANVAS\SPA\NoorCanvas\Controllers\HostController.cs(1247,1): warning SA1516: Elements should be separated by blank line (https://github.com/DotNetAnalyzers/StyleCopAnalyzers/blob/master/documentation/SA1516.md) [D:\PROJECTS\NOOR CANVAS\SPA\NoorCanvas\NoorCanvas.csproj]
D:\PROJECTS\NOOR CANVAS\SPA\NoorCanvas\Controllers\HostController.cs(1248,1): warning SA1516: Elements should be separated by blank line (https://github.com/DotNetAnalyzers/StyleCopAnalyzers/blob/master/documentation/SA1516.md) [D:\PROJECTS\NOOR CANVAS\SPA\NoorCanvas\NoorCanvas.csproj]
D:\PROJECTS\NOOR CANVAS\SPA\NoorCanvas\Controllers\HostController.cs(1249,1): warning SA1516: Elements should be separated by blank line (https://github.com/DotNetAnalyzers/StyleCopAnalyzers/blob/master/documentation/SA1516.md) [D:\PROJECTS\NOOR CANVAS\SPA\NoorCanvas\NoorCanvas.csproj]
D:\PROJECTS\NOOR CANVAS\SPA\NoorCanvas\Controllers\HostController.cs(1250,1): warning SA1516: Elements should be separated by blank line (https://github.com/DotNetAnalyzers/StyleCopAnalyzers/blob/master/documentation/SA1516.md) [D:\PROJECTS\NOOR CANVAS\SPA\NoorCanvas\NoorCanvas.csproj]
D:\PROJECTS\NOOR CANVAS\SPA\NoorCanvas\Controllers\HostController.cs(1251,1): warning SA1516: Elements should be separated by blank line (https://github.com/DotNetAnalyzers/StyleCopAnalyzers/blob/master/documentation/SA1516.md) [D:\PROJECTS\NOOR CANVAS\SPA\NoorCanvas\NoorCanvas.csproj]
D:\PROJECTS\NOOR CANVAS\SPA\NoorCanvas\Controllers\IssueController.cs(13,38): warning SA1309: Field '_context' should not begin with an underscore (https://github.com/DotNetAnalyzers/StyleCopAnalyzers/blob/master/documentation/SA1309.md) [D:\PROJECTS\NOOR CANVAS\SPA\NoorCanvas\NoorCanvas.csproj]
D:\PROJECTS\NOOR CANVAS\SPA\NoorCanvas\Controllers\IssueController.cs(14,47): warning SA1309: Field '_logger' should not begin with an underscore (https://github.com/DotNetAnalyzers/StyleCopAnalyzers/blob/master/documentation/SA1309.md) [D:\PROJECTS\NOOR CANVAS\SPA\NoorCanvas\NoorCanvas.csproj]
D:\PROJECTS\NOOR CANVAS\SPA\NoorCanvas\Controllers\HostController.cs(1162,47): warning SA1025: Code should not contain multiple whitespace characters in a row (https://github.com/DotNetAnalyzers/StyleCopAnalyzers/blob/master/documentation/SA1025.md) [D:\PROJECTS\NOOR CANVAS\SPA\NoorCanvas\NoorCanvas.csproj]
D:\PROJECTS\NOOR CANVAS\SPA\NoorCanvas\Controllers\HostController.cs(1238,1): warning SA1516: Elements should be separated by blank line (https://github.com/DotNetAnalyzers/StyleCopAnalyzers/blob/master/documentation/SA1516.md) [D:\PROJECTS\NOOR CANVAS\SPA\NoorCanvas\NoorCanvas.csproj]
D:\PROJECTS\NOOR CANVAS\SPA\NoorCanvas\Controllers\HostController.cs(1239,1): warning SA1516: Elements should be separated by blank line (https://github.com/DotNetAnalyzers/StyleCopAnalyzers/blob/master/documentation/SA1516.md) [D:\PROJECTS\NOOR CANVAS\SPA\NoorCanvas\NoorCanvas.csproj]
D:\PROJECTS\NOOR CANVAS\SPA\NoorCanvas\Controllers\HostController.cs(1240,1): warning SA1516: Elements should be separated by blank line (https://github.com/DotNetAnalyzers/StyleCopAnalyzers/blob/master/documentation/SA1516.md) [D:\PROJECTS\NOOR CANVAS\SPA\NoorCanvas\NoorCanvas.csproj]
D:\PROJECTS\NOOR CANVAS\SPA\NoorCanvas\Controllers\HostController.cs(1241,1): warning SA1516: Elements should be separated by blank line (https://github.com/DotNetAnalyzers/StyleCopAnalyzers/blob/master/documentation/SA1516.md) [D:\PROJECTS\NOOR CANVAS\SPA\NoorCanvas\NoorCanvas.csproj]
D:\PROJECTS\NOOR CANVAS\SPA\NoorCanvas\Controllers\HostController.cs(273,1): warning SA1028: Code should not contain trailing whitespace (https://github.com/DotNetAnalyzers/StyleCopAnalyzers/blob/master/documentation/SA1028.md) [D:\PROJECTS\NOOR CANVAS\SPA\NoorCanvas\NoorCanvas.csproj]
D:\PROJECTS\NOOR CANVAS\SPA\NoorCanvas\Controllers\HostController.cs(283,144): warning SA1028: Code should not contain trailing whitespace (https://github.com/DotNetAnalyzers/StyleCopAnalyzers/blob/master/documentation/SA1028.md) [D:\PROJECTS\NOOR CANVAS\SPA\NoorCanvas\NoorCanvas.csproj]
D:\PROJECTS\NOOR CANVAS\SPA\NoorCanvas\Controllers\HostController.cs(288,156): warning SA1028: Code should not contain trailing whitespace (https://github.com/DotNetAnalyzers/StyleCopAnalyzers/blob/master/documentation/SA1028.md) [D:\PROJECTS\NOOR CANVAS\SPA\NoorCanvas\NoorCanvas.csproj]
D:\PROJECTS\NOOR CANVAS\SPA\NoorCanvas\Controllers\ParticipantController.cs(15,52): warning SA1309: Field '_context' should not begin with an underscore (https://github.com/DotNetAnalyzers/StyleCopAnalyzers/blob/master/documentation/SA1309.md) [D:\PROJECTS\NOOR CANVAS\SPA\NoorCanvas\NoorCanvas.csproj]
D:\PROJECTS\NOOR CANVAS\SPA\NoorCanvas\Controllers\ParticipantController.cs(16,45): warning SA1309: Field '_kSessionsContext' should not begin with an underscore (https://github.com/DotNetAnalyzers/StyleCopAnalyzers/blob/master/documentation/SA1309.md) [D:\PROJECTS\NOOR CANVAS\SPA\NoorCanvas\NoorCanvas.csproj]
D:\PROJECTS\NOOR CANVAS\SPA\NoorCanvas\Controllers\ParticipantController.cs(17,57): warning SA1309: Field '_logger' should not begin with an underscore (https://github.com/DotNetAnalyzers/StyleCopAnalyzers/blob/master/documentation/SA1309.md) [D:\PROJECTS\NOOR CANVAS\SPA\NoorCanvas\NoorCanvas.csproj]
D:\PROJECTS\NOOR CANVAS\SPA\NoorCanvas\Controllers\ParticipantController.cs(18,49): warning SA1309: Field '_tokenService' should not begin with an underscore (https://github.com/DotNetAnalyzers/StyleCopAnalyzers/blob/master/documentation/SA1309.md) [D:\PROJECTS\NOOR CANVAS\SPA\NoorCanvas\NoorCanvas.csproj]
D:\PROJECTS\NOOR CANVAS\SPA\NoorCanvas\Controllers\ParticipantController.cs(19,50): warning SA1309: Field '_sessionHub' should not begin with an underscore (https://github.com/DotNetAnalyzers/StyleCopAnalyzers/blob/master/documentation/SA1309.md) [D:\PROJECTS\NOOR CANVAS\SPA\NoorCanvas\NoorCanvas.csproj]
D:\PROJECTS\NOOR CANVAS\SPA\NoorCanvas\Controllers\HostProvisionerController.cs(1,1): warning SA1633: The file header is missing or not located at the top of the file. (https://github.com/DotNetAnalyzers/StyleCopAnalyzers/blob/master/documentation/SA1633.md) [D:\PROJECTS\NOOR CANVAS\SPA\NoorCanvas\NoorCanvas.csproj]
D:\PROJECTS\NOOR CANVAS\SPA\NoorCanvas\Controllers\HostProvisionerController.cs(87,18): warning SA1402: File may only contain a single type (https://github.com/DotNetAnalyzers/StyleCopAnalyzers/blob/master/documentation/SA1402.md) [D:\PROJECTS\NOOR CANVAS\SPA\NoorCanvas\NoorCanvas.csproj]
D:\PROJECTS\NOOR CANVAS\SPA\NoorCanvas\Controllers\HostProvisionerController.cs(93,18): warning SA1402: File may only contain a single type (https://github.com/DotNetAnalyzers/StyleCopAnalyzers/blob/master/documentation/SA1402.md) [D:\PROJECTS\NOOR CANVAS\SPA\NoorCanvas\NoorCanvas.csproj]
D:\PROJECTS\NOOR CANVAS\SPA\NoorCanvas\Controllers\IssueController.cs(1,1): warning SA1633: The file header is missing or not located at the top of the file. (https://github.com/DotNetAnalyzers/StyleCopAnalyzers/blob/master/documentation/SA1633.md) [D:\PROJECTS\NOOR CANVAS\SPA\NoorCanvas\NoorCanvas.csproj]
D:\PROJECTS\NOOR CANVAS\SPA\NoorCanvas\Controllers\IssueController.cs(188,14): warning SA1402: File may only contain a single type (https://github.com/DotNetAnalyzers/StyleCopAnalyzers/blob/master/documentation/SA1402.md) [D:\PROJECTS\NOOR CANVAS\SPA\NoorCanvas\NoorCanvas.csproj]
D:\PROJECTS\NOOR CANVAS\SPA\NoorCanvas\Controllers\IssueController.cs(214,14): warning SA1402: File may only contain a single type (https://github.com/DotNetAnalyzers/StyleCopAnalyzers/blob/master/documentation/SA1402.md) [D:\PROJECTS\NOOR CANVAS\SPA\NoorCanvas\NoorCanvas.csproj]
D:\PROJECTS\NOOR CANVAS\SPA\NoorCanvas\Controllers\LogsController.cs(1,1): warning SA1633: The file header is missing or not located at the top of the file. (https://github.com/DotNetAnalyzers/StyleCopAnalyzers/blob/master/documentation/SA1633.md) [D:\PROJECTS\NOOR CANVAS\SPA\NoorCanvas\NoorCanvas.csproj]
D:\PROJECTS\NOOR CANVAS\SPA\NoorCanvas\Controllers\ParticipantController.cs(1,1): warning SA1633: The file header is missing or not located at the top of the file. (https://github.com/DotNetAnalyzers/StyleCopAnalyzers/blob/master/documentation/SA1633.md) [D:\PROJECTS\NOOR CANVAS\SPA\NoorCanvas\NoorCanvas.csproj]
D:\PROJECTS\NOOR CANVAS\SPA\NoorCanvas\Controllers\ParticipantController.cs(141,25): warning SA1515: Single-line comment should be preceded by blank line (https://github.com/DotNetAnalyzers/StyleCopAnalyzers/blob/master/documentation/SA1515.md) [D:\PROJECTS\NOOR CANVAS\SPA\NoorCanvas\NoorCanvas.csproj]
D:\PROJECTS\NOOR CANVAS\SPA\NoorCanvas\Controllers\ParticipantController.cs(286,21): warning SA1515: Single-line comment should be preceded by blank line (https://github.com/DotNetAnalyzers/StyleCopAnalyzers/blob/master/documentation/SA1515.md) [D:\PROJECTS\NOOR CANVAS\SPA\NoorCanvas\NoorCanvas.csproj]
D:\PROJECTS\NOOR CANVAS\SPA\NoorCanvas\Controllers\IssueController.cs(217,1): warning SA1516: Elements should be separated by blank line (https://github.com/DotNetAnalyzers/StyleCopAnalyzers/blob/master/documentation/SA1516.md) [D:\PROJECTS\NOOR CANVAS\SPA\NoorCanvas\NoorCanvas.csproj]
D:\PROJECTS\NOOR CANVAS\SPA\NoorCanvas\Controllers\IssueController.cs(218,1): warning SA1516: Elements should be separated by blank line (https://github.com/DotNetAnalyzers/StyleCopAnalyzers/blob/master/documentation/SA1516.md) [D:\PROJECTS\NOOR CANVAS\SPA\NoorCanvas\NoorCanvas.csproj]
D:\PROJECTS\NOOR CANVAS\SPA\NoorCanvas\Controllers\IssueController.cs(219,1): warning SA1516: Elements should be separated by blank line (https://github.com/DotNetAnalyzers/StyleCopAnalyzers/blob/master/documentation/SA1516.md) [D:\PROJECTS\NOOR CANVAS\SPA\NoorCanvas\NoorCanvas.csproj]
D:\PROJECTS\NOOR CANVAS\SPA\NoorCanvas\Controllers\IssueController.cs(220,1): warning SA1516: Elements should be separated by blank line (https://github.com/DotNetAnalyzers/StyleCopAnalyzers/blob/master/documentation/SA1516.md) [D:\PROJECTS\NOOR CANVAS\SPA\NoorCanvas\NoorCanvas.csproj]
D:\PROJECTS\NOOR CANVAS\SPA\NoorCanvas\Controllers\IssueController.cs(221,1): warning SA1516: Elements should be separated by blank line (https://github.com/DotNetAnalyzers/StyleCopAnalyzers/blob/master/documentation/SA1516.md) [D:\PROJECTS\NOOR CANVAS\SPA\NoorCanvas\NoorCanvas.csproj]
D:\PROJECTS\NOOR CANVAS\SPA\NoorCanvas\Controllers\IssueController.cs(222,1): warning SA1516: Elements should be separated by blank line (https://github.com/DotNetAnalyzers/StyleCopAnalyzers/blob/master/documentation/SA1516.md) [D:\PROJECTS\NOOR CANVAS\SPA\NoorCanvas\NoorCanvas.csproj]
D:\PROJECTS\NOOR CANVAS\SPA\NoorCanvas\Controllers\LogsController.cs(10,46): warning SA1309: Field '_logger' should not begin with an underscore (https://github.com/DotNetAnalyzers/StyleCopAnalyzers/blob/master/documentation/SA1309.md) [D:\PROJECTS\NOOR CANVAS\SPA\NoorCanvas\NoorCanvas.csproj]
D:\PROJECTS\NOOR CANVAS\SPA\NoorCanvas\Middleware\DebugMiddleware.cs(94,25): warning SA1204: Static members should appear before non-static members (https://github.com/DotNetAnalyzers/StyleCopAnalyzers/blob/master/documentation/SA1204.md) [D:\PROJECTS\NOOR CANVAS\SPA\NoorCanvas\NoorCanvas.csproj]
D:\PROJECTS\NOOR CANVAS\SPA\NoorCanvas\Controllers\ParticipantController.cs(83,1): warning SA1028: Code should not contain trailing whitespace (https://github.com/DotNetAnalyzers/StyleCopAnalyzers/blob/master/documentation/SA1028.md) [D:\PROJECTS\NOOR CANVAS\SPA\NoorCanvas\NoorCanvas.csproj]
D:\PROJECTS\NOOR CANVAS\SPA\NoorCanvas\Controllers\ParticipantController.cs(254,186): warning SA1028: Code should not contain trailing whitespace (https://github.com/DotNetAnalyzers/StyleCopAnalyzers/blob/master/documentation/SA1028.md) [D:\PROJECTS\NOOR CANVAS\SPA\NoorCanvas\NoorCanvas.csproj]
D:\PROJECTS\NOOR CANVAS\SPA\NoorCanvas\Controllers\ParticipantController.cs(261,142): warning SA1028: Code should not contain trailing whitespace (https://github.com/DotNetAnalyzers/StyleCopAnalyzers/blob/master/documentation/SA1028.md) [D:\PROJECTS\NOOR CANVAS\SPA\NoorCanvas\NoorCanvas.csproj]
D:\PROJECTS\NOOR CANVAS\SPA\NoorCanvas\Controllers\ParticipantController.cs(338,125): warning SA1028: Code should not contain trailing whitespace (https://github.com/DotNetAnalyzers/StyleCopAnalyzers/blob/master/documentation/SA1028.md) [D:\PROJECTS\NOOR CANVAS\SPA\NoorCanvas\NoorCanvas.csproj]
D:\PROJECTS\NOOR CANVAS\SPA\NoorCanvas\Controllers\ParticipantController.cs(377,178): warning SA1028: Code should not contain trailing whitespace (https://github.com/DotNetAnalyzers/StyleCopAnalyzers/blob/master/documentation/SA1028.md) [D:\PROJECTS\NOOR CANVAS\SPA\NoorCanvas\NoorCanvas.csproj]
D:\PROJECTS\NOOR CANVAS\SPA\NoorCanvas\Controllers\ParticipantController.cs(379,1): warning SA1028: Code should not contain trailing whitespace (https://github.com/DotNetAnalyzers/StyleCopAnalyzers/blob/master/documentation/SA1028.md) [D:\PROJECTS\NOOR CANVAS\SPA\NoorCanvas\NoorCanvas.csproj]
D:\PROJECTS\NOOR CANVAS\SPA\NoorCanvas\Controllers\ParticipantController.cs(385,164): warning SA1028: Code should not contain trailing whitespace (https://github.com/DotNetAnalyzers/StyleCopAnalyzers/blob/master/documentation/SA1028.md) [D:\PROJECTS\NOOR CANVAS\SPA\NoorCanvas\NoorCanvas.csproj]
D:\PROJECTS\NOOR CANVAS\SPA\NoorCanvas\Controllers\ParticipantController.cs(390,118): warning SA1028: Code should not contain trailing whitespace (https://github.com/DotNetAnalyzers/StyleCopAnalyzers/blob/master/documentation/SA1028.md) [D:\PROJECTS\NOOR CANVAS\SPA\NoorCanvas\NoorCanvas.csproj]
D:\PROJECTS\NOOR CANVAS\SPA\NoorCanvas\Controllers\ParticipantController.cs(399,111): warning SA1028: Code should not contain trailing whitespace (https://github.com/DotNetAnalyzers/StyleCopAnalyzers/blob/master/documentation/SA1028.md) [D:\PROJECTS\NOOR CANVAS\SPA\NoorCanvas\NoorCanvas.csproj]
D:\PROJECTS\NOOR CANVAS\SPA\NoorCanvas\Controllers\ParticipantController.cs(444,1): warning SA1028: Code should not contain trailing whitespace (https://github.com/DotNetAnalyzers/StyleCopAnalyzers/blob/master/documentation/SA1028.md) [D:\PROJECTS\NOOR CANVAS\SPA\NoorCanvas\NoorCanvas.csproj]
D:\PROJECTS\NOOR CANVAS\SPA\NoorCanvas\Controllers\ParticipantController.cs(445,132): warning SA1028: Code should not contain trailing whitespace (https://github.com/DotNetAnalyzers/StyleCopAnalyzers/blob/master/documentation/SA1028.md) [D:\PROJECTS\NOOR CANVAS\SPA\NoorCanvas\NoorCanvas.csproj]
D:\PROJECTS\NOOR CANVAS\SPA\NoorCanvas\Controllers\ParticipantController.cs(472,36): warning SA1028: Code should not contain trailing whitespace (https://github.com/DotNetAnalyzers/StyleCopAnalyzers/blob/master/documentation/SA1028.md) [D:\PROJECTS\NOOR CANVAS\SPA\NoorCanvas\NoorCanvas.csproj]
D:\PROJECTS\NOOR CANVAS\SPA\NoorCanvas\Controllers\ParticipantController.cs(473,74): warning SA1028: Code should not contain trailing whitespace (https://github.com/DotNetAnalyzers/StyleCopAnalyzers/blob/master/documentation/SA1028.md) [D:\PROJECTS\NOOR CANVAS\SPA\NoorCanvas\NoorCanvas.csproj]
D:\PROJECTS\NOOR CANVAS\SPA\NoorCanvas\Controllers\ParticipantController.cs(476,46): warning SA1028: Code should not contain trailing whitespace (https://github.com/DotNetAnalyzers/StyleCopAnalyzers/blob/master/documentation/SA1028.md) [D:\PROJECTS\NOOR CANVAS\SPA\NoorCanvas\NoorCanvas.csproj]
D:\PROJECTS\NOOR CANVAS\SPA\NoorCanvas\Controllers\ParticipantController.cs(508,32): warning SA1028: Code should not contain trailing whitespace (https://github.com/DotNetAnalyzers/StyleCopAnalyzers/blob/master/documentation/SA1028.md) [D:\PROJECTS\NOOR CANVAS\SPA\NoorCanvas\NoorCanvas.csproj]
D:\PROJECTS\NOOR CANVAS\SPA\NoorCanvas\Controllers\ParticipantController.cs(509,67): warning SA1028: Code should not contain trailing whitespace (https://github.com/DotNetAnalyzers/StyleCopAnalyzers/blob/master/documentation/SA1028.md) [D:\PROJECTS\NOOR CANVAS\SPA\NoorCanvas\NoorCanvas.csproj]
D:\PROJECTS\NOOR CANVAS\SPA\NoorCanvas\Controllers\ParticipantController.cs(512,42): warning SA1028: Code should not contain trailing whitespace (https://github.com/DotNetAnalyzers/StyleCopAnalyzers/blob/master/documentation/SA1028.md) [D:\PROJECTS\NOOR CANVAS\SPA\NoorCanvas\NoorCanvas.csproj]
D:\PROJECTS\NOOR CANVAS\SPA\NoorCanvas\Controllers\QuestionController.cs(1,1): warning SA1633: The file header is missing or not located at the top of the file. (https://github.com/DotNetAnalyzers/StyleCopAnalyzers/blob/master/documentation/SA1633.md) [D:\PROJECTS\NOOR CANVAS\SPA\NoorCanvas\NoorCanvas.csproj]
D:\PROJECTS\NOOR CANVAS\SPA\NoorCanvas\Controllers\QuestionController.cs(41,14): warning SA1513: Closing brace should be followed by blank line (https://github.com/DotNetAnalyzers/StyleCopAnalyzers/blob/master/documentation/SA1513.md) [D:\PROJECTS\NOOR CANVAS\SPA\NoorCanvas\NoorCanvas.csproj]
D:\PROJECTS\NOOR CANVAS\SPA\NoorCanvas\Controllers\QuestionController.cs(58,18): warning SA1513: Closing brace should be followed by blank line (https://github.com/DotNetAnalyzers/StyleCopAnalyzers/blob/master/documentation/SA1513.md) [D:\PROJECTS\NOOR CANVAS\SPA\NoorCanvas\NoorCanvas.csproj]
D:\PROJECTS\NOOR CANVAS\SPA\NoorCanvas\Controllers\QuestionController.cs(60,14): warning SA1513: Closing brace should be followed by blank line (https://github.com/DotNetAnalyzers/StyleCopAnalyzers/blob/master/documentation/SA1513.md) [D:\PROJECTS\NOOR CANVAS\SPA\NoorCanvas\NoorCanvas.csproj]
D:\PROJECTS\NOOR CANVAS\SPA\NoorCanvas\Controllers\QuestionController.cs(54,17): warning SA1515: Single-line comment should be preceded by blank line (https://github.com/DotNetAnalyzers/StyleCopAnalyzers/blob/master/documentation/SA1515.md) [D:\PROJECTS\NOOR CANVAS\SPA\NoorCanvas\NoorCanvas.csproj]
D:\PROJECTS\NOOR CANVAS\SPA\NoorCanvas\Controllers\QuestionController.cs(175,21): warning SA1515: Single-line comment should be preceded by blank line (https://github.com/DotNetAnalyzers/StyleCopAnalyzers/blob/master/documentation/SA1515.md) [D:\PROJECTS\NOOR CANVAS\SPA\NoorCanvas\NoorCanvas.csproj]
D:\PROJECTS\NOOR CANVAS\SPA\NoorCanvas\Controllers\QuestionController.cs(482,18): warning SA1402: File may only contain a single type (https://github.com/DotNetAnalyzers/StyleCopAnalyzers/blob/master/documentation/SA1402.md) [D:\PROJECTS\NOOR CANVAS\SPA\NoorCanvas\NoorCanvas.csproj]
D:\PROJECTS\NOOR CANVAS\SPA\NoorCanvas\Controllers\QuestionController.cs(489,18): warning SA1402: File may only contain a single type (https://github.com/DotNetAnalyzers/StyleCopAnalyzers/blob/master/documentation/SA1402.md) [D:\PROJECTS\NOOR CANVAS\SPA\NoorCanvas\NoorCanvas.csproj]
D:\PROJECTS\NOOR CANVAS\SPA\NoorCanvas\Controllers\QuestionController.cs(496,18): warning SA1402: File may only contain a single type (https://github.com/DotNetAnalyzers/StyleCopAnalyzers/blob/master/documentation/SA1402.md) [D:\PROJECTS\NOOR CANVAS\SPA\NoorCanvas\NoorCanvas.csproj]
D:\PROJECTS\NOOR CANVAS\SPA\NoorCanvas\Controllers\QuestionController.cs(502,18): warning SA1402: File may only contain a single type (https://github.com/DotNetAnalyzers/StyleCopAnalyzers/blob/master/documentation/SA1402.md) [D:\PROJECTS\NOOR CANVAS\SPA\NoorCanvas\NoorCanvas.csproj]
D:\PROJECTS\NOOR CANVAS\SPA\NoorCanvas\Controllers\QuestionController.cs(510,18): warning SA1402: File may only contain a single type (https://github.com/DotNetAnalyzers/StyleCopAnalyzers/blob/master/documentation/SA1402.md) [D:\PROJECTS\NOOR CANVAS\SPA\NoorCanvas\NoorCanvas.csproj]
D:\PROJECTS\NOOR CANVAS\SPA\NoorCanvas\Controllers\HostController.cs(38,1): warning SA1137: Elements should have the same indentation (https://github.com/DotNetAnalyzers/StyleCopAnalyzers/blob/master/documentation/SA1137.md) [D:\PROJECTS\NOOR CANVAS\SPA\NoorCanvas\NoorCanvas.csproj]
D:\PROJECTS\NOOR CANVAS\SPA\NoorCanvas\Controllers\HostController.cs(90,1): warning SA1137: Elements should have the same indentation (https://github.com/DotNetAnalyzers/StyleCopAnalyzers/blob/master/documentation/SA1137.md) [D:\PROJECTS\NOOR CANVAS\SPA\NoorCanvas\NoorCanvas.csproj]
D:\PROJECTS\NOOR CANVAS\SPA\NoorCanvas\Data\SimplifiedCanvasDbContext.cs(19,1): warning SA1516: Elements should be separated by blank line (https://github.com/DotNetAnalyzers/StyleCopAnalyzers/blob/master/documentation/SA1516.md) [D:\PROJECTS\NOOR CANVAS\SPA\NoorCanvas\NoorCanvas.csproj]
D:\PROJECTS\NOOR CANVAS\SPA\NoorCanvas\Data\SimplifiedCanvasDbContext.cs(20,1): warning SA1516: Elements should be separated by blank line (https://github.com/DotNetAnalyzers/StyleCopAnalyzers/blob/master/documentation/SA1516.md) [D:\PROJECTS\NOOR CANVAS\SPA\NoorCanvas\NoorCanvas.csproj]
D:\PROJECTS\NOOR CANVAS\SPA\NoorCanvas\Data\SimplifiedCanvasDbContext.cs(21,1): warning SA1516: Elements should be separated by blank line (https://github.com/DotNetAnalyzers/StyleCopAnalyzers/blob/master/documentation/SA1516.md) [D:\PROJECTS\NOOR CANVAS\SPA\NoorCanvas\NoorCanvas.csproj]
D:\PROJECTS\NOOR CANVAS\SPA\NoorCanvas\Middleware\DebugMiddleware.cs(12,42): warning SA1309: Field '_next' should not begin with an underscore (https://github.com/DotNetAnalyzers/StyleCopAnalyzers/blob/master/documentation/SA1309.md) [D:\PROJECTS\NOOR CANVAS\SPA\NoorCanvas\NoorCanvas.csproj]
D:\PROJECTS\NOOR CANVAS\SPA\NoorCanvas\Middleware\DebugMiddleware.cs(13,51): warning SA1309: Field '_logger' should not begin with an underscore (https://github.com/DotNetAnalyzers/StyleCopAnalyzers/blob/master/documentation/SA1309.md) [D:\PROJECTS\NOOR CANVAS\SPA\NoorCanvas\NoorCanvas.csproj]
D:\PROJECTS\NOOR CANVAS\SPA\NoorCanvas\Controllers\QuestionController.cs(74,105): warning SA1028: Code should not contain trailing whitespace (https://github.com/DotNetAnalyzers/StyleCopAnalyzers/blob/master/documentation/SA1028.md) [D:\PROJECTS\NOOR CANVAS\SPA\NoorCanvas\NoorCanvas.csproj]
D:\PROJECTS\NOOR CANVAS\SPA\NoorCanvas\Controllers\QuestionController.cs(94,85): warning SA1028: Code should not contain trailing whitespace (https://github.com/DotNetAnalyzers/StyleCopAnalyzers/blob/master/documentation/SA1028.md) [D:\PROJECTS\NOOR CANVAS\SPA\NoorCanvas\NoorCanvas.csproj]
D:\PROJECTS\NOOR CANVAS\SPA\NoorCanvas\Controllers\QuestionController.cs(99,121): warning SA1028: Code should not contain trailing whitespace (https://github.com/DotNetAnalyzers/StyleCopAnalyzers/blob/master/documentation/SA1028.md) [D:\PROJECTS\NOOR CANVAS\SPA\NoorCanvas\NoorCanvas.csproj]
D:\PROJECTS\NOOR CANVAS\SPA\NoorCanvas\Controllers\QuestionController.cs(104,129): warning SA1028: Code should not contain trailing whitespace (https://github.com/DotNetAnalyzers/StyleCopAnalyzers/blob/master/documentation/SA1028.md) [D:\PROJECTS\NOOR CANVAS\SPA\NoorCanvas\NoorCanvas.csproj]
D:\PROJECTS\NOOR CANVAS\SPA\NoorCanvas\Controllers\QuestionController.cs(113,116): warning SA1028: Code should not contain trailing whitespace (https://github.com/DotNetAnalyzers/StyleCopAnalyzers/blob/master/documentation/SA1028.md) [D:\PROJECTS\NOOR CANVAS\SPA\NoorCanvas\NoorCanvas.csproj]
D:\PROJECTS\NOOR CANVAS\SPA\NoorCanvas\Controllers\QuestionController.cs(143,118): warning SA1028: Code should not contain trailing whitespace (https://github.com/DotNetAnalyzers/StyleCopAnalyzers/blob/master/documentation/SA1028.md) [D:\PROJECTS\NOOR CANVAS\SPA\NoorCanvas\NoorCanvas.csproj]
D:\PROJECTS\NOOR CANVAS\SPA\NoorCanvas\Controllers\QuestionController.cs(149,1): warning SA1028: Code should not contain trailing whitespace (https://github.com/DotNetAnalyzers/StyleCopAnalyzers/blob/master/documentation/SA1028.md) [D:\PROJECTS\NOOR CANVAS\SPA\NoorCanvas\NoorCanvas.csproj]
D:\PROJECTS\NOOR CANVAS\SPA\NoorCanvas\Controllers\QuestionController.cs(150,190): warning SA1028: Code should not contain trailing whitespace (https://github.com/DotNetAnalyzers/StyleCopAnalyzers/blob/master/documentation/SA1028.md) [D:\PROJECTS\NOOR CANVAS\SPA\NoorCanvas\NoorCanvas.csproj]
D:\PROJECTS\NOOR CANVAS\SPA\NoorCanvas\Controllers\QuestionController.cs(152,1): warning SA1028: Code should not contain trailing whitespace (https://github.com/DotNetAnalyzers/StyleCopAnalyzers/blob/master/documentation/SA1028.md) [D:\PROJECTS\NOOR CANVAS\SPA\NoorCanvas\NoorCanvas.csproj]
D:\PROJECTS\NOOR CANVAS\SPA\NoorCanvas\Controllers\QuestionController.cs(155,1): warning SA1028: Code should not contain trailing whitespace (https://github.com/DotNetAnalyzers/StyleCopAnalyzers/blob/master/documentation/SA1028.md) [D:\PROJECTS\NOOR CANVAS\SPA\NoorCanvas\NoorCanvas.csproj]
D:\PROJECTS\NOOR CANVAS\SPA\NoorCanvas\Controllers\QuestionController.cs(169,157): warning SA1028: Code should not contain trailing whitespace (https://github.com/DotNetAnalyzers/StyleCopAnalyzers/blob/master/documentation/SA1028.md) [D:\PROJECTS\NOOR CANVAS\SPA\NoorCanvas\NoorCanvas.csproj]
D:\PROJECTS\NOOR CANVAS\SPA\NoorCanvas\Controllers\QuestionController.cs(202,1): warning SA1028: Code should not contain trailing whitespace (https://github.com/DotNetAnalyzers/StyleCopAnalyzers/blob/master/documentation/SA1028.md) [D:\PROJECTS\NOOR CANVAS\SPA\NoorCanvas\NoorCanvas.csproj]
D:\PROJECTS\NOOR CANVAS\SPA\NoorCanvas\Controllers\QuestionController.cs(203,116): warning SA1028: Code should not contain trailing whitespace (https://github.com/DotNetAnalyzers/StyleCopAnalyzers/blob/master/documentation/SA1028.md) [D:\PROJECTS\NOOR CANVAS\SPA\NoorCanvas\NoorCanvas.csproj]
D:\PROJECTS\NOOR CANVAS\SPA\NoorCanvas\Controllers\QuestionController.cs(221,85): warning SA1028: Code should not contain trailing whitespace (https://github.com/DotNetAnalyzers/StyleCopAnalyzers/blob/master/documentation/SA1028.md) [D:\PROJECTS\NOOR CANVAS\SPA\NoorCanvas\NoorCanvas.csproj]
D:\PROJECTS\NOOR CANVAS\SPA\NoorCanvas\Controllers\QuestionController.cs(229,127): warning SA1028: Code should not contain trailing whitespace (https://github.com/DotNetAnalyzers/StyleCopAnalyzers/blob/master/documentation/SA1028.md) [D:\PROJECTS\NOOR CANVAS\SPA\NoorCanvas\NoorCanvas.csproj]
D:\PROJECTS\NOOR CANVAS\SPA\NoorCanvas\Controllers\QuestionController.cs(302,125): warning SA1028: Code should not contain trailing whitespace (https://github.com/DotNetAnalyzers/StyleCopAnalyzers/blob/master/documentation/SA1028.md) [D:\PROJECTS\NOOR CANVAS\SPA\NoorCanvas\NoorCanvas.csproj]
D:\PROJECTS\NOOR CANVAS\SPA\NoorCanvas\Controllers\QuestionController.cs(329,1): warning SA1028: Code should not contain trailing whitespace (https://github.com/DotNetAnalyzers/StyleCopAnalyzers/blob/master/documentation/SA1028.md) [D:\PROJECTS\NOOR CANVAS\SPA\NoorCanvas\NoorCanvas.csproj]
D:\PROJECTS\NOOR CANVAS\SPA\NoorCanvas\Controllers\QuestionController.cs(330,112): warning SA1028: Code should not contain trailing whitespace (https://github.com/DotNetAnalyzers/StyleCopAnalyzers/blob/master/documentation/SA1028.md) [D:\PROJECTS\NOOR CANVAS\SPA\NoorCanvas\NoorCanvas.csproj]
D:\PROJECTS\NOOR CANVAS\SPA\NoorCanvas\Controllers\QuestionController.cs(364,77): warning SA1028: Code should not contain trailing whitespace (https://github.com/DotNetAnalyzers/StyleCopAnalyzers/blob/master/documentation/SA1028.md) [D:\PROJECTS\NOOR CANVAS\SPA\NoorCanvas\NoorCanvas.csproj]
D:\PROJECTS\NOOR CANVAS\SPA\NoorCanvas\Controllers\QuestionController.cs(366,1): warning SA1028: Code should not contain trailing whitespace (https://github.com/DotNetAnalyzers/StyleCopAnalyzers/blob/master/documentation/SA1028.md) [D:\PROJECTS\NOOR CANVAS\SPA\NoorCanvas\NoorCanvas.csproj]
D:\PROJECTS\NOOR CANVAS\SPA\NoorCanvas\Controllers\QuestionController.cs(407,123): warning SA1028: Code should not contain trailing whitespace (https://github.com/DotNetAnalyzers/StyleCopAnalyzers/blob/master/documentation/SA1028.md) [D:\PROJECTS\NOOR CANVAS\SPA\NoorCanvas\NoorCanvas.csproj]
D:\PROJECTS\NOOR CANVAS\SPA\NoorCanvas\Controllers\QuestionController.cs(433,115): warning SA1028: Code should not contain trailing whitespace (https://github.com/DotNetAnalyzers/StyleCopAnalyzers/blob/master/documentation/SA1028.md) [D:\PROJECTS\NOOR CANVAS\SPA\NoorCanvas\NoorCanvas.csproj]
D:\PROJECTS\NOOR CANVAS\SPA\NoorCanvas\Controllers\QuestionController.cs(440,67): warning SA1028: Code should not contain trailing whitespace (https://github.com/DotNetAnalyzers/StyleCopAnalyzers/blob/master/documentation/SA1028.md) [D:\PROJECTS\NOOR CANVAS\SPA\NoorCanvas\NoorCanvas.csproj]
D:\PROJECTS\NOOR CANVAS\SPA\NoorCanvas\Controllers\QuestionController.cs(446,163): warning SA1028: Code should not contain trailing whitespace (https://github.com/DotNetAnalyzers/StyleCopAnalyzers/blob/master/documentation/SA1028.md) [D:\PROJECTS\NOOR CANVAS\SPA\NoorCanvas\NoorCanvas.csproj]
D:\PROJECTS\NOOR CANVAS\SPA\NoorCanvas\Controllers\QuestionController.cs(451,131): warning SA1028: Code should not contain trailing whitespace (https://github.com/DotNetAnalyzers/StyleCopAnalyzers/blob/master/documentation/SA1028.md) [D:\PROJECTS\NOOR CANVAS\SPA\NoorCanvas\NoorCanvas.csproj]
D:\PROJECTS\NOOR CANVAS\SPA\NoorCanvas\Controllers\SessionController.cs(1,1): warning SA1633: The file header is missing or not located at the top of the file. (https://github.com/DotNetAnalyzers/StyleCopAnalyzers/blob/master/documentation/SA1633.md) [D:\PROJECTS\NOOR CANVAS\SPA\NoorCanvas\NoorCanvas.csproj]
D:\PROJECTS\NOOR CANVAS\SPA\NoorCanvas\Controllers\SessionController.cs(127,1): warning SA1028: Code should not contain trailing whitespace (https://github.com/DotNetAnalyzers/StyleCopAnalyzers/blob/master/documentation/SA1028.md) [D:\PROJECTS\NOOR CANVAS\SPA\NoorCanvas\NoorCanvas.csproj]
D:\PROJECTS\NOOR CANVAS\SPA\NoorCanvas\Controllers\SessionController.cs(130,1): warning SA1028: Code should not contain trailing whitespace (https://github.com/DotNetAnalyzers/StyleCopAnalyzers/blob/master/documentation/SA1028.md) [D:\PROJECTS\NOOR CANVAS\SPA\NoorCanvas\NoorCanvas.csproj]
D:\PROJECTS\NOOR CANVAS\SPA\NoorCanvas\Controllers\SessionController.cs(131,161): warning SA1028: Code should not contain trailing whitespace (https://github.com/DotNetAnalyzers/StyleCopAnalyzers/blob/master/documentation/SA1028.md) [D:\PROJECTS\NOOR CANVAS\SPA\NoorCanvas\NoorCanvas.csproj]
D:\PROJECTS\NOOR CANVAS\SPA\NoorCanvas\Controllers\TokenController.cs(1,1): warning SA1633: The file header is missing or not located at the top of the file. (https://github.com/DotNetAnalyzers/StyleCopAnalyzers/blob/master/documentation/SA1633.md) [D:\PROJECTS\NOOR CANVAS\SPA\NoorCanvas\NoorCanvas.csproj]
D:\PROJECTS\NOOR CANVAS\SPA\NoorCanvas\Controllers\QuestionController.cs(16,52): warning SA1309: Field '_context' should not begin with an underscore (https://github.com/DotNetAnalyzers/StyleCopAnalyzers/blob/master/documentation/SA1309.md) [D:\PROJECTS\NOOR CANVAS\SPA\NoorCanvas\NoorCanvas.csproj]
D:\PROJECTS\NOOR CANVAS\SPA\NoorCanvas\Controllers\QuestionController.cs(17,54): warning SA1309: Field '_logger' should not begin with an underscore (https://github.com/DotNetAnalyzers/StyleCopAnalyzers/blob/master/documentation/SA1309.md) [D:\PROJECTS\NOOR CANVAS\SPA\NoorCanvas\NoorCanvas.csproj]
D:\PROJECTS\NOOR CANVAS\SPA\NoorCanvas\Controllers\QuestionController.cs(18,49): warning SA1309: Field '_tokenService' should not begin with an underscore (https://github.com/DotNetAnalyzers/StyleCopAnalyzers/blob/master/documentation/SA1309.md) [D:\PROJECTS\NOOR CANVAS\SPA\NoorCanvas\NoorCanvas.csproj]
D:\PROJECTS\NOOR CANVAS\SPA\NoorCanvas\Controllers\QuestionController.cs(19,50): warning SA1309: Field '_sessionHub' should not begin with an underscore (https://github.com/DotNetAnalyzers/StyleCopAnalyzers/blob/master/documentation/SA1309.md) [D:\PROJECTS\NOOR CANVAS\SPA\NoorCanvas\NoorCanvas.csproj]
D:\PROJECTS\NOOR CANVAS\SPA\NoorCanvas\Controllers\TokenController.cs(212,40): warning SA1028: Code should not contain trailing whitespace (https://github.com/DotNetAnalyzers/StyleCopAnalyzers/blob/master/documentation/SA1028.md) [D:\PROJECTS\NOOR CANVAS\SPA\NoorCanvas\NoorCanvas.csproj]
D:\PROJECTS\NOOR CANVAS\SPA\NoorCanvas\Controllers\TokenController.cs(213,52): warning SA1028: Code should not contain trailing whitespace (https://github.com/DotNetAnalyzers/StyleCopAnalyzers/blob/master/documentation/SA1028.md) [D:\PROJECTS\NOOR CANVAS\SPA\NoorCanvas\NoorCanvas.csproj]
D:\PROJECTS\NOOR CANVAS\SPA\NoorCanvas\Controllers\TokenController.cs(214,60): warning SA1028: Code should not contain trailing whitespace (https://github.com/DotNetAnalyzers/StyleCopAnalyzers/blob/master/documentation/SA1028.md) [D:\PROJECTS\NOOR CANVAS\SPA\NoorCanvas\NoorCanvas.csproj]
D:\PROJECTS\NOOR CANVAS\SPA\NoorCanvas\Controllers\TokenController.cs(215,30): warning SA1028: Code should not contain trailing whitespace (https://github.com/DotNetAnalyzers/StyleCopAnalyzers/blob/master/documentation/SA1028.md) [D:\PROJECTS\NOOR CANVAS\SPA\NoorCanvas\NoorCanvas.csproj]
D:\PROJECTS\NOOR CANVAS\SPA\NoorCanvas\Controllers\TokenController.cs(220,1): warning SA1028: Code should not contain trailing whitespace (https://github.com/DotNetAnalyzers/StyleCopAnalyzers/blob/master/documentation/SA1028.md) [D:\PROJECTS\NOOR CANVAS\SPA\NoorCanvas\NoorCanvas.csproj]
D:\PROJECTS\NOOR CANVAS\SPA\NoorCanvas\Controllers\TokenController.cs(225,38): warning SA1028: Code should not contain trailing whitespace (https://github.com/DotNetAnalyzers/StyleCopAnalyzers/blob/master/documentation/SA1028.md) [D:\PROJECTS\NOOR CANVAS\SPA\NoorCanvas\NoorCanvas.csproj]
D:\PROJECTS\NOOR CANVAS\SPA\NoorCanvas\Controllers\TokenController.cs(226,66): warning SA1028: Code should not contain trailing whitespace (https://github.com/DotNetAnalyzers/StyleCopAnalyzers/blob/master/documentation/SA1028.md) [D:\PROJECTS\NOOR CANVAS\SPA\NoorCanvas\NoorCanvas.csproj]
D:\PROJECTS\NOOR CANVAS\SPA\NoorCanvas\Controllers\TokenController.cs(228,30): warning SA1028: Code should not contain trailing whitespace (https://github.com/DotNetAnalyzers/StyleCopAnalyzers/blob/master/documentation/SA1028.md) [D:\PROJECTS\NOOR CANVAS\SPA\NoorCanvas\NoorCanvas.csproj]
D:\PROJECTS\NOOR CANVAS\SPA\NoorCanvas\Controllers\TokenController.cs(245,108): warning SA1028: Code should not contain trailing whitespace (https://github.com/DotNetAnalyzers/StyleCopAnalyzers/blob/master/documentation/SA1028.md) [D:\PROJECTS\NOOR CANVAS\SPA\NoorCanvas\NoorCanvas.csproj]
D:\PROJECTS\NOOR CANVAS\SPA\NoorCanvas\Controllers\TokenController.cs(247,41): warning SA1028: Code should not contain trailing whitespace (https://github.com/DotNetAnalyzers/StyleCopAnalyzers/blob/master/documentation/SA1028.md) [D:\PROJECTS\NOOR CANVAS\SPA\NoorCanvas\NoorCanvas.csproj]
D:\PROJECTS\NOOR CANVAS\SPA\NoorCanvas\Controllers\TokenController.cs(248,49): warning SA1028: Code should not contain trailing whitespace (https://github.com/DotNetAnalyzers/StyleCopAnalyzers/blob/master/documentation/SA1028.md) [D:\PROJECTS\NOOR CANVAS\SPA\NoorCanvas\NoorCanvas.csproj]
D:\PROJECTS\NOOR CANVAS\SPA\NoorCanvas\Controllers\TokenController.cs(249,52): warning SA1028: Code should not contain trailing whitespace (https://github.com/DotNetAnalyzers/StyleCopAnalyzers/blob/master/documentation/SA1028.md) [D:\PROJECTS\NOOR CANVAS\SPA\NoorCanvas\NoorCanvas.csproj]
D:\PROJECTS\NOOR CANVAS\SPA\NoorCanvas\Controllers\TokenController.cs(250,26): warning SA1028: Code should not contain trailing whitespace (https://github.com/DotNetAnalyzers/StyleCopAnalyzers/blob/master/documentation/SA1028.md) [D:\PROJECTS\NOOR CANVAS\SPA\NoorCanvas\NoorCanvas.csproj]
D:\PROJECTS\NOOR CANVAS\SPA\NoorCanvas\Data\CanvasDbContext.cs(1,1): warning SA1633: The file header is missing or not located at the top of the file. (https://github.com/DotNetAnalyzers/StyleCopAnalyzers/blob/master/documentation/SA1633.md) [D:\PROJECTS\NOOR CANVAS\SPA\NoorCanvas\NoorCanvas.csproj]
D:\PROJECTS\NOOR CANVAS\SPA\NoorCanvas\Data\CanvasDbContext.cs(29,5): warning SA1512: Single-line comments should not be followed by blank line (https://github.com/DotNetAnalyzers/StyleCopAnalyzers/blob/master/documentation/SA1512.md) [D:\PROJECTS\NOOR CANVAS\SPA\NoorCanvas\NoorCanvas.csproj]
D:\PROJECTS\NOOR CANVAS\SPA\NoorCanvas\Data\CanvasDbContext.cs(28,1): warning SA1028: Code should not contain trailing whitespace (https://github.com/DotNetAnalyzers/StyleCopAnalyzers/blob/master/documentation/SA1028.md) [D:\PROJECTS\NOOR CANVAS\SPA\NoorCanvas\NoorCanvas.csproj]
D:\PROJECTS\NOOR CANVAS\SPA\NoorCanvas\Data\KSessionsDbContext.cs(1,1): warning SA1633: The file header is missing or not located at the top of the file. (https://github.com/DotNetAnalyzers/StyleCopAnalyzers/blob/master/documentation/SA1633.md) [D:\PROJECTS\NOOR CANVAS\SPA\NoorCanvas\NoorCanvas.csproj]
D:\PROJECTS\NOOR CANVAS\SPA\NoorCanvas\Services\AnnotationService.cs(11,1): warning SA1516: Elements should be separated by blank line (https://github.com/DotNetAnalyzers/StyleCopAnalyzers/blob/master/documentation/SA1516.md) [D:\PROJECTS\NOOR CANVAS\SPA\NoorCanvas\NoorCanvas.csproj]
D:\PROJECTS\NOOR CANVAS\SPA\NoorCanvas\Services\AnnotationService.cs(12,1): warning SA1516: Elements should be separated by blank line (https://github.com/DotNetAnalyzers/StyleCopAnalyzers/blob/master/documentation/SA1516.md) [D:\PROJECTS\NOOR CANVAS\SPA\NoorCanvas\NoorCanvas.csproj]
D:\PROJECTS\NOOR CANVAS\SPA\NoorCanvas\Services\AnnotationService.cs(13,1): warning SA1516: Elements should be separated by blank line (https://github.com/DotNetAnalyzers/StyleCopAnalyzers/blob/master/documentation/SA1516.md) [D:\PROJECTS\NOOR CANVAS\SPA\NoorCanvas\NoorCanvas.csproj]
D:\PROJECTS\NOOR CANVAS\SPA\NoorCanvas\Services\AnnotationService.cs(14,1): warning SA1516: Elements should be separated by blank line (https://github.com/DotNetAnalyzers/StyleCopAnalyzers/blob/master/documentation/SA1516.md) [D:\PROJECTS\NOOR CANVAS\SPA\NoorCanvas\NoorCanvas.csproj]
D:\PROJECTS\NOOR CANVAS\SPA\NoorCanvas\Controllers\QuestionController.cs(492,1): warning SA1516: Elements should be separated by blank line (https://github.com/DotNetAnalyzers/StyleCopAnalyzers/blob/master/documentation/SA1516.md) [D:\PROJECTS\NOOR CANVAS\SPA\NoorCanvas\NoorCanvas.csproj]
D:\PROJECTS\NOOR CANVAS\SPA\NoorCanvas\Controllers\QuestionController.cs(493,1): warning SA1516: Elements should be separated by blank line (https://github.com/DotNetAnalyzers/StyleCopAnalyzers/blob/master/documentation/SA1516.md) [D:\PROJECTS\NOOR CANVAS\SPA\NoorCanvas\NoorCanvas.csproj]
D:\PROJECTS\NOOR CANVAS\SPA\NoorCanvas\Controllers\QuestionController.cs(499,1): warning SA1516: Elements should be separated by blank line (https://github.com/DotNetAnalyzers/StyleCopAnalyzers/blob/master/documentation/SA1516.md) [D:\PROJECTS\NOOR CANVAS\SPA\NoorCanvas\NoorCanvas.csproj]
D:\PROJECTS\NOOR CANVAS\SPA\NoorCanvas\Controllers\QuestionController.cs(485,1): warning SA1516: Elements should be separated by blank line (https://github.com/DotNetAnalyzers/StyleCopAnalyzers/blob/master/documentation/SA1516.md) [D:\PROJECTS\NOOR CANVAS\SPA\NoorCanvas\NoorCanvas.csproj]
D:\PROJECTS\NOOR CANVAS\SPA\NoorCanvas\Controllers\QuestionController.cs(486,1): warning SA1516: Elements should be separated by blank line (https://github.com/DotNetAnalyzers/StyleCopAnalyzers/blob/master/documentation/SA1516.md) [D:\PROJECTS\NOOR CANVAS\SPA\NoorCanvas\NoorCanvas.csproj]
D:\PROJECTS\NOOR CANVAS\SPA\NoorCanvas\Controllers\QuestionController.cs(505,1): warning SA1516: Elements should be separated by blank line (https://github.com/DotNetAnalyzers/StyleCopAnalyzers/blob/master/documentation/SA1516.md) [D:\PROJECTS\NOOR CANVAS\SPA\NoorCanvas\NoorCanvas.csproj]
D:\PROJECTS\NOOR CANVAS\SPA\NoorCanvas\Controllers\QuestionController.cs(506,1): warning SA1516: Elements should be separated by blank line (https://github.com/DotNetAnalyzers/StyleCopAnalyzers/blob/master/documentation/SA1516.md) [D:\PROJECTS\NOOR CANVAS\SPA\NoorCanvas\NoorCanvas.csproj]
D:\PROJECTS\NOOR CANVAS\SPA\NoorCanvas\Controllers\QuestionController.cs(507,1): warning SA1516: Elements should be separated by blank line (https://github.com/DotNetAnalyzers/StyleCopAnalyzers/blob/master/documentation/SA1516.md) [D:\PROJECTS\NOOR CANVAS\SPA\NoorCanvas\NoorCanvas.csproj]
D:\PROJECTS\NOOR CANVAS\SPA\NoorCanvas\Data\Migrations\20250911091420_InitialCreate.cs(1,1): warning SA1633: The file header is missing or not located at the top of the file. (https://github.com/DotNetAnalyzers/StyleCopAnalyzers/blob/master/documentation/SA1633.md) [D:\PROJECTS\NOOR CANVAS\SPA\NoorCanvas\NoorCanvas.csproj]
D:\PROJECTS\NOOR CANVAS\SPA\NoorCanvas\Controllers\QuestionController.cs(513,1): warning SA1516: Elements should be separated by blank line (https://github.com/DotNetAnalyzers/StyleCopAnalyzers/blob/master/documentation/SA1516.md) [D:\PROJECTS\NOOR CANVAS\SPA\NoorCanvas\NoorCanvas.csproj]
D:\PROJECTS\NOOR CANVAS\SPA\NoorCanvas\Controllers\QuestionController.cs(514,1): warning SA1516: Elements should be separated by blank line (https://github.com/DotNetAnalyzers/StyleCopAnalyzers/blob/master/documentation/SA1516.md) [D:\PROJECTS\NOOR CANVAS\SPA\NoorCanvas\NoorCanvas.csproj]
D:\PROJECTS\NOOR CANVAS\SPA\NoorCanvas\Services\AnnotationService.cs(19,42): warning SA1309: Field '_context' should not begin with an underscore (https://github.com/DotNetAnalyzers/StyleCopAnalyzers/blob/master/documentation/SA1309.md) [D:\PROJECTS\NOOR CANVAS\SPA\NoorCanvas\NoorCanvas.csproj]
D:\PROJECTS\NOOR CANVAS\SPA\NoorCanvas\Services\AnnotationService.cs(20,53): warning SA1309: Field '_logger' should not begin with an underscore (https://github.com/DotNetAnalyzers/StyleCopAnalyzers/blob/master/documentation/SA1309.md) [D:\PROJECTS\NOOR CANVAS\SPA\NoorCanvas\NoorCanvas.csproj]
D:\PROJECTS\NOOR CANVAS\SPA\NoorCanvas\Controllers\SessionController.cs(12,42): warning SA1309: Field '_context' should not begin with an underscore (https://github.com/DotNetAnalyzers/StyleCopAnalyzers/blob/master/documentation/SA1309.md) [D:\PROJECTS\NOOR CANVAS\SPA\NoorCanvas\NoorCanvas.csproj]
D:\PROJECTS\NOOR CANVAS\SPA\NoorCanvas\Controllers\SessionController.cs(13,45): warning SA1309: Field '_kSessionsContext' should not begin with an underscore (https://github.com/DotNetAnalyzers/StyleCopAnalyzers/blob/master/documentation/SA1309.md) [D:\PROJECTS\NOOR CANVAS\SPA\NoorCanvas\NoorCanvas.csproj]
D:\PROJECTS\NOOR CANVAS\SPA\NoorCanvas\Controllers\SessionController.cs(14,53): warning SA1309: Field '_logger' should not begin with an underscore (https://github.com/DotNetAnalyzers/StyleCopAnalyzers/blob/master/documentation/SA1309.md) [D:\PROJECTS\NOOR CANVAS\SPA\NoorCanvas\NoorCanvas.csproj]
D:\PROJECTS\NOOR CANVAS\SPA\NoorCanvas\Services\AssetDetectionService.cs(15,53): warning SA1309: Field '_logger' should not begin with an underscore (https://github.com/DotNetAnalyzers/StyleCopAnalyzers/blob/master/documentation/SA1309.md) [D:\PROJECTS\NOOR CANVAS\SPA\NoorCanvas\NoorCanvas.csproj]
D:\PROJECTS\NOOR CANVAS\SPA\NoorCanvas\Models\Debug\DebugModels.cs(38,17): warning SA1201: A enum should not follow a class (https://github.com/DotNetAnalyzers/StyleCopAnalyzers/blob/master/documentation/SA1201.md) [D:\PROJECTS\NOOR CANVAS\SPA\NoorCanvas\NoorCanvas.csproj]
D:\PROJECTS\NOOR CANVAS\SPA\NoorCanvas\Models\Debug\DebugModels.cs(11,1): warning SA1516: Elements should be separated by blank line (https://github.com/DotNetAnalyzers/StyleCopAnalyzers/blob/master/documentation/SA1516.md) [D:\PROJECTS\NOOR CANVAS\SPA\NoorCanvas\NoorCanvas.csproj]
D:\PROJECTS\NOOR CANVAS\SPA\NoorCanvas\Models\Debug\DebugModels.cs(12,1): warning SA1516: Elements should be separated by blank line (https://github.com/DotNetAnalyzers/StyleCopAnalyzers/blob/master/documentation/SA1516.md) [D:\PROJECTS\NOOR CANVAS\SPA\NoorCanvas\NoorCanvas.csproj]
D:\PROJECTS\NOOR CANVAS\SPA\NoorCanvas\Controllers\TokenController.cs(11,41): warning SA1309: Field '_tokenService' should not begin with an underscore (https://github.com/DotNetAnalyzers/StyleCopAnalyzers/blob/master/documentation/SA1309.md) [D:\PROJECTS\NOOR CANVAS\SPA\NoorCanvas\NoorCanvas.csproj]
D:\PROJECTS\NOOR CANVAS\SPA\NoorCanvas\Controllers\TokenController.cs(12,47): warning SA1309: Field '_logger' should not begin with an underscore (https://github.com/DotNetAnalyzers/StyleCopAnalyzers/blob/master/documentation/SA1309.md) [D:\PROJECTS\NOOR CANVAS\SPA\NoorCanvas\NoorCanvas.csproj]
D:\PROJECTS\NOOR CANVAS\SPA\NoorCanvas\Models\Debug\DebugModels.cs(21,1): warning SA1516: Elements should be separated by blank line (https://github.com/DotNetAnalyzers/StyleCopAnalyzers/blob/master/documentation/SA1516.md) [D:\PROJECTS\NOOR CANVAS\SPA\NoorCanvas\NoorCanvas.csproj]
D:\PROJECTS\NOOR CANVAS\SPA\NoorCanvas\Models\Debug\DebugModels.cs(22,1): warning SA1516: Elements should be separated by blank line (https://github.com/DotNetAnalyzers/StyleCopAnalyzers/blob/master/documentation/SA1516.md) [D:\PROJECTS\NOOR CANVAS\SPA\NoorCanvas\NoorCanvas.csproj]
D:\PROJECTS\NOOR CANVAS\SPA\NoorCanvas\Services\AssetDetectorService.cs(12,33): warning SA1309: Field '_httpClient' should not begin with an underscore (https://github.com/DotNetAnalyzers/StyleCopAnalyzers/blob/master/documentation/SA1309.md) [D:\PROJECTS\NOOR CANVAS\SPA\NoorCanvas\NoorCanvas.csproj]
D:\PROJECTS\NOOR CANVAS\SPA\NoorCanvas\Services\AssetDetectorService.cs(13,52): warning SA1309: Field '_logger' should not begin with an underscore (https://github.com/DotNetAnalyzers/StyleCopAnalyzers/blob/master/documentation/SA1309.md) [D:\PROJECTS\NOOR CANVAS\SPA\NoorCanvas\NoorCanvas.csproj]
D:\PROJECTS\NOOR CANVAS\SPA\NoorCanvas\Models\Debug\DebugModels.cs(31,1): warning SA1516: Elements should be separated by blank line (https://github.com/DotNetAnalyzers/StyleCopAnalyzers/blob/master/documentation/SA1516.md) [D:\PROJECTS\NOOR CANVAS\SPA\NoorCanvas\NoorCanvas.csproj]
D:\PROJECTS\NOOR CANVAS\SPA\NoorCanvas\Models\Debug\DebugModels.cs(32,1): warning SA1516: Elements should be separated by blank line (https://github.com/DotNetAnalyzers/StyleCopAnalyzers/blob/master/documentation/SA1516.md) [D:\PROJECTS\NOOR CANVAS\SPA\NoorCanvas\NoorCanvas.csproj]
D:\PROJECTS\NOOR CANVAS\SPA\NoorCanvas\Data\Migrations\20250912174615_AddAdminSessions.cs(1,1): warning SA1633: The file header is missing or not located at the top of the file. (https://github.com/DotNetAnalyzers/StyleCopAnalyzers/blob/master/documentation/SA1633.md) [D:\PROJECTS\NOOR CANVAS\SPA\NoorCanvas\NoorCanvas.csproj]
D:\PROJECTS\NOOR CANVAS\SPA\NoorCanvas\Services\AssetDetectorService.cs(250,1): warning SA1516: Elements should be separated by blank line (https://github.com/DotNetAnalyzers/StyleCopAnalyzers/blob/master/documentation/SA1516.md) [D:\PROJECTS\NOOR CANVAS\SPA\NoorCanvas\NoorCanvas.csproj]
D:\PROJECTS\NOOR CANVAS\SPA\NoorCanvas\Services\AssetDetectorService.cs(259,1): warning SA1516: Elements should be separated by blank line (https://github.com/DotNetAnalyzers/StyleCopAnalyzers/blob/master/documentation/SA1516.md) [D:\PROJECTS\NOOR CANVAS\SPA\NoorCanvas\NoorCanvas.csproj]
D:\PROJECTS\NOOR CANVAS\SPA\NoorCanvas\Services\AssetDetectorService.cs(260,1): warning SA1516: Elements should be separated by blank line (https://github.com/DotNetAnalyzers/StyleCopAnalyzers/blob/master/documentation/SA1516.md) [D:\PROJECTS\NOOR CANVAS\SPA\NoorCanvas\NoorCanvas.csproj]
D:\PROJECTS\NOOR CANVAS\SPA\NoorCanvas\Services\AssetDetectorService.cs(261,1): warning SA1516: Elements should be separated by blank line (https://github.com/DotNetAnalyzers/StyleCopAnalyzers/blob/master/documentation/SA1516.md) [D:\PROJECTS\NOOR CANVAS\SPA\NoorCanvas\NoorCanvas.csproj]
D:\PROJECTS\NOOR CANVAS\SPA\NoorCanvas\Services\AssetDetectorService.cs(270,1): warning SA1516: Elements should be separated by blank line (https://github.com/DotNetAnalyzers/StyleCopAnalyzers/blob/master/documentation/SA1516.md) [D:\PROJECTS\NOOR CANVAS\SPA\NoorCanvas\NoorCanvas.csproj]
D:\PROJECTS\NOOR CANVAS\SPA\NoorCanvas\Services\AssetDetectorService.cs(271,1): warning SA1516: Elements should be separated by blank line (https://github.com/DotNetAnalyzers/StyleCopAnalyzers/blob/master/documentation/SA1516.md) [D:\PROJECTS\NOOR CANVAS\SPA\NoorCanvas\NoorCanvas.csproj]
D:\PROJECTS\NOOR CANVAS\SPA\NoorCanvas\Data\SimplifiedCanvasDbContext.cs(1,1): warning SA1633: The file header is missing or not located at the top of the file. (https://github.com/DotNetAnalyzers/StyleCopAnalyzers/blob/master/documentation/SA1633.md) [D:\PROJECTS\NOOR CANVAS\SPA\NoorCanvas\NoorCanvas.csproj]
D:\PROJECTS\NOOR CANVAS\SPA\NoorCanvas\Services\DebugService.cs(12,48): warning SA1309: Field '_logger' should not begin with an underscore (https://github.com/DotNetAnalyzers/StyleCopAnalyzers/blob/master/documentation/SA1309.md) [D:\PROJECTS\NOOR CANVAS\SPA\NoorCanvas\NoorCanvas.csproj]
D:\PROJECTS\NOOR CANVAS\SPA\NoorCanvas\Services\DebugService.cs(13,37): warning SA1309: Field '_jsRuntime' should not begin with an underscore (https://github.com/DotNetAnalyzers/StyleCopAnalyzers/blob/master/documentation/SA1309.md) [D:\PROJECTS\NOOR CANVAS\SPA\NoorCanvas\NoorCanvas.csproj]
D:\PROJECTS\NOOR CANVAS\SPA\NoorCanvas\Services\DebugService.cs(14,41): warning SA1309: Field '_configuration' should not begin with an underscore (https://github.com/DotNetAnalyzers/StyleCopAnalyzers/blob/master/documentation/SA1309.md) [D:\PROJECTS\NOOR CANVAS\SPA\NoorCanvas\NoorCanvas.csproj]
D:\PROJECTS\NOOR CANVAS\SPA\NoorCanvas\Services\DebugService.cs(15,31): warning SA1309: Field '_isDebugEnabled' should not begin with an underscore (https://github.com/DotNetAnalyzers/StyleCopAnalyzers/blob/master/documentation/SA1309.md) [D:\PROJECTS\NOOR CANVAS\SPA\NoorCanvas\NoorCanvas.csproj]
D:\PROJECTS\NOOR CANVAS\SPA\NoorCanvas\Services\DebugService.cs(16,51): warning SA1309: Field '_componentDebugSettings' should not begin with an underscore (https://github.com/DotNetAnalyzers/StyleCopAnalyzers/blob/master/documentation/SA1309.md) [D:\PROJECTS\NOOR CANVAS\SPA\NoorCanvas\NoorCanvas.csproj]
D:\PROJECTS\NOOR CANVAS\SPA\NoorCanvas\Services\DebugService.cs(17,50): warning SA1309: Field '_performanceThresholds' should not begin with an underscore (https://github.com/DotNetAnalyzers/StyleCopAnalyzers/blob/master/documentation/SA1309.md) [D:\PROJECTS\NOOR CANVAS\SPA\NoorCanvas\NoorCanvas.csproj]
D:\PROJECTS\NOOR CANVAS\SPA\NoorCanvas\Services\DebugService.cs(18,39): warning SA1309: Field '_metrics' should not begin with an underscore (https://github.com/DotNetAnalyzers/StyleCopAnalyzers/blob/master/documentation/SA1309.md) [D:\PROJECTS\NOOR CANVAS\SPA\NoorCanvas\NoorCanvas.csproj]
D:\PROJECTS\NOOR CANVAS\SPA\NoorCanvas\Extensions\DebugExtensions.cs(1,1): warning SA1633: The file header is missing or not located at the top of the file. (https://github.com/DotNetAnalyzers/StyleCopAnalyzers/blob/master/documentation/SA1633.md) [D:\PROJECTS\NOOR CANVAS\SPA\NoorCanvas\NoorCanvas.csproj]
D:\PROJECTS\NOOR CANVAS\SPA\NoorCanvas\Extensions\DebugExtensions.cs(50,18): warning SA1402: File may only contain a single type (https://github.com/DotNetAnalyzers/StyleCopAnalyzers/blob/master/documentation/SA1402.md) [D:\PROJECTS\NOOR CANVAS\SPA\NoorCanvas\NoorCanvas.csproj]
D:\PROJECTS\NOOR CANVAS\SPA\NoorCanvas\Hubs\AnnotationHub.cs(1,1): warning SA1633: The file header is missing or not located at the top of the file. (https://github.com/DotNetAnalyzers/StyleCopAnalyzers/blob/master/documentation/SA1633.md) [D:\PROJECTS\NOOR CANVAS\SPA\NoorCanvas\NoorCanvas.csproj]
D:\PROJECTS\NOOR CANVAS\SPA\NoorCanvas\Services\AssetDetectionService.cs(434,42): warning SA1202: 'public' members should come before 'private' members (https://github.com/DotNetAnalyzers/StyleCopAnalyzers/blob/master/documentation/SA1202.md) [D:\PROJECTS\NOOR CANVAS\SPA\NoorCanvas\NoorCanvas.csproj]
D:\PROJECTS\NOOR CANVAS\SPA\NoorCanvas\Models\KSessionsModels.cs(48,1): warning SA1516: Elements should be separated by blank line (https://github.com/DotNetAnalyzers/StyleCopAnalyzers/blob/master/documentation/SA1516.md) [D:\PROJECTS\NOOR CANVAS\SPA\NoorCanvas\NoorCanvas.csproj]
D:\PROJECTS\NOOR CANVAS\SPA\NoorCanvas\Services\DebugService.cs(361,34): warning SA1309: Field '_component' should not begin with an underscore (https://github.com/DotNetAnalyzers/StyleCopAnalyzers/blob/master/documentation/SA1309.md) [D:\PROJECTS\NOOR CANVAS\SPA\NoorCanvas\NoorCanvas.csproj]
D:\PROJECTS\NOOR CANVAS\SPA\NoorCanvas\Services\DebugService.cs(362,35): warning SA1309: Field '_startTime' should not begin with an underscore (https://github.com/DotNetAnalyzers/StyleCopAnalyzers/blob/master/documentation/SA1309.md) [D:\PROJECTS\NOOR CANVAS\SPA\NoorCanvas\NoorCanvas.csproj]
D:\PROJECTS\NOOR CANVAS\SPA\NoorCanvas\Services\DebugService.cs(363,31): warning SA1309: Field '_isEnabled' should not begin with an underscore (https://github.com/DotNetAnalyzers/StyleCopAnalyzers/blob/master/documentation/SA1309.md) [D:\PROJECTS\NOOR CANVAS\SPA\NoorCanvas\NoorCanvas.csproj]
D:\PROJECTS\NOOR CANVAS\SPA\NoorCanvas\Controllers\QuestionController.cs(68,42): warning SA1202: 'public' members should come before 'private' members (https://github.com/DotNetAnalyzers/StyleCopAnalyzers/blob/master/documentation/SA1202.md) [D:\PROJECTS\NOOR CANVAS\SPA\NoorCanvas\NoorCanvas.csproj]
D:\PROJECTS\NOOR CANVAS\SPA\NoorCanvas\Hubs\QAHub.cs(1,1): warning SA1633: The file header is missing or not located at the top of the file. (https://github.com/DotNetAnalyzers/StyleCopAnalyzers/blob/master/documentation/SA1633.md) [D:\PROJECTS\NOOR CANVAS\SPA\NoorCanvas\NoorCanvas.csproj]
D:\PROJECTS\NOOR CANVAS\SPA\NoorCanvas\Hubs\SessionHub.cs(1,1): warning SA1633: The file header is missing or not located at the top of the file. (https://github.com/DotNetAnalyzers/StyleCopAnalyzers/blob/master/documentation/SA1633.md) [D:\PROJECTS\NOOR CANVAS\SPA\NoorCanvas\NoorCanvas.csproj]
D:\PROJECTS\NOOR CANVAS\SPA\NoorCanvas\Services\DebugService.cs(360,33): warning SA1309: Field '_operationName' should not begin with an underscore (https://github.com/DotNetAnalyzers/StyleCopAnalyzers/blob/master/documentation/SA1309.md) [D:\PROJECTS\NOOR CANVAS\SPA\NoorCanvas\NoorCanvas.csproj]
D:\PROJECTS\NOOR CANVAS\SPA\NoorCanvas\Services\DebugService.cs(417,1): warning SA1516: Elements should be separated by blank line (https://github.com/DotNetAnalyzers/StyleCopAnalyzers/blob/master/documentation/SA1516.md) [D:\PROJECTS\NOOR CANVAS\SPA\NoorCanvas\NoorCanvas.csproj]
D:\PROJECTS\NOOR CANVAS\SPA\NoorCanvas\Services\DebugService.cs(418,1): warning SA1516: Elements should be separated by blank line (https://github.com/DotNetAnalyzers/StyleCopAnalyzers/blob/master/documentation/SA1516.md) [D:\PROJECTS\NOOR CANVAS\SPA\NoorCanvas\NoorCanvas.csproj]
D:\PROJECTS\NOOR CANVAS\SPA\NoorCanvas\Services\DebugService.cs(419,1): warning SA1516: Elements should be separated by blank line (https://github.com/DotNetAnalyzers/StyleCopAnalyzers/blob/master/documentation/SA1516.md) [D:\PROJECTS\NOOR CANVAS\SPA\NoorCanvas\NoorCanvas.csproj]
D:\PROJECTS\NOOR CANVAS\SPA\NoorCanvas\Services\DebugService.cs(420,1): warning SA1516: Elements should be separated by blank line (https://github.com/DotNetAnalyzers/StyleCopAnalyzers/blob/master/documentation/SA1516.md) [D:\PROJECTS\NOOR CANVAS\SPA\NoorCanvas\NoorCanvas.csproj]
D:\PROJECTS\NOOR CANVAS\SPA\NoorCanvas\Services\DebugService.cs(305,21): warning SA1201: A property should not follow a method (https://github.com/DotNetAnalyzers/StyleCopAnalyzers/blob/master/documentation/SA1201.md) [D:\PROJECTS\NOOR CANVAS\SPA\NoorCanvas\NoorCanvas.csproj]
D:\PROJECTS\NOOR CANVAS\SPA\NoorCanvas\Services\Development\DevModeService.cs(34,41): warning SA1309: Field '_configuration' should not begin with an underscore (https://github.com/DotNetAnalyzers/StyleCopAnalyzers/blob/master/documentation/SA1309.md) [D:\PROJECTS\NOOR CANVAS\SPA\NoorCanvas\NoorCanvas.csproj]
D:\PROJECTS\NOOR CANVAS\SPA\NoorCanvas\Services\DebugService.cs(399,1): warning SA1516: Elements should be separated by blank line (https://github.com/DotNetAnalyzers/StyleCopAnalyzers/blob/master/documentation/SA1516.md) [D:\PROJECTS\NOOR CANVAS\SPA\NoorCanvas\NoorCanvas.csproj]
D:\PROJECTS\NOOR CANVAS\SPA\NoorCanvas\Services\DebugService.cs(400,1): warning SA1516: Elements should be separated by blank line (https://github.com/DotNetAnalyzers/StyleCopAnalyzers/blob/master/documentation/SA1516.md) [D:\PROJECTS\NOOR CANVAS\SPA\NoorCanvas\NoorCanvas.csproj]
D:\PROJECTS\NOOR CANVAS\SPA\NoorCanvas\Services\DebugService.cs(401,1): warning SA1516: Elements should be separated by blank line (https://github.com/DotNetAnalyzers/StyleCopAnalyzers/blob/master/documentation/SA1516.md) [D:\PROJECTS\NOOR CANVAS\SPA\NoorCanvas\NoorCanvas.csproj]
D:\PROJECTS\NOOR CANVAS\SPA\NoorCanvas\Services\DebugService.cs(402,1): warning SA1516: Elements should be separated by blank line (https://github.com/DotNetAnalyzers/StyleCopAnalyzers/blob/master/documentation/SA1516.md) [D:\PROJECTS\NOOR CANVAS\SPA\NoorCanvas\NoorCanvas.csproj]
D:\PROJECTS\NOOR CANVAS\SPA\NoorCanvas\Services\DebugService.cs(403,1): warning SA1516: Elements should be separated by blank line (https://github.com/DotNetAnalyzers/StyleCopAnalyzers/blob/master/documentation/SA1516.md) [D:\PROJECTS\NOOR CANVAS\SPA\NoorCanvas\NoorCanvas.csproj]
D:\PROJECTS\NOOR CANVAS\SPA\NoorCanvas\Services\DebugService.cs(406,1): warning SA1516: Elements should be separated by blank line (https://github.com/DotNetAnalyzers/StyleCopAnalyzers/blob/master/documentation/SA1516.md) [D:\PROJECTS\NOOR CANVAS\SPA\NoorCanvas\NoorCanvas.csproj]
D:\PROJECTS\NOOR CANVAS\SPA\NoorCanvas\Services\DebugService.cs(407,1): warning SA1516: Elements should be separated by blank line (https://github.com/DotNetAnalyzers/StyleCopAnalyzers/blob/master/documentation/SA1516.md) [D:\PROJECTS\NOOR CANVAS\SPA\NoorCanvas\NoorCanvas.csproj]
D:\PROJECTS\NOOR CANVAS\SPA\NoorCanvas\Models\Session.cs(47,1): warning SA1516: Elements should be separated by blank line (https://github.com/DotNetAnalyzers/StyleCopAnalyzers/blob/master/documentation/SA1516.md) [D:\PROJECTS\NOOR CANVAS\SPA\NoorCanvas\NoorCanvas.csproj]
D:\PROJECTS\NOOR CANVAS\SPA\NoorCanvas\Models\Session.cs(48,1): warning SA1516: Elements should be separated by blank line (https://github.com/DotNetAnalyzers/StyleCopAnalyzers/blob/master/documentation/SA1516.md) [D:\PROJECTS\NOOR CANVAS\SPA\NoorCanvas\NoorCanvas.csproj]
D:\PROJECTS\NOOR CANVAS\SPA\NoorCanvas\Models\Session.cs(49,1): warning SA1516: Elements should be separated by blank line (https://github.com/DotNetAnalyzers/StyleCopAnalyzers/blob/master/documentation/SA1516.md) [D:\PROJECTS\NOOR CANVAS\SPA\NoorCanvas\NoorCanvas.csproj]
D:\PROJECTS\NOOR CANVAS\SPA\NoorCanvas\Models\Session.cs(50,1): warning SA1516: Elements should be separated by blank line (https://github.com/DotNetAnalyzers/StyleCopAnalyzers/blob/master/documentation/SA1516.md) [D:\PROJECTS\NOOR CANVAS\SPA\NoorCanvas\NoorCanvas.csproj]
D:\PROJECTS\NOOR CANVAS\SPA\NoorCanvas\Models\Session.cs(51,1): warning SA1516: Elements should be separated by blank line (https://github.com/DotNetAnalyzers/StyleCopAnalyzers/blob/master/documentation/SA1516.md) [D:\PROJECTS\NOOR CANVAS\SPA\NoorCanvas\NoorCanvas.csproj]
D:\PROJECTS\NOOR CANVAS\SPA\NoorCanvas\Models\Session.cs(52,1): warning SA1516: Elements should be separated by blank line (https://github.com/DotNetAnalyzers/StyleCopAnalyzers/blob/master/documentation/SA1516.md) [D:\PROJECTS\NOOR CANVAS\SPA\NoorCanvas\NoorCanvas.csproj]
D:\PROJECTS\NOOR CANVAS\SPA\NoorCanvas\Services\AssetDetectionService.cs(14,48): warning SA1309: Field '_context' should not begin with an underscore (https://github.com/DotNetAnalyzers/StyleCopAnalyzers/blob/master/documentation/SA1309.md) [D:\PROJECTS\NOOR CANVAS\SPA\NoorCanvas\NoorCanvas.csproj]
D:\PROJECTS\NOOR CANVAS\SPA\NoorCanvas\Hubs\SessionHub.cs(22,1): warning SA1028: Code should not contain trailing whitespace (https://github.com/DotNetAnalyzers/StyleCopAnalyzers/blob/master/documentation/SA1028.md) [D:\PROJECTS\NOOR CANVAS\SPA\NoorCanvas\NoorCanvas.csproj]
D:\PROJECTS\NOOR CANVAS\SPA\NoorCanvas\Hubs\SessionHub.cs(23,97): warning SA1028: Code should not contain trailing whitespace (https://github.com/DotNetAnalyzers/StyleCopAnalyzers/blob/master/documentation/SA1028.md) [D:\PROJECTS\NOOR CANVAS\SPA\NoorCanvas\NoorCanvas.csproj]
D:\PROJECTS\NOOR CANVAS\SPA\NoorCanvas\Hubs\SessionHub.cs(25,1): warning SA1028: Code should not contain trailing whitespace (https://github.com/DotNetAnalyzers/StyleCopAnalyzers/blob/master/documentation/SA1028.md) [D:\PROJECTS\NOOR CANVAS\SPA\NoorCanvas\NoorCanvas.csproj]
D:\PROJECTS\NOOR CANVAS\SPA\NoorCanvas\Hubs\SessionHub.cs(61,206): warning SA1028: Code should not contain trailing whitespace (https://github.com/DotNetAnalyzers/StyleCopAnalyzers/blob/master/documentation/SA1028.md) [D:\PROJECTS\NOOR CANVAS\SPA\NoorCanvas\NoorCanvas.csproj]
D:\PROJECTS\NOOR CANVAS\SPA\NoorCanvas\Hubs\SessionHub.cs(64,163): warning SA1028: Code should not contain trailing whitespace (https://github.com/DotNetAnalyzers/StyleCopAnalyzers/blob/master/documentation/SA1028.md) [D:\PROJECTS\NOOR CANVAS\SPA\NoorCanvas\NoorCanvas.csproj]
D:\PROJECTS\NOOR CANVAS\SPA\NoorCanvas\Hubs\SessionHub.cs(66,1): warning SA1028: Code should not contain trailing whitespace (https://github.com/DotNetAnalyzers/StyleCopAnalyzers/blob/master/documentation/SA1028.md) [D:\PROJECTS\NOOR CANVAS\SPA\NoorCanvas\NoorCanvas.csproj]
D:\PROJECTS\NOOR CANVAS\SPA\NoorCanvas\Hubs\SessionHub.cs(89,207): warning SA1028: Code should not contain trailing whitespace (https://github.com/DotNetAnalyzers/StyleCopAnalyzers/blob/master/documentation/SA1028.md) [D:\PROJECTS\NOOR CANVAS\SPA\NoorCanvas\NoorCanvas.csproj]
D:\PROJECTS\NOOR CANVAS\SPA\NoorCanvas\Hubs\SessionHub.cs(94,204): warning SA1028: Code should not contain trailing whitespace (https://github.com/DotNetAnalyzers/StyleCopAnalyzers/blob/master/documentation/SA1028.md) [D:\PROJECTS\NOOR CANVAS\SPA\NoorCanvas\NoorCanvas.csproj]
D:\PROJECTS\NOOR CANVAS\SPA\NoorCanvas\Hubs\SessionHub.cs(96,1): warning SA1028: Code should not contain trailing whitespace (https://github.com/DotNetAnalyzers/StyleCopAnalyzers/blob/master/documentation/SA1028.md) [D:\PROJECTS\NOOR CANVAS\SPA\NoorCanvas\NoorCanvas.csproj]
D:\PROJECTS\NOOR CANVAS\SPA\NoorCanvas\Hubs\SessionHub.cs(97,185): warning SA1028: Code should not contain trailing whitespace (https://github.com/DotNetAnalyzers/StyleCopAnalyzers/blob/master/documentation/SA1028.md) [D:\PROJECTS\NOOR CANVAS\SPA\NoorCanvas\NoorCanvas.csproj]
D:\PROJECTS\NOOR CANVAS\SPA\NoorCanvas\Hubs\SessionHub.cs(102,210): warning SA1028: Code should not contain trailing whitespace (https://github.com/DotNetAnalyzers/StyleCopAnalyzers/blob/master/documentation/SA1028.md) [D:\PROJECTS\NOOR CANVAS\SPA\NoorCanvas\NoorCanvas.csproj]
D:\PROJECTS\NOOR CANVAS\SPA\NoorCanvas\Hubs\SessionHub.cs(119,1): warning SA1028: Code should not contain trailing whitespace (https://github.com/DotNetAnalyzers/StyleCopAnalyzers/blob/master/documentation/SA1028.md) [D:\PROJECTS\NOOR CANVAS\SPA\NoorCanvas\NoorCanvas.csproj]
D:\PROJECTS\NOOR CANVAS\SPA\NoorCanvas\Hubs\SessionHub.cs(120,125): warning SA1028: Code should not contain trailing whitespace (https://github.com/DotNetAnalyzers/StyleCopAnalyzers/blob/master/documentation/SA1028.md) [D:\PROJECTS\NOOR CANVAS\SPA\NoorCanvas\NoorCanvas.csproj]
D:\PROJECTS\NOOR CANVAS\SPA\NoorCanvas\Hubs\SessionHub.cs(122,108): warning SA1028: Code should not contain trailing whitespace (https://github.com/DotNetAnalyzers/StyleCopAnalyzers/blob/master/documentation/SA1028.md) [D:\PROJECTS\NOOR CANVAS\SPA\NoorCanvas\NoorCanvas.csproj]
D:\PROJECTS\NOOR CANVAS\SPA\NoorCanvas\Hubs\SessionHub.cs(128,1): warning SA1028: Code should not contain trailing whitespace (https://github.com/DotNetAnalyzers/StyleCopAnalyzers/blob/master/documentation/SA1028.md) [D:\PROJECTS\NOOR CANVAS\SPA\NoorCanvas\NoorCanvas.csproj]
D:\PROJECTS\NOOR CANVAS\SPA\NoorCanvas\Hubs\SessionHub.cs(129,124): warning SA1028: Code should not contain trailing whitespace (https://github.com/DotNetAnalyzers/StyleCopAnalyzers/blob/master/documentation/SA1028.md) [D:\PROJECTS\NOOR CANVAS\SPA\NoorCanvas\NoorCanvas.csproj]
D:\PROJECTS\NOOR CANVAS\SPA\NoorCanvas\Hubs\SessionHub.cs(131,125): warning SA1028: Code should not contain trailing whitespace (https://github.com/DotNetAnalyzers/StyleCopAnalyzers/blob/master/documentation/SA1028.md) [D:\PROJECTS\NOOR CANVAS\SPA\NoorCanvas\NoorCanvas.csproj]
D:\PROJECTS\NOOR CANVAS\SPA\NoorCanvas\Hubs\SessionHub.cs(136,105): warning SA1028: Code should not contain trailing whitespace (https://github.com/DotNetAnalyzers/StyleCopAnalyzers/blob/master/documentation/SA1028.md) [D:\PROJECTS\NOOR CANVAS\SPA\NoorCanvas\NoorCanvas.csproj]
D:\PROJECTS\NOOR CANVAS\SPA\NoorCanvas\Hubs\SessionHub.cs(149,1): warning SA1028: Code should not contain trailing whitespace (https://github.com/DotNetAnalyzers/StyleCopAnalyzers/blob/master/documentation/SA1028.md) [D:\PROJECTS\NOOR CANVAS\SPA\NoorCanvas\NoorCanvas.csproj]
D:\PROJECTS\NOOR CANVAS\SPA\NoorCanvas\Hubs\SessionHub.cs(150,107): warning SA1028: Code should not contain trailing whitespace (https://github.com/DotNetAnalyzers/StyleCopAnalyzers/blob/master/documentation/SA1028.md) [D:\PROJECTS\NOOR CANVAS\SPA\NoorCanvas\NoorCanvas.csproj]
D:\PROJECTS\NOOR CANVAS\SPA\NoorCanvas\Hubs\SessionHub.cs(161,1): warning SA1028: Code should not contain trailing whitespace (https://github.com/DotNetAnalyzers/StyleCopAnalyzers/blob/master/documentation/SA1028.md) [D:\PROJECTS\NOOR CANVAS\SPA\NoorCanvas\NoorCanvas.csproj]
D:\PROJECTS\NOOR CANVAS\SPA\NoorCanvas\Hubs\SessionHub.cs(162,129): warning SA1028: Code should not contain trailing whitespace (https://github.com/DotNetAnalyzers/StyleCopAnalyzers/blob/master/documentation/SA1028.md) [D:\PROJECTS\NOOR CANVAS\SPA\NoorCanvas\NoorCanvas.csproj]
D:\PROJECTS\NOOR CANVAS\SPA\NoorCanvas\Hubs\SessionHub.cs(164,118): warning SA1028: Code should not contain trailing whitespace (https://github.com/DotNetAnalyzers/StyleCopAnalyzers/blob/master/documentation/SA1028.md) [D:\PROJECTS\NOOR CANVAS\SPA\NoorCanvas\NoorCanvas.csproj]
D:\PROJECTS\NOOR CANVAS\SPA\NoorCanvas\Hubs\SessionHub.cs(166,1): warning SA1028: Code should not contain trailing whitespace (https://github.com/DotNetAnalyzers/StyleCopAnalyzers/blob/master/documentation/SA1028.md) [D:\PROJECTS\NOOR CANVAS\SPA\NoorCanvas\NoorCanvas.csproj]
D:\PROJECTS\NOOR CANVAS\SPA\NoorCanvas\Hubs\SessionHub.cs(176,1): warning SA1028: Code should not contain trailing whitespace (https://github.com/DotNetAnalyzers/StyleCopAnalyzers/blob/master/documentation/SA1028.md) [D:\PROJECTS\NOOR CANVAS\SPA\NoorCanvas\NoorCanvas.csproj]
D:\PROJECTS\NOOR CANVAS\SPA\NoorCanvas\Hubs\SessionHub.cs(181,1): warning SA1028: Code should not contain trailing whitespace (https://github.com/DotNetAnalyzers/StyleCopAnalyzers/blob/master/documentation/SA1028.md) [D:\PROJECTS\NOOR CANVAS\SPA\NoorCanvas\NoorCanvas.csproj]
D:\PROJECTS\NOOR CANVAS\SPA\NoorCanvas\Hubs\SessionHub.cs(182,157): warning SA1028: Code should not contain trailing whitespace (https://github.com/DotNetAnalyzers/StyleCopAnalyzers/blob/master/documentation/SA1028.md) [D:\PROJECTS\NOOR CANVAS\SPA\NoorCanvas\NoorCanvas.csproj]
D:\PROJECTS\NOOR CANVAS\SPA\NoorCanvas\Hubs\SessionHub.cs(198,1): warning SA1028: Code should not contain trailing whitespace (https://github.com/DotNetAnalyzers/StyleCopAnalyzers/blob/master/documentation/SA1028.md) [D:\PROJECTS\NOOR CANVAS\SPA\NoorCanvas\NoorCanvas.csproj]
D:\PROJECTS\NOOR CANVAS\SPA\NoorCanvas\Hubs\SessionHub.cs(199,119): warning SA1028: Code should not contain trailing whitespace (https://github.com/DotNetAnalyzers/StyleCopAnalyzers/blob/master/documentation/SA1028.md) [D:\PROJECTS\NOOR CANVAS\SPA\NoorCanvas\NoorCanvas.csproj]
D:\PROJECTS\NOOR CANVAS\SPA\NoorCanvas\Hubs\SessionHub.cs(201,1): warning SA1028: Code should not contain trailing whitespace (https://github.com/DotNetAnalyzers/StyleCopAnalyzers/blob/master/documentation/SA1028.md) [D:\PROJECTS\NOOR CANVAS\SPA\NoorCanvas\NoorCanvas.csproj]
D:\PROJECTS\NOOR CANVAS\SPA\NoorCanvas\Hubs\SessionHub.cs(203,1): warning SA1028: Code should not contain trailing whitespace (https://github.com/DotNetAnalyzers/StyleCopAnalyzers/blob/master/documentation/SA1028.md) [D:\PROJECTS\NOOR CANVAS\SPA\NoorCanvas\NoorCanvas.csproj]
D:\PROJECTS\NOOR CANVAS\SPA\NoorCanvas\Hubs\SessionHub.cs(213,1): warning SA1028: Code should not contain trailing whitespace (https://github.com/DotNetAnalyzers/StyleCopAnalyzers/blob/master/documentation/SA1028.md) [D:\PROJECTS\NOOR CANVAS\SPA\NoorCanvas\NoorCanvas.csproj]
D:\PROJECTS\NOOR CANVAS\SPA\NoorCanvas\Hubs\SessionHub.cs(214,135): warning SA1028: Code should not contain trailing whitespace (https://github.com/DotNetAnalyzers/StyleCopAnalyzers/blob/master/documentation/SA1028.md) [D:\PROJECTS\NOOR CANVAS\SPA\NoorCanvas\NoorCanvas.csproj]
D:\PROJECTS\NOOR CANVAS\SPA\NoorCanvas\Hubs\SessionHub.cs(216,1): warning SA1028: Code should not contain trailing whitespace (https://github.com/DotNetAnalyzers/StyleCopAnalyzers/blob/master/documentation/SA1028.md) [D:\PROJECTS\NOOR CANVAS\SPA\NoorCanvas\NoorCanvas.csproj]
D:\PROJECTS\NOOR CANVAS\SPA\NoorCanvas\Hubs\SessionHub.cs(218,1): warning SA1028: Code should not contain trailing whitespace (https://github.com/DotNetAnalyzers/StyleCopAnalyzers/blob/master/documentation/SA1028.md) [D:\PROJECTS\NOOR CANVAS\SPA\NoorCanvas\NoorCanvas.csproj]
D:\PROJECTS\NOOR CANVAS\SPA\NoorCanvas\Hubs\SessionHub.cs(228,1): warning SA1028: Code should not contain trailing whitespace (https://github.com/DotNetAnalyzers/StyleCopAnalyzers/blob/master/documentation/SA1028.md) [D:\PROJECTS\NOOR CANVAS\SPA\NoorCanvas\NoorCanvas.csproj]
D:\PROJECTS\NOOR CANVAS\SPA\NoorCanvas\Hubs\SessionHub.cs(230,114): warning SA1028: Code should not contain trailing whitespace (https://github.com/DotNetAnalyzers/StyleCopAnalyzers/blob/master/documentation/SA1028.md) [D:\PROJECTS\NOOR CANVAS\SPA\NoorCanvas\NoorCanvas.csproj]
D:\PROJECTS\NOOR CANVAS\SPA\NoorCanvas\Hubs\SessionHub.cs(237,147): warning SA1028: Code should not contain trailing whitespace (https://github.com/DotNetAnalyzers/StyleCopAnalyzers/blob/master/documentation/SA1028.md) [D:\PROJECTS\NOOR CANVAS\SPA\NoorCanvas\NoorCanvas.csproj]
D:\PROJECTS\NOOR CANVAS\SPA\NoorCanvas\Hubs\SessionHub.cs(257,150): warning SA1028: Code should not contain trailing whitespace (https://github.com/DotNetAnalyzers/StyleCopAnalyzers/blob/master/documentation/SA1028.md) [D:\PROJECTS\NOOR CANVAS\SPA\NoorCanvas\NoorCanvas.csproj]
D:\PROJECTS\NOOR CANVAS\SPA\NoorCanvas\Hubs\SessionHub.cs(264,147): warning SA1028: Code should not contain trailing whitespace (https://github.com/DotNetAnalyzers/StyleCopAnalyzers/blob/master/documentation/SA1028.md) [D:\PROJECTS\NOOR CANVAS\SPA\NoorCanvas\NoorCanvas.csproj]
D:\PROJECTS\NOOR CANVAS\SPA\NoorCanvas\Hubs\SessionHub.cs(267,1): warning SA1028: Code should not contain trailing whitespace (https://github.com/DotNetAnalyzers/StyleCopAnalyzers/blob/master/documentation/SA1028.md) [D:\PROJECTS\NOOR CANVAS\SPA\NoorCanvas\NoorCanvas.csproj]
D:\PROJECTS\NOOR CANVAS\SPA\NoorCanvas\Hubs\SessionHub.cs(270,170): warning SA1028: Code should not contain trailing whitespace (https://github.com/DotNetAnalyzers/StyleCopAnalyzers/blob/master/documentation/SA1028.md) [D:\PROJECTS\NOOR CANVAS\SPA\NoorCanvas\NoorCanvas.csproj]
D:\PROJECTS\NOOR CANVAS\SPA\NoorCanvas\Hubs\SessionHub.cs(276,155): warning SA1028: Code should not contain trailing whitespace (https://github.com/DotNetAnalyzers/StyleCopAnalyzers/blob/master/documentation/SA1028.md) [D:\PROJECTS\NOOR CANVAS\SPA\NoorCanvas\NoorCanvas.csproj]
D:\PROJECTS\NOOR CANVAS\SPA\NoorCanvas\Hubs\SessionHub.cs(288,93): warning SA1028: Code should not contain trailing whitespace (https://github.com/DotNetAnalyzers/StyleCopAnalyzers/blob/master/documentation/SA1028.md) [D:\PROJECTS\NOOR CANVAS\SPA\NoorCanvas\NoorCanvas.csproj]
D:\PROJECTS\NOOR CANVAS\SPA\NoorCanvas\Hubs\SessionHub.cs(299,103): warning SA1028: Code should not contain trailing whitespace (https://github.com/DotNetAnalyzers/StyleCopAnalyzers/blob/master/documentation/SA1028.md) [D:\PROJECTS\NOOR CANVAS\SPA\NoorCanvas\NoorCanvas.csproj]
D:\PROJECTS\NOOR CANVAS\SPA\NoorCanvas\Hubs\SessionHub.cs(331,1): warning SA1028: Code should not contain trailing whitespace (https://github.com/DotNetAnalyzers/StyleCopAnalyzers/blob/master/documentation/SA1028.md) [D:\PROJECTS\NOOR CANVAS\SPA\NoorCanvas\NoorCanvas.csproj]
D:\PROJECTS\NOOR CANVAS\SPA\NoorCanvas\Hubs\SessionHub.cs(332,203): warning SA1028: Code should not contain trailing whitespace (https://github.com/DotNetAnalyzers/StyleCopAnalyzers/blob/master/documentation/SA1028.md) [D:\PROJECTS\NOOR CANVAS\SPA\NoorCanvas\NoorCanvas.csproj]
D:\PROJECTS\NOOR CANVAS\SPA\NoorCanvas\Hubs\SessionHub.cs(348,1): warning SA1028: Code should not contain trailing whitespace (https://github.com/DotNetAnalyzers/StyleCopAnalyzers/blob/master/documentation/SA1028.md) [D:\PROJECTS\NOOR CANVAS\SPA\NoorCanvas\NoorCanvas.csproj]
D:\PROJECTS\NOOR CANVAS\SPA\NoorCanvas\Hubs\SessionHub.cs(349,56): warning SA1028: Code should not contain trailing whitespace (https://github.com/DotNetAnalyzers/StyleCopAnalyzers/blob/master/documentation/SA1028.md) [D:\PROJECTS\NOOR CANVAS\SPA\NoorCanvas\NoorCanvas.csproj]
D:\PROJECTS\NOOR CANVAS\SPA\NoorCanvas\Hubs\SessionHub.cs(351,1): warning SA1028: Code should not contain trailing whitespace (https://github.com/DotNetAnalyzers/StyleCopAnalyzers/blob/master/documentation/SA1028.md) [D:\PROJECTS\NOOR CANVAS\SPA\NoorCanvas\NoorCanvas.csproj]
D:\PROJECTS\NOOR CANVAS\SPA\NoorCanvas\Hubs\SessionHub.cs(353,1): warning SA1028: Code should not contain trailing whitespace (https://github.com/DotNetAnalyzers/StyleCopAnalyzers/blob/master/documentation/SA1028.md) [D:\PROJECTS\NOOR CANVAS\SPA\NoorCanvas\NoorCanvas.csproj]
D:\PROJECTS\NOOR CANVAS\SPA\NoorCanvas\Hubs\SessionHub.cs(364,1): warning SA1028: Code should not contain trailing whitespace (https://github.com/DotNetAnalyzers/StyleCopAnalyzers/blob/master/documentation/SA1028.md) [D:\PROJECTS\NOOR CANVAS\SPA\NoorCanvas\NoorCanvas.csproj]
D:\PROJECTS\NOOR CANVAS\SPA\NoorCanvas\Hubs\SessionHub.cs(462,120): warning SA1028: Code should not contain trailing whitespace (https://github.com/DotNetAnalyzers/StyleCopAnalyzers/blob/master/documentation/SA1028.md) [D:\PROJECTS\NOOR CANVAS\SPA\NoorCanvas\NoorCanvas.csproj]
D:\PROJECTS\NOOR CANVAS\SPA\NoorCanvas\Hubs\SessionHub.cs(479,121): warning SA1028: Code should not contain trailing whitespace (https://github.com/DotNetAnalyzers/StyleCopAnalyzers/blob/master/documentation/SA1028.md) [D:\PROJECTS\NOOR CANVAS\SPA\NoorCanvas\NoorCanvas.csproj]
D:\PROJECTS\NOOR CANVAS\SPA\NoorCanvas\Hubs\TestHub.cs(1,1): warning SA1633: The file header is missing or not located at the top of the file. (https://github.com/DotNetAnalyzers/StyleCopAnalyzers/blob/master/documentation/SA1633.md) [D:\PROJECTS\NOOR CANVAS\SPA\NoorCanvas\NoorCanvas.csproj]
D:\PROJECTS\NOOR CANVAS\SPA\NoorCanvas\Services\Development\TestDataService.cs(10,51): warning SA1309: Field '_logger' should not begin with an underscore (https://github.com/DotNetAnalyzers/StyleCopAnalyzers/blob/master/documentation/SA1309.md) [D:\PROJECTS\NOOR CANVAS\SPA\NoorCanvas\NoorCanvas.csproj]
D:\PROJECTS\NOOR CANVAS\SPA\NoorCanvas\Services\Development\TestDataService.cs(9,33): warning SA1309: Field '_random' should not begin with an underscore (https://github.com/DotNetAnalyzers/StyleCopAnalyzers/blob/master/documentation/SA1309.md) [D:\PROJECTS\NOOR CANVAS\SPA\NoorCanvas\NoorCanvas.csproj]
D:\PROJECTS\NOOR CANVAS\SPA\NoorCanvas\Services\Development\TestDataService.cs(13,35): warning SA1309: Field '_superheroNames' should not begin with an underscore (https://github.com/DotNetAnalyzers/StyleCopAnalyzers/blob/master/documentation/SA1309.md) [D:\PROJECTS\NOOR CANVAS\SPA\NoorCanvas\NoorCanvas.csproj]
D:\PROJECTS\NOOR CANVAS\SPA\NoorCanvas\Services\Development\TestDataService.cs(28,35): warning SA1309: Field '_emailDomains' should not begin with an underscore (https://github.com/DotNetAnalyzers/StyleCopAnalyzers/blob/master/documentation/SA1309.md) [D:\PROJECTS\NOOR CANVAS\SPA\NoorCanvas\NoorCanvas.csproj]
D:\PROJECTS\NOOR CANVAS\SPA\NoorCanvas\Hubs\TestHub.cs(16,120): warning SA1028: Code should not contain trailing whitespace (https://github.com/DotNetAnalyzers/StyleCopAnalyzers/blob/master/documentation/SA1028.md) [D:\PROJECTS\NOOR CANVAS\SPA\NoorCanvas\NoorCanvas.csproj]
D:\PROJECTS\NOOR CANVAS\SPA\NoorCanvas\Hubs\TestHub.cs(34,1): warning SA1028: Code should not contain trailing whitespace (https://github.com/DotNetAnalyzers/StyleCopAnalyzers/blob/master/documentation/SA1028.md) [D:\PROJECTS\NOOR CANVAS\SPA\NoorCanvas\NoorCanvas.csproj]
D:\PROJECTS\NOOR CANVAS\SPA\NoorCanvas\Hubs\TestHub.cs(35,145): warning SA1028: Code should not contain trailing whitespace (https://github.com/DotNetAnalyzers/StyleCopAnalyzers/blob/master/documentation/SA1028.md) [D:\PROJECTS\NOOR CANVAS\SPA\NoorCanvas\NoorCanvas.csproj]
D:\PROJECTS\NOOR CANVAS\SPA\NoorCanvas\Hubs\TestHub.cs(41,1): warning SA1028: Code should not contain trailing whitespace (https://github.com/DotNetAnalyzers/StyleCopAnalyzers/blob/master/documentation/SA1028.md) [D:\PROJECTS\NOOR CANVAS\SPA\NoorCanvas\NoorCanvas.csproj]
D:\PROJECTS\NOOR CANVAS\SPA\NoorCanvas\Hubs\TestHub.cs(50,137): warning SA1028: Code should not contain trailing whitespace (https://github.com/DotNetAnalyzers/StyleCopAnalyzers/blob/master/documentation/SA1028.md) [D:\PROJECTS\NOOR CANVAS\SPA\NoorCanvas\NoorCanvas.csproj]
D:\PROJECTS\NOOR CANVAS\SPA\NoorCanvas\Hubs\TestHub.cs(60,7): warning SA1028: Code should not contain trailing whitespace (https://github.com/DotNetAnalyzers/StyleCopAnalyzers/blob/master/documentation/SA1028.md) [D:\PROJECTS\NOOR CANVAS\SPA\NoorCanvas\NoorCanvas.csproj]
D:\PROJECTS\NOOR CANVAS\SPA\NoorCanvas\Hubs\TestHub.cs(67,1): warning SA1028: Code should not contain trailing whitespace (https://github.com/DotNetAnalyzers/StyleCopAnalyzers/blob/master/documentation/SA1028.md) [D:\PROJECTS\NOOR CANVAS\SPA\NoorCanvas\NoorCanvas.csproj]
D:\PROJECTS\NOOR CANVAS\SPA\NoorCanvas\Hubs\TestHub.cs(68,186): warning SA1028: Code should not contain trailing whitespace (https://github.com/DotNetAnalyzers/StyleCopAnalyzers/blob/master/documentation/SA1028.md) [D:\PROJECTS\NOOR CANVAS\SPA\NoorCanvas\NoorCanvas.csproj]
D:\PROJECTS\NOOR CANVAS\SPA\NoorCanvas\Hubs\TestHub.cs(84,1): warning SA1028: Code should not contain trailing whitespace (https://github.com/DotNetAnalyzers/StyleCopAnalyzers/blob/master/documentation/SA1028.md) [D:\PROJECTS\NOOR CANVAS\SPA\NoorCanvas\NoorCanvas.csproj]
D:\PROJECTS\NOOR CANVAS\SPA\NoorCanvas\Hubs\TestHub.cs(85,149): warning SA1028: Code should not contain trailing whitespace (https://github.com/DotNetAnalyzers/StyleCopAnalyzers/blob/master/documentation/SA1028.md) [D:\PROJECTS\NOOR CANVAS\SPA\NoorCanvas\NoorCanvas.csproj]
D:\PROJECTS\NOOR CANVAS\SPA\NoorCanvas\Hubs\TestHub.cs(97,132): warning SA1028: Code should not contain trailing whitespace (https://github.com/DotNetAnalyzers/StyleCopAnalyzers/blob/master/documentation/SA1028.md) [D:\PROJECTS\NOOR CANVAS\SPA\NoorCanvas\NoorCanvas.csproj]
D:\PROJECTS\NOOR CANVAS\SPA\NoorCanvas\Hubs\TestHub.cs(110,113): warning SA1028: Code should not contain trailing whitespace (https://github.com/DotNetAnalyzers/StyleCopAnalyzers/blob/master/documentation/SA1028.md) [D:\PROJECTS\NOOR CANVAS\SPA\NoorCanvas\NoorCanvas.csproj]
D:\PROJECTS\NOOR CANVAS\SPA\NoorCanvas\Middleware\DebugMiddleware.cs(1,1): warning SA1633: The file header is missing or not located at the top of the file. (https://github.com/DotNetAnalyzers/StyleCopAnalyzers/blob/master/documentation/SA1633.md) [D:\PROJECTS\NOOR CANVAS\SPA\NoorCanvas\NoorCanvas.csproj]
D:\PROJECTS\NOOR CANVAS\SPA\NoorCanvas\Middleware\DebugMiddleware.cs(94,25): warning SA1402: File may only contain a single type (https://github.com/DotNetAnalyzers/StyleCopAnalyzers/blob/master/documentation/SA1402.md) [D:\PROJECTS\NOOR CANVAS\SPA\NoorCanvas\NoorCanvas.csproj]
D:\PROJECTS\NOOR CANVAS\SPA\NoorCanvas\Services\DebugService.cs(359,39): warning SA1309: Field '_debugService' should not begin with an underscore (https://github.com/DotNetAnalyzers/StyleCopAnalyzers/blob/master/documentation/SA1309.md) [D:\PROJECTS\NOOR CANVAS\SPA\NoorCanvas\NoorCanvas.csproj]
D:\PROJECTS\NOOR CANVAS\SPA\NoorCanvas\Models\Simplified\AssetLookup.cs(24,16): warning SA1133: Each attribute should be placed in its own set of square brackets (https://github.com/DotNetAnalyzers/StyleCopAnalyzers/blob/master/documentation/SA1133.md) [D:\PROJECTS\NOOR CANVAS\SPA\NoorCanvas\NoorCanvas.csproj]
D:\PROJECTS\NOOR CANVAS\SPA\NoorCanvas\Models\Simplified\AssetLookup.cs(30,16): warning SA1133: Each attribute should be placed in its own set of square brackets (https://github.com/DotNetAnalyzers/StyleCopAnalyzers/blob/master/documentation/SA1133.md) [D:\PROJECTS\NOOR CANVAS\SPA\NoorCanvas\NoorCanvas.csproj]
D:\PROJECTS\NOOR CANVAS\SPA\NoorCanvas\Services\DialogService.cs(11,44): warning SA1309: Field '_pendingOperations' should not begin with an underscore (https://github.com/DotNetAnalyzers/StyleCopAnalyzers/blob/master/documentation/SA1309.md) [D:\PROJECTS\NOOR CANVAS\SPA\NoorCanvas\NoorCanvas.csproj]
D:\PROJECTS\NOOR CANVAS\SPA\NoorCanvas\Migrations\20250920121452_AddEmailToParticipants.cs(1,1): warning SA1633: The file header is missing or not located at the top of the file. (https://github.com/DotNetAnalyzers/StyleCopAnalyzers/blob/master/documentation/SA1633.md) [D:\PROJECTS\NOOR CANVAS\SPA\NoorCanvas\NoorCanvas.csproj]
D:\PROJECTS\NOOR CANVAS\SPA\NoorCanvas\Services\DialogService.cs(12,30): warning SA1309: Field '_alertDialog' should not begin with an underscore (https://github.com/DotNetAnalyzers/StyleCopAnalyzers/blob/master/documentation/SA1309.md) [D:\PROJECTS\NOOR CANVAS\SPA\NoorCanvas\NoorCanvas.csproj]
D:\PROJECTS\NOOR CANVAS\SPA\NoorCanvas\Services\DialogService.cs(13,32): warning SA1309: Field '_confirmDialog' should not begin with an underscore (https://github.com/DotNetAnalyzers/StyleCopAnalyzers/blob/master/documentation/SA1309.md) [D:\PROJECTS\NOOR CANVAS\SPA\NoorCanvas\NoorCanvas.csproj]
D:\PROJECTS\NOOR CANVAS\SPA\NoorCanvas\Models\Simplified\Participant.cs(36,1): warning SA1516: Elements should be separated by blank line (https://github.com/DotNetAnalyzers/StyleCopAnalyzers/blob/master/documentation/SA1516.md) [D:\PROJECTS\NOOR CANVAS\SPA\NoorCanvas\NoorCanvas.csproj]
D:\PROJECTS\NOOR CANVAS\SPA\NoorCanvas\Models\KSessionsModels.cs(175,1): warning SA1516: Elements should be separated by blank line (https://github.com/DotNetAnalyzers/StyleCopAnalyzers/blob/master/documentation/SA1516.md) [D:\PROJECTS\NOOR CANVAS\SPA\NoorCanvas\NoorCanvas.csproj]
D:\PROJECTS\NOOR CANVAS\SPA\NoorCanvas\Migrations\20250920121756_InitialMigrationWithEmail.cs(1,1): warning SA1633: The file header is missing or not located at the top of the file. (https://github.com/DotNetAnalyzers/StyleCopAnalyzers/blob/master/documentation/SA1633.md) [D:\PROJECTS\NOOR CANVAS\SPA\NoorCanvas\NoorCanvas.csproj]
D:\PROJECTS\NOOR CANVAS\SPA\NoorCanvas\Migrations\20250920222544_AddAssetLookupTable.cs(1,1): warning SA1633: The file header is missing or not located at the top of the file. (https://github.com/DotNetAnalyzers/StyleCopAnalyzers/blob/master/documentation/SA1633.md) [D:\PROJECTS\NOOR CANVAS\SPA\NoorCanvas\NoorCanvas.csproj]
D:\PROJECTS\NOOR CANVAS\SPA\NoorCanvas\Services\HtmlParsingService.cs(12,54): warning SA1309: Field '_logger' should not begin with an underscore (https://github.com/DotNetAnalyzers/StyleCopAnalyzers/blob/master/documentation/SA1309.md) [D:\PROJECTS\NOOR CANVAS\SPA\NoorCanvas\NoorCanvas.csproj]
D:\PROJECTS\NOOR CANVAS\SPA\NoorCanvas\Migrations\20250923225435_RemoveUnusedTokenColumnsCleanup.cs(1,1): warning SA1633: The file header is missing or not located at the top of the file. (https://github.com/DotNetAnalyzers/StyleCopAnalyzers/blob/master/documentation/SA1633.md) [D:\PROJECTS\NOOR CANVAS\SPA\NoorCanvas\NoorCanvas.csproj]
D:\PROJECTS\NOOR CANVAS\SPA\NoorCanvas\Migrations\20250924140533_RemoveSessionDescriptionColumn.cs(1,1): warning SA1633: The file header is missing or not located at the top of the file. (https://github.com/DotNetAnalyzers/StyleCopAnalyzers/blob/master/documentation/SA1633.md) [D:\PROJECTS\NOOR CANVAS\SPA\NoorCanvas\NoorCanvas.csproj]
D:\PROJECTS\NOOR CANVAS\SPA\NoorCanvas\Services\HtmlParsingService.cs(267,1): warning SA1516: Elements should be separated by blank line (https://github.com/DotNetAnalyzers/StyleCopAnalyzers/blob/master/documentation/SA1516.md) [D:\PROJECTS\NOOR CANVAS\SPA\NoorCanvas\NoorCanvas.csproj]
D:\PROJECTS\NOOR CANVAS\SPA\NoorCanvas\Services\HtmlParsingService.cs(268,1): warning SA1516: Elements should be separated by blank line (https://github.com/DotNetAnalyzers/StyleCopAnalyzers/blob/master/documentation/SA1516.md) [D:\PROJECTS\NOOR CANVAS\SPA\NoorCanvas\NoorCanvas.csproj]
D:\PROJECTS\NOOR CANVAS\SPA\NoorCanvas\Services\HtmlParsingService.cs(269,1): warning SA1516: Elements should be separated by blank line (https://github.com/DotNetAnalyzers/StyleCopAnalyzers/blob/master/documentation/SA1516.md) [D:\PROJECTS\NOOR CANVAS\SPA\NoorCanvas\NoorCanvas.csproj]
D:\PROJECTS\NOOR CANVAS\SPA\NoorCanvas\Migrations\20250924142435_RemoveSessionTitleColumn.cs(1,1): warning SA1633: The file header is missing or not located at the top of the file. (https://github.com/DotNetAnalyzers/StyleCopAnalyzers/blob/master/documentation/SA1633.md) [D:\PROJECTS\NOOR CANVAS\SPA\NoorCanvas\NoorCanvas.csproj]
D:\PROJECTS\NOOR CANVAS\SPA\NoorCanvas\Migrations\20250925102627_Remove_HostAuthToken.cs(1,1): warning SA1633: The file header is missing or not located at the top of the file. (https://github.com/DotNetAnalyzers/StyleCopAnalyzers/blob/master/documentation/SA1633.md) [D:\PROJECTS\NOOR CANVAS\SPA\NoorCanvas\NoorCanvas.csproj]
D:\PROJECTS\NOOR CANVAS\SPA\NoorCanvas\Services\HtmlParsingService.cs(306,1): warning SA1516: Elements should be separated by blank line (https://github.com/DotNetAnalyzers/StyleCopAnalyzers/blob/master/documentation/SA1516.md) [D:\PROJECTS\NOOR CANVAS\SPA\NoorCanvas\NoorCanvas.csproj]
D:\PROJECTS\NOOR CANVAS\SPA\NoorCanvas\Services\HtmlParsingService.cs(307,1): warning SA1516: Elements should be separated by blank line (https://github.com/DotNetAnalyzers/StyleCopAnalyzers/blob/master/documentation/SA1516.md) [D:\PROJECTS\NOOR CANVAS\SPA\NoorCanvas\NoorCanvas.csproj]
D:\PROJECTS\NOOR CANVAS\SPA\NoorCanvas\Models\AdminSession.cs(1,1): warning SA1633: The file header is missing or not located at the top of the file. (https://github.com/DotNetAnalyzers/StyleCopAnalyzers/blob/master/documentation/SA1633.md) [D:\PROJECTS\NOOR CANVAS\SPA\NoorCanvas\NoorCanvas.csproj]
D:\PROJECTS\NOOR CANVAS\SPA\NoorCanvas\Models\Annotation.cs(1,1): warning SA1633: The file header is missing or not located at the top of the file. (https://github.com/DotNetAnalyzers/StyleCopAnalyzers/blob/master/documentation/SA1633.md) [D:\PROJECTS\NOOR CANVAS\SPA\NoorCanvas\NoorCanvas.csproj]
D:\PROJECTS\NOOR CANVAS\SPA\NoorCanvas\Models\AuditLog.cs(1,1): warning SA1633: The file header is missing or not located at the top of the file. (https://github.com/DotNetAnalyzers/StyleCopAnalyzers/blob/master/documentation/SA1633.md) [D:\PROJECTS\NOOR CANVAS\SPA\NoorCanvas\NoorCanvas.csproj]
D:\PROJECTS\NOOR CANVAS\SPA\NoorCanvas\Services\HtmlParsingService.cs(15,39): warning SA1204: Static members should appear before non-static members (https://github.com/DotNetAnalyzers/StyleCopAnalyzers/blob/master/documentation/SA1204.md) [D:\PROJECTS\NOOR CANVAS\SPA\NoorCanvas\NoorCanvas.csproj]
D:\PROJECTS\NOOR CANVAS\SPA\NoorCanvas\Models\Debug\DebugModels.cs(1,1): warning SA1633: The file header is missing or not located at the top of the file. (https://github.com/DotNetAnalyzers/StyleCopAnalyzers/blob/master/documentation/SA1633.md) [D:\PROJECTS\NOOR CANVAS\SPA\NoorCanvas\NoorCanvas.csproj]
D:\PROJECTS\NOOR CANVAS\SPA\NoorCanvas\Models\Debug\DebugModels.cs(8,22): warning SA1649: File name should match first type name (https://github.com/DotNetAnalyzers/StyleCopAnalyzers/blob/master/documentation/SA1649.md) [D:\PROJECTS\NOOR CANVAS\SPA\NoorCanvas\NoorCanvas.csproj]
D:\PROJECTS\NOOR CANVAS\SPA\NoorCanvas\Models\Debug\DebugModels.cs(28,18): warning SA1402: File may only contain a single type (https://github.com/DotNetAnalyzers/StyleCopAnalyzers/blob/master/documentation/SA1402.md) [D:\PROJECTS\NOOR CANVAS\SPA\NoorCanvas\NoorCanvas.csproj]
D:\PROJECTS\NOOR CANVAS\SPA\NoorCanvas\Services\FlagService.cs(7,37): warning SA1309: Field '_jsRuntime' should not begin with an underscore (https://github.com/DotNetAnalyzers/StyleCopAnalyzers/blob/master/documentation/SA1309.md) [D:\PROJECTS\NOOR CANVAS\SPA\NoorCanvas\NoorCanvas.csproj]
D:\PROJECTS\NOOR CANVAS\SPA\NoorCanvas\Services\FlagService.cs(8,47): warning SA1309: Field '_logger' should not begin with an underscore (https://github.com/DotNetAnalyzers/StyleCopAnalyzers/blob/master/documentation/SA1309.md) [D:\PROJECTS\NOOR CANVAS\SPA\NoorCanvas\NoorCanvas.csproj]
D:\PROJECTS\NOOR CANVAS\SPA\NoorCanvas\Models\HostSession.cs(1,1): warning SA1633: The file header is missing or not located at the top of the file. (https://github.com/DotNetAnalyzers/StyleCopAnalyzers/blob/master/documentation/SA1633.md) [D:\PROJECTS\NOOR CANVAS\SPA\NoorCanvas\NoorCanvas.csproj]
D:\PROJECTS\NOOR CANVAS\SPA\NoorCanvas\Services\FlagService.cs(11,39): warning SA1309: Field '_flagCdnUrls' should not begin with an underscore (https://github.com/DotNetAnalyzers/StyleCopAnalyzers/blob/master/documentation/SA1309.md) [D:\PROJECTS\NOOR CANVAS\SPA\NoorCanvas\NoorCanvas.csproj]
D:\PROJECTS\NOOR CANVAS\SPA\NoorCanvas\Models\Issue.cs(1,1): warning SA1633: The file header is missing or not located at the top of the file. (https://github.com/DotNetAnalyzers/StyleCopAnalyzers/blob/master/documentation/SA1633.md) [D:\PROJECTS\NOOR CANVAS\SPA\NoorCanvas\NoorCanvas.csproj]
D:\PROJECTS\NOOR CANVAS\SPA\NoorCanvas\Services\SafeHtmlRenderingService.cs(14,60): warning SA1309: Field '_logger' should not begin with an underscore (https://github.com/DotNetAnalyzers/StyleCopAnalyzers/blob/master/documentation/SA1309.md) [D:\PROJECTS\NOOR CANVAS\SPA\NoorCanvas\NoorCanvas.csproj]
D:\PROJECTS\NOOR CANVAS\SPA\NoorCanvas\Models\KSessionsModels.cs(1,1): warning SA1633: The file header is missing or not located at the top of the file. (https://github.com/DotNetAnalyzers/StyleCopAnalyzers/blob/master/documentation/SA1633.md) [D:\PROJECTS\NOOR CANVAS\SPA\NoorCanvas\NoorCanvas.csproj]
D:\PROJECTS\NOOR CANVAS\SPA\NoorCanvas\Models\KSessionsModels.cs(11,18): warning SA1649: File name should match first type name (https://github.com/DotNetAnalyzers/StyleCopAnalyzers/blob/master/documentation/SA1649.md) [D:\PROJECTS\NOOR CANVAS\SPA\NoorCanvas\NoorCanvas.csproj]
D:\PROJECTS\NOOR CANVAS\SPA\NoorCanvas\Models\Question.cs(39,1): warning SA1516: Elements should be separated by blank line (https://github.com/DotNetAnalyzers/StyleCopAnalyzers/blob/master/documentation/SA1516.md) [D:\PROJECTS\NOOR CANVAS\SPA\NoorCanvas\NoorCanvas.csproj]
D:\PROJECTS\NOOR CANVAS\SPA\NoorCanvas\Models\KSessionsModels.cs(56,18): warning SA1402: File may only contain a single type (https://github.com/DotNetAnalyzers/StyleCopAnalyzers/blob/master/documentation/SA1402.md) [D:\PROJECTS\NOOR CANVAS\SPA\NoorCanvas\NoorCanvas.csproj]
D:\PROJECTS\NOOR CANVAS\SPA\NoorCanvas\Models\KSessionsModels.cs(93,18): warning SA1402: File may only contain a single type (https://github.com/DotNetAnalyzers/StyleCopAnalyzers/blob/master/documentation/SA1402.md) [D:\PROJECTS\NOOR CANVAS\SPA\NoorCanvas\NoorCanvas.csproj]
D:\PROJECTS\NOOR CANVAS\SPA\NoorCanvas\Models\KSessionsModels.cs(163,18): warning SA1402: File may only contain a single type (https://github.com/DotNetAnalyzers/StyleCopAnalyzers/blob/master/documentation/SA1402.md) [D:\PROJECTS\NOOR CANVAS\SPA\NoorCanvas\NoorCanvas.csproj]
D:\PROJECTS\NOOR CANVAS\SPA\NoorCanvas\Services\FlagService.cs(83,23): warning SA1202: 'public' members should come before 'private' members (https://github.com/DotNetAnalyzers/StyleCopAnalyzers/blob/master/documentation/SA1202.md) [D:\PROJECTS\NOOR CANVAS\SPA\NoorCanvas\NoorCanvas.csproj]
D:\PROJECTS\NOOR CANVAS\SPA\NoorCanvas\Services\SessionStateService.cs(12,55): warning SA1309: Field '_logger' should not begin with an underscore (https://github.com/DotNetAnalyzers/StyleCopAnalyzers/blob/master/documentation/SA1309.md) [D:\PROJECTS\NOOR CANVAS\SPA\NoorCanvas\NoorCanvas.csproj]
D:\PROJECTS\NOOR CANVAS\SPA\NoorCanvas\Services\SessionStateService.cs(14,30): warning SA1310: Field 'SESSION_STATE_KEY' should not contain an underscore (https://github.com/DotNetAnalyzers/StyleCopAnalyzers/blob/master/documentation/SA1310.md) [D:\PROJECTS\NOOR CANVAS\SPA\NoorCanvas\NoorCanvas.csproj]
D:\PROJECTS\NOOR CANVAS\SPA\NoorCanvas\Services\SessionStateService.cs(15,30): warning SA1310: Field 'HOST_SESSION_KEY' should not contain an underscore (https://github.com/DotNetAnalyzers/StyleCopAnalyzers/blob/master/documentation/SA1310.md) [D:\PROJECTS\NOOR CANVAS\SPA\NoorCanvas\NoorCanvas.csproj]
D:\PROJECTS\NOOR CANVAS\SPA\NoorCanvas\Services\SessionStateService.cs(45,33): warning SA1201: A method should not follow a class (https://github.com/DotNetAnalyzers/StyleCopAnalyzers/blob/master/documentation/SA1201.md) [D:\PROJECTS\NOOR CANVAS\SPA\NoorCanvas\NoorCanvas.csproj]
D:\PROJECTS\NOOR CANVAS\SPA\NoorCanvas\Services\SessionStateService.cs(14,30): warning SA1203: Constant fields should appear before non-constant fields (https://github.com/DotNetAnalyzers/StyleCopAnalyzers/blob/master/documentation/SA1203.md) [D:\PROJECTS\NOOR CANVAS\SPA\NoorCanvas\NoorCanvas.csproj]
D:\PROJECTS\NOOR CANVAS\SPA\NoorCanvas\Services\SessionStateService.cs(29,1): warning SA1516: Elements should be separated by blank line (https://github.com/DotNetAnalyzers/StyleCopAnalyzers/blob/master/documentation/SA1516.md) [D:\PROJECTS\NOOR CANVAS\SPA\NoorCanvas\NoorCanvas.csproj]
D:\PROJECTS\NOOR CANVAS\SPA\NoorCanvas\Services\SessionStateService.cs(30,1): warning SA1516: Elements should be separated by blank line (https://github.com/DotNetAnalyzers/StyleCopAnalyzers/blob/master/documentation/SA1516.md) [D:\PROJECTS\NOOR CANVAS\SPA\NoorCanvas\NoorCanvas.csproj]
D:\PROJECTS\NOOR CANVAS\SPA\NoorCanvas\Services\SessionStateService.cs(31,1): warning SA1516: Elements should be separated by blank line (https://github.com/DotNetAnalyzers/StyleCopAnalyzers/blob/master/documentation/SA1516.md) [D:\PROJECTS\NOOR CANVAS\SPA\NoorCanvas\NoorCanvas.csproj]
D:\PROJECTS\NOOR CANVAS\SPA\NoorCanvas\Services\SessionStateService.cs(32,1): warning SA1516: Elements should be separated by blank line (https://github.com/DotNetAnalyzers/StyleCopAnalyzers/blob/master/documentation/SA1516.md) [D:\PROJECTS\NOOR CANVAS\SPA\NoorCanvas\NoorCanvas.csproj]
D:\PROJECTS\NOOR CANVAS\SPA\NoorCanvas\Services\SessionStateService.cs(33,1): warning SA1516: Elements should be separated by blank line (https://github.com/DotNetAnalyzers/StyleCopAnalyzers/blob/master/documentation/SA1516.md) [D:\PROJECTS\NOOR CANVAS\SPA\NoorCanvas\NoorCanvas.csproj]
D:\PROJECTS\NOOR CANVAS\SPA\NoorCanvas\Services\SessionStateService.cs(34,1): warning SA1516: Elements should be separated by blank line (https://github.com/DotNetAnalyzers/StyleCopAnalyzers/blob/master/documentation/SA1516.md) [D:\PROJECTS\NOOR CANVAS\SPA\NoorCanvas\NoorCanvas.csproj]
D:\PROJECTS\NOOR CANVAS\SPA\NoorCanvas\Services\SessionStateService.cs(35,1): warning SA1516: Elements should be separated by blank line (https://github.com/DotNetAnalyzers/StyleCopAnalyzers/blob/master/documentation/SA1516.md) [D:\PROJECTS\NOOR CANVAS\SPA\NoorCanvas\NoorCanvas.csproj]
D:\PROJECTS\NOOR CANVAS\SPA\NoorCanvas\Services\SessionStateService.cs(36,1): warning SA1516: Elements should be separated by blank line (https://github.com/DotNetAnalyzers/StyleCopAnalyzers/blob/master/documentation/SA1516.md) [D:\PROJECTS\NOOR CANVAS\SPA\NoorCanvas\NoorCanvas.csproj]
D:\PROJECTS\NOOR CANVAS\SPA\NoorCanvas\Models\KSESSIONS\KSessionsCountry.cs(1,1): warning SA1633: The file header is missing or not located at the top of the file. (https://github.com/DotNetAnalyzers/StyleCopAnalyzers/blob/master/documentation/SA1633.md) [D:\PROJECTS\NOOR CANVAS\SPA\NoorCanvas\NoorCanvas.csproj]
D:\PROJECTS\NOOR CANVAS\SPA\NoorCanvas\Services\SecureTokenService.cs(12,23): warning SA1310: Field 'TOKEN_LENGTH' should not contain an underscore (https://github.com/DotNetAnalyzers/StyleCopAnalyzers/blob/master/documentation/SA1310.md) [D:\PROJECTS\NOOR CANVAS\SPA\NoorCanvas\NoorCanvas.csproj]
D:\PROJECTS\NOOR CANVAS\SPA\NoorCanvas\Models\KSESSIONS\KSessionsCountry.cs(25,1): warning SA1028: Code should not contain trailing whitespace (https://github.com/DotNetAnalyzers/StyleCopAnalyzers/blob/master/documentation/SA1028.md) [D:\PROJECTS\NOOR CANVAS\SPA\NoorCanvas\NoorCanvas.csproj]
D:\PROJECTS\NOOR CANVAS\SPA\NoorCanvas\Models\KSESSIONS\KSessionsSessionTranscript.cs(1,1): warning SA1633: The file header is missing or not located at the top of the file. (https://github.com/DotNetAnalyzers/StyleCopAnalyzers/blob/master/documentation/SA1633.md) [D:\PROJECTS\NOOR CANVAS\SPA\NoorCanvas\NoorCanvas.csproj]
D:\PROJECTS\NOOR CANVAS\SPA\NoorCanvas\Services\SecureTokenService.cs(13,38): warning SA1309: Field '_context' should not begin with an underscore (https://github.com/DotNetAnalyzers/StyleCopAnalyzers/blob/master/documentation/SA1309.md) [D:\PROJECTS\NOOR CANVAS\SPA\NoorCanvas\NoorCanvas.csproj]
D:\PROJECTS\NOOR CANVAS\SPA\NoorCanvas\Services\SecureTokenService.cs(14,50): warning SA1309: Field '_logger' should not begin with an underscore (https://github.com/DotNetAnalyzers/StyleCopAnalyzers/blob/master/documentation/SA1309.md) [D:\PROJECTS\NOOR CANVAS\SPA\NoorCanvas\NoorCanvas.csproj]
D:\PROJECTS\NOOR CANVAS\SPA\NoorCanvas\Models\Question.cs(1,1): warning SA1633: The file header is missing or not located at the top of the file. (https://github.com/DotNetAnalyzers/StyleCopAnalyzers/blob/master/documentation/SA1633.md) [D:\PROJECTS\NOOR CANVAS\SPA\NoorCanvas\NoorCanvas.csproj]
D:\PROJECTS\NOOR CANVAS\SPA\NoorCanvas\Models\Simplified\Session.cs(40,1): warning SA1516: Elements should be separated by blank line (https://github.com/DotNetAnalyzers/StyleCopAnalyzers/blob/master/documentation/SA1516.md) [D:\PROJECTS\NOOR CANVAS\SPA\NoorCanvas\NoorCanvas.csproj]
D:\PROJECTS\NOOR CANVAS\SPA\NoorCanvas\Models\Simplified\Session.cs(48,1): warning SA1516: Elements should be separated by blank line (https://github.com/DotNetAnalyzers/StyleCopAnalyzers/blob/master/documentation/SA1516.md) [D:\PROJECTS\NOOR CANVAS\SPA\NoorCanvas\NoorCanvas.csproj]
D:\PROJECTS\NOOR CANVAS\SPA\NoorCanvas\Models\Simplified\Session.cs(49,1): warning SA1516: Elements should be separated by blank line (https://github.com/DotNetAnalyzers/StyleCopAnalyzers/blob/master/documentation/SA1516.md) [D:\PROJECTS\NOOR CANVAS\SPA\NoorCanvas\NoorCanvas.csproj]
D:\PROJECTS\NOOR CANVAS\SPA\NoorCanvas\Models\Simplified\Session.cs(50,1): warning SA1516: Elements should be separated by blank line (https://github.com/DotNetAnalyzers/StyleCopAnalyzers/blob/master/documentation/SA1516.md) [D:\PROJECTS\NOOR CANVAS\SPA\NoorCanvas\NoorCanvas.csproj]
D:\PROJECTS\NOOR CANVAS\SPA\NoorCanvas\Models\Simplified\Session.cs(51,1): warning SA1516: Elements should be separated by blank line (https://github.com/DotNetAnalyzers/StyleCopAnalyzers/blob/master/documentation/SA1516.md) [D:\PROJECTS\NOOR CANVAS\SPA\NoorCanvas\NoorCanvas.csproj]
D:\PROJECTS\NOOR CANVAS\SPA\NoorCanvas\Models\Simplified\Session.cs(61,1): warning SA1516: Elements should be separated by blank line (https://github.com/DotNetAnalyzers/StyleCopAnalyzers/blob/master/documentation/SA1516.md) [D:\PROJECTS\NOOR CANVAS\SPA\NoorCanvas\NoorCanvas.csproj]
D:\PROJECTS\NOOR CANVAS\SPA\NoorCanvas\Models\QuestionAnswer.cs(1,1): warning SA1633: The file header is missing or not located at the top of the file. (https://github.com/DotNetAnalyzers/StyleCopAnalyzers/blob/master/documentation/SA1633.md) [D:\PROJECTS\NOOR CANVAS\SPA\NoorCanvas\NoorCanvas.csproj]
D:\PROJECTS\NOOR CANVAS\SPA\NoorCanvas\Services\SafeHtmlRenderingService.cs(165,42): warning SA1202: 'public' members should come before 'private' members (https://github.com/DotNetAnalyzers/StyleCopAnalyzers/blob/master/documentation/SA1202.md) [D:\PROJECTS\NOOR CANVAS\SPA\NoorCanvas\NoorCanvas.csproj]
D:\PROJECTS\NOOR CANVAS\SPA\NoorCanvas\Models\QuestionVote.cs(1,1): warning SA1633: The file header is missing or not located at the top of the file. (https://github.com/DotNetAnalyzers/StyleCopAnalyzers/blob/master/documentation/SA1633.md) [D:\PROJECTS\NOOR CANVAS\SPA\NoorCanvas\NoorCanvas.csproj]
D:\PROJECTS\NOOR CANVAS\SPA\NoorCanvas\Models\Simplified\Session.cs(22,16): warning SA1133: Each attribute should be placed in its own set of square brackets (https://github.com/DotNetAnalyzers/StyleCopAnalyzers/blob/master/documentation/SA1133.md) [D:\PROJECTS\NOOR CANVAS\SPA\NoorCanvas\NoorCanvas.csproj]
D:\PROJECTS\NOOR CANVAS\SPA\NoorCanvas\Models\Simplified\Session.cs(25,16): warning SA1133: Each attribute should be placed in its own set of square brackets (https://github.com/DotNetAnalyzers/StyleCopAnalyzers/blob/master/documentation/SA1133.md) [D:\PROJECTS\NOOR CANVAS\SPA\NoorCanvas\NoorCanvas.csproj]
D:\PROJECTS\NOOR CANVAS\SPA\NoorCanvas\Models\Registration.cs(1,1): warning SA1633: The file header is missing or not located at the top of the file. (https://github.com/DotNetAnalyzers/StyleCopAnalyzers/blob/master/documentation/SA1633.md) [D:\PROJECTS\NOOR CANVAS\SPA\NoorCanvas\NoorCanvas.csproj]
D:\PROJECTS\NOOR CANVAS\SPA\NoorCanvas\Models\SecureToken.cs(1,1): warning SA1633: The file header is missing or not located at the top of the file. (https://github.com/DotNetAnalyzers/StyleCopAnalyzers/blob/master/documentation/SA1633.md) [D:\PROJECTS\NOOR CANVAS\SPA\NoorCanvas\NoorCanvas.csproj]
D:\PROJECTS\NOOR CANVAS\SPA\NoorCanvas\Models\Session.cs(1,1): warning SA1633: The file header is missing or not located at the top of the file. (https://github.com/DotNetAnalyzers/StyleCopAnalyzers/blob/master/documentation/SA1633.md) [D:\PROJECTS\NOOR CANVAS\SPA\NoorCanvas\NoorCanvas.csproj]
D:\PROJECTS\NOOR CANVAS\SPA\NoorCanvas\Models\Session.cs(20,5): warning SA1512: Single-line comments should not be followed by blank line (https://github.com/DotNetAnalyzers/StyleCopAnalyzers/blob/master/documentation/SA1512.md) [D:\PROJECTS\NOOR CANVAS\SPA\NoorCanvas\NoorCanvas.csproj]
D:\PROJECTS\NOOR CANVAS\SPA\NoorCanvas\Models\Simplified\SessionAsset.cs(29,16): warning SA1133: Each attribute should be placed in its own set of square brackets (https://github.com/DotNetAnalyzers/StyleCopAnalyzers/blob/master/documentation/SA1133.md) [D:\PROJECTS\NOOR CANVAS\SPA\NoorCanvas\NoorCanvas.csproj]
D:\PROJECTS\NOOR CANVAS\SPA\NoorCanvas\Models\SessionLink.cs(1,1): warning SA1633: The file header is missing or not located at the top of the file. (https://github.com/DotNetAnalyzers/StyleCopAnalyzers/blob/master/documentation/SA1633.md) [D:\PROJECTS\NOOR CANVAS\SPA\NoorCanvas\NoorCanvas.csproj]
D:\PROJECTS\NOOR CANVAS\SPA\NoorCanvas\Services\SimplifiedTokenService.cs(17,23): warning SA1310: Field 'TOKEN_LENGTH' should not contain an underscore (https://github.com/DotNetAnalyzers/StyleCopAnalyzers/blob/master/documentation/SA1310.md) [D:\PROJECTS\NOOR CANVAS\SPA\NoorCanvas\NoorCanvas.csproj]
D:\PROJECTS\NOOR CANVAS\SPA\NoorCanvas\Services\SimplifiedTokenService.cs(18,48): warning SA1309: Field '_context' should not begin with an underscore (https://github.com/DotNetAnalyzers/StyleCopAnalyzers/blob/master/documentation/SA1309.md) [D:\PROJECTS\NOOR CANVAS\SPA\NoorCanvas\NoorCanvas.csproj]
D:\PROJECTS\NOOR CANVAS\SPA\NoorCanvas\Services\SimplifiedTokenService.cs(19,54): warning SA1309: Field '_logger' should not begin with an underscore (https://github.com/DotNetAnalyzers/StyleCopAnalyzers/blob/master/documentation/SA1309.md) [D:\PROJECTS\NOOR CANVAS\SPA\NoorCanvas\NoorCanvas.csproj]
D:\PROJECTS\NOOR CANVAS\SPA\NoorCanvas\Models\SessionParticipant.cs(1,1): warning SA1633: The file header is missing or not located at the top of the file. (https://github.com/DotNetAnalyzers/StyleCopAnalyzers/blob/master/documentation/SA1633.md) [D:\PROJECTS\NOOR CANVAS\SPA\NoorCanvas\NoorCanvas.csproj]
D:\PROJECTS\NOOR CANVAS\SPA\NoorCanvas\Models\Simplified\SessionAsset.cs(181,1): warning SA1516: Elements should be separated by blank line (https://github.com/DotNetAnalyzers/StyleCopAnalyzers/blob/master/documentation/SA1516.md) [D:\PROJECTS\NOOR CANVAS\SPA\NoorCanvas\NoorCanvas.csproj]
D:\PROJECTS\NOOR CANVAS\SPA\NoorCanvas\Models\Simplified\SessionAsset.cs(182,1): warning SA1516: Elements should be separated by blank line (https://github.com/DotNetAnalyzers/StyleCopAnalyzers/blob/master/documentation/SA1516.md) [D:\PROJECTS\NOOR CANVAS\SPA\NoorCanvas\NoorCanvas.csproj]
D:\PROJECTS\NOOR CANVAS\SPA\NoorCanvas\Models\Simplified\SessionAsset.cs(183,1): warning SA1516: Elements should be separated by blank line (https://github.com/DotNetAnalyzers/StyleCopAnalyzers/blob/master/documentation/SA1516.md) [D:\PROJECTS\NOOR CANVAS\SPA\NoorCanvas\NoorCanvas.csproj]
D:\PROJECTS\NOOR CANVAS\SPA\NoorCanvas\Models\Simplified\SessionAsset.cs(184,1): warning SA1516: Elements should be separated by blank line (https://github.com/DotNetAnalyzers/StyleCopAnalyzers/blob/master/documentation/SA1516.md) [D:\PROJECTS\NOOR CANVAS\SPA\NoorCanvas\NoorCanvas.csproj]
D:\PROJECTS\NOOR CANVAS\SPA\NoorCanvas\Models\Simplified\SessionAsset.cs(185,1): warning SA1516: Elements should be separated by blank line (https://github.com/DotNetAnalyzers/StyleCopAnalyzers/blob/master/documentation/SA1516.md) [D:\PROJECTS\NOOR CANVAS\SPA\NoorCanvas\NoorCanvas.csproj]
D:\PROJECTS\NOOR CANVAS\SPA\NoorCanvas\Models\Simplified\SessionAsset.cs(186,1): warning SA1516: Elements should be separated by blank line (https://github.com/DotNetAnalyzers/StyleCopAnalyzers/blob/master/documentation/SA1516.md) [D:\PROJECTS\NOOR CANVAS\SPA\NoorCanvas\NoorCanvas.csproj]
D:\PROJECTS\NOOR CANVAS\SPA\NoorCanvas\Models\Simplified\SessionAsset.cs(187,1): warning SA1516: Elements should be separated by blank line (https://github.com/DotNetAnalyzers/StyleCopAnalyzers/blob/master/documentation/SA1516.md) [D:\PROJECTS\NOOR CANVAS\SPA\NoorCanvas\NoorCanvas.csproj]
D:\PROJECTS\NOOR CANVAS\SPA\NoorCanvas\Models\Simplified\SessionAsset.cs(188,1): warning SA1516: Elements should be separated by blank line (https://github.com/DotNetAnalyzers/StyleCopAnalyzers/blob/master/documentation/SA1516.md) [D:\PROJECTS\NOOR CANVAS\SPA\NoorCanvas\NoorCanvas.csproj]
D:\PROJECTS\NOOR CANVAS\SPA\NoorCanvas\Models\SharedAsset.cs(1,1): warning SA1633: The file header is missing or not located at the top of the file. (https://github.com/DotNetAnalyzers/StyleCopAnalyzers/blob/master/documentation/SA1633.md) [D:\PROJECTS\NOOR CANVAS\SPA\NoorCanvas\NoorCanvas.csproj]
D:\PROJECTS\NOOR CANVAS\SPA\NoorCanvas\Models\Simplified\AssetLookup.cs(1,1): warning SA1633: The file header is missing or not located at the top of the file. (https://github.com/DotNetAnalyzers/StyleCopAnalyzers/blob/master/documentation/SA1633.md) [D:\PROJECTS\NOOR CANVAS\SPA\NoorCanvas\NoorCanvas.csproj]
D:\PROJECTS\NOOR CANVAS\SPA\NoorCanvas\Models\Simplified\Participant.cs(1,1): warning SA1633: The file header is missing or not located at the top of the file. (https://github.com/DotNetAnalyzers/StyleCopAnalyzers/blob/master/documentation/SA1633.md) [D:\PROJECTS\NOOR CANVAS\SPA\NoorCanvas\NoorCanvas.csproj]
D:\PROJECTS\NOOR CANVAS\SPA\NoorCanvas\Models\Simplified\SessionAsset.cs(216,1): warning SA1516: Elements should be separated by blank line (https://github.com/DotNetAnalyzers/StyleCopAnalyzers/blob/master/documentation/SA1516.md) [D:\PROJECTS\NOOR CANVAS\SPA\NoorCanvas\NoorCanvas.csproj]
D:\PROJECTS\NOOR CANVAS\SPA\NoorCanvas\Models\Simplified\SessionAsset.cs(217,1): warning SA1516: Elements should be separated by blank line (https://github.com/DotNetAnalyzers/StyleCopAnalyzers/blob/master/documentation/SA1516.md) [D:\PROJECTS\NOOR CANVAS\SPA\NoorCanvas\NoorCanvas.csproj]
D:\PROJECTS\NOOR CANVAS\SPA\NoorCanvas\Models\Simplified\SessionAsset.cs(218,1): warning SA1516: Elements should be separated by blank line (https://github.com/DotNetAnalyzers/StyleCopAnalyzers/blob/master/documentation/SA1516.md) [D:\PROJECTS\NOOR CANVAS\SPA\NoorCanvas\NoorCanvas.csproj]
D:\PROJECTS\NOOR CANVAS\SPA\NoorCanvas\Models\Simplified\SessionAsset.cs(219,1): warning SA1516: Elements should be separated by blank line (https://github.com/DotNetAnalyzers/StyleCopAnalyzers/blob/master/documentation/SA1516.md) [D:\PROJECTS\NOOR CANVAS\SPA\NoorCanvas\NoorCanvas.csproj]
D:\PROJECTS\NOOR CANVAS\SPA\NoorCanvas\Models\Simplified\SessionAsset.cs(220,1): warning SA1516: Elements should be separated by blank line (https://github.com/DotNetAnalyzers/StyleCopAnalyzers/blob/master/documentation/SA1516.md) [D:\PROJECTS\NOOR CANVAS\SPA\NoorCanvas\NoorCanvas.csproj]
D:\PROJECTS\NOOR CANVAS\SPA\NoorCanvas\Models\Simplified\ParticipantRegistrationRequest.cs(1,1): warning SA1633: The file header is missing or not located at the top of the file. (https://github.com/DotNetAnalyzers/StyleCopAnalyzers/blob/master/documentation/SA1633.md) [D:\PROJECTS\NOOR CANVAS\SPA\NoorCanvas\NoorCanvas.csproj]
D:\PROJECTS\NOOR CANVAS\SPA\NoorCanvas\Models\Simplified\Session.cs(1,1): warning SA1633: The file header is missing or not located at the top of the file. (https://github.com/DotNetAnalyzers/StyleCopAnalyzers/blob/master/documentation/SA1633.md) [D:\PROJECTS\NOOR CANVAS\SPA\NoorCanvas\NoorCanvas.csproj]
D:\PROJECTS\NOOR CANVAS\SPA\NoorCanvas\Models\Simplified\Session.cs(20,5): warning SA1512: Single-line comments should not be followed by blank line (https://github.com/DotNetAnalyzers/StyleCopAnalyzers/blob/master/documentation/SA1512.md) [D:\PROJECTS\NOOR CANVAS\SPA\NoorCanvas\NoorCanvas.csproj]
D:\PROJECTS\NOOR CANVAS\SPA\NoorCanvas\Models\Simplified\Session.cs(34,5): warning SA1512: Single-line comments should not be followed by blank line (https://github.com/DotNetAnalyzers/StyleCopAnalyzers/blob/master/documentation/SA1512.md) [D:\PROJECTS\NOOR CANVAS\SPA\NoorCanvas\NoorCanvas.csproj]
D:\PROJECTS\NOOR CANVAS\SPA\NoorCanvas\Models\Simplified\SessionData.cs(25,1): warning SA1516: Elements should be separated by blank line (https://github.com/DotNetAnalyzers/StyleCopAnalyzers/blob/master/documentation/SA1516.md) [D:\PROJECTS\NOOR CANVAS\SPA\NoorCanvas\NoorCanvas.csproj]
D:\PROJECTS\NOOR CANVAS\SPA\NoorCanvas\Models\Simplified\SessionData.cs(15,16): warning SA1133: Each attribute should be placed in its own set of square brackets (https://github.com/DotNetAnalyzers/StyleCopAnalyzers/blob/master/documentation/SA1133.md) [D:\PROJECTS\NOOR CANVAS\SPA\NoorCanvas\NoorCanvas.csproj]
D:\PROJECTS\NOOR CANVAS\SPA\NoorCanvas\Models\Simplified\Session.cs(55,56): warning SA1028: Code should not contain trailing whitespace (https://github.com/DotNetAnalyzers/StyleCopAnalyzers/blob/master/documentation/SA1028.md) [D:\PROJECTS\NOOR CANVAS\SPA\NoorCanvas\NoorCanvas.csproj]
D:\PROJECTS\NOOR CANVAS\SPA\NoorCanvas\Models\Simplified\SessionAsset.cs(1,1): warning SA1633: The file header is missing or not located at the top of the file. (https://github.com/DotNetAnalyzers/StyleCopAnalyzers/blob/master/documentation/SA1633.md) [D:\PROJECTS\NOOR CANVAS\SPA\NoorCanvas\NoorCanvas.csproj]
D:\PROJECTS\NOOR CANVAS\SPA\NoorCanvas\Models\Simplified\SessionAsset.cs(130,21): warning SA1402: File may only contain a single type (https://github.com/DotNetAnalyzers/StyleCopAnalyzers/blob/master/documentation/SA1402.md) [D:\PROJECTS\NOOR CANVAS\SPA\NoorCanvas\NoorCanvas.csproj]
D:\PROJECTS\NOOR CANVAS\SPA\NoorCanvas\Models\Simplified\SessionAsset.cs(178,14): warning SA1402: File may only contain a single type (https://github.com/DotNetAnalyzers/StyleCopAnalyzers/blob/master/documentation/SA1402.md) [D:\PROJECTS\NOOR CANVAS\SPA\NoorCanvas\NoorCanvas.csproj]
D:\PROJECTS\NOOR CANVAS\SPA\NoorCanvas\Models\Simplified\SessionAsset.cs(213,14): warning SA1402: File may only contain a single type (https://github.com/DotNetAnalyzers/StyleCopAnalyzers/blob/master/documentation/SA1402.md) [D:\PROJECTS\NOOR CANVAS\SPA\NoorCanvas\NoorCanvas.csproj]
D:\PROJECTS\NOOR CANVAS\SPA\NoorCanvas\Models\Simplified\SessionData.cs(1,1): warning SA1633: The file header is missing or not located at the top of the file. (https://github.com/DotNetAnalyzers/StyleCopAnalyzers/blob/master/documentation/SA1633.md) [D:\PROJECTS\NOOR CANVAS\SPA\NoorCanvas\NoorCanvas.csproj]
D:\PROJECTS\NOOR CANVAS\SPA\NoorCanvas\Models\Simplified\SessionData.cs(48,21): warning SA1402: File may only contain a single type (https://github.com/DotNetAnalyzers/StyleCopAnalyzers/blob/master/documentation/SA1402.md) [D:\PROJECTS\NOOR CANVAS\SPA\NoorCanvas\NoorCanvas.csproj]
D:\PROJECTS\NOOR CANVAS\SPA\NoorCanvas\Models\Simplified\SessionData.cs(19,41): warning SA1025: Code should not contain multiple whitespace characters in a row (https://github.com/DotNetAnalyzers/StyleCopAnalyzers/blob/master/documentation/SA1025.md) [D:\PROJECTS\NOOR CANVAS\SPA\NoorCanvas\NoorCanvas.csproj]
D:\PROJECTS\NOOR CANVAS\SPA\NoorCanvas\Models\User.cs(1,1): warning SA1633: The file header is missing or not located at the top of the file. (https://github.com/DotNetAnalyzers/StyleCopAnalyzers/blob/master/documentation/SA1633.md) [D:\PROJECTS\NOOR CANVAS\SPA\NoorCanvas\NoorCanvas.csproj]
D:\PROJECTS\NOOR CANVAS\SPA\NoorCanvas\Pages\Error.cshtml.cs(1,1): warning SA1633: The file header is missing or not located at the top of the file. (https://github.com/DotNetAnalyzers/StyleCopAnalyzers/blob/master/documentation/SA1633.md) [D:\PROJECTS\NOOR CANVAS\SPA\NoorCanvas\NoorCanvas.csproj]
D:\PROJECTS\NOOR CANVAS\SPA\NoorCanvas\Pages\Error.cshtml.cs(14,18): warning SA1649: File name should match first type name (https://github.com/DotNetAnalyzers/StyleCopAnalyzers/blob/master/documentation/SA1649.md) [D:\PROJECTS\NOOR CANVAS\SPA\NoorCanvas\NoorCanvas.csproj]
D:\PROJECTS\NOOR CANVAS\SPA\NoorCanvas\Program.cs(1,1): warning SA1633: The file header is missing or not located at the top of the file. (https://github.com/DotNetAnalyzers/StyleCopAnalyzers/blob/master/documentation/SA1633.md) [D:\PROJECTS\NOOR CANVAS\SPA\NoorCanvas\NoorCanvas.csproj]
D:\PROJECTS\NOOR CANVAS\SPA\NoorCanvas\Program.cs(159,1): warning SA1512: Single-line comments should not be followed by blank line (https://github.com/DotNetAnalyzers/StyleCopAnalyzers/blob/master/documentation/SA1512.md) [D:\PROJECTS\NOOR CANVAS\SPA\NoorCanvas\NoorCanvas.csproj]
D:\PROJECTS\NOOR CANVAS\SPA\NoorCanvas\Program.cs(182,1): warning SA1512: Single-line comments should not be followed by blank line (https://github.com/DotNetAnalyzers/StyleCopAnalyzers/blob/master/documentation/SA1512.md) [D:\PROJECTS\NOOR CANVAS\SPA\NoorCanvas\NoorCanvas.csproj]
D:\PROJECTS\NOOR CANVAS\SPA\NoorCanvas\Program.cs(158,1): warning SA1515: Single-line comment should be preceded by blank line (https://github.com/DotNetAnalyzers/StyleCopAnalyzers/blob/master/documentation/SA1515.md) [D:\PROJECTS\NOOR CANVAS\SPA\NoorCanvas\NoorCanvas.csproj]
D:\PROJECTS\NOOR CANVAS\SPA\NoorCanvas\Program.cs(331,9): warning SA1515: Single-line comment should be preceded by blank line (https://github.com/DotNetAnalyzers/StyleCopAnalyzers/blob/master/documentation/SA1515.md) [D:\PROJECTS\NOOR CANVAS\SPA\NoorCanvas\NoorCanvas.csproj]
D:\PROJECTS\NOOR CANVAS\SPA\NoorCanvas\Program.cs(89,1): warning SA1028: Code should not contain trailing whitespace (https://github.com/DotNetAnalyzers/StyleCopAnalyzers/blob/master/documentation/SA1028.md) [D:\PROJECTS\NOOR CANVAS\SPA\NoorCanvas\NoorCanvas.csproj]
D:\PROJECTS\NOOR CANVAS\SPA\NoorCanvas\Program.cs(197,66): warning SA1028: Code should not contain trailing whitespace (https://github.com/DotNetAnalyzers/StyleCopAnalyzers/blob/master/documentation/SA1028.md) [D:\PROJECTS\NOOR CANVAS\SPA\NoorCanvas\NoorCanvas.csproj]
D:\PROJECTS\NOOR CANVAS\SPA\NoorCanvas\Program.cs(316,1): warning SA1028: Code should not contain trailing whitespace (https://github.com/DotNetAnalyzers/StyleCopAnalyzers/blob/master/documentation/SA1028.md) [D:\PROJECTS\NOOR CANVAS\SPA\NoorCanvas\NoorCanvas.csproj]
D:\PROJECTS\NOOR CANVAS\SPA\NoorCanvas\Services\AnnotationService.cs(1,1): warning SA1633: The file header is missing or not located at the top of the file. (https://github.com/DotNetAnalyzers/StyleCopAnalyzers/blob/master/documentation/SA1633.md) [D:\PROJECTS\NOOR CANVAS\SPA\NoorCanvas\NoorCanvas.csproj]
D:\PROJECTS\NOOR CANVAS\SPA\NoorCanvas\Services\AnnotationService.cs(8,22): warning SA1649: File name should match first type name (https://github.com/DotNetAnalyzers/StyleCopAnalyzers/blob/master/documentation/SA1649.md) [D:\PROJECTS\NOOR CANVAS\SPA\NoorCanvas\NoorCanvas.csproj]
D:\PROJECTS\NOOR CANVAS\SPA\NoorCanvas\Models\User.cs(35,1): warning SA1516: Elements should be separated by blank line (https://github.com/DotNetAnalyzers/StyleCopAnalyzers/blob/master/documentation/SA1516.md) [D:\PROJECTS\NOOR CANVAS\SPA\NoorCanvas\NoorCanvas.csproj]
D:\PROJECTS\NOOR CANVAS\SPA\NoorCanvas\Models\User.cs(36,1): warning SA1516: Elements should be separated by blank line (https://github.com/DotNetAnalyzers/StyleCopAnalyzers/blob/master/documentation/SA1516.md) [D:\PROJECTS\NOOR CANVAS\SPA\NoorCanvas\NoorCanvas.csproj]
D:\PROJECTS\NOOR CANVAS\SPA\NoorCanvas\Services\AssetDetectionService.cs(1,1): warning SA1633: The file header is missing or not located at the top of the file. (https://github.com/DotNetAnalyzers/StyleCopAnalyzers/blob/master/documentation/SA1633.md) [D:\PROJECTS\NOOR CANVAS\SPA\NoorCanvas\NoorCanvas.csproj]
D:\PROJECTS\NOOR CANVAS\SPA\NoorCanvas\Services\AssetDetectionService.cs(398,26): warning SA1513: Closing brace should be followed by blank line (https://github.com/DotNetAnalyzers/StyleCopAnalyzers/blob/master/documentation/SA1513.md) [D:\PROJECTS\NOOR CANVAS\SPA\NoorCanvas\NoorCanvas.csproj]
D:\PROJECTS\NOOR CANVAS\SPA\NoorCanvas\Services\AssetDetectionService.cs(400,22): warning SA1513: Closing brace should be followed by blank line (https://github.com/DotNetAnalyzers/StyleCopAnalyzers/blob/master/documentation/SA1513.md) [D:\PROJECTS\NOOR CANVAS\SPA\NoorCanvas\NoorCanvas.csproj]
D:\PROJECTS\NOOR CANVAS\SPA\NoorCanvas\Pages\Error.cshtml.cs(20,46): warning SA1309: Field '_logger' should not begin with an underscore (https://github.com/DotNetAnalyzers/StyleCopAnalyzers/blob/master/documentation/SA1309.md) [D:\PROJECTS\NOOR CANVAS\SPA\NoorCanvas\NoorCanvas.csproj]
D:\PROJECTS\NOOR CANVAS\SPA\NoorCanvas\Pages\Error.cshtml.cs(20,46): warning SA1201: A field should not follow a property (https://github.com/DotNetAnalyzers/StyleCopAnalyzers/blob/master/documentation/SA1201.md) [D:\PROJECTS\NOOR CANVAS\SPA\NoorCanvas\NoorCanvas.csproj]
D:\PROJECTS\NOOR CANVAS\SPA\NoorCanvas\Services\AssetDetectionService.cs(49,103): warning SA1028: Code should not contain trailing whitespace (https://github.com/DotNetAnalyzers/StyleCopAnalyzers/blob/master/documentation/SA1028.md) [D:\PROJECTS\NOOR CANVAS\SPA\NoorCanvas\NoorCanvas.csproj]
D:\PROJECTS\NOOR CANVAS\SPA\NoorCanvas\Services\AssetDetectionService.cs(84,1): warning SA1028: Code should not contain trailing whitespace (https://github.com/DotNetAnalyzers/StyleCopAnalyzers/blob/master/documentation/SA1028.md) [D:\PROJECTS\NOOR CANVAS\SPA\NoorCanvas\NoorCanvas.csproj]
D:\PROJECTS\NOOR CANVAS\SPA\NoorCanvas\Services\AssetDetectorService.cs(1,1): warning SA1633: The file header is missing or not located at the top of the file. (https://github.com/DotNetAnalyzers/StyleCopAnalyzers/blob/master/documentation/SA1633.md) [D:\PROJECTS\NOOR CANVAS\SPA\NoorCanvas\NoorCanvas.csproj]
D:\PROJECTS\NOOR CANVAS\SPA\NoorCanvas\Services\AssetDetectorService.cs(100,13): warning SA1512: Single-line comments should not be followed by blank line (https://github.com/DotNetAnalyzers/StyleCopAnalyzers/blob/master/documentation/SA1512.md) [D:\PROJECTS\NOOR CANVAS\SPA\NoorCanvas\NoorCanvas.csproj]
D:\PROJECTS\NOOR CANVAS\SPA\NoorCanvas\Services\AssetDetectorService.cs(247,14): warning SA1402: File may only contain a single type (https://github.com/DotNetAnalyzers/StyleCopAnalyzers/blob/master/documentation/SA1402.md) [D:\PROJECTS\NOOR CANVAS\SPA\NoorCanvas\NoorCanvas.csproj]
D:\PROJECTS\NOOR CANVAS\SPA\NoorCanvas\Services\AssetDetectorService.cs(256,14): warning SA1402: File may only contain a single type (https://github.com/DotNetAnalyzers/StyleCopAnalyzers/blob/master/documentation/SA1402.md) [D:\PROJECTS\NOOR CANVAS\SPA\NoorCanvas\NoorCanvas.csproj]
D:\PROJECTS\NOOR CANVAS\SPA\NoorCanvas\Services\AssetDetectorService.cs(267,14): warning SA1402: File may only contain a single type (https://github.com/DotNetAnalyzers/StyleCopAnalyzers/blob/master/documentation/SA1402.md) [D:\PROJECTS\NOOR CANVAS\SPA\NoorCanvas\NoorCanvas.csproj]
D:\PROJECTS\NOOR CANVAS\SPA\NoorCanvas\Services\DebugService.cs(1,1): warning SA1633: The file header is missing or not located at the top of the file. (https://github.com/DotNetAnalyzers/StyleCopAnalyzers/blob/master/documentation/SA1633.md) [D:\PROJECTS\NOOR CANVAS\SPA\NoorCanvas\NoorCanvas.csproj]
D:\PROJECTS\NOOR CANVAS\SPA\NoorCanvas\Services\DebugService.cs(92,14): warning SA1513: Closing brace should be followed by blank line (https://github.com/DotNetAnalyzers/StyleCopAnalyzers/blob/master/documentation/SA1513.md) [D:\PROJECTS\NOOR CANVAS\SPA\NoorCanvas\NoorCanvas.csproj]
D:\PROJECTS\NOOR CANVAS\SPA\NoorCanvas\Services\DebugService.cs(123,18): warning SA1513: Closing brace should be followed by blank line (https://github.com/DotNetAnalyzers/StyleCopAnalyzers/blob/master/documentation/SA1513.md) [D:\PROJECTS\NOOR CANVAS\SPA\NoorCanvas\NoorCanvas.csproj]
D:\PROJECTS\NOOR CANVAS\SPA\NoorCanvas\Services\DebugService.cs(158,18): warning SA1513: Closing brace should be followed by blank line (https://github.com/DotNetAnalyzers/StyleCopAnalyzers/blob/master/documentation/SA1513.md) [D:\PROJECTS\NOOR CANVAS\SPA\NoorCanvas\NoorCanvas.csproj]
D:\PROJECTS\NOOR CANVAS\SPA\NoorCanvas\Services\DebugService.cs(357,18): warning SA1402: File may only contain a single type (https://github.com/DotNetAnalyzers/StyleCopAnalyzers/blob/master/documentation/SA1402.md) [D:\PROJECTS\NOOR CANVAS\SPA\NoorCanvas\NoorCanvas.csproj]
D:\PROJECTS\NOOR CANVAS\SPA\NoorCanvas\Services\DebugService.cs(396,18): warning SA1402: File may only contain a single type (https://github.com/DotNetAnalyzers/StyleCopAnalyzers/blob/master/documentation/SA1402.md) [D:\PROJECTS\NOOR CANVAS\SPA\NoorCanvas\NoorCanvas.csproj]
D:\PROJECTS\NOOR CANVAS\SPA\NoorCanvas\Services\DebugService.cs(414,18): warning SA1402: File may only contain a single type (https://github.com/DotNetAnalyzers/StyleCopAnalyzers/blob/master/documentation/SA1402.md) [D:\PROJECTS\NOOR CANVAS\SPA\NoorCanvas\NoorCanvas.csproj]
D:\PROJECTS\NOOR CANVAS\SPA\NoorCanvas\Services\Development\DevModeService.cs(1,1): warning SA1633: The file header is missing or not located at the top of the file. (https://github.com/DotNetAnalyzers/StyleCopAnalyzers/blob/master/documentation/SA1633.md) [D:\PROJECTS\NOOR CANVAS\SPA\NoorCanvas\NoorCanvas.csproj]
D:\PROJECTS\NOOR CANVAS\SPA\NoorCanvas\Services\Development\DevModeService.cs(9,22): warning SA1649: File name should match first type name (https://github.com/DotNetAnalyzers/StyleCopAnalyzers/blob/master/documentation/SA1649.md) [D:\PROJECTS\NOOR CANVAS\SPA\NoorCanvas\NoorCanvas.csproj]
D:\PROJECTS\NOOR CANVAS\SPA\NoorCanvas\Services\Development\DevModeService.cs(15,1): warning SA1028: Code should not contain trailing whitespace (https://github.com/DotNetAnalyzers/StyleCopAnalyzers/blob/master/documentation/SA1028.md) [D:\PROJECTS\NOOR CANVAS\SPA\NoorCanvas\NoorCanvas.csproj]
D:\PROJECTS\NOOR CANVAS\SPA\NoorCanvas\Services\Development\DevModeService.cs(20,1): warning SA1028: Code should not contain trailing whitespace (https://github.com/DotNetAnalyzers/StyleCopAnalyzers/blob/master/documentation/SA1028.md) [D:\PROJECTS\NOOR CANVAS\SPA\NoorCanvas\NoorCanvas.csproj]
D:\PROJECTS\NOOR CANVAS\SPA\NoorCanvas\Services\Development\DevModeService.cs(26,1): warning SA1028: Code should not contain trailing whitespace (https://github.com/DotNetAnalyzers/StyleCopAnalyzers/blob/master/documentation/SA1028.md) [D:\PROJECTS\NOOR CANVAS\SPA\NoorCanvas\NoorCanvas.csproj]
D:\PROJECTS\NOOR CANVAS\SPA\NoorCanvas\Services\Development\DevModeService.cs(35,1): warning SA1028: Code should not contain trailing whitespace (https://github.com/DotNetAnalyzers/StyleCopAnalyzers/blob/master/documentation/SA1028.md) [D:\PROJECTS\NOOR CANVAS\SPA\NoorCanvas\NoorCanvas.csproj]
D:\PROJECTS\NOOR CANVAS\SPA\NoorCanvas\Services\Development\DevModeService.cs(41,1): warning SA1028: Code should not contain trailing whitespace (https://github.com/DotNetAnalyzers/StyleCopAnalyzers/blob/master/documentation/SA1028.md) [D:\PROJECTS\NOOR CANVAS\SPA\NoorCanvas\NoorCanvas.csproj]
D:\PROJECTS\NOOR CANVAS\SPA\NoorCanvas\Services\Development\DevModeService.cs(42,41): warning SA1028: Code should not contain trailing whitespace (https://github.com/DotNetAnalyzers/StyleCopAnalyzers/blob/master/documentation/SA1028.md) [D:\PROJECTS\NOOR CANVAS\SPA\NoorCanvas\NoorCanvas.csproj]
D:\PROJECTS\NOOR CANVAS\SPA\NoorCanvas\Services\Development\DevModeService.cs(48,1): warning SA1028: Code should not contain trailing whitespace (https://github.com/DotNetAnalyzers/StyleCopAnalyzers/blob/master/documentation/SA1028.md) [D:\PROJECTS\NOOR CANVAS\SPA\NoorCanvas\NoorCanvas.csproj]
D:\PROJECTS\NOOR CANVAS\SPA\NoorCanvas\Services\Development\DevModeService.cs(49,37): warning SA1028: Code should not contain trailing whitespace (https://github.com/DotNetAnalyzers/StyleCopAnalyzers/blob/master/documentation/SA1028.md) [D:\PROJECTS\NOOR CANVAS\SPA\NoorCanvas\NoorCanvas.csproj]
D:\PROJECTS\NOOR CANVAS\SPA\NoorCanvas\Services\Development\DevModeService.cs(50,33): warning SA1028: Code should not contain trailing whitespace (https://github.com/DotNetAnalyzers/StyleCopAnalyzers/blob/master/documentation/SA1028.md) [D:\PROJECTS\NOOR CANVAS\SPA\NoorCanvas\NoorCanvas.csproj]
D:\PROJECTS\NOOR CANVAS\SPA\NoorCanvas\Services\Development\DevModeService.cs(52,1): warning SA1028: Code should not contain trailing whitespace (https://github.com/DotNetAnalyzers/StyleCopAnalyzers/blob/master/documentation/SA1028.md) [D:\PROJECTS\NOOR CANVAS\SPA\NoorCanvas\NoorCanvas.csproj]
D:\PROJECTS\NOOR CANVAS\SPA\NoorCanvas\Services\Development\DevModeService.cs(53,43): warning SA1028: Code should not contain trailing whitespace (https://github.com/DotNetAnalyzers/StyleCopAnalyzers/blob/master/documentation/SA1028.md) [D:\PROJECTS\NOOR CANVAS\SPA\NoorCanvas\NoorCanvas.csproj]
D:\PROJECTS\NOOR CANVAS\SPA\NoorCanvas\Services\Development\DevModeService.cs(54,33): warning SA1028: Code should not contain trailing whitespace (https://github.com/DotNetAnalyzers/StyleCopAnalyzers/blob/master/documentation/SA1028.md) [D:\PROJECTS\NOOR CANVAS\SPA\NoorCanvas\NoorCanvas.csproj]
D:\PROJECTS\NOOR CANVAS\SPA\NoorCanvas\Services\Development\ITestDataService.cs(1,1): warning SA1633: The file header is missing or not located at the top of the file. (https://github.com/DotNetAnalyzers/StyleCopAnalyzers/blob/master/documentation/SA1633.md) [D:\PROJECTS\NOOR CANVAS\SPA\NoorCanvas\NoorCanvas.csproj]
D:\PROJECTS\NOOR CANVAS\SPA\NoorCanvas\Services\Development\ITestDataService.cs(12,1): warning SA1028: Code should not contain trailing whitespace (https://github.com/DotNetAnalyzers/StyleCopAnalyzers/blob/master/documentation/SA1028.md) [D:\PROJECTS\NOOR CANVAS\SPA\NoorCanvas\NoorCanvas.csproj]
D:\PROJECTS\NOOR CANVAS\SPA\NoorCanvas\Services\Development\ITestDataService.cs(17,1): warning SA1028: Code should not contain trailing whitespace (https://github.com/DotNetAnalyzers/StyleCopAnalyzers/blob/master/documentation/SA1028.md) [D:\PROJECTS\NOOR CANVAS\SPA\NoorCanvas\NoorCanvas.csproj]
D:\PROJECTS\NOOR CANVAS\SPA\NoorCanvas\Services\Development\ITestDataService.cs(22,1): warning SA1028: Code should not contain trailing whitespace (https://github.com/DotNetAnalyzers/StyleCopAnalyzers/blob/master/documentation/SA1028.md) [D:\PROJECTS\NOOR CANVAS\SPA\NoorCanvas\NoorCanvas.csproj]
D:\PROJECTS\NOOR CANVAS\SPA\NoorCanvas\Services\Development\ITestDataService.cs(27,1): warning SA1028: Code should not contain trailing whitespace (https://github.com/DotNetAnalyzers/StyleCopAnalyzers/blob/master/documentation/SA1028.md) [D:\PROJECTS\NOOR CANVAS\SPA\NoorCanvas\NoorCanvas.csproj]
D:\PROJECTS\NOOR CANVAS\SPA\NoorCanvas\Services\Development\TestDataService.cs(1,1): warning SA1633: The file header is missing or not located at the top of the file. (https://github.com/DotNetAnalyzers/StyleCopAnalyzers/blob/master/documentation/SA1633.md) [D:\PROJECTS\NOOR CANVAS\SPA\NoorCanvas\NoorCanvas.csproj]
D:\PROJECTS\NOOR CANVAS\SPA\NoorCanvas\Services\Development\TestDataService.cs(11,1): warning SA1028: Code should not contain trailing whitespace (https://github.com/DotNetAnalyzers/StyleCopAnalyzers/blob/master/documentation/SA1028.md) [D:\PROJECTS\NOOR CANVAS\SPA\NoorCanvas\NoorCanvas.csproj]
D:\PROJECTS\NOOR CANVAS\SPA\NoorCanvas\Services\Development\TestDataService.cs(26,1): warning SA1028: Code should not contain trailing whitespace (https://github.com/DotNetAnalyzers/StyleCopAnalyzers/blob/master/documentation/SA1028.md) [D:\PROJECTS\NOOR CANVAS\SPA\NoorCanvas\NoorCanvas.csproj]
D:\PROJECTS\NOOR CANVAS\SPA\NoorCanvas\Services\Development\TestDataService.cs(32,1): warning SA1028: Code should not contain trailing whitespace (https://github.com/DotNetAnalyzers/StyleCopAnalyzers/blob/master/documentation/SA1028.md) [D:\PROJECTS\NOOR CANVAS\SPA\NoorCanvas\NoorCanvas.csproj]
D:\PROJECTS\NOOR CANVAS\SPA\NoorCanvas\Services\Development\TestDataService.cs(38,1): warning SA1028: Code should not contain trailing whitespace (https://github.com/DotNetAnalyzers/StyleCopAnalyzers/blob/master/documentation/SA1028.md) [D:\PROJECTS\NOOR CANVAS\SPA\NoorCanvas\NoorCanvas.csproj]
D:\PROJECTS\NOOR CANVAS\SPA\NoorCanvas\Services\Development\TestDataService.cs(45,1): warning SA1028: Code should not contain trailing whitespace (https://github.com/DotNetAnalyzers/StyleCopAnalyzers/blob/master/documentation/SA1028.md) [D:\PROJECTS\NOOR CANVAS\SPA\NoorCanvas\NoorCanvas.csproj]
D:\PROJECTS\NOOR CANVAS\SPA\NoorCanvas\Services\Development\TestDataService.cs(50,1): warning SA1028: Code should not contain trailing whitespace (https://github.com/DotNetAnalyzers/StyleCopAnalyzers/blob/master/documentation/SA1028.md) [D:\PROJECTS\NOOR CANVAS\SPA\NoorCanvas\NoorCanvas.csproj]
D:\PROJECTS\NOOR CANVAS\SPA\NoorCanvas\Services\Development\TestDataService.cs(54,1): warning SA1028: Code should not contain trailing whitespace (https://github.com/DotNetAnalyzers/StyleCopAnalyzers/blob/master/documentation/SA1028.md) [D:\PROJECTS\NOOR CANVAS\SPA\NoorCanvas\NoorCanvas.csproj]
D:\PROJECTS\NOOR CANVAS\SPA\NoorCanvas\Services\Development\TestDataService.cs(58,1): warning SA1028: Code should not contain trailing whitespace (https://github.com/DotNetAnalyzers/StyleCopAnalyzers/blob/master/documentation/SA1028.md) [D:\PROJECTS\NOOR CANVAS\SPA\NoorCanvas\NoorCanvas.csproj]
D:\PROJECTS\NOOR CANVAS\SPA\NoorCanvas\Services\Development\TestDataService.cs(67,1): warning SA1028: Code should not contain trailing whitespace (https://github.com/DotNetAnalyzers/StyleCopAnalyzers/blob/master/documentation/SA1028.md) [D:\PROJECTS\NOOR CANVAS\SPA\NoorCanvas\NoorCanvas.csproj]
D:\PROJECTS\NOOR CANVAS\SPA\NoorCanvas\Services\Development\TestDataService.cs(72,1): warning SA1028: Code should not contain trailing whitespace (https://github.com/DotNetAnalyzers/StyleCopAnalyzers/blob/master/documentation/SA1028.md) [D:\PROJECTS\NOOR CANVAS\SPA\NoorCanvas\NoorCanvas.csproj]
D:\PROJECTS\NOOR CANVAS\SPA\NoorCanvas\Services\Development\TestDataService.cs(78,1): warning SA1028: Code should not contain trailing whitespace (https://github.com/DotNetAnalyzers/StyleCopAnalyzers/blob/master/documentation/SA1028.md) [D:\PROJECTS\NOOR CANVAS\SPA\NoorCanvas\NoorCanvas.csproj]
D:\PROJECTS\NOOR CANVAS\SPA\NoorCanvas\Services\Development\TestDataService.cs(79,138): warning SA1028: Code should not contain trailing whitespace (https://github.com/DotNetAnalyzers/StyleCopAnalyzers/blob/master/documentation/SA1028.md) [D:\PROJECTS\NOOR CANVAS\SPA\NoorCanvas\NoorCanvas.csproj]
D:\PROJECTS\NOOR CANVAS\SPA\NoorCanvas\Services\Development\TestDataService.cs(81,1): warning SA1028: Code should not contain trailing whitespace (https://github.com/DotNetAnalyzers/StyleCopAnalyzers/blob/master/documentation/SA1028.md) [D:\PROJECTS\NOOR CANVAS\SPA\NoorCanvas\NoorCanvas.csproj]
D:\PROJECTS\NOOR CANVAS\SPA\NoorCanvas\Services\Development\TestDataService.cs(89,1): warning SA1028: Code should not contain trailing whitespace (https://github.com/DotNetAnalyzers/StyleCopAnalyzers/blob/master/documentation/SA1028.md) [D:\PROJECTS\NOOR CANVAS\SPA\NoorCanvas\NoorCanvas.csproj]
D:\PROJECTS\NOOR CANVAS\SPA\NoorCanvas\Services\Development\TestDataService.cs(90,110): warning SA1028: Code should not contain trailing whitespace (https://github.com/DotNetAnalyzers/StyleCopAnalyzers/blob/master/documentation/SA1028.md) [D:\PROJECTS\NOOR CANVAS\SPA\NoorCanvas\NoorCanvas.csproj]
D:\PROJECTS\NOOR CANVAS\SPA\NoorCanvas\Services\Development\TestDataService.cs(92,1): warning SA1028: Code should not contain trailing whitespace (https://github.com/DotNetAnalyzers/StyleCopAnalyzers/blob/master/documentation/SA1028.md) [D:\PROJECTS\NOOR CANVAS\SPA\NoorCanvas\NoorCanvas.csproj]
D:\PROJECTS\NOOR CANVAS\SPA\NoorCanvas\Services\DialogService.cs(1,1): warning SA1633: The file header is missing or not located at the top of the file. (https://github.com/DotNetAnalyzers/StyleCopAnalyzers/blob/master/documentation/SA1633.md) [D:\PROJECTS\NOOR CANVAS\SPA\NoorCanvas\NoorCanvas.csproj]
D:\PROJECTS\NOOR CANVAS\SPA\NoorCanvas\Services\DialogService.cs(89,18): warning SA1513: Closing brace should be followed by blank line (https://github.com/DotNetAnalyzers/StyleCopAnalyzers/blob/master/documentation/SA1513.md) [D:\PROJECTS\NOOR CANVAS\SPA\NoorCanvas\NoorCanvas.csproj]
D:\PROJECTS\NOOR CANVAS\SPA\NoorCanvas\Services\DialogService.cs(80,21): warning SA1515: Single-line comment should be preceded by blank line (https://github.com/DotNetAnalyzers/StyleCopAnalyzers/blob/master/documentation/SA1515.md) [D:\PROJECTS\NOOR CANVAS\SPA\NoorCanvas\NoorCanvas.csproj]
D:\PROJECTS\NOOR CANVAS\SPA\NoorCanvas\Services\DialogService.cs(69,68): warning SA1028: Code should not contain trailing whitespace (https://github.com/DotNetAnalyzers/StyleCopAnalyzers/blob/master/documentation/SA1028.md) [D:\PROJECTS\NOOR CANVAS\SPA\NoorCanvas\NoorCanvas.csproj]
D:\PROJECTS\NOOR CANVAS\SPA\NoorCanvas\Services\DialogService.cs(73,1): warning SA1028: Code should not contain trailing whitespace (https://github.com/DotNetAnalyzers/StyleCopAnalyzers/blob/master/documentation/SA1028.md) [D:\PROJECTS\NOOR CANVAS\SPA\NoorCanvas\NoorCanvas.csproj]
D:\PROJECTS\NOOR CANVAS\SPA\NoorCanvas\Services\FlagService.cs(1,1): warning SA1633: The file header is missing or not located at the top of the file. (https://github.com/DotNetAnalyzers/StyleCopAnalyzers/blob/master/documentation/SA1633.md) [D:\PROJECTS\NOOR CANVAS\SPA\NoorCanvas\NoorCanvas.csproj]
D:\PROJECTS\NOOR CANVAS\SPA\NoorCanvas\Services\FlagService.cs(67,58): warning SA1025: Code should not contain multiple whitespace characters in a row (https://github.com/DotNetAnalyzers/StyleCopAnalyzers/blob/master/documentation/SA1025.md) [D:\PROJECTS\NOOR CANVAS\SPA\NoorCanvas\NoorCanvas.csproj]
D:\PROJECTS\NOOR CANVAS\SPA\NoorCanvas\Services\FlagService.cs(9,1): warning SA1028: Code should not contain trailing whitespace (https://github.com/DotNetAnalyzers/StyleCopAnalyzers/blob/master/documentation/SA1028.md) [D:\PROJECTS\NOOR CANVAS\SPA\NoorCanvas\NoorCanvas.csproj]
D:\PROJECTS\NOOR CANVAS\SPA\NoorCanvas\Services\FlagService.cs(42,1): warning SA1028: Code should not contain trailing whitespace (https://github.com/DotNetAnalyzers/StyleCopAnalyzers/blob/master/documentation/SA1028.md) [D:\PROJECTS\NOOR CANVAS\SPA\NoorCanvas\NoorCanvas.csproj]
D:\PROJECTS\NOOR CANVAS\SPA\NoorCanvas\Services\FlagService.cs(61,1): warning SA1028: Code should not contain trailing whitespace (https://github.com/DotNetAnalyzers/StyleCopAnalyzers/blob/master/documentation/SA1028.md) [D:\PROJECTS\NOOR CANVAS\SPA\NoorCanvas\NoorCanvas.csproj]
D:\PROJECTS\NOOR CANVAS\SPA\NoorCanvas\Services\FlagService.cs(87,1): warning SA1028: Code should not contain trailing whitespace (https://github.com/DotNetAnalyzers/StyleCopAnalyzers/blob/master/documentation/SA1028.md) [D:\PROJECTS\NOOR CANVAS\SPA\NoorCanvas\NoorCanvas.csproj]
D:\PROJECTS\NOOR CANVAS\SPA\NoorCanvas\Services\HtmlParsingService.cs(1,1): warning SA1633: The file header is missing or not located at the top of the file. (https://github.com/DotNetAnalyzers/StyleCopAnalyzers/blob/master/documentation/SA1633.md) [D:\PROJECTS\NOOR CANVAS\SPA\NoorCanvas\NoorCanvas.csproj]
D:\PROJECTS\NOOR CANVAS\SPA\NoorCanvas\Services\HtmlParsingService.cs(186,18): warning SA1513: Closing brace should be followed by blank line (https://github.com/DotNetAnalyzers/StyleCopAnalyzers/blob/master/documentation/SA1513.md) [D:\PROJECTS\NOOR CANVAS\SPA\NoorCanvas\NoorCanvas.csproj]
D:\PROJECTS\NOOR CANVAS\SPA\NoorCanvas\Services\HtmlParsingService.cs(178,17): warning SA1515: Single-line comment should be preceded by blank line (https://github.com/DotNetAnalyzers/StyleCopAnalyzers/blob/master/documentation/SA1515.md) [D:\PROJECTS\NOOR CANVAS\SPA\NoorCanvas\NoorCanvas.csproj]
D:\PROJECTS\NOOR CANVAS\SPA\NoorCanvas\Services\HtmlParsingService.cs(211,21): warning SA1515: Single-line comment should be preceded by blank line (https://github.com/DotNetAnalyzers/StyleCopAnalyzers/blob/master/documentation/SA1515.md) [D:\PROJECTS\NOOR CANVAS\SPA\NoorCanvas\NoorCanvas.csproj]
D:\PROJECTS\NOOR CANVAS\SPA\NoorCanvas\Services\HtmlParsingService.cs(255,9): warning SA1515: Single-line comment should be preceded by blank line (https://github.com/DotNetAnalyzers/StyleCopAnalyzers/blob/master/documentation/SA1515.md) [D:\PROJECTS\NOOR CANVAS\SPA\NoorCanvas\NoorCanvas.csproj]
D:\PROJECTS\NOOR CANVAS\SPA\NoorCanvas\Services\HtmlParsingService.cs(257,9): warning SA1515: Single-line comment should be preceded by blank line (https://github.com/DotNetAnalyzers/StyleCopAnalyzers/blob/master/documentation/SA1515.md) [D:\PROJECTS\NOOR CANVAS\SPA\NoorCanvas\NoorCanvas.csproj]
D:\PROJECTS\NOOR CANVAS\SPA\NoorCanvas\Services\HtmlParsingService.cs(264,18): warning SA1402: File may only contain a single type (https://github.com/DotNetAnalyzers/StyleCopAnalyzers/blob/master/documentation/SA1402.md) [D:\PROJECTS\NOOR CANVAS\SPA\NoorCanvas\NoorCanvas.csproj]
D:\PROJECTS\NOOR CANVAS\SPA\NoorCanvas\Services\HtmlParsingService.cs(303,18): warning SA1402: File may only contain a single type (https://github.com/DotNetAnalyzers/StyleCopAnalyzers/blob/master/documentation/SA1402.md) [D:\PROJECTS\NOOR CANVAS\SPA\NoorCanvas\NoorCanvas.csproj]
D:\PROJECTS\NOOR CANVAS\SPA\NoorCanvas\Services\HtmlParsingService.cs(13,1): warning SA1028: Code should not contain trailing whitespace (https://github.com/DotNetAnalyzers/StyleCopAnalyzers/blob/master/documentation/SA1028.md) [D:\PROJECTS\NOOR CANVAS\SPA\NoorCanvas\NoorCanvas.csproj]
D:\PROJECTS\NOOR CANVAS\SPA\NoorCanvas\Services\HtmlParsingService.cs(19,1): warning SA1028: Code should not contain trailing whitespace (https://github.com/DotNetAnalyzers/StyleCopAnalyzers/blob/master/documentation/SA1028.md) [D:\PROJECTS\NOOR CANVAS\SPA\NoorCanvas\NoorCanvas.csproj]
D:\PROJECTS\NOOR CANVAS\SPA\NoorCanvas\Services\HtmlParsingService.cs(36,143): warning SA1028: Code should not contain trailing whitespace (https://github.com/DotNetAnalyzers/StyleCopAnalyzers/blob/master/documentation/SA1028.md) [D:\PROJECTS\NOOR CANVAS\SPA\NoorCanvas\NoorCanvas.csproj]
D:\PROJECTS\NOOR CANVAS\SPA\NoorCanvas\Services\HtmlParsingService.cs(55,1): warning SA1028: Code should not contain trailing whitespace (https://github.com/DotNetAnalyzers/StyleCopAnalyzers/blob/master/documentation/SA1028.md) [D:\PROJECTS\NOOR CANVAS\SPA\NoorCanvas\NoorCanvas.csproj]
D:\PROJECTS\NOOR CANVAS\SPA\NoorCanvas\Services\HtmlParsingService.cs(66,138): warning SA1028: Code should not contain trailing whitespace (https://github.com/DotNetAnalyzers/StyleCopAnalyzers/blob/master/documentation/SA1028.md) [D:\PROJECTS\NOOR CANVAS\SPA\NoorCanvas\NoorCanvas.csproj]
D:\PROJECTS\NOOR CANVAS\SPA\NoorCanvas\Services\HtmlParsingService.cs(140,1): warning SA1028: Code should not contain trailing whitespace (https://github.com/DotNetAnalyzers/StyleCopAnalyzers/blob/master/documentation/SA1028.md) [D:\PROJECTS\NOOR CANVAS\SPA\NoorCanvas\NoorCanvas.csproj]
D:\PROJECTS\NOOR CANVAS\SPA\NoorCanvas\Services\HtmlParsingService.cs(145,1): warning SA1028: Code should not contain trailing whitespace (https://github.com/DotNetAnalyzers/StyleCopAnalyzers/blob/master/documentation/SA1028.md) [D:\PROJECTS\NOOR CANVAS\SPA\NoorCanvas\NoorCanvas.csproj]
D:\PROJECTS\NOOR CANVAS\SPA\NoorCanvas\Services\HtmlParsingService.cs(206,51): warning SA1028: Code should not contain trailing whitespace (https://github.com/DotNetAnalyzers/StyleCopAnalyzers/blob/master/documentation/SA1028.md) [D:\PROJECTS\NOOR CANVAS\SPA\NoorCanvas\NoorCanvas.csproj]
D:\PROJECTS\NOOR CANVAS\SPA\NoorCanvas\Services\HtmlParsingService.cs(207,48): warning SA1028: Code should not contain trailing whitespace (https://github.com/DotNetAnalyzers/StyleCopAnalyzers/blob/master/documentation/SA1028.md) [D:\PROJECTS\NOOR CANVAS\SPA\NoorCanvas\NoorCanvas.csproj]
D:\PROJECTS\NOOR CANVAS\SPA\NoorCanvas\Services\SafeHtmlRenderingService.cs(1,1): warning SA1633: The file header is missing or not located at the top of the file. (https://github.com/DotNetAnalyzers/StyleCopAnalyzers/blob/master/documentation/SA1633.md) [D:\PROJECTS\NOOR CANVAS\SPA\NoorCanvas\NoorCanvas.csproj]
D:\PROJECTS\NOOR CANVAS\SPA\NoorCanvas\Services\SafeHtmlRenderingService.cs(85,18): warning SA1513: Closing brace should be followed by blank line (https://github.com/DotNetAnalyzers/StyleCopAnalyzers/blob/master/documentation/SA1513.md) [D:\PROJECTS\NOOR CANVAS\SPA\NoorCanvas\NoorCanvas.csproj]
D:\PROJECTS\NOOR CANVAS\SPA\NoorCanvas\Services\SafeHtmlRenderingService.cs(98,18): warning SA1513: Closing brace should be followed by blank line (https://github.com/DotNetAnalyzers/StyleCopAnalyzers/blob/master/documentation/SA1513.md) [D:\PROJECTS\NOOR CANVAS\SPA\NoorCanvas\NoorCanvas.csproj]
D:\PROJECTS\NOOR CANVAS\SPA\NoorCanvas\Services\SafeHtmlRenderingService.cs(66,1): warning SA1028: Code should not contain trailing whitespace (https://github.com/DotNetAnalyzers/StyleCopAnalyzers/blob/master/documentation/SA1028.md) [D:\PROJECTS\NOOR CANVAS\SPA\NoorCanvas\NoorCanvas.csproj]
D:\PROJECTS\NOOR CANVAS\SPA\NoorCanvas\Services\SafeHtmlRenderingService.cs(69,1): warning SA1028: Code should not contain trailing whitespace (https://github.com/DotNetAnalyzers/StyleCopAnalyzers/blob/master/documentation/SA1028.md) [D:\PROJECTS\NOOR CANVAS\SPA\NoorCanvas\NoorCanvas.csproj]
D:\PROJECTS\NOOR CANVAS\SPA\NoorCanvas\Services\SafeHtmlRenderingService.cs(113,1): warning SA1028: Code should not contain trailing whitespace (https://github.com/DotNetAnalyzers/StyleCopAnalyzers/blob/master/documentation/SA1028.md) [D:\PROJECTS\NOOR CANVAS\SPA\NoorCanvas\NoorCanvas.csproj]
D:\PROJECTS\NOOR CANVAS\SPA\NoorCanvas\Services\SafeHtmlRenderingService.cs(135,1): warning SA1028: Code should not contain trailing whitespace (https://github.com/DotNetAnalyzers/StyleCopAnalyzers/blob/master/documentation/SA1028.md) [D:\PROJECTS\NOOR CANVAS\SPA\NoorCanvas\NoorCanvas.csproj]
D:\PROJECTS\NOOR CANVAS\SPA\NoorCanvas\Services\SafeHtmlRenderingService.cs(141,1): warning SA1028: Code should not contain trailing whitespace (https://github.com/DotNetAnalyzers/StyleCopAnalyzers/blob/master/documentation/SA1028.md) [D:\PROJECTS\NOOR CANVAS\SPA\NoorCanvas\NoorCanvas.csproj]
D:\PROJECTS\NOOR CANVAS\SPA\NoorCanvas\Services\SafeHtmlRenderingService.cs(146,1): warning SA1028: Code should not contain trailing whitespace (https://github.com/DotNetAnalyzers/StyleCopAnalyzers/blob/master/documentation/SA1028.md) [D:\PROJECTS\NOOR CANVAS\SPA\NoorCanvas\NoorCanvas.csproj]
D:\PROJECTS\NOOR CANVAS\SPA\NoorCanvas\Services\SafeHtmlRenderingService.cs(154,1): warning SA1028: Code should not contain trailing whitespace (https://github.com/DotNetAnalyzers/StyleCopAnalyzers/blob/master/documentation/SA1028.md) [D:\PROJECTS\NOOR CANVAS\SPA\NoorCanvas\NoorCanvas.csproj]
D:\PROJECTS\NOOR CANVAS\SPA\NoorCanvas\Services\SafeHtmlRenderingService.cs(173,167): warning SA1028: Code should not contain trailing whitespace (https://github.com/DotNetAnalyzers/StyleCopAnalyzers/blob/master/documentation/SA1028.md) [D:\PROJECTS\NOOR CANVAS\SPA\NoorCanvas\NoorCanvas.csproj]
D:\PROJECTS\NOOR CANVAS\SPA\NoorCanvas\Services\SafeHtmlRenderingService.cs(182,1): warning SA1028: Code should not contain trailing whitespace (https://github.com/DotNetAnalyzers/StyleCopAnalyzers/blob/master/documentation/SA1028.md) [D:\PROJECTS\NOOR CANVAS\SPA\NoorCanvas\NoorCanvas.csproj]
D:\PROJECTS\NOOR CANVAS\SPA\NoorCanvas\Services\SafeHtmlRenderingService.cs(187,1): warning SA1028: Code should not contain trailing whitespace (https://github.com/DotNetAnalyzers/StyleCopAnalyzers/blob/master/documentation/SA1028.md) [D:\PROJECTS\NOOR CANVAS\SPA\NoorCanvas\NoorCanvas.csproj]
D:\PROJECTS\NOOR CANVAS\SPA\NoorCanvas\Services\SecureTokenService.cs(1,1): warning SA1633: The file header is missing or not located at the top of the file. (https://github.com/DotNetAnalyzers/StyleCopAnalyzers/blob/master/documentation/SA1633.md) [D:\PROJECTS\NOOR CANVAS\SPA\NoorCanvas\NoorCanvas.csproj]
D:\PROJECTS\NOOR CANVAS\SPA\NoorCanvas\Services\SecureTokenService.cs(182,1): warning SA1028: Code should not contain trailing whitespace (https://github.com/DotNetAnalyzers/StyleCopAnalyzers/blob/master/documentation/SA1028.md) [D:\PROJECTS\NOOR CANVAS\SPA\NoorCanvas\NoorCanvas.csproj]
D:\PROJECTS\NOOR CANVAS\SPA\NoorCanvas\Services\SessionStateService.cs(1,1): warning SA1633: The file header is missing or not located at the top of the file. (https://github.com/DotNetAnalyzers/StyleCopAnalyzers/blob/master/documentation/SA1633.md) [D:\PROJECTS\NOOR CANVAS\SPA\NoorCanvas\NoorCanvas.csproj]
D:\PROJECTS\NOOR CANVAS\SPA\NoorCanvas\Services\SessionStateService.cs(13,1): warning SA1028: Code should not contain trailing whitespace (https://github.com/DotNetAnalyzers/StyleCopAnalyzers/blob/master/documentation/SA1028.md) [D:\PROJECTS\NOOR CANVAS\SPA\NoorCanvas\NoorCanvas.csproj]
D:\PROJECTS\NOOR CANVAS\SPA\NoorCanvas\Services\SessionStateService.cs(37,1): warning SA1028: Code should not contain trailing whitespace (https://github.com/DotNetAnalyzers/StyleCopAnalyzers/blob/master/documentation/SA1028.md) [D:\PROJECTS\NOOR CANVAS\SPA\NoorCanvas\NoorCanvas.csproj]
D:\PROJECTS\NOOR CANVAS\SPA\NoorCanvas\Services\SessionStateService.cs(51,1): warning SA1028: Code should not contain trailing whitespace (https://github.com/DotNetAnalyzers/StyleCopAnalyzers/blob/master/documentation/SA1028.md) [D:\PROJECTS\NOOR CANVAS\SPA\NoorCanvas\NoorCanvas.csproj]
D:\PROJECTS\NOOR CANVAS\SPA\NoorCanvas\Services\SessionStateService.cs(70,1): warning SA1028: Code should not contain trailing whitespace (https://github.com/DotNetAnalyzers/StyleCopAnalyzers/blob/master/documentation/SA1028.md) [D:\PROJECTS\NOOR CANVAS\SPA\NoorCanvas\NoorCanvas.csproj]
D:\PROJECTS\NOOR CANVAS\SPA\NoorCanvas\Services\SessionStateService.cs(79,1): warning SA1028: Code should not contain trailing whitespace (https://github.com/DotNetAnalyzers/StyleCopAnalyzers/blob/master/documentation/SA1028.md) [D:\PROJECTS\NOOR CANVAS\SPA\NoorCanvas\NoorCanvas.csproj]
D:\PROJECTS\NOOR CANVAS\SPA\NoorCanvas\Services\SessionStateService.cs(113,1): warning SA1028: Code should not contain trailing whitespace (https://github.com/DotNetAnalyzers/StyleCopAnalyzers/blob/master/documentation/SA1028.md) [D:\PROJECTS\NOOR CANVAS\SPA\NoorCanvas\NoorCanvas.csproj]
D:\PROJECTS\NOOR CANVAS\SPA\NoorCanvas\Services\SimplifiedTokenService.cs(1,1): warning SA1633: The file header is missing or not located at the top of the file. (https://github.com/DotNetAnalyzers/StyleCopAnalyzers/blob/master/documentation/SA1633.md) [D:\PROJECTS\NOOR CANVAS\SPA\NoorCanvas\NoorCanvas.csproj]
D:\PROJECTS\NOOR CANVAS\SPA\NoorCanvas\Services\Development\DevModeService.cs(33,46): warning SA1309: Field '_environment' should not begin with an underscore (https://github.com/DotNetAnalyzers/StyleCopAnalyzers/blob/master/documentation/SA1309.md) [D:\PROJECTS\NOOR CANVAS\SPA\NoorCanvas\NoorCanvas.csproj]
D:\PROJECTS\NOOR CANVAS\SPA\NoorCanvas\Services\DialogService.cs(9,49): warning SA1309: Field '_logger' should not begin with an underscore (https://github.com/DotNetAnalyzers/StyleCopAnalyzers/blob/master/documentation/SA1309.md) [D:\PROJECTS\NOOR CANVAS\SPA\NoorCanvas\NoorCanvas.csproj]
D:\PROJECTS\NOOR CANVAS\SPA\NoorCanvas\Services\SessionStateService.cs(11,37): warning SA1309: Field '_jsRuntime' should not begin with an underscore (https://github.com/DotNetAnalyzers/StyleCopAnalyzers/blob/master/documentation/SA1309.md) [D:\PROJECTS\NOOR CANVAS\SPA\NoorCanvas\NoorCanvas.csproj]
D:\PROJECTS\NOOR CANVAS\SPA\NoorCanvas\Services\DialogService.cs(10,37): warning SA1309: Field '_jsRuntime' should not begin with an underscore (https://github.com/DotNetAnalyzers/StyleCopAnalyzers/blob/master/documentation/SA1309.md) [D:\PROJECTS\NOOR CANVAS\SPA\NoorCanvas\NoorCanvas.csproj]
D:\PROJECTS\NOOR CANVAS\SPA\NoorCanvas\Services\SimplifiedTokenService.cs(139,30): warning SA1501: Statement should not be on a single line (https://github.com/DotNetAnalyzers/StyleCopAnalyzers/blob/master/documentation/SA1501.md) [D:\PROJECTS\NOOR CANVAS\SPA\NoorCanvas\NoorCanvas.csproj]
D:\PROJECTS\NOOR CANVAS\SPA\NoorCanvas\Services\SimplifiedTokenService.cs(149,30): warning SA1501: Statement should not be on a single line (https://github.com/DotNetAnalyzers/StyleCopAnalyzers/blob/master/documentation/SA1501.md) [D:\PROJECTS\NOOR CANVAS\SPA\NoorCanvas\NoorCanvas.csproj]
D:\PROJECTS\NOOR CANVAS\SPA\NoorCanvas\Services\SimplifiedTokenService.cs(207,88): warning SA1127: Generic type constraints should be on their own line (https://github.com/DotNetAnalyzers/StyleCopAnalyzers/blob/master/documentation/SA1127.md) [D:\PROJECTS\NOOR CANVAS\SPA\NoorCanvas\NoorCanvas.csproj]
D:\PROJECTS\NOOR CANVAS\SPA\NoorCanvas\Controllers\QuestionController.cs(52,62): warning SA1501: Statement should not be on a single line (https://github.com/DotNetAnalyzers/StyleCopAnalyzers/blob/master/documentation/SA1501.md) [D:\PROJECTS\NOOR CANVAS\SPA\NoorCanvas\NoorCanvas.csproj]
D:\PROJECTS\NOOR CANVAS\SPA\NoorCanvas\Controllers\QuestionController.cs(53,63): warning SA1501: Statement should not be on a single line (https://github.com/DotNetAnalyzers/StyleCopAnalyzers/blob/master/documentation/SA1501.md) [D:\PROJECTS\NOOR CANVAS\SPA\NoorCanvas\NoorCanvas.csproj]
D:\PROJECTS\NOOR CANVAS\SPA\NoorCanvas\Services\DebugService.cs(82,74): warning SA1501: Statement should not be on a single line (https://github.com/DotNetAnalyzers/StyleCopAnalyzers/blob/master/documentation/SA1501.md) [D:\PROJECTS\NOOR CANVAS\SPA\NoorCanvas\NoorCanvas.csproj]
D:\PROJECTS\NOOR CANVAS\SPA\NoorCanvas\Services\DebugService.cs(106,74): warning SA1501: Statement should not be on a single line (https://github.com/DotNetAnalyzers/StyleCopAnalyzers/blob/master/documentation/SA1501.md) [D:\PROJECTS\NOOR CANVAS\SPA\NoorCanvas\NoorCanvas.csproj]
D:\PROJECTS\NOOR CANVAS\SPA\NoorCanvas\Services\DebugService.cs(137,74): warning SA1501: Statement should not be on a single line (https://github.com/DotNetAnalyzers/StyleCopAnalyzers/blob/master/documentation/SA1501.md) [D:\PROJECTS\NOOR CANVAS\SPA\NoorCanvas\NoorCanvas.csproj]
D:\PROJECTS\NOOR CANVAS\SPA\NoorCanvas\Services\DebugService.cs(62,74): warning SA1501: Statement should not be on a single line (https://github.com/DotNetAnalyzers/StyleCopAnalyzers/blob/master/documentation/SA1501.md) [D:\PROJECTS\NOOR CANVAS\SPA\NoorCanvas\NoorCanvas.csproj]
D:\PROJECTS\NOOR CANVAS\SPA\NoorCanvas\Services\DebugService.cs(172,77): warning SA1501: Statement should not be on a single line (https://github.com/DotNetAnalyzers/StyleCopAnalyzers/blob/master/documentation/SA1501.md) [D:\PROJECTS\NOOR CANVAS\SPA\NoorCanvas\NoorCanvas.csproj]
D:\PROJECTS\NOOR CANVAS\SPA\NoorCanvas\Services\DebugService.cs(192,85): warning SA1501: Statement should not be on a single line (https://github.com/DotNetAnalyzers/StyleCopAnalyzers/blob/master/documentation/SA1501.md) [D:\PROJECTS\NOOR CANVAS\SPA\NoorCanvas\NoorCanvas.csproj]
D:\PROJECTS\NOOR CANVAS\SPA\NoorCanvas\Services\DebugService.cs(213,85): warning SA1501: Statement should not be on a single line (https://github.com/DotNetAnalyzers/StyleCopAnalyzers/blob/master/documentation/SA1501.md) [D:\PROJECTS\NOOR CANVAS\SPA\NoorCanvas\NoorCanvas.csproj]
D:\PROJECTS\NOOR CANVAS\SPA\NoorCanvas\Services\DebugService.cs(231,78): warning SA1501: Statement should not be on a single line (https://github.com/DotNetAnalyzers/StyleCopAnalyzers/blob/master/documentation/SA1501.md) [D:\PROJECTS\NOOR CANVAS\SPA\NoorCanvas\NoorCanvas.csproj]
D:\PROJECTS\NOOR CANVAS\SPA\NoorCanvas\Services\DebugService.cs(203,78): warning SA1501: Statement should not be on a single line (https://github.com/DotNetAnalyzers/StyleCopAnalyzers/blob/master/documentation/SA1501.md) [D:\PROJECTS\NOOR CANVAS\SPA\NoorCanvas\NoorCanvas.csproj]
D:\PROJECTS\NOOR CANVAS\SPA\NoorCanvas\Services\AssetDetectionService.cs(399,39): warning SA1501: Statement should not be on a single line (https://github.com/DotNetAnalyzers/StyleCopAnalyzers/blob/master/documentation/SA1501.md) [D:\PROJECTS\NOOR CANVAS\SPA\NoorCanvas\NoorCanvas.csproj]
D:\PROJECTS\NOOR CANVAS\SPA\NoorCanvas\Controllers\HostController.cs(171,48): warning SA1108: Block statements should not contain embedded comments (https://github.com/DotNetAnalyzers/StyleCopAnalyzers/blob/master/documentation/SA1108.md) [D:\PROJECTS\NOOR CANVAS\SPA\NoorCanvas\NoorCanvas.csproj]
D:\PROJECTS\NOOR CANVAS\SPA\NoorCanvas\Migrations\20250920121756_InitialMigrationWithEmail.cs(18,9): warning SA1505: An opening brace should not be followed by a blank line (https://github.com/DotNetAnalyzers/StyleCopAnalyzers/blob/master/documentation/SA1505.md) [D:\PROJECTS\NOOR CANVAS\SPA\NoorCanvas\NoorCanvas.csproj]
D:\PROJECTS\NOOR CANVAS\SPA\NoorCanvas\Migrations\20250920121756_InitialMigrationWithEmail.cs(12,9): warning SA1505: An opening brace should not be followed by a blank line (https://github.com/DotNetAnalyzers/StyleCopAnalyzers/blob/master/documentation/SA1505.md) [D:\PROJECTS\NOOR CANVAS\SPA\NoorCanvas\NoorCanvas.csproj]
D:\PROJECTS\NOOR CANVAS\SPA\NoorCanvas\Controllers\HostController.cs(1127,47): warning SA1501: Statement should not be on a single line (https://github.com/DotNetAnalyzers/StyleCopAnalyzers/blob/master/documentation/SA1501.md) [D:\PROJECTS\NOOR CANVAS\SPA\NoorCanvas\NoorCanvas.csproj]
    920 Warning(s)
    0 Error(s)

Time Elapsed 00:00:07.51
