  Determining projects to restore...
  All projects are up-to-date for restore.
  NoorCanvas -> D:\PROJECTS\NOOR CANVAS\SPA\NoorCanvas\bin\Debug\net8.0\NoorCanvas.dll

Build succeeded.
    0 Warning(s)
    0 Error(s)

Time Elapsed 00:00:01.65
