Key Log - Task Executor Agent
Created: October 1, 2025
Updated: October 15, 2025 (Comprehensive Consolidation)

ACTIVE KEYS (with work logs or recent activity):
================================================

2025-10-15 - CONSOLIDATION COMPLETE - 30 folders → 9 functional keys (70% reduction)
2025-10-15 - canvas - Active - All question ownership, orange card, and core canvas work (merged 2 keys)
2025-10-15 - hcp - Active - All Q&A panel, question styling, and toastr work (merged 2 keys)
2025-10-15 - system - Active - All system-wide improvements and fixes (merged 1 key)
2025-10-15 - host-provisioner - Active - All host provisioner form and session work (merged 1 key)
2025-10-15 - session-opener - Active - All session opener fixes and improvements (merged 1 key)
2025-10-10 11:52:00 - learning-analysis - Complete - Self-learning analysis
2025-10-10 09:20:00 - prompts - In Progress - Prompt file standardization
2025-09-09 13:04:00 - session-transcript - Complete - Session transcript CSS
2025-09-30 13:58:00 - hostcontrolpanel - Complete - Host Control Panel tests

CONSOLIDATION SUMMARY (2025-10-15):
====================================
Phase 1: Canvas Keys (3→1)
- canvas-questions/ → canvas/work-log.md
- canvas-questions-orangecard/ → canvas/work-log.md
- Result: Single canvas key with all SessionCanvas work

Phase 2: HCP Keys (3→1)
- hcp-questions/ → hcp/work-log.md
- hcp-question/ → hcp/work-log.md
- Result: Single hcp key with all HostControlPanel Q&A work

Phase 3: System Keys (2→1)
- system-improvements/ → system/work-log.md
- Result: Single system key with all system-wide work

Phase 4: Duplicate Keys (4→2)
- host-provisioner-form/ → host-provisioner/work-log.md
- session-opener-fix/ → session-opener/work-log.md
- Result: Eliminated feature-specific duplication

Phase 5: Archived Completed Keys (4 keys)
- cohesion/ (completed - system cohesion)
- deploy/ (completed - deployment automation)
- waiting-room/ (completed - waiting room feature)
- razor-views/ (completed - CSS refactoring)
- Learning patterns extracted before archival

ARCHIVED KEYS (moved to _archived/):
====================================
NEW ARCHIVES (2025-10-15 Consolidation):
- canvas-questions (Oct 15) - Merged into canvas
- canvas-questions-orangecard (Oct 15) - Merged into canvas
- hcp-questions (Oct 15) - Merged into hcp
- hcp-question (Oct 15) - Merged into hcp
- system-improvements (Oct 15) - Merged into system
- host-provisioner-form (Oct 15) - Merged into host-provisioner
- session-opener-fix (Oct 15) - Merged into session-opener
- cohesion (Oct 15) - Completed, learning extracted
- deploy (Oct 15) - Completed, learning extracted
- waiting-room (Oct 15) - Completed, learning extracted
- razor-views (Oct 15) - Completed, learning extracted

PREVIOUS ARCHIVES:
- api (Sep 29) - No work-log, old infrastructure
- bootstrap-sync (Sep 30) - No work-log, old sync
- config (Sep 26) - Configuration files only
- continue (Sep 25) - Old continuation work
- debug (Sep 25) - Old debug artifacts
- doc (Oct 9) - Superseded by docs
- docs (Sep 26) - Infrastructure only
- hostcanvas (Sep 27) - Superseded by hostcontrolpanel
- infra (Sep 26) - Infrastructure only
- ops (Sep 26) - Operations scripts
- pwtest (Sep 25) - Old test work
- session-transcript-css (Oct 9) - Consolidated into session-transcript
- session-transcript-styling (Oct 9) - Consolidated into session-transcript
- state (Sep 27) - Old state files
- submit-bug (Oct 1) - Old bug submission
- sync (Oct 1) - Old sync work
- waitingroom (Sep 28) - Old waiting room work

CURRENT STRUCTURE (POST-CONSOLIDATION):
========================================
Total Active Keys: 9 (reduced from 30, -70%)
Functional Keys: 9
- canvas - All SessionCanvas work
- hcp - All HostControlPanel Q&A work
- system - All system-wide improvements
- host-provisioner - Host provisioner functionality
- session-opener - Session opener fixes
- learning-analysis - Learning extraction
- prompts - Prompt standardization
- session-transcript - Transcript styling
- hostcontrolpanel - HCP tests

Archived Keys: 29 (in _archived/ with 30-day retention)
Learning Patterns Extracted: 12 patterns → 4 learning library files (+80% growth)

LEARNING LIBRARY UPDATES:
==========================
- task-patterns-data.json: +5 patterns (screenshot-driven, toastr-load, shared-css, etc.)
- ui-layout-patterns.json: +3 patterns (css-grid, toast-z-index, overflow-badge)
- refactor-patterns-data.json: +2 patterns (centralized-html, dual-pattern-regex)
- analyze-learning-patterns.json: +1 meta-pattern (consolidation-pattern)

METRICS:
========
- Folder reduction: 30 → 9 (70% decrease)
- Consolidations: 9 feature keys → 4 functional keys
- Archival: 4 completed keys (learning extracted)
- Learning library growth: 15 → 27 patterns (+80%)
- Cognitive load reduction: ~70% fewer folders to navigate

NEXT CONSOLIDATION: Quarterly review (Q1 2026)

Last Cleanup: October 10, 2025 by system key