================================================================================
KSESSIONS DDL MIGRATION - CASCADE DELETE VALIDATION v1.0.0
Execution ID: 6D5706E4-6B24-4034-8B9C-F5106F22FF0A
Started: 2025-10-12 11:59:58 UTC
================================================================================
 
>>> SECTION 1: PRE-FLIGHT VALIDATION
    ✅ Connected to KSESSIONS database
 
>>> SECTION 2: FOREIGN KEY ANALYSIS
  [2.1] canvas.Participants Foreign Key:
    ✅ FK_Participants_Sessions_SessionId exists with CASCADE DELETE
  [2.2] canvas.SessionData Foreign Key:
    ✅ FK_SessionData_Sessions_SessionId exists with CASCADE DELETE
 
>>> SECTION 3: DDL CHANGES
  [3.1] ✅ No DDL changes required - CASCADE DELETE already configured correctly
 
>>> SECTION 4: POST-MIGRATION VALIDATION
  [4.1] Final validation:
    ✅ All foreign keys properly configured with CASCADE DELETE
 
================================================================================
DDL MIGRATION COMPLETED
================================================================================
Execution ID: 6D5706E4-6B24-4034-8B9C-F5106F22FF0A
Duration: 0 seconds
 
CASCADE DELETE CONFIGURATION:
  ✅ canvas.Participants → canvas.Sessions (ON DELETE CASCADE)
  ✅ canvas.SessionData → canvas.Sessions (ON DELETE CASCADE)
  ℹ️  canvas.AssetLookup - No FK to Sessions (excluded by design)
 
BEHAVIOR:
  When a record is deleted from canvas.Sessions:
    - Related canvas.Participants records are automatically deleted
    - Related canvas.SessionData records are automatically deleted
    - canvas.AssetLookup records remain unaffected (no relationship)
================================================================================
