================================================================================
KSESSIONS CANVAS MIGRATION SCRIPT v2.0.0
Execution ID: 0F48F640-0530-4FA9-9891-64A374289441
Started: 2025-10-12 11:51:12 UTC
Mode: IDEMPOTENT (Safe for repeated execution)
================================================================================
 
>>> SECTION 1: PRE-FLIGHT VALIDATION
  [1.1] Database Connection Validation
    ✅ Connected to KSESSIONS database
  [1.2] SQL Server Version Check
    ✅ SQL Server version compatible (15)
  [1.3] Database Space Check
Warning: Null value is eliminated by an aggregate or other SET operation.
    ✅ Data file size: 62.00 MB
    ✅ Log file size: 160.81 MB
  [1.4] Schema Conflict Check
    ✅ No conflicting canvas schema found
  Pre-flight validation completed. Warnings: 0
 
>>> SECTION 2: TRANSACTION SETUP
  [2.1] Master transaction started: MigrationTrans
>>> SECTION 3: CANVAS SCHEMA CREATION
  [3.1] Canvas Schema Creation
    ✅ Canvas schema created successfully
>>> SECTION 4: TABLE CREATION
  [4.1] EF Migrations History Table
    ✅ __EFMigrationsHistory table created
  [4.2] Canvas AssetLookup Table
    ✅ canvas.AssetLookup table created
  [4.3] Canvas Sessions Table
    ✅ canvas.Sessions table created
  [4.4] Canvas Participants Table
    ✅ canvas.Participants table created
  [4.5] Canvas SessionData Table
    ✅ canvas.SessionData table created
>>> SECTION 5: CONSTRAINTS AND INDEXES
  [5.1] AssetLookup Constraints
    ✅ UQ_AssetLookup_Identifier constraint created
    ✅ IX_AssetLookup_Type_Active index created
  [5.2] Sessions Constraints
    ✅ UQ_Sessions_HostToken constraint created
    ✅ UQ_Sessions_UserToken constraint created
    ✅ IX_Sessions_AlbumId index created
    ✅ IX_Sessions_Status_Expires index created
  [5.3] Participants Constraints
    ✅ FK_Participants_Sessions_SessionId foreign key created
    ✅ IX_Participants_SessionId index created
    ✅ IX_Participants_Email index created
    ✅ IX_Participants_UserToken index created
    ✅ IX_Participants_SessionUser index created
  [5.4] SessionData Constraints
    ✅ FK_SessionData_Sessions_SessionId foreign key created
    ✅ IX_SessionData_SessionId index created
    ✅ IX_SessionData_Session_Type index created
    ✅ IX_SessionData_Query_Optimized index created
>>> SECTION 6: DATA MIGRATION
  [6.1] Data Migration Preparation
    ✅ All 4 canvas tables are ready for data migration
  [6.2] Current record counts in target tables:
    AssetLookup: 0 records
    Sessions: 0 records
    Participants: 0 records
    SessionData: 0 records
  [6.3] Migrating AssetLookup data...
    Source records in KSESSIONS_DEV.canvas.AssetLookup: 11
    ✅ AssetLookup migration completed:
       Inserted: 0 | Updated: 1 | Total processed: 1
  [6.4] Migrating Sessions data...
    Source records in KSESSIONS_DEV.canvas.Sessions: 6
    ✅ Sessions migration completed: 6 records processed (inserted/updated)
  [6.5] Migrating Participants data...
    Source records in KSESSIONS_DEV.canvas.Participants: 3
    Session mapping created: 6 sessions mapped
    ✅ Participants migration completed: 3 new records inserted
  [6.6] Migrating SessionData...
    Source records in KSESSIONS_DEV.canvas.SessionData: 0
    ✅ SessionData migration completed: 0 new records inserted
  [6.7] Data migration summary:
    Total records processed across all tables: 10
    NOTE: On subsequent runs, only NEW or CHANGED data is migrated.
>>> SECTION 7: POST-MIGRATION VALIDATION
  [7.1] Schema Validation
    ✅ Canvas schema verified
    ✅ All 4 canvas tables verified
    ✅ __EFMigrationsHistory table verified
  [7.2] Constraint Validation
    ✅ Found 9 constraints in canvas schema
    ✅ Foreign key relationships verified (2 found)
    ✅ Found 17 indexes in canvas schema
  [7.3] Data Validation
    Final record counts:
      AssetLookup: 11 records
      Sessions: 6 records
      Participants: 3 records
      SessionData: 0 records
    Data integrity verification:
      ✅ No orphaned participants found
      ✅ No orphaned session data found
      ✅ No duplicate host tokens found
      ✅ No duplicate user tokens found
>>> SECTION 8: TRANSACTION COMMIT
  [8.1] ✅ All changes committed successfully
 
================================================================================
MIGRATION COMPLETED SUCCESSFULLY
================================================================================
Execution ID: 0F48F640-0530-4FA9-9891-64A374289441
Duration: 0 seconds
Warnings: 0
Errors: 0
 
CANVAS SCHEMA & DATA MIGRATION SUMMARY:
  ✅ Canvas schema created/verified
  ✅ __EFMigrationsHistory table created/verified
  ✅ canvas.AssetLookup table created with constraints and indexes
  ✅ canvas.Sessions table created with constraints and indexes
  ✅ canvas.Participants table created with constraints and indexes
  ✅ canvas.SessionData table created with constraints and indexes
  ✅ Foreign key relationships established
  ✅ Performance indexes created
  ✅ Data migrated from KSESSIONS_DEV with integrity validation
 
FINAL DATA COUNTS:
  AssetLookup: 11 records
  Sessions: 6 records
  Participants: 3 records
  SessionData: 0 records
 
NEXT STEPS:
  1. Test application functionality with migrated canvas schema and data
  2. Verify canvas features work as expected
  3. Monitor performance with new schema and indexes
  4. Update application connection strings if needed
 
IDEMPOTENCY NOTES:
  ✅ This script can be safely re-run multiple times
  ✅ Existing data will NOT be duplicated
  ✅ Only new or changed records from KSESSIONS_DEV will be migrated
  ✅ Schema objects are created only if they don't exist
  ✅ Perfect for incremental production deployments
================================================================================
